h = 1.28e-02
D = 6.09e-03
CFL(t=0) = 7.80e-02
t=0.0010, max|U|=9.9986e-01, max|V|=9.9991e-01
t=0.0020, max|U|=9.9979e-01, max|V|=9.9984e-01
t=0.0030, max|U|=9.9974e-01, max|V|=9.9976e-01
t=0.0040, max|U|=9.9967e-01, max|V|=9.9967e-01
t=0.0050, max|U|=9.9959e-01, max|V|=9.9957e-01
t=0.0060, max|U|=9.9950e-01, max|V|=9.9951e-01
t=0.0070, max|U|=9.9940e-01, max|V|=9.9944e-01
t=0.0080, max|U|=9.9929e-01, max|V|=9.9936e-01
t=0.0090, max|U|=9.9918e-01, max|V|=9.9927e-01
t=0.0100, max|U|=9.9910e-01, max|V|=9.9917e-01
t=0.0110, max|U|=9.9904e-01, max|V|=9.9906e-01
t=0.0120, max|U|=9.9897e-01, max|V|=9.9894e-01
t=0.0130, max|U|=9.9889e-01, max|V|=9.9887e-01
t=0.0140, max|U|=9.9880e-01, max|V|=9.9883e-01
t=0.0150, max|U|=9.9870e-01, max|V|=9.9877e-01
t=0.0160, max|U|=9.9862e-01, max|V|=9.9870e-01
t=0.0170, max|U|=9.9857e-01, max|V|=9.9863e-01
t=0.0180, max|U|=9.9850e-01, max|V|=9.9854e-01
t=0.0190, max|U|=9.9842e-01, max|V|=9.9845e-01
t=0.0200, max|U|=9.9833e-01, max|V|=9.9837e-01
t=0.0210, max|U|=9.9823e-01, max|V|=9.9828e-01
t=0.0220, max|U|=9.9818e-01, max|V|=9.9818e-01
t=0.0230, max|U|=9.9814e-01, max|V|=9.9807e-01
t=0.0240, max|U|=9.9809e-01, max|V|=9.9795e-01
t=0.0250, max|U|=9.9803e-01, max|V|=9.9782e-01
t=0.0260, max|U|=9.9796e-01, max|V|=9.9774e-01
t=0.0270, max|U|=9.9788e-01, max|V|=9.9770e-01
t=0.0280, max|U|=9.9779e-01, max|V|=9.9766e-01
t=0.0290, max|U|=9.9769e-01, max|V|=9.9761e-01
t=0.0300, max|U|=9.9759e-01, max|V|=9.9755e-01
t=0.0310, max|U|=9.9747e-01, max|V|=9.9748e-01
t=0.0320, max|U|=9.9734e-01, max|V|=9.9739e-01
t=0.0330, max|U|=9.9726e-01, max|V|=9.9730e-01
t=0.0340, max|U|=9.9717e-01, max|V|=9.9720e-01
t=0.0350, max|U|=9.9706e-01, max|V|=9.9709e-01
t=0.0360, max|U|=9.9695e-01, max|V|=9.9697e-01
t=0.0370, max|U|=9.9684e-01, max|V|=9.9685e-01
t=0.0380, max|U|=9.9681e-01, max|V|=9.9673e-01
t=0.0390, max|U|=9.9676e-01, max|V|=9.9669e-01
t=0.0400, max|U|=9.9671e-01, max|V|=9.9664e-01
t=0.0410, max|U|=9.9664e-01, max|V|=9.9658e-01
t=0.0420, max|U|=9.9657e-01, max|V|=9.9651e-01
t=0.0430, max|U|=9.9649e-01, max|V|=9.9644e-01
t=0.0440, max|U|=9.9640e-01, max|V|=9.9638e-01
t=0.0450, max|U|=9.9629e-01, max|V|=9.9631e-01
t=0.0460, max|U|=9.9619e-01, max|V|=9.9623e-01
t=0.0470, max|U|=9.9611e-01, max|V|=9.9615e-01
t=0.0480, max|U|=9.9601e-01, max|V|=9.9605e-01
t=0.0490, max|U|=9.9591e-01, max|V|=9.9595e-01
t=0.0500, max|U|=9.9580e-01, max|V|=9.9584e-01
t=0.0510, max|U|=9.9568e-01, max|V|=9.9576e-01
t=0.0520, max|U|=9.9563e-01, max|V|=9.9572e-01
t=0.0530, max|U|=9.9559e-01, max|V|=9.9566e-01
t=0.0540, max|U|=9.9554e-01, max|V|=9.9560e-01
t=0.0550, max|U|=9.9548e-01, max|V|=9.9552e-01
t=0.0560, max|U|=9.9541e-01, max|V|=9.9544e-01
t=0.0570, max|U|=9.9533e-01, max|V|=9.9535e-01
t=0.0580, max|U|=9.9524e-01, max|V|=9.9528e-01
t=0.0590, max|U|=9.9514e-01, max|V|=9.9521e-01
t=0.0600, max|U|=9.9504e-01, max|V|=9.9513e-01
t=0.0610, max|U|=9.9495e-01, max|V|=9.9504e-01
t=0.0620, max|U|=9.9486e-01, max|V|=9.9494e-01
t=0.0630, max|U|=9.9476e-01, max|V|=9.9483e-01
t=0.0640, max|U|=9.9466e-01, max|V|=9.9472e-01
t=0.0650, max|U|=9.9462e-01, max|V|=9.9468e-01
t=0.0660, max|U|=9.9458e-01, max|V|=9.9463e-01
t=0.0670, max|U|=9.9452e-01, max|V|=9.9456e-01
t=0.0680, max|U|=9.9446e-01, max|V|=9.9449e-01
t=0.0690, max|U|=9.9439e-01, max|V|=9.9441e-01
t=0.0700, max|U|=9.9431e-01, max|V|=9.9433e-01
t=0.0710, max|U|=9.9422e-01, max|V|=9.9423e-01
t=0.0720, max|U|=9.9412e-01, max|V|=9.9416e-01
t=0.0730, max|U|=9.9401e-01, max|V|=9.9410e-01
t=0.0740, max|U|=9.9390e-01, max|V|=9.9402e-01
t=0.0750, max|U|=9.9382e-01, max|V|=9.9394e-01
t=0.0760, max|U|=9.9373e-01, max|V|=9.9384e-01
t=0.0770, max|U|=9.9363e-01, max|V|=9.9374e-01
t=0.0780, max|U|=9.9352e-01, max|V|=9.9363e-01
t=0.0790, max|U|=9.9340e-01, max|V|=9.9356e-01
t=0.0800, max|U|=9.9335e-01, max|V|=9.9350e-01
t=0.0810, max|U|=9.9331e-01, max|V|=9.9344e-01
t=0.0820, max|U|=9.9326e-01, max|V|=9.9337e-01
t=0.0830, max|U|=9.9321e-01, max|V|=9.9329e-01
t=0.0840, max|U|=9.9314e-01, max|V|=9.9320e-01
t=0.0850, max|U|=9.9307e-01, max|V|=9.9311e-01
t=0.0860, max|U|=9.9298e-01, max|V|=9.9304e-01
t=0.0870, max|U|=9.9289e-01, max|V|=9.9298e-01
t=0.0880, max|U|=9.9279e-01, max|V|=9.9290e-01
t=0.0890, max|U|=9.9268e-01, max|V|=9.9282e-01
t=0.0900, max|U|=9.9259e-01, max|V|=9.9273e-01
t=0.0910, max|U|=9.9250e-01, max|V|=9.9263e-01
t=0.0920, max|U|=9.9239e-01, max|V|=9.9252e-01
t=0.0930, max|U|=9.9232e-01, max|V|=9.9241e-01
t=0.0940, max|U|=9.9229e-01, max|V|=9.9237e-01
t=0.0950, max|U|=9.9225e-01, max|V|=9.9231e-01
t=0.0960, max|U|=9.9220e-01, max|V|=9.9224e-01
t=0.0970, max|U|=9.9214e-01, max|V|=9.9216e-01
t=0.0980, max|U|=9.9207e-01, max|V|=9.9208e-01
t=0.0990, max|U|=9.9199e-01, max|V|=9.9199e-01
t=0.1000, max|U|=9.9191e-01, max|V|=9.9193e-01
t=0.1010, max|U|=9.9181e-01, max|V|=9.9187e-01
t=0.1020, max|U|=9.9171e-01, max|V|=9.9180e-01
t=0.1030, max|U|=9.9160e-01, max|V|=9.9173e-01
t=0.1040, max|U|=9.9147e-01, max|V|=9.9164e-01
t=0.1050, max|U|=9.9138e-01, max|V|=9.9154e-01
t=0.1060, max|U|=9.9127e-01, max|V|=9.9144e-01
t=0.1070, max|U|=9.9118e-01, max|V|=9.9133e-01
t=0.1080, max|U|=9.9115e-01, max|V|=9.9123e-01
t=0.1090, max|U|=9.9111e-01, max|V|=9.9118e-01
t=0.1100, max|U|=9.9107e-01, max|V|=9.9111e-01
t=0.1110, max|U|=9.9101e-01, max|V|=9.9104e-01
t=0.1120, max|U|=9.9095e-01, max|V|=9.9096e-01
t=0.1130, max|U|=9.9088e-01, max|V|=9.9087e-01
t=0.1140, max|U|=9.9080e-01, max|V|=9.9078e-01
t=0.1150, max|U|=9.9071e-01, max|V|=9.9073e-01
t=0.1160, max|U|=9.9061e-01, max|V|=9.9067e-01
t=0.1170, max|U|=9.9050e-01, max|V|=9.9059e-01
t=0.1180, max|U|=9.9039e-01, max|V|=9.9051e-01
t=0.1190, max|U|=9.9028e-01, max|V|=9.9042e-01
t=0.1200, max|U|=9.9018e-01, max|V|=9.9032e-01
t=0.1210, max|U|=9.9009e-01, max|V|=9.9022e-01
t=0.1220, max|U|=9.9007e-01, max|V|=9.9011e-01
t=0.1230, max|U|=9.9003e-01, max|V|=9.9006e-01
t=0.1240, max|U|=9.8998e-01, max|V|=9.8999e-01
t=0.1250, max|U|=9.8993e-01, max|V|=9.8992e-01
t=0.1260, max|U|=9.8986e-01, max|V|=9.8984e-01
t=0.1270, max|U|=9.8979e-01, max|V|=9.8976e-01
t=0.1280, max|U|=9.8971e-01, max|V|=9.8969e-01
t=0.1290, max|U|=9.8962e-01, max|V|=9.8963e-01
t=0.1300, max|U|=9.8952e-01, max|V|=9.8957e-01
t=0.1310, max|U|=9.8941e-01, max|V|=9.8950e-01
t=0.1320, max|U|=9.8930e-01, max|V|=9.8942e-01
t=0.1330, max|U|=9.8919e-01, max|V|=9.8932e-01
t=0.1340, max|U|=9.8910e-01, max|V|=9.8923e-01
t=0.1350, max|U|=9.8900e-01, max|V|=9.8912e-01
t=0.1360, max|U|=9.8896e-01, max|V|=9.8900e-01
t=0.1370, max|U|=9.8893e-01, max|V|=9.8893e-01
t=0.1380, max|U|=9.8888e-01, max|V|=9.8887e-01
t=0.1390, max|U|=9.8883e-01, max|V|=9.8881e-01
t=0.1400, max|U|=9.8877e-01, max|V|=9.8874e-01
t=0.1410, max|U|=9.8870e-01, max|V|=9.8866e-01
t=0.1420, max|U|=9.8862e-01, max|V|=9.8857e-01
t=0.1430, max|U|=9.8853e-01, max|V|=9.8851e-01
t=0.1440, max|U|=9.8844e-01, max|V|=9.8845e-01
t=0.1450, max|U|=9.8834e-01, max|V|=9.8838e-01
t=0.1460, max|U|=9.8822e-01, max|V|=9.8831e-01
t=0.1470, max|U|=9.8810e-01, max|V|=9.8822e-01
t=0.1480, max|U|=9.8802e-01, max|V|=9.8813e-01
t=0.1490, max|U|=9.8793e-01, max|V|=9.8803e-01
t=0.1500, max|U|=9.8784e-01, max|V|=9.8792e-01
t=0.1510, max|U|=9.8781e-01, max|V|=9.8780e-01
t=0.1520, max|U|=9.8777e-01, max|V|=9.8775e-01
t=0.1530, max|U|=9.8772e-01, max|V|=9.8769e-01
t=0.1540, max|U|=9.8766e-01, max|V|=9.8763e-01
t=0.1550, max|U|=9.8760e-01, max|V|=9.8755e-01
t=0.1560, max|U|=9.8752e-01, max|V|=9.8747e-01
t=0.1570, max|U|=9.8744e-01, max|V|=9.8738e-01
t=0.1580, max|U|=9.8735e-01, max|V|=9.8733e-01
t=0.1590, max|U|=9.8725e-01, max|V|=9.8727e-01
t=0.1600, max|U|=9.8714e-01, max|V|=9.8720e-01
t=0.1610, max|U|=9.8703e-01, max|V|=9.8712e-01
t=0.1620, max|U|=9.8693e-01, max|V|=9.8703e-01
t=0.1630, max|U|=9.8685e-01, max|V|=9.8694e-01
t=0.1640, max|U|=9.8676e-01, max|V|=9.8683e-01
t=0.1650, max|U|=9.8673e-01, max|V|=9.8672e-01
t=0.1660, max|U|=9.8669e-01, max|V|=9.8660e-01
t=0.1670, max|U|=9.8664e-01, max|V|=9.8655e-01
t=0.1680, max|U|=9.8658e-01, max|V|=9.8649e-01
t=0.1690, max|U|=9.8651e-01, max|V|=9.8643e-01
t=0.1700, max|U|=9.8644e-01, max|V|=9.8637e-01
t=0.1710, max|U|=9.8636e-01, max|V|=9.8633e-01
t=0.1720, max|U|=9.8627e-01, max|V|=9.8628e-01
t=0.1730, max|U|=9.8617e-01, max|V|=9.8621e-01
t=0.1740, max|U|=9.8606e-01, max|V|=9.8614e-01
t=0.1750, max|U|=9.8594e-01, max|V|=9.8607e-01
t=0.1760, max|U|=9.8582e-01, max|V|=9.8598e-01
t=0.1770, max|U|=9.8575e-01, max|V|=9.8589e-01
t=0.1780, max|U|=9.8568e-01, max|V|=9.8578e-01
t=0.1790, max|U|=9.8564e-01, max|V|=9.8567e-01
t=0.1800, max|U|=9.8561e-01, max|V|=9.8555e-01
t=0.1810, max|U|=9.8556e-01, max|V|=9.8546e-01
t=0.1820, max|U|=9.8551e-01, max|V|=9.8540e-01
t=0.1830, max|U|=9.8544e-01, max|V|=9.8533e-01
t=0.1840, max|U|=9.8537e-01, max|V|=9.8529e-01
t=0.1850, max|U|=9.8529e-01, max|V|=9.8525e-01
t=0.1860, max|U|=9.8521e-01, max|V|=9.8520e-01
t=0.1870, max|U|=9.8511e-01, max|V|=9.8514e-01
t=0.1880, max|U|=9.8501e-01, max|V|=9.8508e-01
t=0.1890, max|U|=9.8489e-01, max|V|=9.8500e-01
t=0.1900, max|U|=9.8477e-01, max|V|=9.8492e-01
t=0.1910, max|U|=9.8465e-01, max|V|=9.8483e-01
t=0.1920, max|U|=9.8456e-01, max|V|=9.8474e-01
t=0.1930, max|U|=9.8451e-01, max|V|=9.8463e-01
t=0.1940, max|U|=9.8448e-01, max|V|=9.8452e-01
t=0.1950, max|U|=9.8445e-01, max|V|=9.8439e-01
t=0.1960, max|U|=9.8440e-01, max|V|=9.8428e-01
t=0.1970, max|U|=9.8435e-01, max|V|=9.8423e-01
t=0.1980, max|U|=9.8429e-01, max|V|=9.8419e-01
t=0.1990, max|U|=9.8422e-01, max|V|=9.8415e-01
t=0.2000, max|U|=9.8415e-01, max|V|=9.8411e-01
t=0.2010, max|U|=9.8406e-01, max|V|=9.8406e-01
t=0.2020, max|U|=9.8397e-01, max|V|=9.8400e-01
t=0.2030, max|U|=9.8387e-01, max|V|=9.8393e-01
t=0.2040, max|U|=9.8376e-01, max|V|=9.8386e-01
t=0.2050, max|U|=9.8364e-01, max|V|=9.8377e-01
t=0.2060, max|U|=9.8352e-01, max|V|=9.8368e-01
t=0.2070, max|U|=9.8340e-01, max|V|=9.8358e-01
t=0.2080, max|U|=9.8337e-01, max|V|=9.8347e-01
t=0.2090, max|U|=9.8334e-01, max|V|=9.8336e-01
t=0.2100, max|U|=9.8330e-01, max|V|=9.8323e-01
t=0.2110, max|U|=9.8326e-01, max|V|=9.8313e-01
t=0.2120, max|U|=9.8320e-01, max|V|=9.8309e-01
t=0.2130, max|U|=9.8314e-01, max|V|=9.8306e-01
t=0.2140, max|U|=9.8306e-01, max|V|=9.8302e-01
t=0.2150, max|U|=9.8298e-01, max|V|=9.8298e-01
t=0.2160, max|U|=9.8289e-01, max|V|=9.8292e-01
t=0.2170, max|U|=9.8280e-01, max|V|=9.8286e-01
t=0.2180, max|U|=9.8269e-01, max|V|=9.8279e-01
t=0.2190, max|U|=9.8258e-01, max|V|=9.8271e-01
t=0.2200, max|U|=9.8246e-01, max|V|=9.8263e-01
t=0.2210, max|U|=9.8233e-01, max|V|=9.8253e-01
t=0.2220, max|U|=9.8229e-01, max|V|=9.8243e-01
t=0.2230, max|U|=9.8226e-01, max|V|=9.8232e-01
t=0.2240, max|U|=9.8222e-01, max|V|=9.8220e-01
t=0.2250, max|U|=9.8218e-01, max|V|=9.8208e-01
t=0.2260, max|U|=9.8212e-01, max|V|=9.8199e-01
t=0.2270, max|U|=9.8206e-01, max|V|=9.8197e-01
t=0.2280, max|U|=9.8199e-01, max|V|=9.8194e-01
t=0.2290, max|U|=9.8192e-01, max|V|=9.8190e-01
t=0.2300, max|U|=9.8183e-01, max|V|=9.8185e-01
t=0.2310, max|U|=9.8174e-01, max|V|=9.8179e-01
t=0.2320, max|U|=9.8164e-01, max|V|=9.8173e-01
t=0.2330, max|U|=9.8153e-01, max|V|=9.8166e-01
t=0.2340, max|U|=9.8141e-01, max|V|=9.8158e-01
t=0.2350, max|U|=9.8129e-01, max|V|=9.8149e-01
t=0.2360, max|U|=9.8119e-01, max|V|=9.8139e-01
t=0.2370, max|U|=9.8117e-01, max|V|=9.8129e-01
t=0.2380, max|U|=9.8114e-01, max|V|=9.8118e-01
t=0.2390, max|U|=9.8110e-01, max|V|=9.8106e-01
t=0.2400, max|U|=9.8105e-01, max|V|=9.8093e-01
t=0.2410, max|U|=9.8099e-01, max|V|=9.8088e-01
t=0.2420, max|U|=9.8093e-01, max|V|=9.8085e-01
t=0.2430, max|U|=9.8086e-01, max|V|=9.8082e-01
t=0.2440, max|U|=9.8078e-01, max|V|=9.8078e-01
t=0.2450, max|U|=9.8069e-01, max|V|=9.8073e-01
t=0.2460, max|U|=9.8060e-01, max|V|=9.8067e-01
t=0.2470, max|U|=9.8049e-01, max|V|=9.8060e-01
t=0.2480, max|U|=9.8038e-01, max|V|=9.8053e-01
t=0.2490, max|U|=9.8027e-01, max|V|=9.8045e-01
t=0.2500, max|U|=9.8014e-01, max|V|=9.8036e-01
t=0.2510, max|U|=9.8007e-01, max|V|=9.8026e-01
t=0.2520, max|U|=9.8004e-01, max|V|=9.8015e-01
t=0.2530, max|U|=9.8001e-01, max|V|=9.8004e-01
t=0.2540, max|U|=9.7997e-01, max|V|=9.7992e-01
t=0.2550, max|U|=9.7992e-01, max|V|=9.7979e-01
t=0.2560, max|U|=9.7987e-01, max|V|=9.7975e-01
t=0.2570, max|U|=9.7980e-01, max|V|=9.7973e-01
t=0.2580, max|U|=9.7973e-01, max|V|=9.7969e-01
t=0.2590, max|U|=9.7965e-01, max|V|=9.7965e-01
t=0.2600, max|U|=9.7956e-01, max|V|=9.7960e-01
t=0.2610, max|U|=9.7947e-01, max|V|=9.7954e-01
t=0.2620, max|U|=9.7936e-01, max|V|=9.7948e-01
t=0.2630, max|U|=9.7925e-01, max|V|=9.7940e-01
t=0.2640, max|U|=9.7914e-01, max|V|=9.7932e-01
t=0.2650, max|U|=9.7901e-01, max|V|=9.7923e-01
t=0.2660, max|U|=9.7893e-01, max|V|=9.7914e-01
t=0.2670, max|U|=9.7891e-01, max|V|=9.7903e-01
t=0.2680, max|U|=9.7888e-01, max|V|=9.7892e-01
t=0.2690, max|U|=9.7884e-01, max|V|=9.7880e-01
t=0.2700, max|U|=9.7879e-01, max|V|=9.7867e-01
t=0.2710, max|U|=9.7873e-01, max|V|=9.7863e-01
t=0.2720, max|U|=9.7867e-01, max|V|=9.7860e-01
t=0.2730, max|U|=9.7860e-01, max|V|=9.7857e-01
t=0.2740, max|U|=9.7852e-01, max|V|=9.7853e-01
t=0.2750, max|U|=9.7844e-01, max|V|=9.7848e-01
t=0.2760, max|U|=9.7834e-01, max|V|=9.7842e-01
t=0.2770, max|U|=9.7824e-01, max|V|=9.7836e-01
t=0.2780, max|U|=9.7813e-01, max|V|=9.7828e-01
t=0.2790, max|U|=9.7801e-01, max|V|=9.7820e-01
t=0.2800, max|U|=9.7789e-01, max|V|=9.7812e-01
t=0.2810, max|U|=9.7781e-01, max|V|=9.7802e-01
t=0.2820, max|U|=9.7779e-01, max|V|=9.7792e-01
t=0.2830, max|U|=9.7775e-01, max|V|=9.7781e-01
t=0.2840, max|U|=9.7771e-01, max|V|=9.7769e-01
t=0.2850, max|U|=9.7766e-01, max|V|=9.7756e-01
t=0.2860, max|U|=9.7760e-01, max|V|=9.7746e-01
t=0.2870, max|U|=9.7754e-01, max|V|=9.7744e-01
t=0.2880, max|U|=9.7746e-01, max|V|=9.7741e-01
t=0.2890, max|U|=9.7738e-01, max|V|=9.7737e-01
t=0.2900, max|U|=9.7730e-01, max|V|=9.7733e-01
t=0.2910, max|U|=9.7720e-01, max|V|=9.7728e-01
t=0.2920, max|U|=9.7710e-01, max|V|=9.7722e-01
t=0.2930, max|U|=9.7698e-01, max|V|=9.7715e-01
t=0.2940, max|U|=9.7687e-01, max|V|=9.7708e-01
t=0.2950, max|U|=9.7674e-01, max|V|=9.7700e-01
t=0.2960, max|U|=9.7671e-01, max|V|=9.7691e-01
t=0.2970, max|U|=9.7668e-01, max|V|=9.7681e-01
t=0.2980, max|U|=9.7664e-01, max|V|=9.7671e-01
t=0.2990, max|U|=9.7659e-01, max|V|=9.7659e-01
t=0.3000, max|U|=9.7654e-01, max|V|=9.7648e-01
t=0.3010, max|U|=9.7648e-01, max|V|=9.7635e-01
t=0.3020, max|U|=9.7641e-01, max|V|=9.7630e-01
t=0.3030, max|U|=9.7633e-01, max|V|=9.7627e-01
t=0.3040, max|U|=9.7625e-01, max|V|=9.7624e-01
t=0.3050, max|U|=9.7616e-01, max|V|=9.7619e-01
t=0.3060, max|U|=9.7606e-01, max|V|=9.7614e-01
t=0.3070, max|U|=9.7595e-01, max|V|=9.7608e-01
t=0.3080, max|U|=9.7584e-01, max|V|=9.7601e-01
t=0.3090, max|U|=9.7572e-01, max|V|=9.7594e-01
t=0.3100, max|U|=9.7563e-01, max|V|=9.7585e-01
t=0.3110, max|U|=9.7560e-01, max|V|=9.7576e-01
t=0.3120, max|U|=9.7557e-01, max|V|=9.7566e-01
t=0.3130, max|U|=9.7553e-01, max|V|=9.7556e-01
t=0.3140, max|U|=9.7548e-01, max|V|=9.7545e-01
t=0.3150, max|U|=9.7542e-01, max|V|=9.7533e-01
t=0.3160, max|U|=9.7536e-01, max|V|=9.7521e-01
t=0.3170, max|U|=9.7529e-01, max|V|=9.7519e-01
t=0.3180, max|U|=9.7521e-01, max|V|=9.7516e-01
t=0.3190, max|U|=9.7512e-01, max|V|=9.7512e-01
t=0.3200, max|U|=9.7502e-01, max|V|=9.7507e-01
t=0.3210, max|U|=9.7492e-01, max|V|=9.7501e-01
t=0.3220, max|U|=9.7481e-01, max|V|=9.7495e-01
t=0.3230, max|U|=9.7470e-01, max|V|=9.7488e-01
t=0.3240, max|U|=9.7457e-01, max|V|=9.7480e-01
t=0.3250, max|U|=9.7452e-01, max|V|=9.7472e-01
t=0.3260, max|U|=9.7449e-01, max|V|=9.7462e-01
t=0.3270, max|U|=9.7446e-01, max|V|=9.7452e-01
t=0.3280, max|U|=9.7441e-01, max|V|=9.7442e-01
t=0.3290, max|U|=9.7436e-01, max|V|=9.7430e-01
t=0.3300, max|U|=9.7431e-01, max|V|=9.7418e-01
t=0.3310, max|U|=9.7424e-01, max|V|=9.7409e-01
t=0.3320, max|U|=9.7417e-01, max|V|=9.7407e-01
t=0.3330, max|U|=9.7409e-01, max|V|=9.7403e-01
t=0.3340, max|U|=9.7400e-01, max|V|=9.7399e-01
t=0.3350, max|U|=9.7391e-01, max|V|=9.7395e-01
t=0.3360, max|U|=9.7381e-01, max|V|=9.7389e-01
t=0.3370, max|U|=9.7370e-01, max|V|=9.7383e-01
t=0.3380, max|U|=9.7358e-01, max|V|=9.7376e-01
t=0.3390, max|U|=9.7346e-01, max|V|=9.7368e-01
t=0.3400, max|U|=9.7339e-01, max|V|=9.7359e-01
t=0.3410, max|U|=9.7337e-01, max|V|=9.7350e-01
t=0.3420, max|U|=9.7334e-01, max|V|=9.7340e-01
t=0.3430, max|U|=9.7329e-01, max|V|=9.7329e-01
t=0.3440, max|U|=9.7325e-01, max|V|=9.7318e-01
t=0.3450, max|U|=9.7319e-01, max|V|=9.7305e-01
t=0.3460, max|U|=9.7312e-01, max|V|=9.7296e-01
t=0.3470, max|U|=9.7305e-01, max|V|=9.7293e-01
t=0.3480, max|U|=9.7297e-01, max|V|=9.7290e-01
t=0.3490, max|U|=9.7289e-01, max|V|=9.7286e-01
t=0.3500, max|U|=9.7279e-01, max|V|=9.7282e-01
t=0.3510, max|U|=9.7269e-01, max|V|=9.7276e-01
t=0.3520, max|U|=9.7259e-01, max|V|=9.7270e-01
t=0.3530, max|U|=9.7247e-01, max|V|=9.7263e-01
t=0.3540, max|U|=9.7235e-01, max|V|=9.7256e-01
t=0.3550, max|U|=9.7227e-01, max|V|=9.7247e-01
t=0.3560, max|U|=9.7224e-01, max|V|=9.7238e-01
t=0.3570, max|U|=9.7221e-01, max|V|=9.7229e-01
t=0.3580, max|U|=9.7217e-01, max|V|=9.7218e-01
t=0.3590, max|U|=9.7212e-01, max|V|=9.7207e-01
t=0.3600, max|U|=9.7207e-01, max|V|=9.7195e-01
t=0.3610, max|U|=9.7200e-01, max|V|=9.7182e-01
t=0.3620, max|U|=9.7193e-01, max|V|=9.7178e-01
t=0.3630, max|U|=9.7185e-01, max|V|=9.7175e-01
t=0.3640, max|U|=9.7177e-01, max|V|=9.7172e-01
t=0.3650, max|U|=9.7168e-01, max|V|=9.7168e-01
t=0.3660, max|U|=9.7158e-01, max|V|=9.7163e-01
t=0.3670, max|U|=9.7147e-01, max|V|=9.7157e-01
t=0.3680, max|U|=9.7136e-01, max|V|=9.7151e-01
t=0.3690, max|U|=9.7124e-01, max|V|=9.7144e-01
t=0.3700, max|U|=9.7114e-01, max|V|=9.7136e-01
t=0.3710, max|U|=9.7111e-01, max|V|=9.7127e-01
t=0.3720, max|U|=9.7108e-01, max|V|=9.7118e-01
t=0.3730, max|U|=9.7104e-01, max|V|=9.7108e-01
t=0.3740, max|U|=9.7099e-01, max|V|=9.7097e-01
t=0.3750, max|U|=9.7094e-01, max|V|=9.7086e-01
t=0.3760, max|U|=9.7087e-01, max|V|=9.7073e-01
t=0.3770, max|U|=9.7080e-01, max|V|=9.7063e-01
t=0.3780, max|U|=9.7073e-01, max|V|=9.7061e-01
t=0.3790, max|U|=9.7064e-01, max|V|=9.7058e-01
t=0.3800, max|U|=9.7055e-01, max|V|=9.7054e-01
t=0.3810, max|U|=9.7045e-01, max|V|=9.7049e-01
t=0.3820, max|U|=9.7034e-01, max|V|=9.7044e-01
t=0.3830, max|U|=9.7023e-01, max|V|=9.7038e-01
t=0.3840, max|U|=9.7011e-01, max|V|=9.7031e-01
t=0.3850, max|U|=9.7002e-01, max|V|=9.7023e-01
t=0.3860, max|U|=9.7000e-01, max|V|=9.7210e-01
t=0.3870, max|U|=9.6996e-01, max|V|=9.7401e-01
t=0.3880, max|U|=9.6992e-01, max|V|=9.7588e-01
t=0.3890, max|U|=9.6987e-01, max|V|=9.7773e-01
t=0.3900, max|U|=9.6981e-01, max|V|=9.7954e-01
t=0.3910, max|U|=9.7098e-01, max|V|=9.8132e-01
t=0.3920, max|U|=9.7404e-01, max|V|=9.8308e-01
t=0.3930, max|U|=9.7706e-01, max|V|=9.8481e-01
t=0.3940, max|U|=9.8004e-01, max|V|=9.8650e-01
t=0.3950, max|U|=9.8299e-01, max|V|=9.8817e-01
t=0.3960, max|U|=9.8590e-01, max|V|=9.8981e-01
t=0.3970, max|U|=9.8877e-01, max|V|=9.9142e-01
t=0.3980, max|U|=9.9161e-01, max|V|=9.9301e-01
t=0.3990, max|U|=9.9441e-01, max|V|=9.9456e-01
t=0.4000, max|U|=9.9717e-01, max|V|=9.9609e-01
t=0.4010, max|U|=9.9990e-01, max|V|=9.9759e-01
t=0.4020, max|U|=1.0026e+00, max|V|=9.9907e-01
t=0.4030, max|U|=1.0052e+00, max|V|=1.0005e+00
t=0.4040, max|U|=1.0079e+00, max|V|=1.0019e+00
t=0.4050, max|U|=1.0104e+00, max|V|=1.0033e+00
t=0.4060, max|U|=1.0130e+00, max|V|=1.0047e+00
t=0.4070, max|U|=1.0155e+00, max|V|=1.0060e+00
t=0.4080, max|U|=1.0180e+00, max|V|=1.0074e+00
t=0.4090, max|U|=1.0204e+00, max|V|=1.0087e+00
t=0.4100, max|U|=1.0228e+00, max|V|=1.0099e+00
t=0.4110, max|U|=1.0252e+00, max|V|=1.0112e+00
t=0.4120, max|U|=1.0275e+00, max|V|=1.0124e+00
t=0.4130, max|U|=1.0298e+00, max|V|=1.0136e+00
t=0.4140, max|U|=1.0321e+00, max|V|=1.0148e+00
t=0.4150, max|U|=1.0344e+00, max|V|=1.0159e+00
t=0.4160, max|U|=1.0366e+00, max|V|=1.0170e+00
t=0.4170, max|U|=1.0387e+00, max|V|=1.0181e+00
t=0.4180, max|U|=1.0409e+00, max|V|=1.0192e+00
t=0.4190, max|U|=1.0430e+00, max|V|=1.0203e+00
t=0.4200, max|U|=1.0450e+00, max|V|=1.0213e+00
t=0.4210, max|U|=1.0471e+00, max|V|=1.0223e+00
t=0.4220, max|U|=1.0491e+00, max|V|=1.0233e+00
t=0.4230, max|U|=1.0511e+00, max|V|=1.0243e+00
t=0.4240, max|U|=1.0530e+00, max|V|=1.0252e+00
t=0.4250, max|U|=1.0549e+00, max|V|=1.0261e+00
t=0.4260, max|U|=1.0568e+00, max|V|=1.0270e+00
t=0.4270, max|U|=1.0587e+00, max|V|=1.0279e+00
t=0.4280, max|U|=1.0605e+00, max|V|=1.0288e+00
t=0.4290, max|U|=1.0623e+00, max|V|=1.0296e+00
t=0.4300, max|U|=1.0640e+00, max|V|=1.0304e+00
t=0.4310, max|U|=1.0658e+00, max|V|=1.0312e+00
t=0.4320, max|U|=1.0675e+00, max|V|=1.0320e+00
t=0.4330, max|U|=1.0691e+00, max|V|=1.0328e+00
t=0.4340, max|U|=1.0708e+00, max|V|=1.0335e+00
t=0.4350, max|U|=1.0724e+00, max|V|=1.0342e+00
t=0.4360, max|U|=1.0740e+00, max|V|=1.0349e+00
t=0.4370, max|U|=1.0755e+00, max|V|=1.0356e+00
t=0.4380, max|U|=1.0771e+00, max|V|=1.0363e+00
t=0.4390, max|U|=1.0786e+00, max|V|=1.0369e+00
t=0.4400, max|U|=1.0801e+00, max|V|=1.0376e+00
t=0.4410, max|U|=1.0815e+00, max|V|=1.0382e+00
t=0.4420, max|U|=1.0829e+00, max|V|=1.0388e+00
t=0.4430, max|U|=1.0843e+00, max|V|=1.0394e+00
t=0.4440, max|U|=1.0857e+00, max|V|=1.0399e+00
t=0.4450, max|U|=1.0870e+00, max|V|=1.0405e+00
t=0.4460, max|U|=1.0883e+00, max|V|=1.0410e+00
t=0.4470, max|U|=1.0896e+00, max|V|=1.0415e+00
t=0.4480, max|U|=1.0909e+00, max|V|=1.0420e+00
t=0.4490, max|U|=1.0921e+00, max|V|=1.0425e+00
t=0.4500, max|U|=1.0933e+00, max|V|=1.0430e+00
t=0.4510, max|U|=1.0945e+00, max|V|=1.0434e+00
t=0.4520, max|U|=1.0957e+00, max|V|=1.0438e+00
t=0.4530, max|U|=1.0968e+00, max|V|=1.0442e+00
t=0.4540, max|U|=1.0980e+00, max|V|=1.0446e+00
t=0.4550, max|U|=1.0990e+00, max|V|=1.0450e+00
t=0.4560, max|U|=1.1001e+00, max|V|=1.0454e+00
t=0.4570, max|U|=1.1012e+00, max|V|=1.0458e+00
t=0.4580, max|U|=1.1022e+00, max|V|=1.0461e+00
t=0.4590, max|U|=1.1032e+00, max|V|=1.0464e+00
t=0.4600, max|U|=1.1041e+00, max|V|=1.0467e+00
t=0.4610, max|U|=1.1051e+00, max|V|=1.0470e+00
t=0.4620, max|U|=1.1060e+00, max|V|=1.0473e+00
t=0.4630, max|U|=1.1069e+00, max|V|=1.0476e+00
t=0.4640, max|U|=1.1078e+00, max|V|=1.0479e+00
t=0.4650, max|U|=1.1087e+00, max|V|=1.0481e+00
t=0.4660, max|U|=1.1095e+00, max|V|=1.0483e+00
t=0.4670, max|U|=1.1104e+00, max|V|=1.0486e+00
t=0.4680, max|U|=1.1112e+00, max|V|=1.0488e+00
t=0.4690, max|U|=1.1119e+00, max|V|=1.0490e+00
t=0.4700, max|U|=1.1127e+00, max|V|=1.0491e+00
t=0.4710, max|U|=1.1134e+00, max|V|=1.0493e+00
t=0.4720, max|U|=1.1142e+00, max|V|=1.0495e+00
t=0.4730, max|U|=1.1149e+00, max|V|=1.0496e+00
t=0.4740, max|U|=1.1155e+00, max|V|=1.0497e+00
t=0.4750, max|U|=1.1162e+00, max|V|=1.0499e+00
t=0.4760, max|U|=1.1168e+00, max|V|=1.0500e+00
t=0.4770, max|U|=1.1175e+00, max|V|=1.0501e+00
t=0.4780, max|U|=1.1181e+00, max|V|=1.0502e+00
t=0.4790, max|U|=1.1187e+00, max|V|=1.0502e+00
t=0.4800, max|U|=1.1192e+00, max|V|=1.0503e+00
t=0.4810, max|U|=1.1198e+00, max|V|=1.0504e+00
t=0.4820, max|U|=1.1203e+00, max|V|=1.0504e+00
t=0.4830, max|U|=1.1208e+00, max|V|=1.0504e+00
t=0.4840, max|U|=1.1213e+00, max|V|=1.0505e+00
t=0.4850, max|U|=1.1218e+00, max|V|=1.0505e+00
t=0.4860, max|U|=1.1222e+00, max|V|=1.0505e+00
t=0.4870, max|U|=1.1227e+00, max|V|=1.0505e+00
t=0.4880, max|U|=1.1231e+00, max|V|=1.0504e+00
t=0.4890, max|U|=1.1235e+00, max|V|=1.0504e+00
t=0.4900, max|U|=1.1239e+00, max|V|=1.0504e+00
t=0.4910, max|U|=1.1243e+00, max|V|=1.0503e+00
t=0.4920, max|U|=1.1247e+00, max|V|=1.0503e+00
t=0.4930, max|U|=1.1250e+00, max|V|=1.0502e+00
t=0.4940, max|U|=1.1253e+00, max|V|=1.0501e+00
t=0.4950, max|U|=1.1256e+00, max|V|=1.0500e+00
t=0.4960, max|U|=1.1259e+00, max|V|=1.0499e+00
t=0.4970, max|U|=1.1262e+00, max|V|=1.0498e+00
t=0.4980, max|U|=1.1265e+00, max|V|=1.0497e+00
t=0.4990, max|U|=1.1267e+00, max|V|=1.0496e+00
t=0.5000, max|U|=1.1270e+00, max|V|=1.0495e+00
t=0.5010, max|U|=1.1272e+00, max|V|=1.0493e+00
t=0.5020, max|U|=1.1274e+00, max|V|=1.0492e+00
t=0.5030, max|U|=1.1276e+00, max|V|=1.0490e+00
t=0.5040, max|U|=1.1278e+00, max|V|=1.0489e+00
t=0.5050, max|U|=1.1280e+00, max|V|=1.0487e+00
t=0.5060, max|U|=1.1281e+00, max|V|=1.0485e+00
t=0.5070, max|U|=1.1283e+00, max|V|=1.0483e+00
t=0.5080, max|U|=1.1284e+00, max|V|=1.0481e+00
t=0.5090, max|U|=1.1285e+00, max|V|=1.0479e+00
t=0.5100, max|U|=1.1286e+00, max|V|=1.0477e+00
t=0.5110, max|U|=1.1287e+00, max|V|=1.0475e+00
t=0.5120, max|U|=1.1288e+00, max|V|=1.0473e+00
t=0.5130, max|U|=1.1288e+00, max|V|=1.0471e+00
t=0.5140, max|U|=1.1289e+00, max|V|=1.0468e+00
t=0.5150, max|U|=1.1289e+00, max|V|=1.0466e+00
t=0.5160, max|U|=1.1289e+00, max|V|=1.0463e+00
t=0.5170, max|U|=1.1289e+00, max|V|=1.0461e+00
t=0.5180, max|U|=1.1289e+00, max|V|=1.0458e+00
t=0.5190, max|U|=1.1289e+00, max|V|=1.0455e+00
t=0.5200, max|U|=1.1289e+00, max|V|=1.0452e+00
t=0.5210, max|U|=1.1289e+00, max|V|=1.0449e+00
t=0.5220, max|U|=1.1288e+00, max|V|=1.0446e+00
t=0.5230, max|U|=1.1288e+00, max|V|=1.0443e+00
t=0.5240, max|U|=1.1287e+00, max|V|=1.0440e+00
t=0.5250, max|U|=1.1286e+00, max|V|=1.0437e+00
t=0.5260, max|U|=1.1285e+00, max|V|=1.0434e+00
t=0.5270, max|U|=1.1284e+00, max|V|=1.0431e+00
t=0.5280, max|U|=1.1283e+00, max|V|=1.0428e+00
t=0.5290, max|U|=1.1282e+00, max|V|=1.0424e+00
t=0.5300, max|U|=1.1281e+00, max|V|=1.0421e+00
t=0.5310, max|U|=1.1279e+00, max|V|=1.0417e+00
t=0.5320, max|U|=1.1278e+00, max|V|=1.0414e+00
t=0.5330, max|U|=1.1276e+00, max|V|=1.0410e+00
t=0.5340, max|U|=1.1275e+00, max|V|=1.0406e+00
t=0.5350, max|U|=1.1273e+00, max|V|=1.0403e+00
t=0.5360, max|U|=1.1271e+00, max|V|=1.0400e+00
t=0.5370, max|U|=1.1269e+00, max|V|=1.0398e+00
t=0.5380, max|U|=1.1267e+00, max|V|=1.0396e+00
t=0.5390, max|U|=1.1265e+00, max|V|=1.0394e+00
t=0.5400, max|U|=1.1262e+00, max|V|=1.0392e+00
t=0.5410, max|U|=1.1260e+00, max|V|=1.0390e+00
t=0.5420, max|U|=1.1257e+00, max|V|=1.0387e+00
t=0.5430, max|U|=1.1255e+00, max|V|=1.0385e+00
t=0.5440, max|U|=1.1252e+00, max|V|=1.0383e+00
t=0.5450, max|U|=1.1250e+00, max|V|=1.0380e+00
t=0.5460, max|U|=1.1247e+00, max|V|=1.0378e+00
t=0.5470, max|U|=1.1244e+00, max|V|=1.0375e+00
t=0.5480, max|U|=1.1241e+00, max|V|=1.0372e+00
t=0.5490, max|U|=1.1238e+00, max|V|=1.0369e+00
t=0.5500, max|U|=1.1235e+00, max|V|=1.0367e+00
t=0.5510, max|U|=1.1232e+00, max|V|=1.0364e+00
t=0.5520, max|U|=1.1228e+00, max|V|=1.0361e+00
t=0.5530, max|U|=1.1225e+00, max|V|=1.0358e+00
t=0.5540, max|U|=1.1222e+00, max|V|=1.0355e+00
t=0.5550, max|U|=1.1218e+00, max|V|=1.0352e+00
t=0.5560, max|U|=1.1215e+00, max|V|=1.0349e+00
t=0.5570, max|U|=1.1211e+00, max|V|=1.0345e+00
t=0.5580, max|U|=1.1207e+00, max|V|=1.0342e+00
t=0.5590, max|U|=1.1203e+00, max|V|=1.0339e+00
t=0.5600, max|U|=1.1200e+00, max|V|=1.0335e+00
t=0.5610, max|U|=1.1196e+00, max|V|=1.0332e+00
t=0.5620, max|U|=1.1192e+00, max|V|=1.0329e+00
t=0.5630, max|U|=1.1188e+00, max|V|=1.0325e+00
t=0.5640, max|U|=1.1183e+00, max|V|=1.0321e+00
t=0.5650, max|U|=1.1179e+00, max|V|=1.0318e+00
t=0.5660, max|U|=1.1175e+00, max|V|=1.0314e+00
t=0.5670, max|U|=1.1171e+00, max|V|=1.0310e+00
t=0.5680, max|U|=1.1166e+00, max|V|=1.0307e+00
t=0.5690, max|U|=1.1162e+00, max|V|=1.0303e+00
t=0.5700, max|U|=1.1157e+00, max|V|=1.0299e+00
t=0.5710, max|U|=1.1153e+00, max|V|=1.0295e+00
t=0.5720, max|U|=1.1148e+00, max|V|=1.0291e+00
t=0.5730, max|U|=1.1143e+00, max|V|=1.0287e+00
t=0.5740, max|U|=1.1139e+00, max|V|=1.0283e+00
t=0.5750, max|U|=1.1134e+00, max|V|=1.0279e+00
t=0.5760, max|U|=1.1129e+00, max|V|=1.0275e+00
t=0.5770, max|U|=1.1124e+00, max|V|=1.0271e+00
t=0.5780, max|U|=1.1119e+00, max|V|=1.0267e+00
t=0.5790, max|U|=1.1114e+00, max|V|=1.0263e+00
t=0.5800, max|U|=1.1109e+00, max|V|=1.0258e+00
t=0.5810, max|U|=1.1104e+00, max|V|=1.0254e+00
t=0.5820, max|U|=1.1099e+00, max|V|=1.0250e+00
t=0.5830, max|U|=1.1093e+00, max|V|=1.0245e+00
t=0.5840, max|U|=1.1088e+00, max|V|=1.0241e+00
t=0.5850, max|U|=1.1083e+00, max|V|=1.0236e+00
t=0.5860, max|U|=1.1077e+00, max|V|=1.0232e+00
t=0.5870, max|U|=1.1072e+00, max|V|=1.0227e+00
t=0.5880, max|U|=1.1066e+00, max|V|=1.0223e+00
t=0.5890, max|U|=1.1061e+00, max|V|=1.0218e+00
t=0.5900, max|U|=1.1055e+00, max|V|=1.0213e+00
t=0.5910, max|U|=1.1050e+00, max|V|=1.0209e+00
t=0.5920, max|U|=1.1044e+00, max|V|=1.0204e+00
t=0.5930, max|U|=1.1038e+00, max|V|=1.0199e+00
t=0.5940, max|U|=1.1033e+00, max|V|=1.0194e+00
t=0.5950, max|U|=1.1027e+00, max|V|=1.0190e+00
t=0.5960, max|U|=1.1021e+00, max|V|=1.0185e+00
t=0.5970, max|U|=1.1015e+00, max|V|=1.0180e+00
t=0.5980, max|U|=1.1009e+00, max|V|=1.0175e+00
t=0.5990, max|U|=1.1003e+00, max|V|=1.0170e+00
t=0.6000, max|U|=1.0997e+00, max|V|=1.0165e+00
t=0.6010, max|U|=1.0991e+00, max|V|=1.0160e+00
t=0.6020, max|U|=1.0985e+00, max|V|=1.0155e+00
t=0.6030, max|U|=1.0979e+00, max|V|=1.0150e+00
t=0.6040, max|U|=1.0973e+00, max|V|=1.0145e+00
t=0.6050, max|U|=1.0966e+00, max|V|=1.0140e+00
t=0.6060, max|U|=1.0960e+00, max|V|=1.0135e+00
t=0.6070, max|U|=1.0954e+00, max|V|=1.0129e+00
t=0.6080, max|U|=1.0948e+00, max|V|=1.0124e+00
t=0.6090, max|U|=1.0941e+00, max|V|=1.0119e+00
t=0.6100, max|U|=1.0935e+00, max|V|=1.0114e+00
t=0.6110, max|U|=1.0928e+00, max|V|=1.0108e+00
t=0.6120, max|U|=1.0922e+00, max|V|=1.0103e+00
t=0.6130, max|U|=1.0916e+00, max|V|=1.0098e+00
t=0.6140, max|U|=1.0909e+00, max|V|=1.0092e+00
t=0.6150, max|U|=1.0902e+00, max|V|=1.0087e+00
t=0.6160, max|U|=1.0896e+00, max|V|=1.0082e+00
t=0.6170, max|U|=1.0889e+00, max|V|=1.0076e+00
t=0.6180, max|U|=1.0883e+00, max|V|=1.0071e+00
t=0.6190, max|U|=1.0876e+00, max|V|=1.0065e+00
t=0.6200, max|U|=1.0869e+00, max|V|=1.0060e+00
t=0.6210, max|U|=1.0863e+00, max|V|=1.0054e+00
t=0.6220, max|U|=1.0856e+00, max|V|=1.0049e+00
t=0.6230, max|U|=1.0849e+00, max|V|=1.0043e+00
t=0.6240, max|U|=1.0842e+00, max|V|=1.0037e+00
t=0.6250, max|U|=1.0835e+00, max|V|=1.0032e+00
t=0.6260, max|U|=1.0828e+00, max|V|=1.0026e+00
t=0.6270, max|U|=1.0822e+00, max|V|=1.0021e+00
t=0.6280, max|U|=1.0815e+00, max|V|=1.0015e+00
t=0.6290, max|U|=1.0808e+00, max|V|=1.0009e+00
t=0.6300, max|U|=1.0801e+00, max|V|=1.0003e+00
t=0.6310, max|U|=1.0794e+00, max|V|=9.9977e-01
t=0.6320, max|U|=1.0787e+00, max|V|=9.9919e-01
t=0.6330, max|U|=1.0780e+00, max|V|=9.9861e-01
t=0.6340, max|U|=1.0773e+00, max|V|=9.9803e-01
t=0.6350, max|U|=1.0765e+00, max|V|=9.9745e-01
t=0.6360, max|U|=1.0758e+00, max|V|=9.9686e-01
t=0.6370, max|U|=1.0751e+00, max|V|=9.9628e-01
t=0.6380, max|U|=1.0744e+00, max|V|=9.9569e-01
t=0.6390, max|U|=1.0737e+00, max|V|=9.9510e-01
t=0.6400, max|U|=1.0730e+00, max|V|=9.9451e-01
t=0.6410, max|U|=1.0722e+00, max|V|=9.9391e-01
t=0.6420, max|U|=1.0715e+00, max|V|=9.9332e-01
t=0.6430, max|U|=1.0708e+00, max|V|=9.9272e-01
t=0.6440, max|U|=1.0701e+00, max|V|=9.9212e-01
t=0.6450, max|U|=1.0693e+00, max|V|=9.9152e-01
t=0.6460, max|U|=1.0686e+00, max|V|=9.9092e-01
t=0.6470, max|U|=1.0679e+00, max|V|=9.9032e-01
t=0.6480, max|U|=1.0671e+00, max|V|=9.8971e-01
t=0.6490, max|U|=1.0664e+00, max|V|=9.8911e-01
t=0.6500, max|U|=1.0656e+00, max|V|=9.8850e-01
t=0.6510, max|U|=1.0649e+00, max|V|=9.8789e-01
t=0.6520, max|U|=1.0642e+00, max|V|=9.8728e-01
t=0.6530, max|U|=1.0634e+00, max|V|=9.8667e-01
t=0.6540, max|U|=1.0627e+00, max|V|=9.8605e-01
t=0.6550, max|U|=1.0619e+00, max|V|=9.8544e-01
t=0.6560, max|U|=1.0612e+00, max|V|=9.8482e-01
t=0.6570, max|U|=1.0604e+00, max|V|=9.8421e-01
t=0.6580, max|U|=1.0596e+00, max|V|=9.8359e-01
t=0.6590, max|U|=1.0589e+00, max|V|=9.8297e-01
t=0.6600, max|U|=1.0581e+00, max|V|=9.8235e-01
t=0.6610, max|U|=1.0574e+00, max|V|=9.8172e-01
t=0.6620, max|U|=1.0566e+00, max|V|=9.8110e-01
t=0.6630, max|U|=1.0559e+00, max|V|=9.8047e-01
t=0.6640, max|U|=1.0551e+00, max|V|=9.7985e-01
t=0.6650, max|U|=1.0543e+00, max|V|=9.7922e-01
t=0.6660, max|U|=1.0536e+00, max|V|=9.7859e-01
t=0.6670, max|U|=1.0528e+00, max|V|=9.7796e-01
t=0.6680, max|U|=1.0520e+00, max|V|=9.7733e-01
t=0.6690, max|U|=1.0512e+00, max|V|=9.7670e-01
t=0.6700, max|U|=1.0505e+00, max|V|=9.7607e-01
t=0.6710, max|U|=1.0497e+00, max|V|=9.7543e-01
t=0.6720, max|U|=1.0489e+00, max|V|=9.7480e-01
t=0.6730, max|U|=1.0482e+00, max|V|=9.7416e-01
t=0.6740, max|U|=1.0474e+00, max|V|=9.7353e-01
t=0.6750, max|U|=1.0466e+00, max|V|=9.7289e-01
t=0.6760, max|U|=1.0458e+00, max|V|=9.7225e-01
t=0.6770, max|U|=1.0450e+00, max|V|=9.7161e-01
t=0.6780, max|U|=1.0443e+00, max|V|=9.7097e-01
t=0.6790, max|U|=1.0435e+00, max|V|=9.7033e-01
t=0.6800, max|U|=1.0427e+00, max|V|=9.6969e-01
t=0.6810, max|U|=1.0419e+00, max|V|=9.6904e-01
t=0.6820, max|U|=1.0411e+00, max|V|=9.6840e-01
t=0.6830, max|U|=1.0403e+00, max|V|=9.6776e-01
t=0.6840, max|U|=1.0396e+00, max|V|=9.6711e-01
t=0.6850, max|U|=1.0388e+00, max|V|=9.6646e-01
t=0.6860, max|U|=1.0380e+00, max|V|=9.6582e-01
t=0.6870, max|U|=1.0372e+00, max|V|=9.6517e-01
t=0.6880, max|U|=1.0364e+00, max|V|=9.6452e-01
t=0.6890, max|U|=1.0356e+00, max|V|=9.6387e-01
t=0.6900, max|U|=1.0348e+00, max|V|=9.6322e-01
t=0.6910, max|U|=1.0340e+00, max|V|=9.6257e-01
t=0.6920, max|U|=1.0332e+00, max|V|=9.6192e-01
t=0.6930, max|U|=1.0324e+00, max|V|=9.6127e-01
t=0.6940, max|U|=1.0316e+00, max|V|=9.6061e-01
t=0.6950, max|U|=1.0308e+00, max|V|=9.5996e-01
t=0.6960, max|U|=1.0300e+00, max|V|=9.5931e-01
t=0.6970, max|U|=1.0292e+00, max|V|=9.5865e-01
t=0.6980, max|U|=1.0284e+00, max|V|=9.5800e-01
t=0.6990, max|U|=1.0276e+00, max|V|=9.5734e-01
t=0.7000, max|U|=1.0268e+00, max|V|=9.5668e-01
t=0.7010, max|U|=1.0260e+00, max|V|=9.5603e-01
t=0.7020, max|U|=1.0252e+00, max|V|=9.5537e-01
t=0.7030, max|U|=1.0244e+00, max|V|=9.5471e-01
t=0.7040, max|U|=1.0236e+00, max|V|=9.5405e-01
t=0.7050, max|U|=1.0228e+00, max|V|=9.5340e-01
t=0.7060, max|U|=1.0220e+00, max|V|=9.5274e-01
t=0.7070, max|U|=1.0212e+00, max|V|=9.5208e-01
t=0.7080, max|U|=1.0204e+00, max|V|=9.5142e-01
t=0.7090, max|U|=1.0196e+00, max|V|=9.5076e-01
t=0.7100, max|U|=1.0188e+00, max|V|=9.5009e-01
t=0.7110, max|U|=1.0180e+00, max|V|=9.4943e-01
t=0.7120, max|U|=1.0172e+00, max|V|=9.4877e-01
t=0.7130, max|U|=1.0164e+00, max|V|=9.4811e-01
t=0.7140, max|U|=1.0156e+00, max|V|=9.4745e-01
t=0.7150, max|U|=1.0148e+00, max|V|=9.4678e-01
t=0.7160, max|U|=1.0140e+00, max|V|=9.4612e-01
t=0.7170, max|U|=1.0132e+00, max|V|=9.4546e-01
t=0.7180, max|U|=1.0123e+00, max|V|=9.4479e-01
t=0.7190, max|U|=1.0115e+00, max|V|=9.4413e-01
t=0.7200, max|U|=1.0107e+00, max|V|=9.4346e-01
t=0.7210, max|U|=1.0099e+00, max|V|=9.4280e-01
t=0.7220, max|U|=1.0091e+00, max|V|=9.4213e-01
t=0.7230, max|U|=1.0083e+00, max|V|=9.4147e-01
t=0.7240, max|U|=1.0075e+00, max|V|=9.4080e-01
t=0.7250, max|U|=1.0067e+00, max|V|=9.4014e-01
t=0.7260, max|U|=1.0059e+00, max|V|=9.3947e-01
t=0.7270, max|U|=1.0050e+00, max|V|=9.3880e-01
t=0.7280, max|U|=1.0042e+00, max|V|=9.3814e-01
t=0.7290, max|U|=1.0034e+00, max|V|=9.3747e-01
t=0.7300, max|U|=1.0026e+00, max|V|=9.3680e-01
t=0.7310, max|U|=1.0018e+00, max|V|=9.3614e-01
t=0.7320, max|U|=1.0010e+00, max|V|=9.3547e-01
t=0.7330, max|U|=1.0002e+00, max|V|=9.3480e-01
t=0.7340, max|U|=9.9935e-01, max|V|=9.3413e-01
t=0.7350, max|U|=9.9853e-01, max|V|=9.3347e-01
t=0.7360, max|U|=9.9772e-01, max|V|=9.3280e-01
t=0.7370, max|U|=9.9690e-01, max|V|=9.3213e-01
t=0.7380, max|U|=9.9609e-01, max|V|=9.3146e-01
t=0.7390, max|U|=9.9527e-01, max|V|=9.3079e-01
t=0.7400, max|U|=9.9446e-01, max|V|=9.3012e-01
t=0.7410, max|U|=9.9364e-01, max|V|=9.2946e-01
t=0.7420, max|U|=9.9283e-01, max|V|=9.2879e-01
t=0.7430, max|U|=9.9201e-01, max|V|=9.2812e-01
t=0.7440, max|U|=9.9120e-01, max|V|=9.2745e-01
t=0.7450, max|U|=9.9038e-01, max|V|=9.2678e-01
t=0.7460, max|U|=9.8957e-01, max|V|=9.2611e-01
t=0.7470, max|U|=9.8875e-01, max|V|=9.2544e-01
t=0.7480, max|U|=9.8793e-01, max|V|=9.2477e-01
t=0.7490, max|U|=9.8712e-01, max|V|=9.2411e-01
t=0.7500, max|U|=9.8630e-01, max|V|=9.2344e-01
t=0.7510, max|U|=9.8549e-01, max|V|=9.2277e-01
t=0.7520, max|U|=9.8467e-01, max|V|=9.2210e-01
t=0.7530, max|U|=9.8385e-01, max|V|=9.2143e-01
t=0.7540, max|U|=9.8304e-01, max|V|=9.2076e-01
t=0.7550, max|U|=9.8222e-01, max|V|=9.2009e-01
t=0.7560, max|U|=9.8141e-01, max|V|=9.1942e-01
t=0.7570, max|U|=9.8059e-01, max|V|=9.1875e-01
t=0.7580, max|U|=9.7977e-01, max|V|=9.1808e-01
t=0.7590, max|U|=9.7896e-01, max|V|=9.1742e-01
t=0.7600, max|U|=9.7814e-01, max|V|=9.1675e-01
t=0.7610, max|U|=9.7733e-01, max|V|=9.1608e-01
t=0.7620, max|U|=9.7651e-01, max|V|=9.1541e-01
t=0.7630, max|U|=9.7569e-01, max|V|=9.1474e-01
t=0.7640, max|U|=9.7488e-01, max|V|=9.1407e-01
t=0.7650, max|U|=9.7406e-01, max|V|=9.1340e-01
t=0.7660, max|U|=9.7325e-01, max|V|=9.1274e-01
t=0.7670, max|U|=9.7243e-01, max|V|=9.1207e-01
t=0.7680, max|U|=9.7162e-01, max|V|=9.1140e-01
t=0.7690, max|U|=9.7080e-01, max|V|=9.1073e-01
t=0.7700, max|U|=9.6999e-01, max|V|=9.1006e-01
t=0.7710, max|U|=9.6917e-01, max|V|=9.0940e-01
t=0.7720, max|U|=9.6836e-01, max|V|=9.0873e-01
t=0.7730, max|U|=9.6754e-01, max|V|=9.0806e-01
t=0.7740, max|U|=9.6673e-01, max|V|=9.0739e-01
t=0.7750, max|U|=9.6592e-01, max|V|=9.0673e-01
t=0.7760, max|U|=9.6510e-01, max|V|=9.0606e-01
t=0.7770, max|U|=9.6429e-01, max|V|=9.0539e-01
t=0.7780, max|U|=9.6347e-01, max|V|=9.0473e-01
t=0.7790, max|U|=9.6266e-01, max|V|=9.0406e-01
t=0.7800, max|U|=9.6185e-01, max|V|=9.0339e-01
t=0.7810, max|U|=9.6103e-01, max|V|=9.0273e-01
t=0.7820, max|U|=9.6022e-01, max|V|=9.0206e-01
t=0.7830, max|U|=9.5941e-01, max|V|=9.0139e-01
t=0.7840, max|U|=9.5860e-01, max|V|=9.0073e-01
t=0.7850, max|U|=9.5778e-01, max|V|=9.0006e-01
t=0.7860, max|U|=9.5697e-01, max|V|=8.9940e-01
t=0.7870, max|U|=9.5616e-01, max|V|=8.9873e-01
t=0.7880, max|U|=9.5535e-01, max|V|=8.9807e-01
t=0.7890, max|U|=9.5454e-01, max|V|=8.9740e-01
t=0.7900, max|U|=9.5373e-01, max|V|=8.9674e-01
t=0.7910, max|U|=9.5292e-01, max|V|=8.9608e-01
t=0.7920, max|U|=9.5211e-01, max|V|=8.9541e-01
t=0.7930, max|U|=9.5130e-01, max|V|=8.9475e-01
t=0.7940, max|U|=9.5049e-01, max|V|=8.9408e-01
t=0.7950, max|U|=9.4968e-01, max|V|=8.9342e-01
t=0.7960, max|U|=9.4887e-01, max|V|=8.9276e-01
t=0.7970, max|U|=9.4806e-01, max|V|=8.9210e-01
t=0.7980, max|U|=9.4725e-01, max|V|=8.9143e-01
t=0.7990, max|U|=9.4644e-01, max|V|=8.9077e-01
t=0.8000, max|U|=9.4564e-01, max|V|=8.9011e-01
t=0.8010, max|U|=9.4483e-01, max|V|=8.8945e-01
t=0.8020, max|U|=9.4402e-01, max|V|=8.8879e-01
t=0.8030, max|U|=9.4322e-01, max|V|=8.8813e-01
t=0.8040, max|U|=9.4241e-01, max|V|=8.8747e-01
t=0.8050, max|U|=9.4160e-01, max|V|=8.8680e-01
t=0.8060, max|U|=9.4080e-01, max|V|=8.8614e-01
t=0.8070, max|U|=9.3999e-01, max|V|=8.8548e-01
t=0.8080, max|U|=9.3919e-01, max|V|=8.8483e-01
t=0.8090, max|U|=9.3838e-01, max|V|=8.8417e-01
t=0.8100, max|U|=9.3758e-01, max|V|=8.8351e-01
t=0.8110, max|U|=9.3677e-01, max|V|=8.8285e-01
t=0.8120, max|U|=9.3597e-01, max|V|=8.8219e-01
t=0.8130, max|U|=9.3517e-01, max|V|=8.8153e-01
t=0.8140, max|U|=9.3437e-01, max|V|=8.8087e-01
t=0.8150, max|U|=9.3356e-01, max|V|=8.8022e-01
t=0.8160, max|U|=9.3276e-01, max|V|=8.7956e-01
t=0.8170, max|U|=9.3196e-01, max|V|=8.7890e-01
t=0.8180, max|U|=9.3116e-01, max|V|=8.7825e-01
t=0.8190, max|U|=9.3036e-01, max|V|=8.7759e-01
t=0.8200, max|U|=9.2956e-01, max|V|=8.7694e-01
t=0.8210, max|U|=9.2876e-01, max|V|=8.7628e-01
t=0.8220, max|U|=9.2796e-01, max|V|=8.7562e-01
t=0.8230, max|U|=9.2716e-01, max|V|=8.7497e-01
t=0.8240, max|U|=9.2636e-01, max|V|=8.7432e-01
t=0.8250, max|U|=9.2556e-01, max|V|=8.7366e-01
t=0.8260, max|U|=9.2477e-01, max|V|=8.7301e-01
t=0.8270, max|U|=9.2397e-01, max|V|=8.7235e-01
t=0.8280, max|U|=9.2317e-01, max|V|=8.7170e-01
t=0.8290, max|U|=9.2238e-01, max|V|=8.7105e-01
t=0.8300, max|U|=9.2158e-01, max|V|=8.7040e-01
t=0.8310, max|U|=9.2079e-01, max|V|=8.6975e-01
t=0.8320, max|U|=9.1999e-01, max|V|=8.6909e-01
t=0.8330, max|U|=9.1920e-01, max|V|=8.6844e-01
t=0.8340, max|U|=9.1841e-01, max|V|=8.6779e-01
t=0.8350, max|U|=9.1761e-01, max|V|=8.6714e-01
t=0.8360, max|U|=9.1682e-01, max|V|=8.6649e-01
t=0.8370, max|U|=9.1603e-01, max|V|=8.6584e-01
t=0.8380, max|U|=9.1524e-01, max|V|=8.6519e-01
t=0.8390, max|U|=9.1445e-01, max|V|=8.6454e-01
t=0.8400, max|U|=9.1366e-01, max|V|=8.6390e-01
t=0.8410, max|U|=9.1287e-01, max|V|=8.6325e-01
t=0.8420, max|U|=9.1208e-01, max|V|=8.6260e-01
t=0.8430, max|U|=9.1129e-01, max|V|=8.6195e-01
t=0.8440, max|U|=9.1050e-01, max|V|=8.6131e-01
t=0.8450, max|U|=9.0971e-01, max|V|=8.6066e-01
t=0.8460, max|U|=9.0892e-01, max|V|=8.6001e-01
t=0.8470, max|U|=9.0814e-01, max|V|=8.5937e-01
t=0.8480, max|U|=9.0735e-01, max|V|=8.5872e-01
t=0.8490, max|U|=9.0657e-01, max|V|=8.5808e-01
t=0.8500, max|U|=9.0578e-01, max|V|=8.5743e-01
t=0.8510, max|U|=9.0500e-01, max|V|=8.5679e-01
t=0.8520, max|U|=9.0421e-01, max|V|=8.5615e-01
t=0.8530, max|U|=9.0343e-01, max|V|=8.5550e-01
t=0.8540, max|U|=9.0265e-01, max|V|=8.5486e-01
t=0.8550, max|U|=9.0186e-01, max|V|=8.5422e-01
t=0.8560, max|U|=9.0108e-01, max|V|=8.5358e-01
t=0.8570, max|U|=9.0030e-01, max|V|=8.5294e-01
t=0.8580, max|U|=8.9952e-01, max|V|=8.5229e-01
t=0.8590, max|U|=8.9874e-01, max|V|=8.5165e-01
t=0.8600, max|U|=8.9796e-01, max|V|=8.5101e-01
t=0.8610, max|U|=8.9718e-01, max|V|=8.5037e-01
t=0.8620, max|U|=8.9640e-01, max|V|=8.4974e-01
t=0.8630, max|U|=8.9563e-01, max|V|=8.4910e-01
t=0.8640, max|U|=8.9485e-01, max|V|=8.4846e-01
t=0.8650, max|U|=8.9407e-01, max|V|=8.4782e-01
t=0.8660, max|U|=8.9330e-01, max|V|=8.4718e-01
t=0.8670, max|U|=8.9252e-01, max|V|=8.4655e-01
t=0.8680, max|U|=8.9175e-01, max|V|=8.4591e-01
t=0.8690, max|U|=8.9097e-01, max|V|=8.4527e-01
t=0.8700, max|U|=8.9020e-01, max|V|=8.4464e-01
t=0.8710, max|U|=8.8943e-01, max|V|=8.4400e-01
t=0.8720, max|U|=8.8866e-01, max|V|=8.4337e-01
t=0.8730, max|U|=8.8788e-01, max|V|=8.4273e-01
t=0.8740, max|U|=8.8711e-01, max|V|=8.4210e-01
t=0.8750, max|U|=8.8634e-01, max|V|=8.4146e-01
t=0.8760, max|U|=8.8557e-01, max|V|=8.4083e-01
t=0.8770, max|U|=8.8481e-01, max|V|=8.4020e-01
t=0.8780, max|U|=8.8404e-01, max|V|=8.3957e-01
t=0.8790, max|U|=8.8327e-01, max|V|=8.3894e-01
t=0.8800, max|U|=8.8250e-01, max|V|=8.3830e-01
t=0.8810, max|U|=8.8174e-01, max|V|=8.3767e-01
t=0.8820, max|U|=8.8097e-01, max|V|=8.3704e-01
t=0.8830, max|U|=8.8021e-01, max|V|=8.3641e-01
t=0.8840, max|U|=8.7944e-01, max|V|=8.3578e-01
t=0.8850, max|U|=8.7868e-01, max|V|=8.3515e-01
t=0.8860, max|U|=8.7791e-01, max|V|=8.3453e-01
t=0.8870, max|U|=8.7715e-01, max|V|=8.3390e-01
t=0.8880, max|U|=8.7639e-01, max|V|=8.3327e-01
t=0.8890, max|U|=8.7563e-01, max|V|=8.3264e-01
t=0.8900, max|U|=8.7487e-01, max|V|=8.3202e-01
t=0.8910, max|U|=8.7411e-01, max|V|=8.3139e-01
t=0.8920, max|U|=8.7335e-01, max|V|=8.3077e-01
t=0.8930, max|U|=8.7259e-01, max|V|=8.3014e-01
t=0.8940, max|U|=8.7183e-01, max|V|=8.2952e-01
t=0.8950, max|U|=8.7108e-01, max|V|=8.2889e-01
t=0.8960, max|U|=8.7032e-01, max|V|=8.2827e-01
t=0.8970, max|U|=8.6957e-01, max|V|=8.2764e-01
t=0.8980, max|U|=8.6881e-01, max|V|=8.2702e-01
t=0.8990, max|U|=8.6806e-01, max|V|=8.2640e-01
t=0.9000, max|U|=8.6730e-01, max|V|=8.2578e-01
t=0.9010, max|U|=8.6655e-01, max|V|=8.2516e-01
t=0.9020, max|U|=8.6580e-01, max|V|=8.2453e-01
t=0.9030, max|U|=8.6505e-01, max|V|=8.2391e-01
t=0.9040, max|U|=8.6430e-01, max|V|=8.2329e-01
t=0.9050, max|U|=8.6355e-01, max|V|=8.2268e-01
t=0.9060, max|U|=8.6280e-01, max|V|=8.2206e-01
t=0.9070, max|U|=8.6205e-01, max|V|=8.2144e-01
t=0.9080, max|U|=8.6130e-01, max|V|=8.2082e-01
t=0.9090, max|U|=8.6055e-01, max|V|=8.2020e-01
t=0.9100, max|U|=8.5981e-01, max|V|=8.1959e-01
t=0.9110, max|U|=8.5906e-01, max|V|=8.1897e-01
t=0.9120, max|U|=8.5832e-01, max|V|=8.1835e-01
t=0.9130, max|U|=8.5757e-01, max|V|=8.1774e-01
t=0.9140, max|U|=8.5683e-01, max|V|=8.1712e-01
t=0.9150, max|U|=8.5609e-01, max|V|=8.1651e-01
t=0.9160, max|U|=8.5534e-01, max|V|=8.1589e-01
t=0.9170, max|U|=8.5460e-01, max|V|=8.1528e-01
t=0.9180, max|U|=8.5386e-01, max|V|=8.1467e-01
t=0.9190, max|U|=8.5312e-01, max|V|=8.1405e-01
t=0.9200, max|U|=8.5238e-01, max|V|=8.1344e-01
t=0.9210, max|U|=8.5164e-01, max|V|=8.1283e-01
t=0.9220, max|U|=8.5091e-01, max|V|=8.1222e-01
t=0.9230, max|U|=8.5017e-01, max|V|=8.1161e-01
t=0.9240, max|U|=8.4943e-01, max|V|=8.1100e-01
t=0.9250, max|U|=8.4870e-01, max|V|=8.1039e-01
t=0.9260, max|U|=8.4796e-01, max|V|=8.0978e-01
t=0.9270, max|U|=8.4723e-01, max|V|=8.0917e-01
t=0.9280, max|U|=8.4649e-01, max|V|=8.0856e-01
t=0.9290, max|U|=8.4576e-01, max|V|=8.0796e-01
t=0.9300, max|U|=8.4503e-01, max|V|=8.0735e-01
t=0.9310, max|U|=8.4430e-01, max|V|=8.0674e-01
t=0.9320, max|U|=8.4357e-01, max|V|=8.0614e-01
t=0.9330, max|U|=8.4284e-01, max|V|=8.0553e-01
t=0.9340, max|U|=8.4211e-01, max|V|=8.0492e-01
t=0.9350, max|U|=8.4138e-01, max|V|=8.0432e-01
t=0.9360, max|U|=8.4065e-01, max|V|=8.0372e-01
t=0.9370, max|U|=8.3993e-01, max|V|=8.0311e-01
t=0.9380, max|U|=8.3920e-01, max|V|=8.0251e-01
t=0.9390, max|U|=8.3847e-01, max|V|=8.0191e-01
t=0.9400, max|U|=8.3775e-01, max|V|=8.0130e-01
t=0.9410, max|U|=8.3703e-01, max|V|=8.0070e-01
t=0.9420, max|U|=8.3630e-01, max|V|=8.0010e-01
t=0.9430, max|U|=8.3558e-01, max|V|=7.9950e-01
t=0.9440, max|U|=8.3486e-01, max|V|=7.9890e-01
t=0.9450, max|U|=8.3414e-01, max|V|=7.9830e-01
t=0.9460, max|U|=8.3342e-01, max|V|=7.9770e-01
t=0.9470, max|U|=8.3270e-01, max|V|=7.9710e-01
t=0.9480, max|U|=8.3198e-01, max|V|=7.9651e-01
t=0.9490, max|U|=8.3126e-01, max|V|=7.9591e-01
t=0.9500, max|U|=8.3055e-01, max|V|=7.9531e-01
t=0.9510, max|U|=8.2983e-01, max|V|=7.9471e-01
t=0.9520, max|U|=8.2912e-01, max|V|=7.9412e-01
t=0.9530, max|U|=8.2840e-01, max|V|=7.9352e-01
t=0.9540, max|U|=8.2769e-01, max|V|=7.9293e-01
t=0.9550, max|U|=8.2697e-01, max|V|=7.9233e-01
t=0.9560, max|U|=8.2626e-01, max|V|=7.9174e-01
t=0.9570, max|U|=8.2555e-01, max|V|=7.9115e-01
t=0.9580, max|U|=8.2484e-01, max|V|=7.9055e-01
t=0.9590, max|U|=8.2413e-01, max|V|=7.8996e-01
t=0.9600, max|U|=8.2342e-01, max|V|=7.8937e-01
t=0.9610, max|U|=8.2271e-01, max|V|=7.8878e-01
t=0.9620, max|U|=8.2200e-01, max|V|=7.8819e-01
t=0.9630, max|U|=8.2130e-01, max|V|=7.8760e-01
t=0.9640, max|U|=8.2059e-01, max|V|=7.8701e-01
t=0.9650, max|U|=8.1988e-01, max|V|=7.8642e-01
t=0.9660, max|U|=8.1918e-01, max|V|=7.8583e-01
t=0.9670, max|U|=8.1848e-01, max|V|=7.8524e-01
t=0.9680, max|U|=8.1777e-01, max|V|=7.8465e-01
t=0.9690, max|U|=8.1707e-01, max|V|=7.8406e-01
t=0.9700, max|U|=8.1637e-01, max|V|=7.8348e-01
t=0.9710, max|U|=8.1567e-01, max|V|=7.8289e-01
t=0.9720, max|U|=8.1497e-01, max|V|=7.8231e-01
t=0.9730, max|U|=8.1427e-01, max|V|=7.8172e-01
t=0.9740, max|U|=8.1357e-01, max|V|=7.8114e-01
t=0.9750, max|U|=8.1287e-01, max|V|=7.8055e-01
t=0.9760, max|U|=8.1217e-01, max|V|=7.7997e-01
t=0.9770, max|U|=8.1148e-01, max|V|=7.7938e-01
t=0.9780, max|U|=8.1078e-01, max|V|=7.7880e-01
t=0.9790, max|U|=8.1009e-01, max|V|=7.7822e-01
t=0.9800, max|U|=8.0939e-01, max|V|=7.7764e-01
t=0.9810, max|U|=8.0870e-01, max|V|=7.7706e-01
t=0.9820, max|U|=8.0801e-01, max|V|=7.7648e-01
t=0.9830, max|U|=8.0732e-01, max|V|=7.7590e-01
t=0.9840, max|U|=8.0663e-01, max|V|=7.7532e-01
t=0.9850, max|U|=8.0594e-01, max|V|=7.7474e-01
t=0.9860, max|U|=8.0525e-01, max|V|=7.7416e-01
t=0.9870, max|U|=8.0456e-01, max|V|=7.7358e-01
t=0.9880, max|U|=8.0387e-01, max|V|=7.7300e-01
t=0.9890, max|U|=8.0318e-01, max|V|=7.7243e-01
t=0.9900, max|U|=8.0250e-01, max|V|=7.7185e-01
t=0.9910, max|U|=8.0181e-01, max|V|=7.7127e-01
t=0.9920, max|U|=8.0113e-01, max|V|=7.7070e-01
t=0.9930, max|U|=8.0045e-01, max|V|=7.7012e-01
t=0.9940, max|U|=7.9976e-01, max|V|=7.6955e-01
t=0.9950, max|U|=7.9908e-01, max|V|=7.6898e-01
t=0.9960, max|U|=7.9840e-01, max|V|=7.6840e-01
t=0.9970, max|U|=7.9772e-01, max|V|=7.6783e-01
t=0.9980, max|U|=7.9704e-01, max|V|=7.6726e-01
t=0.9990, max|U|=7.9636e-01, max|V|=7.6669e-01
t=1.0000, max|U|=7.9568e-01, max|V|=7.6611e-01
Total simulation time: 138.55 seconds
Point (0.25, 0.25): U=0.3019, analytical_U=0.2967
Point (0.5, 0.25): U=0.5831, analytical_U=0.5760
Point (0.75, 0.25): U=0.5614, analytical_U=0.2967
Point (0.25, 0.5): U=0.2644, analytical_U=0.2729
Point (0.5, 0.5): U=0.1906, analytical_U=0.0000
Point (0.75, 0.5): U=-0.2702, analytical_U=-0.2729
Point (0.25, 0.75): U=0.0577, analytical_U=-0.2967
Point (0.5, 0.75): U=-0.5756, analytical_U=-0.5760
Point (0.75, 0.75): U=-0.3051, analytical_U=-0.2967
Root Mean Square Error compared to literature solution: 1.6063e-01
Point (0.25, 0.25): U=0.1951, analytical_U=0.1882
Point (0.5, 0.25): U=0.3861, analytical_U=0.3744
Point (0.75, 0.25): U=0.3769, analytical_U=0.1882
Point (0.25, 0.5): U=0.1848, analytical_U=0.1853
Point (0.5, 0.5): U=0.1150, analytical_U=0.0000
Point (0.75, 0.5): U=-0.1883, analytical_U=-0.1853
Point (0.25, 0.75): U=0.0592, analytical_U=-0.1882
Point (0.5, 0.75): U=-0.3806, analytical_U=-0.3744
Point (0.75, 0.75): U=-0.1973, analytical_U=-0.1882
Root Mean Square Error compared to literature solution: 1.1075e-01
