h = 1.09e-01
D = 8.44e-05
CFL(t=0) = 9.19e-03
t=0.0010, max|U|=9.9951e-01, max|V|=9.9087e-01
t=0.0020, max|U|=9.9901e-01, max|V|=9.8989e-01
t=0.0030, max|U|=9.9850e-01, max|V|=9.8892e-01
t=0.0040, max|U|=9.9798e-01, max|V|=9.8795e-01
t=0.0050, max|U|=9.9745e-01, max|V|=9.8704e-01
t=0.0060, max|U|=9.9692e-01, max|V|=9.8725e-01
t=0.0070, max|U|=9.9637e-01, max|V|=9.8743e-01
t=0.0080, max|U|=9.9582e-01, max|V|=9.8759e-01
t=0.0090, max|U|=9.9525e-01, max|V|=9.8774e-01
t=0.0100, max|U|=9.9468e-01, max|V|=9.8786e-01
t=0.0110, max|U|=9.9410e-01, max|V|=9.8796e-01
t=0.0120, max|U|=9.9351e-01, max|V|=9.8804e-01
t=0.0130, max|U|=9.9292e-01, max|V|=9.8810e-01
t=0.0140, max|U|=9.9231e-01, max|V|=9.8815e-01
t=0.0150, max|U|=9.9170e-01, max|V|=9.8817e-01
t=0.0160, max|U|=9.9109e-01, max|V|=9.8818e-01
t=0.0170, max|U|=9.9046e-01, max|V|=9.8817e-01
t=0.0180, max|U|=9.8983e-01, max|V|=9.8815e-01
t=0.0190, max|U|=9.8919e-01, max|V|=9.8810e-01
t=0.0200, max|U|=9.8854e-01, max|V|=9.8805e-01
t=0.0210, max|U|=9.8789e-01, max|V|=9.8797e-01
t=0.0220, max|U|=9.8723e-01, max|V|=9.8789e-01
t=0.0230, max|U|=9.8657e-01, max|V|=9.8779e-01
t=0.0240, max|U|=9.8590e-01, max|V|=9.8767e-01
t=0.0250, max|U|=9.8522e-01, max|V|=9.8754e-01
t=0.0260, max|U|=9.8454e-01, max|V|=9.8740e-01
t=0.0270, max|U|=9.8385e-01, max|V|=9.8724e-01
t=0.0280, max|U|=9.8315e-01, max|V|=9.8707e-01
t=0.0290, max|U|=9.8245e-01, max|V|=9.8689e-01
t=0.0300, max|U|=9.8175e-01, max|V|=9.8669e-01
t=0.0310, max|U|=9.8104e-01, max|V|=9.8649e-01
t=0.0320, max|U|=9.8033e-01, max|V|=9.8627e-01
t=0.0330, max|U|=9.7961e-01, max|V|=9.8604e-01
t=0.0340, max|U|=9.7892e-01, max|V|=9.8580e-01
t=0.0350, max|U|=9.7875e-01, max|V|=9.8555e-01
t=0.0360, max|U|=9.7857e-01, max|V|=9.8529e-01
t=0.0370, max|U|=9.7837e-01, max|V|=9.8501e-01
t=0.0380, max|U|=9.7817e-01, max|V|=9.8473e-01
t=0.0390, max|U|=9.7797e-01, max|V|=9.8444e-01
t=0.0400, max|U|=9.7775e-01, max|V|=9.8414e-01
t=0.0410, max|U|=9.7752e-01, max|V|=9.8382e-01
t=0.0420, max|U|=9.7729e-01, max|V|=9.8350e-01
t=0.0430, max|U|=9.7705e-01, max|V|=9.8317e-01
t=0.0440, max|U|=9.7680e-01, max|V|=9.8283e-01
t=0.0450, max|U|=9.7654e-01, max|V|=9.8249e-01
t=0.0460, max|U|=9.7627e-01, max|V|=9.8213e-01
t=0.0470, max|U|=9.7600e-01, max|V|=9.8176e-01
t=0.0480, max|U|=9.7572e-01, max|V|=9.8139e-01
t=0.0490, max|U|=9.7543e-01, max|V|=9.8101e-01
t=0.0500, max|U|=9.7513e-01, max|V|=9.8062e-01
t=0.0510, max|U|=9.7483e-01, max|V|=9.8022e-01
t=0.0520, max|U|=9.7452e-01, max|V|=9.7982e-01
t=0.0530, max|U|=9.7420e-01, max|V|=9.7941e-01
t=0.0540, max|U|=9.7388e-01, max|V|=9.7899e-01
t=0.0550, max|U|=9.7355e-01, max|V|=9.7856e-01
t=0.0560, max|U|=9.7321e-01, max|V|=9.7813e-01
t=0.0570, max|U|=9.7286e-01, max|V|=9.7769e-01
t=0.0580, max|U|=9.7251e-01, max|V|=9.7724e-01
t=0.0590, max|U|=9.7215e-01, max|V|=9.7679e-01
t=0.0600, max|U|=9.7179e-01, max|V|=9.7633e-01
t=0.0610, max|U|=9.7142e-01, max|V|=9.7586e-01
t=0.0620, max|U|=9.7104e-01, max|V|=9.7539e-01
t=0.0630, max|U|=9.7065e-01, max|V|=9.7491e-01
t=0.0640, max|U|=9.7027e-01, max|V|=9.7443e-01
t=0.0650, max|U|=9.6987e-01, max|V|=9.7394e-01
t=0.0660, max|U|=9.6947e-01, max|V|=9.7344e-01
t=0.0670, max|U|=9.6906e-01, max|V|=9.7294e-01
t=0.0680, max|U|=9.6865e-01, max|V|=9.7243e-01
t=0.0690, max|U|=9.6823e-01, max|V|=9.7192e-01
t=0.0700, max|U|=9.6781e-01, max|V|=9.7140e-01
t=0.0710, max|U|=9.6738e-01, max|V|=9.7088e-01
t=0.0720, max|U|=9.6694e-01, max|V|=9.7035e-01
t=0.0730, max|U|=9.6650e-01, max|V|=9.6981e-01
t=0.0740, max|U|=9.6606e-01, max|V|=9.6927e-01
t=0.0750, max|U|=9.6561e-01, max|V|=9.6873e-01
t=0.0760, max|U|=9.6515e-01, max|V|=9.6818e-01
t=0.0770, max|U|=9.6469e-01, max|V|=9.6763e-01
t=0.0780, max|U|=9.6423e-01, max|V|=9.6707e-01
t=0.0790, max|U|=9.6376e-01, max|V|=9.6651e-01
t=0.0800, max|U|=9.6329e-01, max|V|=9.6594e-01
t=0.0810, max|U|=9.6281e-01, max|V|=9.6537e-01
t=0.0820, max|U|=9.6232e-01, max|V|=9.6479e-01
t=0.0830, max|U|=9.6184e-01, max|V|=9.6421e-01
t=0.0840, max|U|=9.6134e-01, max|V|=9.6363e-01
t=0.0850, max|U|=9.6085e-01, max|V|=9.6304e-01
t=0.0860, max|U|=9.6035e-01, max|V|=9.6244e-01
t=0.0870, max|U|=9.5984e-01, max|V|=9.6185e-01
t=0.0880, max|U|=9.5933e-01, max|V|=9.6125e-01
t=0.0890, max|U|=9.5882e-01, max|V|=9.6064e-01
t=0.0900, max|U|=9.5830e-01, max|V|=9.6003e-01
t=0.0910, max|U|=9.5778e-01, max|V|=9.5942e-01
t=0.0920, max|U|=9.5725e-01, max|V|=9.5880e-01
t=0.0930, max|U|=9.5672e-01, max|V|=9.5818e-01
t=0.0940, max|U|=9.5619e-01, max|V|=9.5756e-01
t=0.0950, max|U|=9.5566e-01, max|V|=9.5693e-01
t=0.0960, max|U|=9.5512e-01, max|V|=9.5630e-01
t=0.0970, max|U|=9.5457e-01, max|V|=9.5567e-01
t=0.0980, max|U|=9.5402e-01, max|V|=9.5503e-01
t=0.0990, max|U|=9.5347e-01, max|V|=9.5439e-01
t=0.1000, max|U|=9.5292e-01, max|V|=9.5375e-01
t=0.1010, max|U|=9.5236e-01, max|V|=9.5310e-01
t=0.1020, max|U|=9.5180e-01, max|V|=9.5245e-01
t=0.1030, max|U|=9.5124e-01, max|V|=9.5187e-01
t=0.1040, max|U|=9.5067e-01, max|V|=9.5132e-01
t=0.1050, max|U|=9.5010e-01, max|V|=9.5076e-01
t=0.1060, max|U|=9.4976e-01, max|V|=9.5020e-01
t=0.1070, max|U|=9.4958e-01, max|V|=9.4964e-01
t=0.1080, max|U|=9.4940e-01, max|V|=9.4907e-01
t=0.1090, max|U|=9.4921e-01, max|V|=9.4850e-01
t=0.1100, max|U|=9.4901e-01, max|V|=9.4793e-01
t=0.1110, max|U|=9.4881e-01, max|V|=9.4744e-01
t=0.1120, max|U|=9.4860e-01, max|V|=9.4744e-01
t=0.1130, max|U|=9.4839e-01, max|V|=9.4743e-01
t=0.1140, max|U|=9.4818e-01, max|V|=9.4741e-01
t=0.1150, max|U|=9.4796e-01, max|V|=9.4738e-01
t=0.1160, max|U|=9.4773e-01, max|V|=9.4735e-01
t=0.1170, max|U|=9.4750e-01, max|V|=9.4732e-01
t=0.1180, max|U|=9.4726e-01, max|V|=9.4728e-01
t=0.1190, max|U|=9.4702e-01, max|V|=9.4723e-01
t=0.1200, max|U|=9.4678e-01, max|V|=9.4718e-01
t=0.1210, max|U|=9.4653e-01, max|V|=9.4712e-01
t=0.1220, max|U|=9.4628e-01, max|V|=9.4705e-01
t=0.1230, max|U|=9.4602e-01, max|V|=9.4698e-01
t=0.1240, max|U|=9.4576e-01, max|V|=9.4691e-01
t=0.1250, max|U|=9.4549e-01, max|V|=9.4683e-01
t=0.1260, max|U|=9.4522e-01, max|V|=9.4674e-01
t=0.1270, max|U|=9.4494e-01, max|V|=9.4665e-01
t=0.1280, max|U|=9.4466e-01, max|V|=9.4655e-01
t=0.1290, max|U|=9.4438e-01, max|V|=9.4645e-01
t=0.1300, max|U|=9.4409e-01, max|V|=9.4634e-01
t=0.1310, max|U|=9.4380e-01, max|V|=9.4622e-01
t=0.1320, max|U|=9.4350e-01, max|V|=9.4611e-01
t=0.1330, max|U|=9.4320e-01, max|V|=9.4598e-01
t=0.1340, max|U|=9.4290e-01, max|V|=9.4585e-01
t=0.1350, max|U|=9.4259e-01, max|V|=9.4572e-01
t=0.1360, max|U|=9.4228e-01, max|V|=9.4558e-01
t=0.1370, max|U|=9.4196e-01, max|V|=9.4543e-01
t=0.1380, max|U|=9.4164e-01, max|V|=9.4528e-01
t=0.1390, max|U|=9.4131e-01, max|V|=9.4513e-01
t=0.1400, max|U|=9.4099e-01, max|V|=9.4497e-01
t=0.1410, max|U|=9.4066e-01, max|V|=9.4481e-01
t=0.1420, max|U|=9.4032e-01, max|V|=9.4464e-01
t=0.1430, max|U|=9.3998e-01, max|V|=9.4446e-01
t=0.1440, max|U|=9.3964e-01, max|V|=9.4428e-01
t=0.1450, max|U|=9.3929e-01, max|V|=9.4410e-01
t=0.1460, max|U|=9.3894e-01, max|V|=9.4391e-01
t=0.1470, max|U|=9.3859e-01, max|V|=9.4372e-01
t=0.1480, max|U|=9.3823e-01, max|V|=9.4352e-01
t=0.1490, max|U|=9.3787e-01, max|V|=9.4332e-01
t=0.1500, max|U|=9.3751e-01, max|V|=9.4311e-01
t=0.1510, max|U|=9.3714e-01, max|V|=9.4290e-01
t=0.1520, max|U|=9.3677e-01, max|V|=9.4269e-01
t=0.1530, max|U|=9.3640e-01, max|V|=9.4247e-01
t=0.1540, max|U|=9.3602e-01, max|V|=9.4224e-01
t=0.1550, max|U|=9.3564e-01, max|V|=9.4202e-01
t=0.1560, max|U|=9.3526e-01, max|V|=9.4178e-01
t=0.1570, max|U|=9.3487e-01, max|V|=9.4155e-01
t=0.1580, max|U|=9.3448e-01, max|V|=9.4130e-01
t=0.1590, max|U|=9.3409e-01, max|V|=9.4106e-01
t=0.1600, max|U|=9.3369e-01, max|V|=9.4081e-01
t=0.1610, max|U|=9.3329e-01, max|V|=9.4055e-01
t=0.1620, max|U|=9.3289e-01, max|V|=9.4030e-01
t=0.1630, max|U|=9.3249e-01, max|V|=9.4003e-01
t=0.1640, max|U|=9.3208e-01, max|V|=9.3977e-01
t=0.1650, max|U|=9.3167e-01, max|V|=9.3950e-01
t=0.1660, max|U|=9.3126e-01, max|V|=9.3922e-01
t=0.1670, max|U|=9.3084e-01, max|V|=9.3895e-01
t=0.1680, max|U|=9.3042e-01, max|V|=9.3866e-01
t=0.1690, max|U|=9.3000e-01, max|V|=9.3838e-01
t=0.1700, max|U|=9.2957e-01, max|V|=9.3809e-01
t=0.1710, max|U|=9.2914e-01, max|V|=9.3779e-01
t=0.1720, max|U|=9.2871e-01, max|V|=9.3750e-01
t=0.1730, max|U|=9.2828e-01, max|V|=9.3720e-01
t=0.1740, max|U|=9.2784e-01, max|V|=9.3689e-01
t=0.1750, max|U|=9.2741e-01, max|V|=9.3658e-01
t=0.1760, max|U|=9.2696e-01, max|V|=9.3627e-01
t=0.1770, max|U|=9.2652e-01, max|V|=9.3595e-01
t=0.1780, max|U|=9.2607e-01, max|V|=9.3563e-01
t=0.1790, max|U|=9.2563e-01, max|V|=9.3531e-01
t=0.1800, max|U|=9.2517e-01, max|V|=9.3498e-01
t=0.1810, max|U|=9.2472e-01, max|V|=9.3465e-01
t=0.1820, max|U|=9.2426e-01, max|V|=9.3432e-01
t=0.1830, max|U|=9.2381e-01, max|V|=9.3398e-01
t=0.1840, max|U|=9.2334e-01, max|V|=9.3364e-01
t=0.1850, max|U|=9.2288e-01, max|V|=9.3330e-01
t=0.1860, max|U|=9.2241e-01, max|V|=9.3295e-01
t=0.1870, max|U|=9.2195e-01, max|V|=9.3260e-01
t=0.1880, max|U|=9.2148e-01, max|V|=9.3224e-01
t=0.1890, max|U|=9.2100e-01, max|V|=9.3189e-01
t=0.1900, max|U|=9.2053e-01, max|V|=9.3153e-01
t=0.1910, max|U|=9.2005e-01, max|V|=9.3116e-01
t=0.1920, max|U|=9.1957e-01, max|V|=9.3079e-01
t=0.1930, max|U|=9.1909e-01, max|V|=9.3042e-01
t=0.1940, max|U|=9.1860e-01, max|V|=9.3005e-01
t=0.1950, max|U|=9.1812e-01, max|V|=9.2967e-01
t=0.1960, max|U|=9.1763e-01, max|V|=9.2929e-01
t=0.1970, max|U|=9.1714e-01, max|V|=9.2891e-01
t=0.1980, max|U|=9.1665e-01, max|V|=9.2852e-01
t=0.1990, max|U|=9.1615e-01, max|V|=9.2813e-01
t=0.2000, max|U|=9.1566e-01, max|V|=9.2774e-01
t=0.2010, max|U|=9.1516e-01, max|V|=9.2735e-01
t=0.2020, max|U|=9.1466e-01, max|V|=9.2695e-01
t=0.2030, max|U|=9.1416e-01, max|V|=9.2655e-01
t=0.2040, max|U|=9.1365e-01, max|V|=9.2614e-01
t=0.2050, max|U|=9.1314e-01, max|V|=9.2574e-01
t=0.2060, max|U|=9.1264e-01, max|V|=9.2533e-01
t=0.2070, max|U|=9.1213e-01, max|V|=9.2491e-01
t=0.2080, max|U|=9.1161e-01, max|V|=9.2450e-01
t=0.2090, max|U|=9.1110e-01, max|V|=9.2408e-01
t=0.2100, max|U|=9.1059e-01, max|V|=9.2366e-01
t=0.2110, max|U|=9.1145e-01, max|V|=9.2324e-01
t=0.2120, max|U|=9.1375e-01, max|V|=9.2281e-01
t=0.2130, max|U|=9.1604e-01, max|V|=9.2238e-01
t=0.2140, max|U|=9.1832e-01, max|V|=9.2195e-01
t=0.2150, max|U|=9.2059e-01, max|V|=9.2151e-01
t=0.2160, max|U|=9.2284e-01, max|V|=9.2141e-01
t=0.2170, max|U|=9.2509e-01, max|V|=9.2392e-01
t=0.2180, max|U|=9.2733e-01, max|V|=9.2641e-01
t=0.2190, max|U|=9.2956e-01, max|V|=9.2890e-01
t=0.2200, max|U|=9.3178e-01, max|V|=9.3138e-01
t=0.2210, max|U|=9.3399e-01, max|V|=9.3384e-01
t=0.2220, max|U|=9.3619e-01, max|V|=9.3630e-01
t=0.2230, max|U|=9.3837e-01, max|V|=9.3875e-01
t=0.2240, max|U|=9.4055e-01, max|V|=9.4119e-01
t=0.2250, max|U|=9.4272e-01, max|V|=9.4362e-01
t=0.2260, max|U|=9.4488e-01, max|V|=9.4604e-01
t=0.2270, max|U|=9.4703e-01, max|V|=9.4845e-01
t=0.2280, max|U|=9.4916e-01, max|V|=9.5085e-01
t=0.2290, max|U|=9.5129e-01, max|V|=9.5324e-01
t=0.2300, max|U|=9.5341e-01, max|V|=9.5562e-01
t=0.2310, max|U|=9.5552e-01, max|V|=9.5799e-01
t=0.2320, max|U|=9.5761e-01, max|V|=9.6035e-01
t=0.2330, max|U|=9.5970e-01, max|V|=9.6270e-01
t=0.2340, max|U|=9.6178e-01, max|V|=9.6504e-01
t=0.2350, max|U|=9.6385e-01, max|V|=9.6737e-01
t=0.2360, max|U|=9.6590e-01, max|V|=9.6969e-01
t=0.2370, max|U|=9.6795e-01, max|V|=9.7200e-01
t=0.2380, max|U|=9.6998e-01, max|V|=9.7430e-01
t=0.2390, max|U|=9.7201e-01, max|V|=9.7659e-01
t=0.2400, max|U|=9.7403e-01, max|V|=9.7887e-01
t=0.2410, max|U|=9.7603e-01, max|V|=9.8114e-01
t=0.2420, max|U|=9.7803e-01, max|V|=9.8340e-01
t=0.2430, max|U|=9.8001e-01, max|V|=9.8565e-01
t=0.2440, max|U|=9.8199e-01, max|V|=9.8788e-01
t=0.2450, max|U|=9.8395e-01, max|V|=9.9011e-01
t=0.2460, max|U|=9.8590e-01, max|V|=9.9233e-01
t=0.2470, max|U|=9.8785e-01, max|V|=9.9454e-01
t=0.2480, max|U|=9.8978e-01, max|V|=9.9674e-01
t=0.2490, max|U|=9.9171e-01, max|V|=9.9893e-01
t=0.2500, max|U|=9.9362e-01, max|V|=1.0011e+00
t=0.2510, max|U|=9.9552e-01, max|V|=1.0033e+00
t=0.2520, max|U|=9.9742e-01, max|V|=1.0054e+00
t=0.2530, max|U|=9.9930e-01, max|V|=1.0076e+00
t=0.2540, max|U|=1.0012e+00, max|V|=1.0097e+00
t=0.2550, max|U|=1.0030e+00, max|V|=1.0118e+00
t=0.2560, max|U|=1.0049e+00, max|V|=1.0140e+00
t=0.2570, max|U|=1.0067e+00, max|V|=1.0161e+00
t=0.2580, max|U|=1.0086e+00, max|V|=1.0182e+00
t=0.2590, max|U|=1.0104e+00, max|V|=1.0202e+00
t=0.2600, max|U|=1.0122e+00, max|V|=1.0223e+00
t=0.2610, max|U|=1.0140e+00, max|V|=1.0244e+00
t=0.2620, max|U|=1.0158e+00, max|V|=1.0264e+00
t=0.2630, max|U|=1.0176e+00, max|V|=1.0285e+00
t=0.2640, max|U|=1.0193e+00, max|V|=1.0305e+00
t=0.2650, max|U|=1.0211e+00, max|V|=1.0325e+00
t=0.2660, max|U|=1.0229e+00, max|V|=1.0345e+00
t=0.2670, max|U|=1.0246e+00, max|V|=1.0366e+00
t=0.2680, max|U|=1.0263e+00, max|V|=1.0385e+00
t=0.2690, max|U|=1.0280e+00, max|V|=1.0405e+00
t=0.2700, max|U|=1.0298e+00, max|V|=1.0425e+00
t=0.2710, max|U|=1.0315e+00, max|V|=1.0445e+00
t=0.2720, max|U|=1.0332e+00, max|V|=1.0464e+00
t=0.2730, max|U|=1.0348e+00, max|V|=1.0483e+00
t=0.2740, max|U|=1.0365e+00, max|V|=1.0503e+00
t=0.2750, max|U|=1.0382e+00, max|V|=1.0522e+00
t=0.2760, max|U|=1.0398e+00, max|V|=1.0541e+00
t=0.2770, max|U|=1.0415e+00, max|V|=1.0560e+00
t=0.2780, max|U|=1.0431e+00, max|V|=1.0579e+00
t=0.2790, max|U|=1.0447e+00, max|V|=1.0598e+00
t=0.2800, max|U|=1.0463e+00, max|V|=1.0616e+00
t=0.2810, max|U|=1.0479e+00, max|V|=1.0635e+00
t=0.2820, max|U|=1.0495e+00, max|V|=1.0654e+00
t=0.2830, max|U|=1.0511e+00, max|V|=1.0672e+00
t=0.2840, max|U|=1.0527e+00, max|V|=1.0690e+00
t=0.2850, max|U|=1.0542e+00, max|V|=1.0708e+00
t=0.2860, max|U|=1.0558e+00, max|V|=1.0726e+00
t=0.2870, max|U|=1.0573e+00, max|V|=1.0744e+00
t=0.2880, max|U|=1.0589e+00, max|V|=1.0762e+00
t=0.2890, max|U|=1.0604e+00, max|V|=1.0780e+00
t=0.2900, max|U|=1.0619e+00, max|V|=1.0798e+00
t=0.2910, max|U|=1.0634e+00, max|V|=1.0815e+00
t=0.2920, max|U|=1.0649e+00, max|V|=1.0833e+00
t=0.2930, max|U|=1.0664e+00, max|V|=1.0850e+00
t=0.2940, max|U|=1.0679e+00, max|V|=1.0867e+00
t=0.2950, max|U|=1.0694e+00, max|V|=1.0885e+00
t=0.2960, max|U|=1.0708e+00, max|V|=1.0902e+00
t=0.2970, max|U|=1.0723e+00, max|V|=1.0919e+00
t=0.2980, max|U|=1.0737e+00, max|V|=1.0935e+00
t=0.2990, max|U|=1.0751e+00, max|V|=1.0952e+00
t=0.3000, max|U|=1.0766e+00, max|V|=1.0969e+00
t=0.3010, max|U|=1.0780e+00, max|V|=1.0985e+00
t=0.3020, max|U|=1.0794e+00, max|V|=1.1002e+00
t=0.3030, max|U|=1.0808e+00, max|V|=1.1018e+00
t=0.3040, max|U|=1.0822e+00, max|V|=1.1035e+00
t=0.3050, max|U|=1.0835e+00, max|V|=1.1051e+00
t=0.3060, max|U|=1.0849e+00, max|V|=1.1067e+00
t=0.3070, max|U|=1.0863e+00, max|V|=1.1083e+00
t=0.3080, max|U|=1.0876e+00, max|V|=1.1099e+00
t=0.3090, max|U|=1.0890e+00, max|V|=1.1114e+00
t=0.3100, max|U|=1.0903e+00, max|V|=1.1130e+00
t=0.3110, max|U|=1.0916e+00, max|V|=1.1146e+00
t=0.3120, max|U|=1.0929e+00, max|V|=1.1161e+00
t=0.3130, max|U|=1.0942e+00, max|V|=1.1177e+00
t=0.3140, max|U|=1.0955e+00, max|V|=1.1192e+00
t=0.3150, max|U|=1.0968e+00, max|V|=1.1207e+00
t=0.3160, max|U|=1.0981e+00, max|V|=1.1222e+00
t=0.3170, max|U|=1.0994e+00, max|V|=1.1237e+00
t=0.3180, max|U|=1.1006e+00, max|V|=1.1252e+00
t=0.3190, max|U|=1.1019e+00, max|V|=1.1267e+00
t=0.3200, max|U|=1.1031e+00, max|V|=1.1282e+00
t=0.3210, max|U|=1.1043e+00, max|V|=1.1296e+00
t=0.3220, max|U|=1.1056e+00, max|V|=1.1311e+00
t=0.3230, max|U|=1.1068e+00, max|V|=1.1325e+00
t=0.3240, max|U|=1.1080e+00, max|V|=1.1340e+00
t=0.3250, max|U|=1.1092e+00, max|V|=1.1354e+00
t=0.3260, max|U|=1.1104e+00, max|V|=1.1368e+00
t=0.3270, max|U|=1.1116e+00, max|V|=1.1382e+00
t=0.3280, max|U|=1.1128e+00, max|V|=1.1396e+00
t=0.3290, max|U|=1.1139e+00, max|V|=1.1410e+00
t=0.3300, max|U|=1.1151e+00, max|V|=1.1424e+00
t=0.3310, max|U|=1.1162e+00, max|V|=1.1438e+00
t=0.3320, max|U|=1.1174e+00, max|V|=1.1451e+00
t=0.3330, max|U|=1.1185e+00, max|V|=1.1465e+00
t=0.3340, max|U|=1.1196e+00, max|V|=1.1478e+00
t=0.3350, max|U|=1.1207e+00, max|V|=1.1492e+00
t=0.3360, max|U|=1.1219e+00, max|V|=1.1505e+00
t=0.3370, max|U|=1.1230e+00, max|V|=1.1518e+00
t=0.3380, max|U|=1.1241e+00, max|V|=1.1531e+00
t=0.3390, max|U|=1.1251e+00, max|V|=1.1544e+00
t=0.3400, max|U|=1.1262e+00, max|V|=1.1557e+00
t=0.3410, max|U|=1.1273e+00, max|V|=1.1570e+00
t=0.3420, max|U|=1.1283e+00, max|V|=1.1583e+00
t=0.3430, max|U|=1.1294e+00, max|V|=1.1595e+00
t=0.3440, max|U|=1.1304e+00, max|V|=1.1608e+00
t=0.3450, max|U|=1.1315e+00, max|V|=1.1620e+00
t=0.3460, max|U|=1.1325e+00, max|V|=1.1633e+00
t=0.3470, max|U|=1.1335e+00, max|V|=1.1645e+00
t=0.3480, max|U|=1.1346e+00, max|V|=1.1657e+00
t=0.3490, max|U|=1.1356e+00, max|V|=1.1669e+00
t=0.3500, max|U|=1.1366e+00, max|V|=1.1682e+00
t=0.3510, max|U|=1.1376e+00, max|V|=1.1694e+00
t=0.3520, max|U|=1.1385e+00, max|V|=1.1705e+00
t=0.3530, max|U|=1.1395e+00, max|V|=1.1717e+00
t=0.3540, max|U|=1.1405e+00, max|V|=1.1729e+00
t=0.3550, max|U|=1.1414e+00, max|V|=1.1741e+00
t=0.3560, max|U|=1.1424e+00, max|V|=1.1752e+00
t=0.3570, max|U|=1.1433e+00, max|V|=1.1764e+00
t=0.3580, max|U|=1.1443e+00, max|V|=1.1775e+00
t=0.3590, max|U|=1.1452e+00, max|V|=1.1786e+00
t=0.3600, max|U|=1.1461e+00, max|V|=1.1798e+00
t=0.3610, max|U|=1.1471e+00, max|V|=1.1809e+00
t=0.3620, max|U|=1.1480e+00, max|V|=1.1820e+00
t=0.3630, max|U|=1.1489e+00, max|V|=1.1831e+00
t=0.3640, max|U|=1.1498e+00, max|V|=1.1842e+00
t=0.3650, max|U|=1.1507e+00, max|V|=1.1852e+00
t=0.3660, max|U|=1.1515e+00, max|V|=1.1863e+00
t=0.3670, max|U|=1.1524e+00, max|V|=1.1874e+00
t=0.3680, max|U|=1.1533e+00, max|V|=1.1884e+00
t=0.3690, max|U|=1.1541e+00, max|V|=1.1895e+00
t=0.3700, max|U|=1.1550e+00, max|V|=1.1905e+00
t=0.3710, max|U|=1.1558e+00, max|V|=1.1916e+00
t=0.3720, max|U|=1.1567e+00, max|V|=1.1926e+00
t=0.3730, max|U|=1.1575e+00, max|V|=1.1936e+00
t=0.3740, max|U|=1.1583e+00, max|V|=1.1946e+00
t=0.3750, max|U|=1.1592e+00, max|V|=1.1956e+00
t=0.3760, max|U|=1.1600e+00, max|V|=1.1966e+00
t=0.3770, max|U|=1.1608e+00, max|V|=1.1976e+00
t=0.3780, max|U|=1.1616e+00, max|V|=1.1986e+00
t=0.3790, max|U|=1.1624e+00, max|V|=1.1996e+00
t=0.3800, max|U|=1.1632e+00, max|V|=1.2006e+00
t=0.3810, max|U|=1.1639e+00, max|V|=1.2015e+00
t=0.3820, max|U|=1.1647e+00, max|V|=1.2025e+00
t=0.3830, max|U|=1.1655e+00, max|V|=1.2034e+00
t=0.3840, max|U|=1.1662e+00, max|V|=1.2043e+00
t=0.3850, max|U|=1.1670e+00, max|V|=1.2053e+00
t=0.3860, max|U|=1.1677e+00, max|V|=1.2062e+00
t=0.3870, max|U|=1.1685e+00, max|V|=1.2071e+00
t=0.3880, max|U|=1.1692e+00, max|V|=1.2080e+00
t=0.3890, max|U|=1.1700e+00, max|V|=1.2089e+00
t=0.3900, max|U|=1.1707e+00, max|V|=1.2098e+00
t=0.3910, max|U|=1.1714e+00, max|V|=1.2107e+00
t=0.3920, max|U|=1.1721e+00, max|V|=1.2116e+00
t=0.3930, max|U|=1.1728e+00, max|V|=1.2125e+00
t=0.3940, max|U|=1.1735e+00, max|V|=1.2133e+00
t=0.3950, max|U|=1.1742e+00, max|V|=1.2142e+00
t=0.3960, max|U|=1.1749e+00, max|V|=1.2151e+00
t=0.3970, max|U|=1.1756e+00, max|V|=1.2159e+00
t=0.3980, max|U|=1.1762e+00, max|V|=1.2167e+00
t=0.3990, max|U|=1.1769e+00, max|V|=1.2176e+00
t=0.4000, max|U|=1.1776e+00, max|V|=1.2184e+00
t=0.4010, max|U|=1.1782e+00, max|V|=1.2192e+00
t=0.4020, max|U|=1.1789e+00, max|V|=1.2200e+00
t=0.4030, max|U|=1.1795e+00, max|V|=1.2208e+00
t=0.4040, max|U|=1.1801e+00, max|V|=1.2216e+00
t=0.4050, max|U|=1.1808e+00, max|V|=1.2224e+00
t=0.4060, max|U|=1.1814e+00, max|V|=1.2232e+00
t=0.4070, max|U|=1.1820e+00, max|V|=1.2240e+00
t=0.4080, max|U|=1.1826e+00, max|V|=1.2248e+00
t=0.4090, max|U|=1.1832e+00, max|V|=1.2255e+00
t=0.4100, max|U|=1.1838e+00, max|V|=1.2263e+00
t=0.4110, max|U|=1.1844e+00, max|V|=1.2270e+00
t=0.4120, max|U|=1.1850e+00, max|V|=1.2278e+00
t=0.4130, max|U|=1.1856e+00, max|V|=1.2285e+00
t=0.4140, max|U|=1.1862e+00, max|V|=1.2293e+00
t=0.4150, max|U|=1.1868e+00, max|V|=1.2300e+00
t=0.4160, max|U|=1.1874e+00, max|V|=1.2307e+00
t=0.4170, max|U|=1.1879e+00, max|V|=1.2314e+00
t=0.4180, max|U|=1.1885e+00, max|V|=1.2321e+00
t=0.4190, max|U|=1.1890e+00, max|V|=1.2329e+00
t=0.4200, max|U|=1.1896e+00, max|V|=1.2335e+00
t=0.4210, max|U|=1.1901e+00, max|V|=1.2342e+00
t=0.4220, max|U|=1.1907e+00, max|V|=1.2349e+00
t=0.4230, max|U|=1.1912e+00, max|V|=1.2356e+00
t=0.4240, max|U|=1.1917e+00, max|V|=1.2363e+00
t=0.4250, max|U|=1.1922e+00, max|V|=1.2369e+00
t=0.4260, max|U|=1.1928e+00, max|V|=1.2376e+00
t=0.4270, max|U|=1.1933e+00, max|V|=1.2383e+00
t=0.4280, max|U|=1.1938e+00, max|V|=1.2389e+00
t=0.4290, max|U|=1.1943e+00, max|V|=1.2396e+00
t=0.4300, max|U|=1.1948e+00, max|V|=1.2402e+00
t=0.4310, max|U|=1.1953e+00, max|V|=1.2408e+00
t=0.4320, max|U|=1.1958e+00, max|V|=1.2415e+00
t=0.4330, max|U|=1.1962e+00, max|V|=1.2421e+00
t=0.4340, max|U|=1.1967e+00, max|V|=1.2427e+00
t=0.4350, max|U|=1.1972e+00, max|V|=1.2433e+00
t=0.4360, max|U|=1.1977e+00, max|V|=1.2439e+00
t=0.4370, max|U|=1.1981e+00, max|V|=1.2445e+00
t=0.4380, max|U|=1.1986e+00, max|V|=1.2451e+00
t=0.4390, max|U|=1.1990e+00, max|V|=1.2457e+00
t=0.4400, max|U|=1.1995e+00, max|V|=1.2463e+00
t=0.4410, max|U|=1.1999e+00, max|V|=1.2468e+00
t=0.4420, max|U|=1.2004e+00, max|V|=1.2474e+00
t=0.4430, max|U|=1.2008e+00, max|V|=1.2480e+00
t=0.4440, max|U|=1.2012e+00, max|V|=1.2485e+00
t=0.4450, max|U|=1.2016e+00, max|V|=1.2491e+00
t=0.4460, max|U|=1.2021e+00, max|V|=1.2496e+00
t=0.4470, max|U|=1.2025e+00, max|V|=1.2502e+00
t=0.4480, max|U|=1.2029e+00, max|V|=1.2507e+00
t=0.4490, max|U|=1.2033e+00, max|V|=1.2513e+00
t=0.4500, max|U|=1.2037e+00, max|V|=1.2518e+00
t=0.4510, max|U|=1.2041e+00, max|V|=1.2523e+00
t=0.4520, max|U|=1.2045e+00, max|V|=1.2528e+00
t=0.4530, max|U|=1.2049e+00, max|V|=1.2533e+00
t=0.4540, max|U|=1.2052e+00, max|V|=1.2539e+00
t=0.4550, max|U|=1.2056e+00, max|V|=1.2544e+00
t=0.4560, max|U|=1.2060e+00, max|V|=1.2549e+00
t=0.4570, max|U|=1.2064e+00, max|V|=1.2553e+00
t=0.4580, max|U|=1.2067e+00, max|V|=1.2558e+00
t=0.4590, max|U|=1.2071e+00, max|V|=1.2563e+00
t=0.4600, max|U|=1.2075e+00, max|V|=1.2568e+00
t=0.4610, max|U|=1.2078e+00, max|V|=1.2573e+00
t=0.4620, max|U|=1.2082e+00, max|V|=1.2577e+00
t=0.4630, max|U|=1.2085e+00, max|V|=1.2582e+00
t=0.4640, max|U|=1.2088e+00, max|V|=1.2587e+00
t=0.4650, max|U|=1.2092e+00, max|V|=1.2591e+00
t=0.4660, max|U|=1.2095e+00, max|V|=1.2596e+00
t=0.4670, max|U|=1.2098e+00, max|V|=1.2600e+00
t=0.4680, max|U|=1.2102e+00, max|V|=1.2604e+00
t=0.4690, max|U|=1.2105e+00, max|V|=1.2609e+00
t=0.4700, max|U|=1.2108e+00, max|V|=1.2613e+00
t=0.4710, max|U|=1.2111e+00, max|V|=1.2617e+00
t=0.4720, max|U|=1.2114e+00, max|V|=1.2622e+00
t=0.4730, max|U|=1.2117e+00, max|V|=1.2626e+00
t=0.4740, max|U|=1.2120e+00, max|V|=1.2630e+00
t=0.4750, max|U|=1.2123e+00, max|V|=1.2634e+00
t=0.4760, max|U|=1.2126e+00, max|V|=1.2638e+00
t=0.4770, max|U|=1.2129e+00, max|V|=1.2642e+00
t=0.4780, max|U|=1.2132e+00, max|V|=1.2646e+00
t=0.4790, max|U|=1.2135e+00, max|V|=1.2650e+00
t=0.4800, max|U|=1.2137e+00, max|V|=1.2654e+00
t=0.4810, max|U|=1.2140e+00, max|V|=1.2657e+00
t=0.4820, max|U|=1.2143e+00, max|V|=1.2661e+00
t=0.4830, max|U|=1.2145e+00, max|V|=1.2665e+00
t=0.4840, max|U|=1.2148e+00, max|V|=1.2668e+00
t=0.4850, max|U|=1.2151e+00, max|V|=1.2672e+00
t=0.4860, max|U|=1.2153e+00, max|V|=1.2676e+00
t=0.4870, max|U|=1.2156e+00, max|V|=1.2679e+00
t=0.4880, max|U|=1.2158e+00, max|V|=1.2683e+00
t=0.4890, max|U|=1.2161e+00, max|V|=1.2686e+00
t=0.4900, max|U|=1.2163e+00, max|V|=1.2690e+00
t=0.4910, max|U|=1.2165e+00, max|V|=1.2693e+00
t=0.4920, max|U|=1.2168e+00, max|V|=1.2696e+00
t=0.4930, max|U|=1.2170e+00, max|V|=1.2699e+00
t=0.4940, max|U|=1.2172e+00, max|V|=1.2703e+00
t=0.4950, max|U|=1.2174e+00, max|V|=1.2706e+00
t=0.4960, max|U|=1.2177e+00, max|V|=1.2709e+00
t=0.4970, max|U|=1.2179e+00, max|V|=1.2712e+00
t=0.4980, max|U|=1.2181e+00, max|V|=1.2715e+00
t=0.4990, max|U|=1.2183e+00, max|V|=1.2718e+00
t=0.5000, max|U|=1.2185e+00, max|V|=1.2721e+00
t=0.5010, max|U|=1.2187e+00, max|V|=1.2724e+00
t=0.5020, max|U|=1.2189e+00, max|V|=1.2727e+00
t=0.5030, max|U|=1.2191e+00, max|V|=1.2730e+00
t=0.5040, max|U|=1.2193e+00, max|V|=1.2733e+00
t=0.5050, max|U|=1.2195e+00, max|V|=1.2736e+00
t=0.5060, max|U|=1.2197e+00, max|V|=1.2738e+00
t=0.5070, max|U|=1.2198e+00, max|V|=1.2741e+00
t=0.5080, max|U|=1.2200e+00, max|V|=1.2744e+00
t=0.5090, max|U|=1.2202e+00, max|V|=1.2746e+00
t=0.5100, max|U|=1.2204e+00, max|V|=1.2749e+00
t=0.5110, max|U|=1.2205e+00, max|V|=1.2752e+00
t=0.5120, max|U|=1.2207e+00, max|V|=1.2754e+00
t=0.5130, max|U|=1.2209e+00, max|V|=1.2757e+00
t=0.5140, max|U|=1.2210e+00, max|V|=1.2759e+00
t=0.5150, max|U|=1.2212e+00, max|V|=1.2762e+00
t=0.5160, max|U|=1.2213e+00, max|V|=1.2764e+00
t=0.5170, max|U|=1.2215e+00, max|V|=1.2766e+00
t=0.5180, max|U|=1.2216e+00, max|V|=1.2769e+00
t=0.5190, max|U|=1.2218e+00, max|V|=1.2771e+00
t=0.5200, max|U|=1.2219e+00, max|V|=1.2773e+00
t=0.5210, max|U|=1.2221e+00, max|V|=1.2775e+00
t=0.5220, max|U|=1.2222e+00, max|V|=1.2777e+00
t=0.5230, max|U|=1.2223e+00, max|V|=1.2780e+00
t=0.5240, max|U|=1.2224e+00, max|V|=1.2782e+00
t=0.5250, max|U|=1.2226e+00, max|V|=1.2784e+00
t=0.5260, max|U|=1.2227e+00, max|V|=1.2786e+00
t=0.5270, max|U|=1.2228e+00, max|V|=1.2788e+00
t=0.5280, max|U|=1.2229e+00, max|V|=1.2790e+00
t=0.5290, max|U|=1.2230e+00, max|V|=1.2792e+00
t=0.5300, max|U|=1.2232e+00, max|V|=1.2793e+00
t=0.5310, max|U|=1.2233e+00, max|V|=1.2795e+00
t=0.5320, max|U|=1.2234e+00, max|V|=1.2797e+00
t=0.5330, max|U|=1.2235e+00, max|V|=1.2799e+00
t=0.5340, max|U|=1.2236e+00, max|V|=1.2801e+00
t=0.5350, max|U|=1.2237e+00, max|V|=1.2802e+00
t=0.5360, max|U|=1.2238e+00, max|V|=1.2804e+00
t=0.5370, max|U|=1.2239e+00, max|V|=1.2806e+00
t=0.5380, max|U|=1.2239e+00, max|V|=1.2807e+00
t=0.5390, max|U|=1.2240e+00, max|V|=1.2809e+00
t=0.5400, max|U|=1.2241e+00, max|V|=1.2810e+00
t=0.5410, max|U|=1.2242e+00, max|V|=1.2812e+00
t=0.5420, max|U|=1.2243e+00, max|V|=1.2813e+00
t=0.5430, max|U|=1.2243e+00, max|V|=1.2815e+00
t=0.5440, max|U|=1.2244e+00, max|V|=1.2816e+00
t=0.5450, max|U|=1.2245e+00, max|V|=1.2818e+00
t=0.5460, max|U|=1.2246e+00, max|V|=1.2819e+00
t=0.5470, max|U|=1.2246e+00, max|V|=1.2820e+00
t=0.5480, max|U|=1.2247e+00, max|V|=1.2822e+00
t=0.5490, max|U|=1.2247e+00, max|V|=1.2823e+00
t=0.5500, max|U|=1.2248e+00, max|V|=1.2824e+00
t=0.5510, max|U|=1.2249e+00, max|V|=1.2825e+00
t=0.5520, max|U|=1.2249e+00, max|V|=1.2826e+00
t=0.5530, max|U|=1.2250e+00, max|V|=1.2828e+00
t=0.5540, max|U|=1.2250e+00, max|V|=1.2829e+00
t=0.5550, max|U|=1.2250e+00, max|V|=1.2830e+00
t=0.5560, max|U|=1.2251e+00, max|V|=1.2831e+00
t=0.5570, max|U|=1.2251e+00, max|V|=1.2832e+00
t=0.5580, max|U|=1.2252e+00, max|V|=1.2833e+00
t=0.5590, max|U|=1.2252e+00, max|V|=1.2834e+00
t=0.5600, max|U|=1.2252e+00, max|V|=1.2835e+00
t=0.5610, max|U|=1.2253e+00, max|V|=1.2836e+00
t=0.5620, max|U|=1.2253e+00, max|V|=1.2836e+00
t=0.5630, max|U|=1.2253e+00, max|V|=1.2837e+00
t=0.5640, max|U|=1.2253e+00, max|V|=1.2838e+00
t=0.5650, max|U|=1.2254e+00, max|V|=1.2839e+00
t=0.5660, max|U|=1.2254e+00, max|V|=1.2840e+00
t=0.5670, max|U|=1.2254e+00, max|V|=1.2840e+00
t=0.5680, max|U|=1.2254e+00, max|V|=1.2841e+00
t=0.5690, max|U|=1.2254e+00, max|V|=1.2842e+00
t=0.5700, max|U|=1.2254e+00, max|V|=1.2842e+00
t=0.5710, max|U|=1.2254e+00, max|V|=1.2843e+00
t=0.5720, max|U|=1.2254e+00, max|V|=1.2843e+00
t=0.5730, max|U|=1.2254e+00, max|V|=1.2844e+00
t=0.5740, max|U|=1.2254e+00, max|V|=1.2845e+00
t=0.5750, max|U|=1.2254e+00, max|V|=1.2845e+00
t=0.5760, max|U|=1.2254e+00, max|V|=1.2845e+00
t=0.5770, max|U|=1.2254e+00, max|V|=1.2846e+00
t=0.5780, max|U|=1.2254e+00, max|V|=1.2846e+00
t=0.5790, max|U|=1.2254e+00, max|V|=1.2847e+00
t=0.5800, max|U|=1.2254e+00, max|V|=1.2847e+00
t=0.5810, max|U|=1.2254e+00, max|V|=1.2847e+00
t=0.5820, max|U|=1.2253e+00, max|V|=1.2848e+00
t=0.5830, max|U|=1.2253e+00, max|V|=1.2848e+00
t=0.5840, max|U|=1.2253e+00, max|V|=1.2848e+00
t=0.5850, max|U|=1.2253e+00, max|V|=1.2848e+00
t=0.5860, max|U|=1.2252e+00, max|V|=1.2849e+00
t=0.5870, max|U|=1.2252e+00, max|V|=1.2849e+00
t=0.5880, max|U|=1.2252e+00, max|V|=1.2849e+00
t=0.5890, max|U|=1.2252e+00, max|V|=1.2849e+00
t=0.5900, max|U|=1.2251e+00, max|V|=1.2849e+00
t=0.5910, max|U|=1.2251e+00, max|V|=1.2849e+00
t=0.5920, max|U|=1.2250e+00, max|V|=1.2849e+00
t=0.5930, max|U|=1.2250e+00, max|V|=1.2849e+00
t=0.5940, max|U|=1.2250e+00, max|V|=1.2849e+00
t=0.5950, max|U|=1.2249e+00, max|V|=1.2849e+00
t=0.5960, max|U|=1.2249e+00, max|V|=1.2849e+00
t=0.5970, max|U|=1.2248e+00, max|V|=1.2849e+00
t=0.5980, max|U|=1.2248e+00, max|V|=1.2849e+00
t=0.5990, max|U|=1.2247e+00, max|V|=1.2849e+00
t=0.6000, max|U|=1.2247e+00, max|V|=1.2849e+00
t=0.6010, max|U|=1.2246e+00, max|V|=1.2848e+00
t=0.6020, max|U|=1.2245e+00, max|V|=1.2848e+00
t=0.6030, max|U|=1.2245e+00, max|V|=1.2848e+00
t=0.6040, max|U|=1.2244e+00, max|V|=1.2848e+00
t=0.6050, max|U|=1.2243e+00, max|V|=1.2847e+00
t=0.6060, max|U|=1.2243e+00, max|V|=1.2847e+00
t=0.6070, max|U|=1.2242e+00, max|V|=1.2847e+00
t=0.6080, max|U|=1.2241e+00, max|V|=1.2846e+00
t=0.6090, max|U|=1.2241e+00, max|V|=1.2846e+00
t=0.6100, max|U|=1.2240e+00, max|V|=1.2846e+00
t=0.6110, max|U|=1.2239e+00, max|V|=1.2845e+00
t=0.6120, max|U|=1.2238e+00, max|V|=1.2845e+00
t=0.6130, max|U|=1.2238e+00, max|V|=1.2844e+00
t=0.6140, max|U|=1.2237e+00, max|V|=1.2844e+00
t=0.6150, max|U|=1.2236e+00, max|V|=1.2843e+00
t=0.6160, max|U|=1.2235e+00, max|V|=1.2843e+00
t=0.6170, max|U|=1.2234e+00, max|V|=1.2842e+00
t=0.6180, max|U|=1.2233e+00, max|V|=1.2842e+00
t=0.6190, max|U|=1.2232e+00, max|V|=1.2841e+00
t=0.6200, max|U|=1.2231e+00, max|V|=1.2840e+00
t=0.6210, max|U|=1.2231e+00, max|V|=1.2840e+00
t=0.6220, max|U|=1.2230e+00, max|V|=1.2839e+00
t=0.6230, max|U|=1.2229e+00, max|V|=1.2838e+00
t=0.6240, max|U|=1.2228e+00, max|V|=1.2838e+00
t=0.6250, max|U|=1.2227e+00, max|V|=1.2837e+00
t=0.6260, max|U|=1.2226e+00, max|V|=1.2836e+00
t=0.6270, max|U|=1.2225e+00, max|V|=1.2835e+00
t=0.6280, max|U|=1.2223e+00, max|V|=1.2834e+00
t=0.6290, max|U|=1.2222e+00, max|V|=1.2834e+00
t=0.6300, max|U|=1.2221e+00, max|V|=1.2833e+00
t=0.6310, max|U|=1.2220e+00, max|V|=1.2832e+00
t=0.6320, max|U|=1.2219e+00, max|V|=1.2831e+00
t=0.6330, max|U|=1.2218e+00, max|V|=1.2830e+00
t=0.6340, max|U|=1.2217e+00, max|V|=1.2829e+00
t=0.6350, max|U|=1.2216e+00, max|V|=1.2828e+00
t=0.6360, max|U|=1.2214e+00, max|V|=1.2827e+00
t=0.6370, max|U|=1.2213e+00, max|V|=1.2826e+00
t=0.6380, max|U|=1.2212e+00, max|V|=1.2825e+00
t=0.6390, max|U|=1.2211e+00, max|V|=1.2824e+00
t=0.6400, max|U|=1.2209e+00, max|V|=1.2823e+00
t=0.6410, max|U|=1.2208e+00, max|V|=1.2822e+00
t=0.6420, max|U|=1.2207e+00, max|V|=1.2821e+00
t=0.6430, max|U|=1.2205e+00, max|V|=1.2820e+00
t=0.6440, max|U|=1.2204e+00, max|V|=1.2818e+00
t=0.6450, max|U|=1.2203e+00, max|V|=1.2817e+00
t=0.6460, max|U|=1.2201e+00, max|V|=1.2816e+00
t=0.6470, max|U|=1.2200e+00, max|V|=1.2815e+00
t=0.6480, max|U|=1.2199e+00, max|V|=1.2814e+00
t=0.6490, max|U|=1.2197e+00, max|V|=1.2812e+00
t=0.6500, max|U|=1.2196e+00, max|V|=1.2811e+00
t=0.6510, max|U|=1.2194e+00, max|V|=1.2810e+00
t=0.6520, max|U|=1.2193e+00, max|V|=1.2808e+00
t=0.6530, max|U|=1.2192e+00, max|V|=1.2807e+00
t=0.6540, max|U|=1.2190e+00, max|V|=1.2806e+00
t=0.6550, max|U|=1.2189e+00, max|V|=1.2804e+00
t=0.6560, max|U|=1.2187e+00, max|V|=1.2803e+00
t=0.6570, max|U|=1.2186e+00, max|V|=1.2802e+00
t=0.6580, max|U|=1.2184e+00, max|V|=1.2800e+00
t=0.6590, max|U|=1.2182e+00, max|V|=1.2799e+00
t=0.6600, max|U|=1.2181e+00, max|V|=1.2797e+00
t=0.6610, max|U|=1.2179e+00, max|V|=1.2796e+00
t=0.6620, max|U|=1.2178e+00, max|V|=1.2794e+00
t=0.6630, max|U|=1.2176e+00, max|V|=1.2793e+00
t=0.6640, max|U|=1.2174e+00, max|V|=1.2791e+00
t=0.6650, max|U|=1.2173e+00, max|V|=1.2790e+00
t=0.6660, max|U|=1.2171e+00, max|V|=1.2788e+00
t=0.6670, max|U|=1.2169e+00, max|V|=1.2786e+00
t=0.6680, max|U|=1.2168e+00, max|V|=1.2785e+00
t=0.6690, max|U|=1.2166e+00, max|V|=1.2783e+00
t=0.6700, max|U|=1.2164e+00, max|V|=1.2781e+00
t=0.6710, max|U|=1.2163e+00, max|V|=1.2780e+00
t=0.6720, max|U|=1.2161e+00, max|V|=1.2778e+00
t=0.6730, max|U|=1.2159e+00, max|V|=1.2776e+00
t=0.6740, max|U|=1.2157e+00, max|V|=1.2775e+00
t=0.6750, max|U|=1.2156e+00, max|V|=1.2773e+00
t=0.6760, max|U|=1.2154e+00, max|V|=1.2771e+00
t=0.6770, max|U|=1.2152e+00, max|V|=1.2769e+00
t=0.6780, max|U|=1.2150e+00, max|V|=1.2767e+00
t=0.6790, max|U|=1.2148e+00, max|V|=1.2766e+00
t=0.6800, max|U|=1.2147e+00, max|V|=1.2764e+00
t=0.6810, max|U|=1.2145e+00, max|V|=1.2762e+00
t=0.6820, max|U|=1.2143e+00, max|V|=1.2760e+00
t=0.6830, max|U|=1.2141e+00, max|V|=1.2758e+00
t=0.6840, max|U|=1.2139e+00, max|V|=1.2756e+00
t=0.6850, max|U|=1.2137e+00, max|V|=1.2754e+00
t=0.6860, max|U|=1.2135e+00, max|V|=1.2752e+00
t=0.6870, max|U|=1.2133e+00, max|V|=1.2750e+00
t=0.6880, max|U|=1.2131e+00, max|V|=1.2748e+00
t=0.6890, max|U|=1.2129e+00, max|V|=1.2746e+00
t=0.6900, max|U|=1.2127e+00, max|V|=1.2744e+00
t=0.6910, max|U|=1.2125e+00, max|V|=1.2742e+00
t=0.6920, max|U|=1.2123e+00, max|V|=1.2740e+00
t=0.6930, max|U|=1.2121e+00, max|V|=1.2738e+00
t=0.6940, max|U|=1.2119e+00, max|V|=1.2736e+00
t=0.6950, max|U|=1.2117e+00, max|V|=1.2734e+00
t=0.6960, max|U|=1.2115e+00, max|V|=1.2732e+00
t=0.6970, max|U|=1.2113e+00, max|V|=1.2730e+00
t=0.6980, max|U|=1.2111e+00, max|V|=1.2728e+00
t=0.6990, max|U|=1.2109e+00, max|V|=1.2725e+00
t=0.7000, max|U|=1.2107e+00, max|V|=1.2723e+00
t=0.7010, max|U|=1.2105e+00, max|V|=1.2721e+00
t=0.7020, max|U|=1.2103e+00, max|V|=1.2719e+00
t=0.7030, max|U|=1.2101e+00, max|V|=1.2717e+00
t=0.7040, max|U|=1.2098e+00, max|V|=1.2714e+00
t=0.7050, max|U|=1.2096e+00, max|V|=1.2712e+00
t=0.7060, max|U|=1.2094e+00, max|V|=1.2710e+00
t=0.7070, max|U|=1.2092e+00, max|V|=1.2707e+00
t=0.7080, max|U|=1.2090e+00, max|V|=1.2705e+00
t=0.7090, max|U|=1.2088e+00, max|V|=1.2703e+00
t=0.7100, max|U|=1.2085e+00, max|V|=1.2700e+00
t=0.7110, max|U|=1.2083e+00, max|V|=1.2698e+00
t=0.7120, max|U|=1.2081e+00, max|V|=1.2696e+00
t=0.7130, max|U|=1.2079e+00, max|V|=1.2693e+00
t=0.7140, max|U|=1.2076e+00, max|V|=1.2691e+00
t=0.7150, max|U|=1.2074e+00, max|V|=1.2688e+00
t=0.7160, max|U|=1.2072e+00, max|V|=1.2686e+00
t=0.7170, max|U|=1.2070e+00, max|V|=1.2684e+00
t=0.7180, max|U|=1.2067e+00, max|V|=1.2681e+00
t=0.7190, max|U|=1.2065e+00, max|V|=1.2679e+00
t=0.7200, max|U|=1.2063e+00, max|V|=1.2676e+00
t=0.7210, max|U|=1.2060e+00, max|V|=1.2674e+00
t=0.7220, max|U|=1.2058e+00, max|V|=1.2671e+00
t=0.7230, max|U|=1.2056e+00, max|V|=1.2668e+00
t=0.7240, max|U|=1.2053e+00, max|V|=1.2666e+00
t=0.7250, max|U|=1.2051e+00, max|V|=1.2663e+00
t=0.7260, max|U|=1.2048e+00, max|V|=1.2661e+00
t=0.7270, max|U|=1.2046e+00, max|V|=1.2658e+00
t=0.7280, max|U|=1.2044e+00, max|V|=1.2656e+00
t=0.7290, max|U|=1.2041e+00, max|V|=1.2653e+00
t=0.7300, max|U|=1.2039e+00, max|V|=1.2650e+00
t=0.7310, max|U|=1.2036e+00, max|V|=1.2648e+00
t=0.7320, max|U|=1.2034e+00, max|V|=1.2645e+00
t=0.7330, max|U|=1.2031e+00, max|V|=1.2642e+00
t=0.7340, max|U|=1.2029e+00, max|V|=1.2639e+00
t=0.7350, max|U|=1.2026e+00, max|V|=1.2637e+00
t=0.7360, max|U|=1.2024e+00, max|V|=1.2634e+00
t=0.7370, max|U|=1.2021e+00, max|V|=1.2631e+00
t=0.7380, max|U|=1.2019e+00, max|V|=1.2628e+00
t=0.7390, max|U|=1.2016e+00, max|V|=1.2626e+00
t=0.7400, max|U|=1.2014e+00, max|V|=1.2623e+00
t=0.7410, max|U|=1.2011e+00, max|V|=1.2620e+00
t=0.7420, max|U|=1.2009e+00, max|V|=1.2617e+00
t=0.7430, max|U|=1.2006e+00, max|V|=1.2614e+00
t=0.7440, max|U|=1.2004e+00, max|V|=1.2612e+00
t=0.7450, max|U|=1.2001e+00, max|V|=1.2609e+00
t=0.7460, max|U|=1.1998e+00, max|V|=1.2606e+00
t=0.7470, max|U|=1.1996e+00, max|V|=1.2603e+00
t=0.7480, max|U|=1.1993e+00, max|V|=1.2600e+00
t=0.7490, max|U|=1.1990e+00, max|V|=1.2597e+00
t=0.7500, max|U|=1.1988e+00, max|V|=1.2594e+00
t=0.7510, max|U|=1.1985e+00, max|V|=1.2591e+00
t=0.7520, max|U|=1.1983e+00, max|V|=1.2588e+00
t=0.7530, max|U|=1.1980e+00, max|V|=1.2585e+00
t=0.7540, max|U|=1.1977e+00, max|V|=1.2582e+00
t=0.7550, max|U|=1.1975e+00, max|V|=1.2579e+00
t=0.7560, max|U|=1.1972e+00, max|V|=1.2576e+00
t=0.7570, max|U|=1.1969e+00, max|V|=1.2573e+00
t=0.7580, max|U|=1.1966e+00, max|V|=1.2570e+00
t=0.7590, max|U|=1.1964e+00, max|V|=1.2567e+00
t=0.7600, max|U|=1.1961e+00, max|V|=1.2564e+00
t=0.7610, max|U|=1.1958e+00, max|V|=1.2561e+00
t=0.7620, max|U|=1.1955e+00, max|V|=1.2558e+00
t=0.7630, max|U|=1.1953e+00, max|V|=1.2555e+00
t=0.7640, max|U|=1.1950e+00, max|V|=1.2552e+00
t=0.7650, max|U|=1.1947e+00, max|V|=1.2548e+00
t=0.7660, max|U|=1.1944e+00, max|V|=1.2545e+00
t=0.7670, max|U|=1.1942e+00, max|V|=1.2542e+00
t=0.7680, max|U|=1.1939e+00, max|V|=1.2539e+00
t=0.7690, max|U|=1.1936e+00, max|V|=1.2536e+00
t=0.7700, max|U|=1.1933e+00, max|V|=1.2533e+00
t=0.7710, max|U|=1.1930e+00, max|V|=1.2529e+00
t=0.7720, max|U|=1.1927e+00, max|V|=1.2526e+00
t=0.7730, max|U|=1.1925e+00, max|V|=1.2523e+00
t=0.7740, max|U|=1.1922e+00, max|V|=1.2520e+00
t=0.7750, max|U|=1.1919e+00, max|V|=1.2516e+00
t=0.7760, max|U|=1.1916e+00, max|V|=1.2513e+00
t=0.7770, max|U|=1.1913e+00, max|V|=1.2510e+00
t=0.7780, max|U|=1.1910e+00, max|V|=1.2507e+00
t=0.7790, max|U|=1.1907e+00, max|V|=1.2503e+00
t=0.7800, max|U|=1.1904e+00, max|V|=1.2500e+00
t=0.7810, max|U|=1.1902e+00, max|V|=1.2497e+00
t=0.7820, max|U|=1.1899e+00, max|V|=1.2493e+00
t=0.7830, max|U|=1.1896e+00, max|V|=1.2490e+00
t=0.7840, max|U|=1.1893e+00, max|V|=1.2487e+00
t=0.7850, max|U|=1.1890e+00, max|V|=1.2483e+00
t=0.7860, max|U|=1.1887e+00, max|V|=1.2480e+00
t=0.7870, max|U|=1.1884e+00, max|V|=1.2476e+00
t=0.7880, max|U|=1.1881e+00, max|V|=1.2473e+00
t=0.7890, max|U|=1.1878e+00, max|V|=1.2469e+00
t=0.7900, max|U|=1.1875e+00, max|V|=1.2466e+00
t=0.7910, max|U|=1.1872e+00, max|V|=1.2463e+00
t=0.7920, max|U|=1.1869e+00, max|V|=1.2459e+00
t=0.7930, max|U|=1.1866e+00, max|V|=1.2456e+00
t=0.7940, max|U|=1.1863e+00, max|V|=1.2452e+00
t=0.7950, max|U|=1.1860e+00, max|V|=1.2449e+00
t=0.7960, max|U|=1.1857e+00, max|V|=1.2445e+00
t=0.7970, max|U|=1.1854e+00, max|V|=1.2442e+00
t=0.7980, max|U|=1.1851e+00, max|V|=1.2438e+00
t=0.7990, max|U|=1.1848e+00, max|V|=1.2435e+00
t=0.8000, max|U|=1.1845e+00, max|V|=1.2431e+00
t=0.8010, max|U|=1.1841e+00, max|V|=1.2427e+00
t=0.8020, max|U|=1.1838e+00, max|V|=1.2424e+00
t=0.8030, max|U|=1.1835e+00, max|V|=1.2420e+00
t=0.8040, max|U|=1.1832e+00, max|V|=1.2417e+00
t=0.8050, max|U|=1.1829e+00, max|V|=1.2413e+00
t=0.8060, max|U|=1.1826e+00, max|V|=1.2409e+00
t=0.8070, max|U|=1.1823e+00, max|V|=1.2406e+00
t=0.8080, max|U|=1.1820e+00, max|V|=1.2402e+00
t=0.8090, max|U|=1.1817e+00, max|V|=1.2399e+00
t=0.8100, max|U|=1.1813e+00, max|V|=1.2395e+00
t=0.8110, max|U|=1.1810e+00, max|V|=1.2391e+00
t=0.8120, max|U|=1.1807e+00, max|V|=1.2388e+00
t=0.8130, max|U|=1.1804e+00, max|V|=1.2384e+00
t=0.8140, max|U|=1.1801e+00, max|V|=1.2380e+00
t=0.8150, max|U|=1.1798e+00, max|V|=1.2376e+00
t=0.8160, max|U|=1.1794e+00, max|V|=1.2373e+00
t=0.8170, max|U|=1.1791e+00, max|V|=1.2369e+00
t=0.8180, max|U|=1.1788e+00, max|V|=1.2365e+00
t=0.8190, max|U|=1.1785e+00, max|V|=1.2361e+00
t=0.8200, max|U|=1.1782e+00, max|V|=1.2358e+00
t=0.8210, max|U|=1.1778e+00, max|V|=1.2354e+00
t=0.8220, max|U|=1.1775e+00, max|V|=1.2350e+00
t=0.8230, max|U|=1.1772e+00, max|V|=1.2346e+00
t=0.8240, max|U|=1.1769e+00, max|V|=1.2342e+00
t=0.8250, max|U|=1.1765e+00, max|V|=1.2339e+00
t=0.8260, max|U|=1.1762e+00, max|V|=1.2335e+00
t=0.8270, max|U|=1.1759e+00, max|V|=1.2331e+00
t=0.8280, max|U|=1.1756e+00, max|V|=1.2327e+00
t=0.8290, max|U|=1.1752e+00, max|V|=1.2323e+00
t=0.8300, max|U|=1.1749e+00, max|V|=1.2319e+00
t=0.8310, max|U|=1.1746e+00, max|V|=1.2316e+00
t=0.8320, max|U|=1.1742e+00, max|V|=1.2312e+00
t=0.8330, max|U|=1.1739e+00, max|V|=1.2308e+00
t=0.8340, max|U|=1.1736e+00, max|V|=1.2304e+00
t=0.8350, max|U|=1.1732e+00, max|V|=1.2300e+00
t=0.8360, max|U|=1.1729e+00, max|V|=1.2296e+00
t=0.8370, max|U|=1.1726e+00, max|V|=1.2292e+00
t=0.8380, max|U|=1.1722e+00, max|V|=1.2288e+00
t=0.8390, max|U|=1.1719e+00, max|V|=1.2284e+00
t=0.8400, max|U|=1.1716e+00, max|V|=1.2280e+00
t=0.8410, max|U|=1.1712e+00, max|V|=1.2276e+00
t=0.8420, max|U|=1.1709e+00, max|V|=1.2272e+00
t=0.8430, max|U|=1.1706e+00, max|V|=1.2268e+00
t=0.8440, max|U|=1.1702e+00, max|V|=1.2264e+00
t=0.8450, max|U|=1.1699e+00, max|V|=1.2260e+00
t=0.8460, max|U|=1.1695e+00, max|V|=1.2256e+00
t=0.8470, max|U|=1.1692e+00, max|V|=1.2252e+00
t=0.8480, max|U|=1.1689e+00, max|V|=1.2248e+00
t=0.8490, max|U|=1.1685e+00, max|V|=1.2244e+00
t=0.8500, max|U|=1.1682e+00, max|V|=1.2240e+00
t=0.8510, max|U|=1.1678e+00, max|V|=1.2236e+00
t=0.8520, max|U|=1.1675e+00, max|V|=1.2232e+00
t=0.8530, max|U|=1.1671e+00, max|V|=1.2228e+00
t=0.8540, max|U|=1.1668e+00, max|V|=1.2224e+00
t=0.8550, max|U|=1.1665e+00, max|V|=1.2220e+00
t=0.8560, max|U|=1.1661e+00, max|V|=1.2216e+00
t=0.8570, max|U|=1.1658e+00, max|V|=1.2212e+00
t=0.8580, max|U|=1.1654e+00, max|V|=1.2207e+00
t=0.8590, max|U|=1.1651e+00, max|V|=1.2203e+00
t=0.8600, max|U|=1.1647e+00, max|V|=1.2199e+00
t=0.8610, max|U|=1.1644e+00, max|V|=1.2195e+00
t=0.8620, max|U|=1.1640e+00, max|V|=1.2191e+00
t=0.8630, max|U|=1.1637e+00, max|V|=1.2187e+00
t=0.8640, max|U|=1.1633e+00, max|V|=1.2182e+00
t=0.8650, max|U|=1.1630e+00, max|V|=1.2178e+00
t=0.8660, max|U|=1.1626e+00, max|V|=1.2174e+00
t=0.8670, max|U|=1.1623e+00, max|V|=1.2170e+00
t=0.8680, max|U|=1.1619e+00, max|V|=1.2166e+00
t=0.8690, max|U|=1.1616e+00, max|V|=1.2162e+00
t=0.8700, max|U|=1.1612e+00, max|V|=1.2157e+00
t=0.8710, max|U|=1.1608e+00, max|V|=1.2153e+00
t=0.8720, max|U|=1.1605e+00, max|V|=1.2149e+00
t=0.8730, max|U|=1.1601e+00, max|V|=1.2145e+00
t=0.8740, max|U|=1.1598e+00, max|V|=1.2140e+00
t=0.8750, max|U|=1.1594e+00, max|V|=1.2136e+00
t=0.8760, max|U|=1.1591e+00, max|V|=1.2132e+00
t=0.8770, max|U|=1.1587e+00, max|V|=1.2128e+00
t=0.8780, max|U|=1.1584e+00, max|V|=1.2123e+00
t=0.8790, max|U|=1.1580e+00, max|V|=1.2119e+00
t=0.8800, max|U|=1.1576e+00, max|V|=1.2115e+00
t=0.8810, max|U|=1.1573e+00, max|V|=1.2110e+00
t=0.8820, max|U|=1.1569e+00, max|V|=1.2106e+00
t=0.8830, max|U|=1.1565e+00, max|V|=1.2102e+00
t=0.8840, max|U|=1.1562e+00, max|V|=1.2097e+00
t=0.8850, max|U|=1.1558e+00, max|V|=1.2093e+00
t=0.8860, max|U|=1.1555e+00, max|V|=1.2089e+00
t=0.8870, max|U|=1.1551e+00, max|V|=1.2084e+00
t=0.8880, max|U|=1.1547e+00, max|V|=1.2080e+00
t=0.8890, max|U|=1.1544e+00, max|V|=1.2076e+00
t=0.8900, max|U|=1.1540e+00, max|V|=1.2071e+00
t=0.8910, max|U|=1.1536e+00, max|V|=1.2067e+00
t=0.8920, max|U|=1.1533e+00, max|V|=1.2062e+00
t=0.8930, max|U|=1.1529e+00, max|V|=1.2058e+00
t=0.8940, max|U|=1.1525e+00, max|V|=1.2054e+00
t=0.8950, max|U|=1.1522e+00, max|V|=1.2049e+00
t=0.8960, max|U|=1.1518e+00, max|V|=1.2045e+00
t=0.8970, max|U|=1.1514e+00, max|V|=1.2040e+00
t=0.8980, max|U|=1.1511e+00, max|V|=1.2036e+00
t=0.8990, max|U|=1.1507e+00, max|V|=1.2032e+00
t=0.9000, max|U|=1.1503e+00, max|V|=1.2027e+00
t=0.9010, max|U|=1.1500e+00, max|V|=1.2023e+00
t=0.9020, max|U|=1.1496e+00, max|V|=1.2018e+00
t=0.9030, max|U|=1.1492e+00, max|V|=1.2014e+00
t=0.9040, max|U|=1.1488e+00, max|V|=1.2009e+00
t=0.9050, max|U|=1.1485e+00, max|V|=1.2005e+00
t=0.9060, max|U|=1.1481e+00, max|V|=1.2000e+00
t=0.9070, max|U|=1.1477e+00, max|V|=1.1996e+00
t=0.9080, max|U|=1.1473e+00, max|V|=1.1991e+00
t=0.9090, max|U|=1.1470e+00, max|V|=1.1987e+00
t=0.9100, max|U|=1.1466e+00, max|V|=1.1982e+00
t=0.9110, max|U|=1.1462e+00, max|V|=1.1978e+00
t=0.9120, max|U|=1.1458e+00, max|V|=1.1973e+00
t=0.9130, max|U|=1.1455e+00, max|V|=1.1969e+00
t=0.9140, max|U|=1.1451e+00, max|V|=1.1964e+00
t=0.9150, max|U|=1.1447e+00, max|V|=1.1960e+00
t=0.9160, max|U|=1.1443e+00, max|V|=1.1955e+00
t=0.9170, max|U|=1.1440e+00, max|V|=1.1951e+00
t=0.9180, max|U|=1.1436e+00, max|V|=1.1946e+00
t=0.9190, max|U|=1.1432e+00, max|V|=1.1941e+00
t=0.9200, max|U|=1.1428e+00, max|V|=1.1937e+00
t=0.9210, max|U|=1.1424e+00, max|V|=1.1932e+00
t=0.9220, max|U|=1.1421e+00, max|V|=1.1928e+00
t=0.9230, max|U|=1.1417e+00, max|V|=1.1923e+00
t=0.9240, max|U|=1.1413e+00, max|V|=1.1919e+00
t=0.9250, max|U|=1.1409e+00, max|V|=1.1914e+00
t=0.9260, max|U|=1.1405e+00, max|V|=1.1909e+00
t=0.9270, max|U|=1.1401e+00, max|V|=1.1905e+00
t=0.9280, max|U|=1.1398e+00, max|V|=1.1900e+00
t=0.9290, max|U|=1.1394e+00, max|V|=1.1896e+00
t=0.9300, max|U|=1.1390e+00, max|V|=1.1891e+00
t=0.9310, max|U|=1.1386e+00, max|V|=1.1886e+00
t=0.9320, max|U|=1.1382e+00, max|V|=1.1882e+00
t=0.9330, max|U|=1.1378e+00, max|V|=1.1877e+00
t=0.9340, max|U|=1.1375e+00, max|V|=1.1872e+00
t=0.9350, max|U|=1.1371e+00, max|V|=1.1868e+00
t=0.9360, max|U|=1.1367e+00, max|V|=1.1863e+00
t=0.9370, max|U|=1.1363e+00, max|V|=1.1858e+00
t=0.9380, max|U|=1.1359e+00, max|V|=1.1854e+00
t=0.9390, max|U|=1.1355e+00, max|V|=1.1849e+00
t=0.9400, max|U|=1.1351e+00, max|V|=1.1844e+00
t=0.9410, max|U|=1.1347e+00, max|V|=1.1840e+00
t=0.9420, max|U|=1.1343e+00, max|V|=1.1835e+00
t=0.9430, max|U|=1.1340e+00, max|V|=1.1830e+00
t=0.9440, max|U|=1.1336e+00, max|V|=1.1825e+00
t=0.9450, max|U|=1.1332e+00, max|V|=1.1821e+00
t=0.9460, max|U|=1.1328e+00, max|V|=1.1816e+00
t=0.9470, max|U|=1.1324e+00, max|V|=1.1811e+00
t=0.9480, max|U|=1.1320e+00, max|V|=1.1807e+00
t=0.9490, max|U|=1.1316e+00, max|V|=1.1802e+00
t=0.9500, max|U|=1.1312e+00, max|V|=1.1797e+00
t=0.9510, max|U|=1.1308e+00, max|V|=1.1792e+00
t=0.9520, max|U|=1.1304e+00, max|V|=1.1788e+00
t=0.9530, max|U|=1.1300e+00, max|V|=1.1783e+00
t=0.9540, max|U|=1.1296e+00, max|V|=1.1778e+00
t=0.9550, max|U|=1.1292e+00, max|V|=1.1773e+00
t=0.9560, max|U|=1.1289e+00, max|V|=1.1769e+00
t=0.9570, max|U|=1.1285e+00, max|V|=1.1764e+00
t=0.9580, max|U|=1.1281e+00, max|V|=1.1759e+00
t=0.9590, max|U|=1.1277e+00, max|V|=1.1754e+00
t=0.9600, max|U|=1.1273e+00, max|V|=1.1750e+00
t=0.9610, max|U|=1.1269e+00, max|V|=1.1745e+00
t=0.9620, max|U|=1.1265e+00, max|V|=1.1740e+00
t=0.9630, max|U|=1.1261e+00, max|V|=1.1735e+00
t=0.9640, max|U|=1.1257e+00, max|V|=1.1730e+00
t=0.9650, max|U|=1.1253e+00, max|V|=1.1726e+00
t=0.9660, max|U|=1.1249e+00, max|V|=1.1721e+00
t=0.9670, max|U|=1.1245e+00, max|V|=1.1716e+00
t=0.9680, max|U|=1.1241e+00, max|V|=1.1711e+00
t=0.9690, max|U|=1.1237e+00, max|V|=1.1706e+00
t=0.9700, max|U|=1.1233e+00, max|V|=1.1701e+00
t=0.9710, max|U|=1.1229e+00, max|V|=1.1697e+00
t=0.9720, max|U|=1.1225e+00, max|V|=1.1692e+00
t=0.9730, max|U|=1.1221e+00, max|V|=1.1687e+00
t=0.9740, max|U|=1.1217e+00, max|V|=1.1682e+00
t=0.9750, max|U|=1.1213e+00, max|V|=1.1677e+00
t=0.9760, max|U|=1.1209e+00, max|V|=1.1672e+00
t=0.9770, max|U|=1.1205e+00, max|V|=1.1668e+00
t=0.9780, max|U|=1.1201e+00, max|V|=1.1663e+00
t=0.9790, max|U|=1.1197e+00, max|V|=1.1658e+00
t=0.9800, max|U|=1.1193e+00, max|V|=1.1653e+00
t=0.9810, max|U|=1.1189e+00, max|V|=1.1648e+00
t=0.9820, max|U|=1.1185e+00, max|V|=1.1643e+00
t=0.9830, max|U|=1.1181e+00, max|V|=1.1638e+00
t=0.9840, max|U|=1.1176e+00, max|V|=1.1634e+00
t=0.9850, max|U|=1.1172e+00, max|V|=1.1629e+00
t=0.9860, max|U|=1.1168e+00, max|V|=1.1624e+00
t=0.9870, max|U|=1.1164e+00, max|V|=1.1619e+00
t=0.9880, max|U|=1.1160e+00, max|V|=1.1614e+00
t=0.9890, max|U|=1.1156e+00, max|V|=1.1609e+00
t=0.9900, max|U|=1.1152e+00, max|V|=1.1604e+00
t=0.9910, max|U|=1.1148e+00, max|V|=1.1599e+00
t=0.9920, max|U|=1.1144e+00, max|V|=1.1594e+00
t=0.9930, max|U|=1.1140e+00, max|V|=1.1589e+00
t=0.9940, max|U|=1.1136e+00, max|V|=1.1584e+00
t=0.9950, max|U|=1.1132e+00, max|V|=1.1580e+00
t=0.9960, max|U|=1.1128e+00, max|V|=1.1575e+00
t=0.9970, max|U|=1.1124e+00, max|V|=1.1570e+00
t=0.9980, max|U|=1.1119e+00, max|V|=1.1565e+00
t=0.9990, max|U|=1.1115e+00, max|V|=1.1560e+00
t=1.0000, max|U|=1.1111e+00, max|V|=1.1555e+00
Total simulation time: 3.03 seconds
Point (0.25, 0.25): U=0.3238, analytical_U=0.2967
Point (0.5, 0.25): U=0.6171, analytical_U=0.5760
Point (0.75, 0.25): U=-0.0399, analytical_U=0.2967
Point (0.25, 0.5): U=0.2117, analytical_U=0.2729
Point (0.5, 0.5): U=-0.2058, analytical_U=0.0000
Point (0.75, 0.5): U=-0.2864, analytical_U=-0.2729
Point (0.25, 0.75): U=-0.3078, analytical_U=-0.2967
Point (0.5, 0.75): U=-0.5657, analytical_U=-0.5760
Point (0.75, 0.75): U=-0.3576, analytical_U=-0.2967
Root Mean Square Error compared to literature solution: 1.3579e-01
Point (0.25, 0.25): U=0.2388, analytical_U=0.1882
Point (0.5, 0.25): U=0.4693, analytical_U=0.3744
Point (0.75, 0.25): U=-0.1365, analytical_U=0.1882
Point (0.25, 0.5): U=0.2226, analytical_U=0.1853
Point (0.5, 0.5): U=-0.1864, analytical_U=0.0000
Point (0.75, 0.5): U=-0.2488, analytical_U=-0.1853
Point (0.25, 0.75): U=-0.2801, analytical_U=-0.1882
Point (0.5, 0.75): U=-0.4400, analytical_U=-0.3744
Point (0.75, 0.75): U=-0.2695, analytical_U=-0.1882
Root Mean Square Error compared to literature solution: 1.4006e-01
