h = 1.09e-01
D = 8.44e-06
CFL(t=0) = 9.19e-03
t=0.0010, max|U|=9.9952e-01, max|V|=9.9089e-01
t=0.0020, max|U|=9.9904e-01, max|V|=9.8993e-01
t=0.0030, max|U|=9.9855e-01, max|V|=9.8897e-01
t=0.0040, max|U|=9.9805e-01, max|V|=9.8801e-01
t=0.0050, max|U|=9.9755e-01, max|V|=9.8709e-01
t=0.0060, max|U|=9.9703e-01, max|V|=9.8731e-01
t=0.0070, max|U|=9.9650e-01, max|V|=9.8751e-01
t=0.0080, max|U|=9.9596e-01, max|V|=9.8769e-01
t=0.0090, max|U|=9.9542e-01, max|V|=9.8784e-01
t=0.0100, max|U|=9.9487e-01, max|V|=9.8798e-01
t=0.0110, max|U|=9.9430e-01, max|V|=9.8810e-01
t=0.0120, max|U|=9.9373e-01, max|V|=9.8819e-01
t=0.0130, max|U|=9.9316e-01, max|V|=9.8827e-01
t=0.0140, max|U|=9.9257e-01, max|V|=9.8833e-01
t=0.0150, max|U|=9.9198e-01, max|V|=9.8837e-01
t=0.0160, max|U|=9.9138e-01, max|V|=9.8839e-01
t=0.0170, max|U|=9.9077e-01, max|V|=9.8840e-01
t=0.0180, max|U|=9.9016e-01, max|V|=9.8839e-01
t=0.0190, max|U|=9.8954e-01, max|V|=9.8837e-01
t=0.0200, max|U|=9.8891e-01, max|V|=9.8832e-01
t=0.0210, max|U|=9.8827e-01, max|V|=9.8827e-01
t=0.0220, max|U|=9.8763e-01, max|V|=9.8820e-01
t=0.0230, max|U|=9.8699e-01, max|V|=9.8811e-01
t=0.0240, max|U|=9.8633e-01, max|V|=9.8801e-01
t=0.0250, max|U|=9.8567e-01, max|V|=9.8790e-01
t=0.0260, max|U|=9.8501e-01, max|V|=9.8777e-01
t=0.0270, max|U|=9.8434e-01, max|V|=9.8763e-01
t=0.0280, max|U|=9.8366e-01, max|V|=9.8748e-01
t=0.0290, max|U|=9.8298e-01, max|V|=9.8731e-01
t=0.0300, max|U|=9.8229e-01, max|V|=9.8714e-01
t=0.0310, max|U|=9.8160e-01, max|V|=9.8695e-01
t=0.0320, max|U|=9.8090e-01, max|V|=9.8674e-01
t=0.0330, max|U|=9.8020e-01, max|V|=9.8653e-01
t=0.0340, max|U|=9.7954e-01, max|V|=9.8631e-01
t=0.0350, max|U|=9.7938e-01, max|V|=9.8607e-01
t=0.0360, max|U|=9.7922e-01, max|V|=9.8583e-01
t=0.0370, max|U|=9.7904e-01, max|V|=9.8557e-01
t=0.0380, max|U|=9.7886e-01, max|V|=9.8530e-01
t=0.0390, max|U|=9.7867e-01, max|V|=9.8503e-01
t=0.0400, max|U|=9.7847e-01, max|V|=9.8474e-01
t=0.0410, max|U|=9.7827e-01, max|V|=9.8444e-01
t=0.0420, max|U|=9.7805e-01, max|V|=9.8414e-01
t=0.0430, max|U|=9.7783e-01, max|V|=9.8382e-01
t=0.0440, max|U|=9.7760e-01, max|V|=9.8350e-01
t=0.0450, max|U|=9.7736e-01, max|V|=9.8317e-01
t=0.0460, max|U|=9.7711e-01, max|V|=9.8283e-01
t=0.0470, max|U|=9.7685e-01, max|V|=9.8248e-01
t=0.0480, max|U|=9.7659e-01, max|V|=9.8212e-01
t=0.0490, max|U|=9.7632e-01, max|V|=9.8175e-01
t=0.0500, max|U|=9.7604e-01, max|V|=9.8138e-01
t=0.0510, max|U|=9.7576e-01, max|V|=9.8100e-01
t=0.0520, max|U|=9.7546e-01, max|V|=9.8061e-01
t=0.0530, max|U|=9.7516e-01, max|V|=9.8021e-01
t=0.0540, max|U|=9.7485e-01, max|V|=9.7981e-01
t=0.0550, max|U|=9.7454e-01, max|V|=9.7940e-01
t=0.0560, max|U|=9.7422e-01, max|V|=9.7898e-01
t=0.0570, max|U|=9.7389e-01, max|V|=9.7855e-01
t=0.0580, max|U|=9.7356e-01, max|V|=9.7812e-01
t=0.0590, max|U|=9.7322e-01, max|V|=9.7768e-01
t=0.0600, max|U|=9.7287e-01, max|V|=9.7723e-01
t=0.0610, max|U|=9.7252e-01, max|V|=9.7678e-01
t=0.0620, max|U|=9.7215e-01, max|V|=9.7632e-01
t=0.0630, max|U|=9.7179e-01, max|V|=9.7586e-01
t=0.0640, max|U|=9.7142e-01, max|V|=9.7539e-01
t=0.0650, max|U|=9.7104e-01, max|V|=9.7491e-01
t=0.0660, max|U|=9.7065e-01, max|V|=9.7443e-01
t=0.0670, max|U|=9.7026e-01, max|V|=9.7394e-01
t=0.0680, max|U|=9.6987e-01, max|V|=9.7345e-01
t=0.0690, max|U|=9.6947e-01, max|V|=9.7295e-01
t=0.0700, max|U|=9.6906e-01, max|V|=9.7244e-01
t=0.0710, max|U|=9.6865e-01, max|V|=9.7193e-01
t=0.0720, max|U|=9.6823e-01, max|V|=9.7141e-01
t=0.0730, max|U|=9.6780e-01, max|V|=9.7089e-01
t=0.0740, max|U|=9.6737e-01, max|V|=9.7036e-01
t=0.0750, max|U|=9.6694e-01, max|V|=9.6983e-01
t=0.0760, max|U|=9.6650e-01, max|V|=9.6930e-01
t=0.0770, max|U|=9.6606e-01, max|V|=9.6876e-01
t=0.0780, max|U|=9.6561e-01, max|V|=9.6821e-01
t=0.0790, max|U|=9.6516e-01, max|V|=9.6766e-01
t=0.0800, max|U|=9.6470e-01, max|V|=9.6710e-01
t=0.0810, max|U|=9.6423e-01, max|V|=9.6654e-01
t=0.0820, max|U|=9.6377e-01, max|V|=9.6598e-01
t=0.0830, max|U|=9.6329e-01, max|V|=9.6541e-01
t=0.0840, max|U|=9.6282e-01, max|V|=9.6484e-01
t=0.0850, max|U|=9.6233e-01, max|V|=9.6426e-01
t=0.0860, max|U|=9.6185e-01, max|V|=9.6368e-01
t=0.0870, max|U|=9.6136e-01, max|V|=9.6309e-01
t=0.0880, max|U|=9.6086e-01, max|V|=9.6250e-01
t=0.0890, max|U|=9.6037e-01, max|V|=9.6191e-01
t=0.0900, max|U|=9.5986e-01, max|V|=9.6131e-01
t=0.0910, max|U|=9.5936e-01, max|V|=9.6071e-01
t=0.0920, max|U|=9.5884e-01, max|V|=9.6010e-01
t=0.0930, max|U|=9.5833e-01, max|V|=9.5949e-01
t=0.0940, max|U|=9.5781e-01, max|V|=9.5888e-01
t=0.0950, max|U|=9.5729e-01, max|V|=9.5826e-01
t=0.0960, max|U|=9.5676e-01, max|V|=9.5764e-01
t=0.0970, max|U|=9.5623e-01, max|V|=9.5702e-01
t=0.0980, max|U|=9.5570e-01, max|V|=9.5639e-01
t=0.0990, max|U|=9.5516e-01, max|V|=9.5576e-01
t=0.1000, max|U|=9.5462e-01, max|V|=9.5516e-01
t=0.1010, max|U|=9.5408e-01, max|V|=9.5462e-01
t=0.1020, max|U|=9.5353e-01, max|V|=9.5409e-01
t=0.1030, max|U|=9.5298e-01, max|V|=9.5355e-01
t=0.1040, max|U|=9.5243e-01, max|V|=9.5301e-01
t=0.1050, max|U|=9.5187e-01, max|V|=9.5246e-01
t=0.1060, max|U|=9.5166e-01, max|V|=9.5192e-01
t=0.1070, max|U|=9.5150e-01, max|V|=9.5137e-01
t=0.1080, max|U|=9.5133e-01, max|V|=9.5082e-01
t=0.1090, max|U|=9.5116e-01, max|V|=9.5027e-01
t=0.1100, max|U|=9.5098e-01, max|V|=9.4971e-01
t=0.1110, max|U|=9.5080e-01, max|V|=9.4959e-01
t=0.1120, max|U|=9.5061e-01, max|V|=9.4961e-01
t=0.1130, max|U|=9.5042e-01, max|V|=9.4962e-01
t=0.1140, max|U|=9.5022e-01, max|V|=9.4962e-01
t=0.1150, max|U|=9.5002e-01, max|V|=9.4962e-01
t=0.1160, max|U|=9.4981e-01, max|V|=9.4961e-01
t=0.1170, max|U|=9.4960e-01, max|V|=9.4960e-01
t=0.1180, max|U|=9.4938e-01, max|V|=9.4958e-01
t=0.1190, max|U|=9.4916e-01, max|V|=9.4955e-01
t=0.1200, max|U|=9.4893e-01, max|V|=9.4952e-01
t=0.1210, max|U|=9.4870e-01, max|V|=9.4948e-01
t=0.1220, max|U|=9.4846e-01, max|V|=9.4944e-01
t=0.1230, max|U|=9.4822e-01, max|V|=9.4939e-01
t=0.1240, max|U|=9.4798e-01, max|V|=9.4934e-01
t=0.1250, max|U|=9.4773e-01, max|V|=9.4928e-01
t=0.1260, max|U|=9.4748e-01, max|V|=9.4921e-01
t=0.1270, max|U|=9.4722e-01, max|V|=9.4914e-01
t=0.1280, max|U|=9.4696e-01, max|V|=9.4906e-01
t=0.1290, max|U|=9.4669e-01, max|V|=9.4898e-01
t=0.1300, max|U|=9.4642e-01, max|V|=9.4889e-01
t=0.1310, max|U|=9.4615e-01, max|V|=9.4880e-01
t=0.1320, max|U|=9.4587e-01, max|V|=9.4870e-01
t=0.1330, max|U|=9.4559e-01, max|V|=9.4860e-01
t=0.1340, max|U|=9.4530e-01, max|V|=9.4849e-01
t=0.1350, max|U|=9.4501e-01, max|V|=9.4838e-01
t=0.1360, max|U|=9.4472e-01, max|V|=9.4826e-01
t=0.1370, max|U|=9.4442e-01, max|V|=9.4814e-01
t=0.1380, max|U|=9.4412e-01, max|V|=9.4801e-01
t=0.1390, max|U|=9.4381e-01, max|V|=9.4788e-01
t=0.1400, max|U|=9.4350e-01, max|V|=9.4774e-01
t=0.1410, max|U|=9.4319e-01, max|V|=9.4759e-01
t=0.1420, max|U|=9.4287e-01, max|V|=9.4745e-01
t=0.1430, max|U|=9.4255e-01, max|V|=9.4729e-01
t=0.1440, max|U|=9.4222e-01, max|V|=9.4714e-01
t=0.1450, max|U|=9.4190e-01, max|V|=9.4697e-01
t=0.1460, max|U|=9.4156e-01, max|V|=9.4681e-01
t=0.1470, max|U|=9.4123e-01, max|V|=9.4664e-01
t=0.1480, max|U|=9.4089e-01, max|V|=9.4646e-01
t=0.1490, max|U|=9.4055e-01, max|V|=9.4628e-01
t=0.1500, max|U|=9.4020e-01, max|V|=9.4609e-01
t=0.1510, max|U|=9.3985e-01, max|V|=9.4590e-01
t=0.1520, max|U|=9.3950e-01, max|V|=9.4571e-01
t=0.1530, max|U|=9.3915e-01, max|V|=9.4551e-01
t=0.1540, max|U|=9.3879e-01, max|V|=9.4531e-01
t=0.1550, max|U|=9.3842e-01, max|V|=9.4510e-01
t=0.1560, max|U|=9.3806e-01, max|V|=9.4489e-01
t=0.1570, max|U|=9.3769e-01, max|V|=9.4467e-01
t=0.1580, max|U|=9.3732e-01, max|V|=9.4445e-01
t=0.1590, max|U|=9.3694e-01, max|V|=9.4423e-01
t=0.1600, max|U|=9.3656e-01, max|V|=9.4400e-01
t=0.1610, max|U|=9.3618e-01, max|V|=9.4376e-01
t=0.1620, max|U|=9.3580e-01, max|V|=9.4353e-01
t=0.1630, max|U|=9.3541e-01, max|V|=9.4328e-01
t=0.1640, max|U|=9.3502e-01, max|V|=9.4304e-01
t=0.1650, max|U|=9.3463e-01, max|V|=9.4279e-01
t=0.1660, max|U|=9.3423e-01, max|V|=9.4253e-01
t=0.1670, max|U|=9.3383e-01, max|V|=9.4228e-01
t=0.1680, max|U|=9.3343e-01, max|V|=9.4201e-01
t=0.1690, max|U|=9.3303e-01, max|V|=9.4175e-01
t=0.1700, max|U|=9.3262e-01, max|V|=9.4148e-01
t=0.1710, max|U|=9.3221e-01, max|V|=9.4121e-01
t=0.1720, max|U|=9.3180e-01, max|V|=9.4093e-01
t=0.1730, max|U|=9.3138e-01, max|V|=9.4065e-01
t=0.1740, max|U|=9.3096e-01, max|V|=9.4036e-01
t=0.1750, max|U|=9.3054e-01, max|V|=9.4007e-01
t=0.1760, max|U|=9.3012e-01, max|V|=9.3978e-01
t=0.1770, max|U|=9.2969e-01, max|V|=9.3948e-01
t=0.1780, max|U|=9.2926e-01, max|V|=9.3918e-01
t=0.1790, max|U|=9.2883e-01, max|V|=9.3888e-01
t=0.1800, max|U|=9.2839e-01, max|V|=9.3857e-01
t=0.1810, max|U|=9.2796e-01, max|V|=9.3826e-01
t=0.1820, max|U|=9.2752e-01, max|V|=9.3795e-01
t=0.1830, max|U|=9.2707e-01, max|V|=9.3763e-01
t=0.1840, max|U|=9.2663e-01, max|V|=9.3731e-01
t=0.1850, max|U|=9.2618e-01, max|V|=9.3698e-01
t=0.1860, max|U|=9.2573e-01, max|V|=9.3665e-01
t=0.1870, max|U|=9.2528e-01, max|V|=9.3632e-01
t=0.1880, max|U|=9.2483e-01, max|V|=9.3599e-01
t=0.1890, max|U|=9.2437e-01, max|V|=9.3565e-01
t=0.1900, max|U|=9.2391e-01, max|V|=9.3531e-01
t=0.1910, max|U|=9.2345e-01, max|V|=9.3496e-01
t=0.1920, max|U|=9.2299e-01, max|V|=9.3461e-01
t=0.1930, max|U|=9.2252e-01, max|V|=9.3426e-01
t=0.1940, max|U|=9.2206e-01, max|V|=9.3390e-01
t=0.1950, max|U|=9.2159e-01, max|V|=9.3354e-01
t=0.1960, max|U|=9.2111e-01, max|V|=9.3318e-01
t=0.1970, max|U|=9.2064e-01, max|V|=9.3282e-01
t=0.1980, max|U|=9.2016e-01, max|V|=9.3245e-01
t=0.1990, max|U|=9.1968e-01, max|V|=9.3208e-01
t=0.2000, max|U|=9.1920e-01, max|V|=9.3170e-01
t=0.2010, max|U|=9.1872e-01, max|V|=9.3133e-01
t=0.2020, max|U|=9.1824e-01, max|V|=9.3094e-01
t=0.2030, max|U|=9.1775e-01, max|V|=9.3056e-01
t=0.2040, max|U|=9.1726e-01, max|V|=9.3017e-01
t=0.2050, max|U|=9.1677e-01, max|V|=9.2978e-01
t=0.2060, max|U|=9.1792e-01, max|V|=9.2939e-01
t=0.2070, max|U|=9.2041e-01, max|V|=9.2900e-01
t=0.2080, max|U|=9.2290e-01, max|V|=9.2860e-01
t=0.2090, max|U|=9.2538e-01, max|V|=9.2820e-01
t=0.2100, max|U|=9.2784e-01, max|V|=9.2779e-01
t=0.2110, max|U|=9.3030e-01, max|V|=9.2962e-01
t=0.2120, max|U|=9.3275e-01, max|V|=9.3235e-01
t=0.2130, max|U|=9.3519e-01, max|V|=9.3508e-01
t=0.2140, max|U|=9.3761e-01, max|V|=9.3779e-01
t=0.2150, max|U|=9.4003e-01, max|V|=9.4050e-01
t=0.2160, max|U|=9.4244e-01, max|V|=9.4319e-01
t=0.2170, max|U|=9.4484e-01, max|V|=9.4588e-01
t=0.2180, max|U|=9.4723e-01, max|V|=9.4856e-01
t=0.2190, max|U|=9.4961e-01, max|V|=9.5123e-01
t=0.2200, max|U|=9.5198e-01, max|V|=9.5389e-01
t=0.2210, max|U|=9.5434e-01, max|V|=9.5654e-01
t=0.2220, max|U|=9.5669e-01, max|V|=9.5918e-01
t=0.2230, max|U|=9.5902e-01, max|V|=9.6181e-01
t=0.2240, max|U|=9.6135e-01, max|V|=9.6443e-01
t=0.2250, max|U|=9.6367e-01, max|V|=9.6704e-01
t=0.2260, max|U|=9.6598e-01, max|V|=9.6965e-01
t=0.2270, max|U|=9.6828e-01, max|V|=9.7224e-01
t=0.2280, max|U|=9.7057e-01, max|V|=9.7483e-01
t=0.2290, max|U|=9.7285e-01, max|V|=9.7740e-01
t=0.2300, max|U|=9.7512e-01, max|V|=9.7997e-01
t=0.2310, max|U|=9.7738e-01, max|V|=9.8252e-01
t=0.2320, max|U|=9.7962e-01, max|V|=9.8507e-01
t=0.2330, max|U|=9.8186e-01, max|V|=9.8760e-01
t=0.2340, max|U|=9.8409e-01, max|V|=9.9013e-01
t=0.2350, max|U|=9.8631e-01, max|V|=9.9264e-01
t=0.2360, max|U|=9.8852e-01, max|V|=9.9515e-01
t=0.2370, max|U|=9.9071e-01, max|V|=9.9765e-01
t=0.2380, max|U|=9.9290e-01, max|V|=1.0001e+00
t=0.2390, max|U|=9.9508e-01, max|V|=1.0026e+00
t=0.2400, max|U|=9.9724e-01, max|V|=1.0051e+00
t=0.2410, max|U|=9.9940e-01, max|V|=1.0075e+00
t=0.2420, max|U|=1.0015e+00, max|V|=1.0100e+00
t=0.2430, max|U|=1.0037e+00, max|V|=1.0124e+00
t=0.2440, max|U|=1.0058e+00, max|V|=1.0148e+00
t=0.2450, max|U|=1.0079e+00, max|V|=1.0173e+00
t=0.2460, max|U|=1.0100e+00, max|V|=1.0197e+00
t=0.2470, max|U|=1.0121e+00, max|V|=1.0221e+00
t=0.2480, max|U|=1.0142e+00, max|V|=1.0245e+00
t=0.2490, max|U|=1.0163e+00, max|V|=1.0268e+00
t=0.2500, max|U|=1.0183e+00, max|V|=1.0292e+00
t=0.2510, max|U|=1.0204e+00, max|V|=1.0315e+00
t=0.2520, max|U|=1.0224e+00, max|V|=1.0339e+00
t=0.2530, max|U|=1.0245e+00, max|V|=1.0362e+00
t=0.2540, max|U|=1.0265e+00, max|V|=1.0386e+00
t=0.2550, max|U|=1.0285e+00, max|V|=1.0409e+00
t=0.2560, max|U|=1.0305e+00, max|V|=1.0432e+00
t=0.2570, max|U|=1.0325e+00, max|V|=1.0455e+00
t=0.2580, max|U|=1.0345e+00, max|V|=1.0478e+00
t=0.2590, max|U|=1.0365e+00, max|V|=1.0500e+00
t=0.2600, max|U|=1.0384e+00, max|V|=1.0523e+00
t=0.2610, max|U|=1.0404e+00, max|V|=1.0545e+00
t=0.2620, max|U|=1.0423e+00, max|V|=1.0568e+00
t=0.2630, max|U|=1.0442e+00, max|V|=1.0590e+00
t=0.2640, max|U|=1.0462e+00, max|V|=1.0612e+00
t=0.2650, max|U|=1.0481e+00, max|V|=1.0635e+00
t=0.2660, max|U|=1.0500e+00, max|V|=1.0657e+00
t=0.2670, max|U|=1.0519e+00, max|V|=1.0678e+00
t=0.2680, max|U|=1.0538e+00, max|V|=1.0700e+00
t=0.2690, max|U|=1.0556e+00, max|V|=1.0722e+00
t=0.2700, max|U|=1.0575e+00, max|V|=1.0744e+00
t=0.2710, max|U|=1.0593e+00, max|V|=1.0765e+00
t=0.2720, max|U|=1.0612e+00, max|V|=1.0786e+00
t=0.2730, max|U|=1.0630e+00, max|V|=1.0808e+00
t=0.2740, max|U|=1.0648e+00, max|V|=1.0829e+00
t=0.2750, max|U|=1.0666e+00, max|V|=1.0850e+00
t=0.2760, max|U|=1.0684e+00, max|V|=1.0871e+00
t=0.2770, max|U|=1.0702e+00, max|V|=1.0892e+00
t=0.2780, max|U|=1.0720e+00, max|V|=1.0913e+00
t=0.2790, max|U|=1.0738e+00, max|V|=1.0933e+00
t=0.2800, max|U|=1.0755e+00, max|V|=1.0954e+00
t=0.2810, max|U|=1.0773e+00, max|V|=1.0974e+00
t=0.2820, max|U|=1.0790e+00, max|V|=1.0995e+00
t=0.2830, max|U|=1.0808e+00, max|V|=1.1015e+00
t=0.2840, max|U|=1.0825e+00, max|V|=1.1035e+00
t=0.2850, max|U|=1.0842e+00, max|V|=1.1055e+00
t=0.2860, max|U|=1.0859e+00, max|V|=1.1075e+00
t=0.2870, max|U|=1.0876e+00, max|V|=1.1095e+00
t=0.2880, max|U|=1.0893e+00, max|V|=1.1115e+00
t=0.2890, max|U|=1.0909e+00, max|V|=1.1135e+00
t=0.2900, max|U|=1.0926e+00, max|V|=1.1154e+00
t=0.2910, max|U|=1.0943e+00, max|V|=1.1174e+00
t=0.2920, max|U|=1.0959e+00, max|V|=1.1193e+00
t=0.2930, max|U|=1.0975e+00, max|V|=1.1212e+00
t=0.2940, max|U|=1.0992e+00, max|V|=1.1231e+00
t=0.2950, max|U|=1.1008e+00, max|V|=1.1250e+00
t=0.2960, max|U|=1.1024e+00, max|V|=1.1269e+00
t=0.2970, max|U|=1.1040e+00, max|V|=1.1288e+00
t=0.2980, max|U|=1.1056e+00, max|V|=1.1307e+00
t=0.2990, max|U|=1.1071e+00, max|V|=1.1326e+00
t=0.3000, max|U|=1.1087e+00, max|V|=1.1344e+00
t=0.3010, max|U|=1.1103e+00, max|V|=1.1363e+00
t=0.3020, max|U|=1.1118e+00, max|V|=1.1381e+00
t=0.3030, max|U|=1.1134e+00, max|V|=1.1399e+00
t=0.3040, max|U|=1.1149e+00, max|V|=1.1417e+00
t=0.3050, max|U|=1.1164e+00, max|V|=1.1435e+00
t=0.3060, max|U|=1.1179e+00, max|V|=1.1453e+00
t=0.3070, max|U|=1.1194e+00, max|V|=1.1471e+00
t=0.3080, max|U|=1.1209e+00, max|V|=1.1489e+00
t=0.3090, max|U|=1.1224e+00, max|V|=1.1507e+00
t=0.3100, max|U|=1.1239e+00, max|V|=1.1524e+00
t=0.3110, max|U|=1.1254e+00, max|V|=1.1542e+00
t=0.3120, max|U|=1.1268e+00, max|V|=1.1559e+00
t=0.3130, max|U|=1.1283e+00, max|V|=1.1576e+00
t=0.3140, max|U|=1.1297e+00, max|V|=1.1594e+00
t=0.3150, max|U|=1.1311e+00, max|V|=1.1611e+00
t=0.3160, max|U|=1.1326e+00, max|V|=1.1628e+00
t=0.3170, max|U|=1.1340e+00, max|V|=1.1644e+00
t=0.3180, max|U|=1.1354e+00, max|V|=1.1661e+00
t=0.3190, max|U|=1.1368e+00, max|V|=1.1678e+00
t=0.3200, max|U|=1.1382e+00, max|V|=1.1695e+00
t=0.3210, max|U|=1.1395e+00, max|V|=1.1711e+00
t=0.3220, max|U|=1.1409e+00, max|V|=1.1727e+00
t=0.3230, max|U|=1.1423e+00, max|V|=1.1744e+00
t=0.3240, max|U|=1.1436e+00, max|V|=1.1760e+00
t=0.3250, max|U|=1.1450e+00, max|V|=1.1776e+00
t=0.3260, max|U|=1.1463e+00, max|V|=1.1792e+00
t=0.3270, max|U|=1.1476e+00, max|V|=1.1808e+00
t=0.3280, max|U|=1.1489e+00, max|V|=1.1824e+00
t=0.3290, max|U|=1.1502e+00, max|V|=1.1840e+00
t=0.3300, max|U|=1.1515e+00, max|V|=1.1855e+00
t=0.3310, max|U|=1.1528e+00, max|V|=1.1871e+00
t=0.3320, max|U|=1.1541e+00, max|V|=1.1887e+00
t=0.3330, max|U|=1.1554e+00, max|V|=1.1902e+00
t=0.3340, max|U|=1.1567e+00, max|V|=1.1917e+00
t=0.3350, max|U|=1.1579e+00, max|V|=1.1932e+00
t=0.3360, max|U|=1.1592e+00, max|V|=1.1948e+00
t=0.3370, max|U|=1.1604e+00, max|V|=1.1963e+00
t=0.3380, max|U|=1.1617e+00, max|V|=1.1978e+00
t=0.3390, max|U|=1.1629e+00, max|V|=1.1992e+00
t=0.3400, max|U|=1.1641e+00, max|V|=1.2007e+00
t=0.3410, max|U|=1.1653e+00, max|V|=1.2022e+00
t=0.3420, max|U|=1.1665e+00, max|V|=1.2036e+00
t=0.3430, max|U|=1.1677e+00, max|V|=1.2051e+00
t=0.3440, max|U|=1.1689e+00, max|V|=1.2065e+00
t=0.3450, max|U|=1.1701e+00, max|V|=1.2080e+00
t=0.3460, max|U|=1.1712e+00, max|V|=1.2094e+00
t=0.3470, max|U|=1.1724e+00, max|V|=1.2108e+00
t=0.3480, max|U|=1.1736e+00, max|V|=1.2122e+00
t=0.3490, max|U|=1.1747e+00, max|V|=1.2136e+00
t=0.3500, max|U|=1.1759e+00, max|V|=1.2150e+00
t=0.3510, max|U|=1.1770e+00, max|V|=1.2164e+00
t=0.3520, max|U|=1.1781e+00, max|V|=1.2178e+00
t=0.3530, max|U|=1.1792e+00, max|V|=1.2191e+00
t=0.3540, max|U|=1.1803e+00, max|V|=1.2205e+00
t=0.3550, max|U|=1.1814e+00, max|V|=1.2218e+00
t=0.3560, max|U|=1.1825e+00, max|V|=1.2232e+00
t=0.3570, max|U|=1.1836e+00, max|V|=1.2245e+00
t=0.3580, max|U|=1.1847e+00, max|V|=1.2258e+00
t=0.3590, max|U|=1.1858e+00, max|V|=1.2271e+00
t=0.3600, max|U|=1.1868e+00, max|V|=1.2284e+00
t=0.3610, max|U|=1.1879e+00, max|V|=1.2297e+00
t=0.3620, max|U|=1.1889e+00, max|V|=1.2310e+00
t=0.3630, max|U|=1.1900e+00, max|V|=1.2323e+00
t=0.3640, max|U|=1.1910e+00, max|V|=1.2336e+00
t=0.3650, max|U|=1.1921e+00, max|V|=1.2349e+00
t=0.3660, max|U|=1.1931e+00, max|V|=1.2361e+00
t=0.3670, max|U|=1.1941e+00, max|V|=1.2374e+00
t=0.3680, max|U|=1.1951e+00, max|V|=1.2386e+00
t=0.3690, max|U|=1.1961e+00, max|V|=1.2398e+00
t=0.3700, max|U|=1.1971e+00, max|V|=1.2411e+00
t=0.3710, max|U|=1.1981e+00, max|V|=1.2423e+00
t=0.3720, max|U|=1.1991e+00, max|V|=1.2435e+00
t=0.3730, max|U|=1.2000e+00, max|V|=1.2447e+00
t=0.3740, max|U|=1.2010e+00, max|V|=1.2459e+00
t=0.3750, max|U|=1.2020e+00, max|V|=1.2471e+00
t=0.3760, max|U|=1.2029e+00, max|V|=1.2483e+00
t=0.3770, max|U|=1.2039e+00, max|V|=1.2494e+00
t=0.3780, max|U|=1.2048e+00, max|V|=1.2506e+00
t=0.3790, max|U|=1.2057e+00, max|V|=1.2518e+00
t=0.3800, max|U|=1.2066e+00, max|V|=1.2529e+00
t=0.3810, max|U|=1.2076e+00, max|V|=1.2540e+00
t=0.3820, max|U|=1.2085e+00, max|V|=1.2552e+00
t=0.3830, max|U|=1.2094e+00, max|V|=1.2563e+00
t=0.3840, max|U|=1.2103e+00, max|V|=1.2574e+00
t=0.3850, max|U|=1.2112e+00, max|V|=1.2585e+00
t=0.3860, max|U|=1.2121e+00, max|V|=1.2597e+00
t=0.3870, max|U|=1.2129e+00, max|V|=1.2607e+00
t=0.3880, max|U|=1.2138e+00, max|V|=1.2618e+00
t=0.3890, max|U|=1.2147e+00, max|V|=1.2629e+00
t=0.3900, max|U|=1.2155e+00, max|V|=1.2640e+00
t=0.3910, max|U|=1.2164e+00, max|V|=1.2651e+00
t=0.3920, max|U|=1.2172e+00, max|V|=1.2661e+00
t=0.3930, max|U|=1.2181e+00, max|V|=1.2672e+00
t=0.3940, max|U|=1.2189e+00, max|V|=1.2682e+00
t=0.3950, max|U|=1.2197e+00, max|V|=1.2693e+00
t=0.3960, max|U|=1.2206e+00, max|V|=1.2703e+00
t=0.3970, max|U|=1.2214e+00, max|V|=1.2713e+00
t=0.3980, max|U|=1.2222e+00, max|V|=1.2724e+00
t=0.3990, max|U|=1.2230e+00, max|V|=1.2734e+00
t=0.4000, max|U|=1.2238e+00, max|V|=1.2744e+00
t=0.4010, max|U|=1.2246e+00, max|V|=1.2754e+00
t=0.4020, max|U|=1.2254e+00, max|V|=1.2764e+00
t=0.4030, max|U|=1.2262e+00, max|V|=1.2774e+00
t=0.4040, max|U|=1.2269e+00, max|V|=1.2783e+00
t=0.4050, max|U|=1.2277e+00, max|V|=1.2793e+00
t=0.4060, max|U|=1.2285e+00, max|V|=1.2803e+00
t=0.4070, max|U|=1.2292e+00, max|V|=1.2812e+00
t=0.4080, max|U|=1.2300e+00, max|V|=1.2822e+00
t=0.4090, max|U|=1.2307e+00, max|V|=1.2831e+00
t=0.4100, max|U|=1.2315e+00, max|V|=1.2841e+00
t=0.4110, max|U|=1.2322e+00, max|V|=1.2850e+00
t=0.4120, max|U|=1.2329e+00, max|V|=1.2859e+00
t=0.4130, max|U|=1.2337e+00, max|V|=1.2869e+00
t=0.4140, max|U|=1.2344e+00, max|V|=1.2878e+00
t=0.4150, max|U|=1.2351e+00, max|V|=1.2887e+00
t=0.4160, max|U|=1.2358e+00, max|V|=1.2896e+00
t=0.4170, max|U|=1.2365e+00, max|V|=1.2905e+00
t=0.4180, max|U|=1.2372e+00, max|V|=1.2914e+00
t=0.4190, max|U|=1.2379e+00, max|V|=1.2923e+00
t=0.4200, max|U|=1.2386e+00, max|V|=1.2931e+00
t=0.4210, max|U|=1.2393e+00, max|V|=1.2940e+00
t=0.4220, max|U|=1.2399e+00, max|V|=1.2949e+00
t=0.4230, max|U|=1.2406e+00, max|V|=1.2957e+00
t=0.4240, max|U|=1.2413e+00, max|V|=1.2966e+00
t=0.4250, max|U|=1.2419e+00, max|V|=1.2974e+00
t=0.4260, max|U|=1.2426e+00, max|V|=1.2983e+00
t=0.4270, max|U|=1.2432e+00, max|V|=1.2991e+00
t=0.4280, max|U|=1.2439e+00, max|V|=1.2999e+00
t=0.4290, max|U|=1.2445e+00, max|V|=1.3008e+00
t=0.4300, max|U|=1.2452e+00, max|V|=1.3016e+00
t=0.4310, max|U|=1.2458e+00, max|V|=1.3024e+00
t=0.4320, max|U|=1.2464e+00, max|V|=1.3032e+00
t=0.4330, max|U|=1.2470e+00, max|V|=1.3040e+00
t=0.4340, max|U|=1.2477e+00, max|V|=1.3048e+00
t=0.4350, max|U|=1.2483e+00, max|V|=1.3056e+00
t=0.4360, max|U|=1.2489e+00, max|V|=1.3064e+00
t=0.4370, max|U|=1.2495e+00, max|V|=1.3071e+00
t=0.4380, max|U|=1.2501e+00, max|V|=1.3079e+00
t=0.4390, max|U|=1.2507e+00, max|V|=1.3087e+00
t=0.4400, max|U|=1.2512e+00, max|V|=1.3094e+00
t=0.4410, max|U|=1.2518e+00, max|V|=1.3102e+00
t=0.4420, max|U|=1.2524e+00, max|V|=1.3109e+00
t=0.4430, max|U|=1.2530e+00, max|V|=1.3117e+00
t=0.4440, max|U|=1.2535e+00, max|V|=1.3124e+00
t=0.4450, max|U|=1.2541e+00, max|V|=1.3132e+00
t=0.4460, max|U|=1.2547e+00, max|V|=1.3139e+00
t=0.4470, max|U|=1.2552e+00, max|V|=1.3146e+00
t=0.4480, max|U|=1.2558e+00, max|V|=1.3153e+00
t=0.4490, max|U|=1.2563e+00, max|V|=1.3160e+00
t=0.4500, max|U|=1.2569e+00, max|V|=1.3167e+00
t=0.4510, max|U|=1.2574e+00, max|V|=1.3175e+00
t=0.4520, max|U|=1.2579e+00, max|V|=1.3181e+00
t=0.4530, max|U|=1.2585e+00, max|V|=1.3188e+00
t=0.4540, max|U|=1.2590e+00, max|V|=1.3195e+00
t=0.4550, max|U|=1.2595e+00, max|V|=1.3202e+00
t=0.4560, max|U|=1.2600e+00, max|V|=1.3209e+00
t=0.4570, max|U|=1.2605e+00, max|V|=1.3215e+00
t=0.4580, max|U|=1.2610e+00, max|V|=1.3222e+00
t=0.4590, max|U|=1.2615e+00, max|V|=1.3229e+00
t=0.4600, max|U|=1.2620e+00, max|V|=1.3235e+00
t=0.4610, max|U|=1.2625e+00, max|V|=1.3242e+00
t=0.4620, max|U|=1.2630e+00, max|V|=1.3248e+00
t=0.4630, max|U|=1.2635e+00, max|V|=1.3255e+00
t=0.4640, max|U|=1.2640e+00, max|V|=1.3261e+00
t=0.4650, max|U|=1.2644e+00, max|V|=1.3267e+00
t=0.4660, max|U|=1.2649e+00, max|V|=1.3274e+00
t=0.4670, max|U|=1.2654e+00, max|V|=1.3280e+00
t=0.4680, max|U|=1.2658e+00, max|V|=1.3286e+00
t=0.4690, max|U|=1.2663e+00, max|V|=1.3292e+00
t=0.4700, max|U|=1.2668e+00, max|V|=1.3298e+00
t=0.4710, max|U|=1.2672e+00, max|V|=1.3304e+00
t=0.4720, max|U|=1.2677e+00, max|V|=1.3310e+00
t=0.4730, max|U|=1.2681e+00, max|V|=1.3316e+00
t=0.4740, max|U|=1.2685e+00, max|V|=1.3322e+00
t=0.4750, max|U|=1.2690e+00, max|V|=1.3328e+00
t=0.4760, max|U|=1.2694e+00, max|V|=1.3334e+00
t=0.4770, max|U|=1.2698e+00, max|V|=1.3339e+00
t=0.4780, max|U|=1.2703e+00, max|V|=1.3345e+00
t=0.4790, max|U|=1.2707e+00, max|V|=1.3351e+00
t=0.4800, max|U|=1.2711e+00, max|V|=1.3356e+00
t=0.4810, max|U|=1.2715e+00, max|V|=1.3362e+00
t=0.4820, max|U|=1.2719e+00, max|V|=1.3367e+00
t=0.4830, max|U|=1.2723e+00, max|V|=1.3373e+00
t=0.4840, max|U|=1.2727e+00, max|V|=1.3378e+00
t=0.4850, max|U|=1.2731e+00, max|V|=1.3384e+00
t=0.4860, max|U|=1.2735e+00, max|V|=1.3389e+00
t=0.4870, max|U|=1.2739e+00, max|V|=1.3394e+00
t=0.4880, max|U|=1.2743e+00, max|V|=1.3399e+00
t=0.4890, max|U|=1.2747e+00, max|V|=1.3405e+00
t=0.4900, max|U|=1.2751e+00, max|V|=1.3410e+00
t=0.4910, max|U|=1.2755e+00, max|V|=1.3415e+00
t=0.4920, max|U|=1.2758e+00, max|V|=1.3420e+00
t=0.4930, max|U|=1.2762e+00, max|V|=1.3425e+00
t=0.4940, max|U|=1.2766e+00, max|V|=1.3430e+00
t=0.4950, max|U|=1.2769e+00, max|V|=1.3435e+00
t=0.4960, max|U|=1.2773e+00, max|V|=1.3440e+00
t=0.4970, max|U|=1.2777e+00, max|V|=1.3445e+00
t=0.4980, max|U|=1.2780e+00, max|V|=1.3449e+00
t=0.4990, max|U|=1.2784e+00, max|V|=1.3454e+00
t=0.5000, max|U|=1.2787e+00, max|V|=1.3459e+00
t=0.5010, max|U|=1.2791e+00, max|V|=1.3464e+00
t=0.5020, max|U|=1.2794e+00, max|V|=1.3468e+00
t=0.5030, max|U|=1.2797e+00, max|V|=1.3473e+00
t=0.5040, max|U|=1.2801e+00, max|V|=1.3478e+00
t=0.5050, max|U|=1.2804e+00, max|V|=1.3482e+00
t=0.5060, max|U|=1.2807e+00, max|V|=1.3487e+00
t=0.5070, max|U|=1.2810e+00, max|V|=1.3491e+00
t=0.5080, max|U|=1.2814e+00, max|V|=1.3495e+00
t=0.5090, max|U|=1.2817e+00, max|V|=1.3500e+00
t=0.5100, max|U|=1.2820e+00, max|V|=1.3504e+00
t=0.5110, max|U|=1.2823e+00, max|V|=1.3508e+00
t=0.5120, max|U|=1.2826e+00, max|V|=1.3513e+00
t=0.5130, max|U|=1.2829e+00, max|V|=1.3517e+00
t=0.5140, max|U|=1.2832e+00, max|V|=1.3521e+00
t=0.5150, max|U|=1.2835e+00, max|V|=1.3525e+00
t=0.5160, max|U|=1.2838e+00, max|V|=1.3529e+00
t=0.5170, max|U|=1.2841e+00, max|V|=1.3533e+00
t=0.5180, max|U|=1.2844e+00, max|V|=1.3537e+00
t=0.5190, max|U|=1.2847e+00, max|V|=1.3541e+00
t=0.5200, max|U|=1.2850e+00, max|V|=1.3545e+00
t=0.5210, max|U|=1.2853e+00, max|V|=1.3549e+00
t=0.5220, max|U|=1.2855e+00, max|V|=1.3553e+00
t=0.5230, max|U|=1.2858e+00, max|V|=1.3557e+00
t=0.5240, max|U|=1.2861e+00, max|V|=1.3561e+00
t=0.5250, max|U|=1.2864e+00, max|V|=1.3565e+00
t=0.5260, max|U|=1.2866e+00, max|V|=1.3568e+00
t=0.5270, max|U|=1.2869e+00, max|V|=1.3572e+00
t=0.5280, max|U|=1.2872e+00, max|V|=1.3576e+00
t=0.5290, max|U|=1.2874e+00, max|V|=1.3579e+00
t=0.5300, max|U|=1.2877e+00, max|V|=1.3583e+00
t=0.5310, max|U|=1.2879e+00, max|V|=1.3586e+00
t=0.5320, max|U|=1.2882e+00, max|V|=1.3590e+00
t=0.5330, max|U|=1.2884e+00, max|V|=1.3593e+00
t=0.5340, max|U|=1.2887e+00, max|V|=1.3597e+00
t=0.5350, max|U|=1.2889e+00, max|V|=1.3600e+00
t=0.5360, max|U|=1.2892e+00, max|V|=1.3604e+00
t=0.5370, max|U|=1.2894e+00, max|V|=1.3607e+00
t=0.5380, max|U|=1.2896e+00, max|V|=1.3610e+00
t=0.5390, max|U|=1.2899e+00, max|V|=1.3614e+00
t=0.5400, max|U|=1.2901e+00, max|V|=1.3617e+00
t=0.5410, max|U|=1.2903e+00, max|V|=1.3620e+00
t=0.5420, max|U|=1.2905e+00, max|V|=1.3623e+00
t=0.5430, max|U|=1.2908e+00, max|V|=1.3626e+00
t=0.5440, max|U|=1.2910e+00, max|V|=1.3629e+00
t=0.5450, max|U|=1.2912e+00, max|V|=1.3633e+00
t=0.5460, max|U|=1.2914e+00, max|V|=1.3636e+00
t=0.5470, max|U|=1.2916e+00, max|V|=1.3639e+00
t=0.5480, max|U|=1.2918e+00, max|V|=1.3642e+00
t=0.5490, max|U|=1.2920e+00, max|V|=1.3644e+00
t=0.5500, max|U|=1.2922e+00, max|V|=1.3647e+00
t=0.5510, max|U|=1.2924e+00, max|V|=1.3650e+00
t=0.5520, max|U|=1.2926e+00, max|V|=1.3653e+00
t=0.5530, max|U|=1.2928e+00, max|V|=1.3656e+00
t=0.5540, max|U|=1.2930e+00, max|V|=1.3659e+00
t=0.5550, max|U|=1.2932e+00, max|V|=1.3661e+00
t=0.5560, max|U|=1.2934e+00, max|V|=1.3664e+00
t=0.5570, max|U|=1.2936e+00, max|V|=1.3667e+00
t=0.5580, max|U|=1.2938e+00, max|V|=1.3669e+00
t=0.5590, max|U|=1.2940e+00, max|V|=1.3672e+00
t=0.5600, max|U|=1.2941e+00, max|V|=1.3675e+00
t=0.5610, max|U|=1.2943e+00, max|V|=1.3677e+00
t=0.5620, max|U|=1.2945e+00, max|V|=1.3680e+00
t=0.5630, max|U|=1.2947e+00, max|V|=1.3682e+00
t=0.5640, max|U|=1.2948e+00, max|V|=1.3685e+00
t=0.5650, max|U|=1.2950e+00, max|V|=1.3687e+00
t=0.5660, max|U|=1.2952e+00, max|V|=1.3689e+00
t=0.5670, max|U|=1.2953e+00, max|V|=1.3692e+00
t=0.5680, max|U|=1.2955e+00, max|V|=1.3694e+00
t=0.5690, max|U|=1.2957e+00, max|V|=1.3696e+00
t=0.5700, max|U|=1.2958e+00, max|V|=1.3699e+00
t=0.5710, max|U|=1.2960e+00, max|V|=1.3701e+00
t=0.5720, max|U|=1.2961e+00, max|V|=1.3703e+00
t=0.5730, max|U|=1.2963e+00, max|V|=1.3705e+00
t=0.5740, max|U|=1.2964e+00, max|V|=1.3707e+00
t=0.5750, max|U|=1.2966e+00, max|V|=1.3710e+00
t=0.5760, max|U|=1.2967e+00, max|V|=1.3712e+00
t=0.5770, max|U|=1.2968e+00, max|V|=1.3714e+00
t=0.5780, max|U|=1.2970e+00, max|V|=1.3716e+00
t=0.5790, max|U|=1.2971e+00, max|V|=1.3718e+00
t=0.5800, max|U|=1.2973e+00, max|V|=1.3720e+00
t=0.5810, max|U|=1.2974e+00, max|V|=1.3722e+00
t=0.5820, max|U|=1.2975e+00, max|V|=1.3724e+00
t=0.5830, max|U|=1.2977e+00, max|V|=1.3725e+00
t=0.5840, max|U|=1.2978e+00, max|V|=1.3727e+00
t=0.5850, max|U|=1.2979e+00, max|V|=1.3729e+00
t=0.5860, max|U|=1.2980e+00, max|V|=1.3731e+00
t=0.5870, max|U|=1.2981e+00, max|V|=1.3733e+00
t=0.5880, max|U|=1.2983e+00, max|V|=1.3734e+00
t=0.5890, max|U|=1.2984e+00, max|V|=1.3736e+00
t=0.5900, max|U|=1.2985e+00, max|V|=1.3738e+00
t=0.5910, max|U|=1.2986e+00, max|V|=1.3739e+00
t=0.5920, max|U|=1.2987e+00, max|V|=1.3741e+00
t=0.5930, max|U|=1.2988e+00, max|V|=1.3743e+00
t=0.5940, max|U|=1.2989e+00, max|V|=1.3744e+00
t=0.5950, max|U|=1.2990e+00, max|V|=1.3746e+00
t=0.5960, max|U|=1.2991e+00, max|V|=1.3747e+00
t=0.5970, max|U|=1.2992e+00, max|V|=1.3749e+00
t=0.5980, max|U|=1.2993e+00, max|V|=1.3750e+00
t=0.5990, max|U|=1.2994e+00, max|V|=1.3752e+00
t=0.6000, max|U|=1.2995e+00, max|V|=1.3753e+00
t=0.6010, max|U|=1.2996e+00, max|V|=1.3754e+00
t=0.6020, max|U|=1.2997e+00, max|V|=1.3756e+00
t=0.6030, max|U|=1.2998e+00, max|V|=1.3757e+00
t=0.6040, max|U|=1.2999e+00, max|V|=1.3758e+00
t=0.6050, max|U|=1.3000e+00, max|V|=1.3760e+00
t=0.6060, max|U|=1.3001e+00, max|V|=1.3761e+00
t=0.6070, max|U|=1.3002e+00, max|V|=1.3762e+00
t=0.6080, max|U|=1.3002e+00, max|V|=1.3763e+00
t=0.6090, max|U|=1.3003e+00, max|V|=1.3764e+00
t=0.6100, max|U|=1.3004e+00, max|V|=1.3766e+00
t=0.6110, max|U|=1.3005e+00, max|V|=1.3767e+00
t=0.6120, max|U|=1.3005e+00, max|V|=1.3768e+00
t=0.6130, max|U|=1.3006e+00, max|V|=1.3769e+00
t=0.6140, max|U|=1.3007e+00, max|V|=1.3770e+00
t=0.6150, max|U|=1.3007e+00, max|V|=1.3771e+00
t=0.6160, max|U|=1.3008e+00, max|V|=1.3772e+00
t=0.6170, max|U|=1.3009e+00, max|V|=1.3773e+00
t=0.6180, max|U|=1.3009e+00, max|V|=1.3774e+00
t=0.6190, max|U|=1.3010e+00, max|V|=1.3775e+00
t=0.6200, max|U|=1.3011e+00, max|V|=1.3775e+00
t=0.6210, max|U|=1.3011e+00, max|V|=1.3776e+00
t=0.6220, max|U|=1.3012e+00, max|V|=1.3777e+00
t=0.6230, max|U|=1.3012e+00, max|V|=1.3778e+00
t=0.6240, max|U|=1.3013e+00, max|V|=1.3779e+00
t=0.6250, max|U|=1.3013e+00, max|V|=1.3779e+00
t=0.6260, max|U|=1.3014e+00, max|V|=1.3780e+00
t=0.6270, max|U|=1.3014e+00, max|V|=1.3781e+00
t=0.6280, max|U|=1.3015e+00, max|V|=1.3781e+00
t=0.6290, max|U|=1.3015e+00, max|V|=1.3782e+00
t=0.6300, max|U|=1.3016e+00, max|V|=1.3783e+00
t=0.6310, max|U|=1.3016e+00, max|V|=1.3783e+00
t=0.6320, max|U|=1.3016e+00, max|V|=1.3784e+00
t=0.6330, max|U|=1.3017e+00, max|V|=1.3784e+00
t=0.6340, max|U|=1.3017e+00, max|V|=1.3785e+00
t=0.6350, max|U|=1.3017e+00, max|V|=1.3785e+00
t=0.6360, max|U|=1.3018e+00, max|V|=1.3786e+00
t=0.6370, max|U|=1.3018e+00, max|V|=1.3786e+00
t=0.6380, max|U|=1.3018e+00, max|V|=1.3787e+00
t=0.6390, max|U|=1.3019e+00, max|V|=1.3787e+00
t=0.6400, max|U|=1.3019e+00, max|V|=1.3787e+00
t=0.6410, max|U|=1.3019e+00, max|V|=1.3788e+00
t=0.6420, max|U|=1.3019e+00, max|V|=1.3788e+00
t=0.6430, max|U|=1.3020e+00, max|V|=1.3788e+00
t=0.6440, max|U|=1.3020e+00, max|V|=1.3789e+00
t=0.6450, max|U|=1.3020e+00, max|V|=1.3789e+00
t=0.6460, max|U|=1.3020e+00, max|V|=1.3789e+00
t=0.6470, max|U|=1.3020e+00, max|V|=1.3789e+00
t=0.6480, max|U|=1.3020e+00, max|V|=1.3789e+00
t=0.6490, max|U|=1.3020e+00, max|V|=1.3790e+00
t=0.6500, max|U|=1.3021e+00, max|V|=1.3790e+00
t=0.6510, max|U|=1.3021e+00, max|V|=1.3790e+00
t=0.6520, max|U|=1.3021e+00, max|V|=1.3790e+00
t=0.6530, max|U|=1.3021e+00, max|V|=1.3790e+00
t=0.6540, max|U|=1.3021e+00, max|V|=1.3790e+00
t=0.6550, max|U|=1.3021e+00, max|V|=1.3790e+00
t=0.6560, max|U|=1.3021e+00, max|V|=1.3790e+00
t=0.6570, max|U|=1.3021e+00, max|V|=1.3790e+00
t=0.6580, max|U|=1.3021e+00, max|V|=1.3790e+00
t=0.6590, max|U|=1.3021e+00, max|V|=1.3790e+00
t=0.6600, max|U|=1.3021e+00, max|V|=1.3790e+00
t=0.6610, max|U|=1.3021e+00, max|V|=1.3789e+00
t=0.6620, max|U|=1.3021e+00, max|V|=1.3789e+00
t=0.6630, max|U|=1.3021e+00, max|V|=1.3789e+00
t=0.6640, max|U|=1.3021e+00, max|V|=1.3789e+00
t=0.6650, max|U|=1.3020e+00, max|V|=1.3789e+00
t=0.6660, max|U|=1.3020e+00, max|V|=1.3788e+00
t=0.6670, max|U|=1.3020e+00, max|V|=1.3788e+00
t=0.6680, max|U|=1.3020e+00, max|V|=1.3788e+00
t=0.6690, max|U|=1.3020e+00, max|V|=1.3788e+00
t=0.6700, max|U|=1.3020e+00, max|V|=1.3787e+00
t=0.6710, max|U|=1.3019e+00, max|V|=1.3787e+00
t=0.6720, max|U|=1.3019e+00, max|V|=1.3786e+00
t=0.6730, max|U|=1.3019e+00, max|V|=1.3786e+00
t=0.6740, max|U|=1.3019e+00, max|V|=1.3786e+00
t=0.6750, max|U|=1.3019e+00, max|V|=1.3785e+00
t=0.6760, max|U|=1.3018e+00, max|V|=1.3785e+00
t=0.6770, max|U|=1.3018e+00, max|V|=1.3784e+00
t=0.6780, max|U|=1.3018e+00, max|V|=1.3784e+00
t=0.6790, max|U|=1.3017e+00, max|V|=1.3783e+00
t=0.6800, max|U|=1.3017e+00, max|V|=1.3783e+00
t=0.6810, max|U|=1.3017e+00, max|V|=1.3782e+00
t=0.6820, max|U|=1.3016e+00, max|V|=1.3781e+00
t=0.6830, max|U|=1.3016e+00, max|V|=1.3781e+00
t=0.6840, max|U|=1.3016e+00, max|V|=1.3780e+00
t=0.6850, max|U|=1.3015e+00, max|V|=1.3779e+00
t=0.6860, max|U|=1.3015e+00, max|V|=1.3779e+00
t=0.6870, max|U|=1.3014e+00, max|V|=1.3778e+00
t=0.6880, max|U|=1.3014e+00, max|V|=1.3777e+00
t=0.6890, max|U|=1.3014e+00, max|V|=1.3776e+00
t=0.6900, max|U|=1.3013e+00, max|V|=1.3776e+00
t=0.6910, max|U|=1.3013e+00, max|V|=1.3775e+00
t=0.6920, max|U|=1.3012e+00, max|V|=1.3774e+00
t=0.6930, max|U|=1.3012e+00, max|V|=1.3773e+00
t=0.6940, max|U|=1.3011e+00, max|V|=1.3772e+00
t=0.6950, max|U|=1.3011e+00, max|V|=1.3771e+00
t=0.6960, max|U|=1.3010e+00, max|V|=1.3770e+00
t=0.6970, max|U|=1.3010e+00, max|V|=1.3770e+00
t=0.6980, max|U|=1.3009e+00, max|V|=1.3769e+00
t=0.6990, max|U|=1.3009e+00, max|V|=1.3768e+00
t=0.7000, max|U|=1.3008e+00, max|V|=1.3767e+00
t=0.7010, max|U|=1.3007e+00, max|V|=1.3766e+00
t=0.7020, max|U|=1.3007e+00, max|V|=1.3765e+00
t=0.7030, max|U|=1.3006e+00, max|V|=1.3763e+00
t=0.7040, max|U|=1.3006e+00, max|V|=1.3762e+00
t=0.7050, max|U|=1.3005e+00, max|V|=1.3761e+00
t=0.7060, max|U|=1.3004e+00, max|V|=1.3760e+00
t=0.7070, max|U|=1.3004e+00, max|V|=1.3759e+00
t=0.7080, max|U|=1.3003e+00, max|V|=1.3758e+00
t=0.7090, max|U|=1.3002e+00, max|V|=1.3757e+00
t=0.7100, max|U|=1.3002e+00, max|V|=1.3755e+00
t=0.7110, max|U|=1.3001e+00, max|V|=1.3754e+00
t=0.7120, max|U|=1.3000e+00, max|V|=1.3753e+00
t=0.7130, max|U|=1.2999e+00, max|V|=1.3752e+00
t=0.7140, max|U|=1.2999e+00, max|V|=1.3750e+00
t=0.7150, max|U|=1.2998e+00, max|V|=1.3749e+00
t=0.7160, max|U|=1.2997e+00, max|V|=1.3748e+00
t=0.7170, max|U|=1.2996e+00, max|V|=1.3746e+00
t=0.7180, max|U|=1.2996e+00, max|V|=1.3745e+00
t=0.7190, max|U|=1.2995e+00, max|V|=1.3744e+00
t=0.7200, max|U|=1.2994e+00, max|V|=1.3742e+00
t=0.7210, max|U|=1.2993e+00, max|V|=1.3741e+00
t=0.7220, max|U|=1.2992e+00, max|V|=1.3739e+00
t=0.7230, max|U|=1.2991e+00, max|V|=1.3738e+00
t=0.7240, max|U|=1.2991e+00, max|V|=1.3736e+00
t=0.7250, max|U|=1.2990e+00, max|V|=1.3735e+00
t=0.7260, max|U|=1.2989e+00, max|V|=1.3733e+00
t=0.7270, max|U|=1.2988e+00, max|V|=1.3732e+00
t=0.7280, max|U|=1.2987e+00, max|V|=1.3730e+00
t=0.7290, max|U|=1.2986e+00, max|V|=1.3729e+00
t=0.7300, max|U|=1.2985e+00, max|V|=1.3727e+00
t=0.7310, max|U|=1.2984e+00, max|V|=1.3725e+00
t=0.7320, max|U|=1.2983e+00, max|V|=1.3724e+00
t=0.7330, max|U|=1.2982e+00, max|V|=1.3722e+00
t=0.7340, max|U|=1.2981e+00, max|V|=1.3720e+00
t=0.7350, max|U|=1.2980e+00, max|V|=1.3719e+00
t=0.7360, max|U|=1.2979e+00, max|V|=1.3717e+00
t=0.7370, max|U|=1.2978e+00, max|V|=1.3715e+00
t=0.7380, max|U|=1.2977e+00, max|V|=1.3714e+00
t=0.7390, max|U|=1.2976e+00, max|V|=1.3712e+00
t=0.7400, max|U|=1.2975e+00, max|V|=1.3710e+00
t=0.7410, max|U|=1.2974e+00, max|V|=1.3708e+00
t=0.7420, max|U|=1.2973e+00, max|V|=1.3706e+00
t=0.7430, max|U|=1.2972e+00, max|V|=1.3704e+00
t=0.7440, max|U|=1.2971e+00, max|V|=1.3703e+00
t=0.7450, max|U|=1.2970e+00, max|V|=1.3701e+00
t=0.7460, max|U|=1.2969e+00, max|V|=1.3699e+00
t=0.7470, max|U|=1.2968e+00, max|V|=1.3697e+00
t=0.7480, max|U|=1.2967e+00, max|V|=1.3695e+00
t=0.7490, max|U|=1.2965e+00, max|V|=1.3693e+00
t=0.7500, max|U|=1.2964e+00, max|V|=1.3691e+00
t=0.7510, max|U|=1.2963e+00, max|V|=1.3689e+00
t=0.7520, max|U|=1.2962e+00, max|V|=1.3687e+00
t=0.7530, max|U|=1.2961e+00, max|V|=1.3685e+00
t=0.7540, max|U|=1.2960e+00, max|V|=1.3683e+00
t=0.7550, max|U|=1.2958e+00, max|V|=1.3681e+00
t=0.7560, max|U|=1.2957e+00, max|V|=1.3679e+00
t=0.7570, max|U|=1.2956e+00, max|V|=1.3676e+00
t=0.7580, max|U|=1.2955e+00, max|V|=1.3674e+00
t=0.7590, max|U|=1.2953e+00, max|V|=1.3672e+00
t=0.7600, max|U|=1.2952e+00, max|V|=1.3670e+00
t=0.7610, max|U|=1.2951e+00, max|V|=1.3668e+00
t=0.7620, max|U|=1.2950e+00, max|V|=1.3666e+00
t=0.7630, max|U|=1.2948e+00, max|V|=1.3663e+00
t=0.7640, max|U|=1.2947e+00, max|V|=1.3661e+00
t=0.7650, max|U|=1.2946e+00, max|V|=1.3659e+00
t=0.7660, max|U|=1.2945e+00, max|V|=1.3657e+00
t=0.7670, max|U|=1.2943e+00, max|V|=1.3654e+00
t=0.7680, max|U|=1.2942e+00, max|V|=1.3652e+00
t=0.7690, max|U|=1.2941e+00, max|V|=1.3650e+00
t=0.7700, max|U|=1.2939e+00, max|V|=1.3647e+00
t=0.7710, max|U|=1.2938e+00, max|V|=1.3645e+00
t=0.7720, max|U|=1.2936e+00, max|V|=1.3643e+00
t=0.7730, max|U|=1.2935e+00, max|V|=1.3640e+00
t=0.7740, max|U|=1.2934e+00, max|V|=1.3638e+00
t=0.7750, max|U|=1.2932e+00, max|V|=1.3635e+00
t=0.7760, max|U|=1.2931e+00, max|V|=1.3633e+00
t=0.7770, max|U|=1.2929e+00, max|V|=1.3630e+00
t=0.7780, max|U|=1.2928e+00, max|V|=1.3628e+00
t=0.7790, max|U|=1.2927e+00, max|V|=1.3625e+00
t=0.7800, max|U|=1.2925e+00, max|V|=1.3623e+00
t=0.7810, max|U|=1.2924e+00, max|V|=1.3620e+00
t=0.7820, max|U|=1.2922e+00, max|V|=1.3618e+00
t=0.7830, max|U|=1.2921e+00, max|V|=1.3615e+00
t=0.7840, max|U|=1.2919e+00, max|V|=1.3613e+00
t=0.7850, max|U|=1.2918e+00, max|V|=1.3610e+00
t=0.7860, max|U|=1.2916e+00, max|V|=1.3607e+00
t=0.7870, max|U|=1.2915e+00, max|V|=1.3605e+00
t=0.7880, max|U|=1.2913e+00, max|V|=1.3602e+00
t=0.7890, max|U|=1.2912e+00, max|V|=1.3599e+00
t=0.7900, max|U|=1.2910e+00, max|V|=1.3597e+00
t=0.7910, max|U|=1.2909e+00, max|V|=1.3594e+00
t=0.7920, max|U|=1.2907e+00, max|V|=1.3591e+00
t=0.7930, max|U|=1.2905e+00, max|V|=1.3588e+00
t=0.7940, max|U|=1.2904e+00, max|V|=1.3586e+00
t=0.7950, max|U|=1.2902e+00, max|V|=1.3583e+00
t=0.7960, max|U|=1.2901e+00, max|V|=1.3580e+00
t=0.7970, max|U|=1.2899e+00, max|V|=1.3577e+00
t=0.7980, max|U|=1.2897e+00, max|V|=1.3574e+00
t=0.7990, max|U|=1.2896e+00, max|V|=1.3572e+00
t=0.8000, max|U|=1.2894e+00, max|V|=1.3569e+00
t=0.8010, max|U|=1.2892e+00, max|V|=1.3566e+00
t=0.8020, max|U|=1.2891e+00, max|V|=1.3563e+00
t=0.8030, max|U|=1.2889e+00, max|V|=1.3560e+00
t=0.8040, max|U|=1.2887e+00, max|V|=1.3557e+00
t=0.8050, max|U|=1.2886e+00, max|V|=1.3554e+00
t=0.8060, max|U|=1.2884e+00, max|V|=1.3551e+00
t=0.8070, max|U|=1.2882e+00, max|V|=1.3548e+00
t=0.8080, max|U|=1.2881e+00, max|V|=1.3545e+00
t=0.8090, max|U|=1.2879e+00, max|V|=1.3542e+00
t=0.8100, max|U|=1.2877e+00, max|V|=1.3539e+00
t=0.8110, max|U|=1.2876e+00, max|V|=1.3536e+00
t=0.8120, max|U|=1.2874e+00, max|V|=1.3533e+00
t=0.8130, max|U|=1.2872e+00, max|V|=1.3530e+00
t=0.8140, max|U|=1.2870e+00, max|V|=1.3527e+00
t=0.8150, max|U|=1.2868e+00, max|V|=1.3524e+00
t=0.8160, max|U|=1.2867e+00, max|V|=1.3521e+00
t=0.8170, max|U|=1.2865e+00, max|V|=1.3518e+00
t=0.8180, max|U|=1.2863e+00, max|V|=1.3515e+00
t=0.8190, max|U|=1.2861e+00, max|V|=1.3511e+00
t=0.8200, max|U|=1.2859e+00, max|V|=1.3508e+00
t=0.8210, max|U|=1.2858e+00, max|V|=1.3505e+00
t=0.8220, max|U|=1.2856e+00, max|V|=1.3502e+00
t=0.8230, max|U|=1.2854e+00, max|V|=1.3499e+00
t=0.8240, max|U|=1.2852e+00, max|V|=1.3495e+00
t=0.8250, max|U|=1.2850e+00, max|V|=1.3492e+00
t=0.8260, max|U|=1.2848e+00, max|V|=1.3489e+00
t=0.8270, max|U|=1.2847e+00, max|V|=1.3486e+00
t=0.8280, max|U|=1.2845e+00, max|V|=1.3482e+00
t=0.8290, max|U|=1.2843e+00, max|V|=1.3479e+00
t=0.8300, max|U|=1.2841e+00, max|V|=1.3476e+00
t=0.8310, max|U|=1.2839e+00, max|V|=1.3472e+00
t=0.8320, max|U|=1.2837e+00, max|V|=1.3469e+00
t=0.8330, max|U|=1.2835e+00, max|V|=1.3466e+00
t=0.8340, max|U|=1.2833e+00, max|V|=1.3462e+00
t=0.8350, max|U|=1.2831e+00, max|V|=1.3459e+00
t=0.8360, max|U|=1.2829e+00, max|V|=1.3456e+00
t=0.8370, max|U|=1.2827e+00, max|V|=1.3452e+00
t=0.8380, max|U|=1.2825e+00, max|V|=1.3449e+00
t=0.8390, max|U|=1.2823e+00, max|V|=1.3445e+00
t=0.8400, max|U|=1.2821e+00, max|V|=1.3442e+00
t=0.8410, max|U|=1.2819e+00, max|V|=1.3438e+00
t=0.8420, max|U|=1.2817e+00, max|V|=1.3435e+00
t=0.8430, max|U|=1.2815e+00, max|V|=1.3431e+00
t=0.8440, max|U|=1.2813e+00, max|V|=1.3428e+00
t=0.8450, max|U|=1.2811e+00, max|V|=1.3424e+00
t=0.8460, max|U|=1.2809e+00, max|V|=1.3421e+00
t=0.8470, max|U|=1.2807e+00, max|V|=1.3417e+00
t=0.8480, max|U|=1.2805e+00, max|V|=1.3414e+00
t=0.8490, max|U|=1.2803e+00, max|V|=1.3410e+00
t=0.8500, max|U|=1.2801e+00, max|V|=1.3406e+00
t=0.8510, max|U|=1.2799e+00, max|V|=1.3403e+00
t=0.8520, max|U|=1.2797e+00, max|V|=1.3399e+00
t=0.8530, max|U|=1.2795e+00, max|V|=1.3396e+00
t=0.8540, max|U|=1.2793e+00, max|V|=1.3392e+00
t=0.8550, max|U|=1.2791e+00, max|V|=1.3388e+00
t=0.8560, max|U|=1.2788e+00, max|V|=1.3385e+00
t=0.8570, max|U|=1.2786e+00, max|V|=1.3381e+00
t=0.8580, max|U|=1.2784e+00, max|V|=1.3377e+00
t=0.8590, max|U|=1.2782e+00, max|V|=1.3373e+00
t=0.8600, max|U|=1.2780e+00, max|V|=1.3370e+00
t=0.8610, max|U|=1.2778e+00, max|V|=1.3366e+00
t=0.8620, max|U|=1.2776e+00, max|V|=1.3362e+00
t=0.8630, max|U|=1.2773e+00, max|V|=1.3358e+00
t=0.8640, max|U|=1.2771e+00, max|V|=1.3355e+00
t=0.8650, max|U|=1.2769e+00, max|V|=1.3351e+00
t=0.8660, max|U|=1.2767e+00, max|V|=1.3347e+00
t=0.8670, max|U|=1.2765e+00, max|V|=1.3343e+00
t=0.8680, max|U|=1.2762e+00, max|V|=1.3339e+00
t=0.8690, max|U|=1.2760e+00, max|V|=1.3336e+00
t=0.8700, max|U|=1.2758e+00, max|V|=1.3332e+00
t=0.8710, max|U|=1.2756e+00, max|V|=1.3328e+00
t=0.8720, max|U|=1.2754e+00, max|V|=1.3324e+00
t=0.8730, max|U|=1.2751e+00, max|V|=1.3320e+00
t=0.8740, max|U|=1.2749e+00, max|V|=1.3316e+00
t=0.8750, max|U|=1.2747e+00, max|V|=1.3312e+00
t=0.8760, max|U|=1.2745e+00, max|V|=1.3308e+00
t=0.8770, max|U|=1.2742e+00, max|V|=1.3304e+00
t=0.8780, max|U|=1.2740e+00, max|V|=1.3300e+00
t=0.8790, max|U|=1.2738e+00, max|V|=1.3296e+00
t=0.8800, max|U|=1.2735e+00, max|V|=1.3292e+00
t=0.8810, max|U|=1.2733e+00, max|V|=1.3288e+00
t=0.8820, max|U|=1.2731e+00, max|V|=1.3284e+00
t=0.8830, max|U|=1.2728e+00, max|V|=1.3280e+00
t=0.8840, max|U|=1.2726e+00, max|V|=1.3276e+00
t=0.8850, max|U|=1.2724e+00, max|V|=1.3272e+00
t=0.8860, max|U|=1.2721e+00, max|V|=1.3268e+00
t=0.8870, max|U|=1.2719e+00, max|V|=1.3264e+00
t=0.8880, max|U|=1.2717e+00, max|V|=1.3260e+00
t=0.8890, max|U|=1.2714e+00, max|V|=1.3256e+00
t=0.8900, max|U|=1.2712e+00, max|V|=1.3252e+00
t=0.8910, max|U|=1.2710e+00, max|V|=1.3248e+00
t=0.8920, max|U|=1.2707e+00, max|V|=1.3244e+00
t=0.8930, max|U|=1.2705e+00, max|V|=1.3240e+00
t=0.8940, max|U|=1.2702e+00, max|V|=1.3235e+00
t=0.8950, max|U|=1.2700e+00, max|V|=1.3231e+00
t=0.8960, max|U|=1.2698e+00, max|V|=1.3227e+00
t=0.8970, max|U|=1.2695e+00, max|V|=1.3223e+00
t=0.8980, max|U|=1.2693e+00, max|V|=1.3219e+00
t=0.8990, max|U|=1.2690e+00, max|V|=1.3215e+00
t=0.9000, max|U|=1.2688e+00, max|V|=1.3210e+00
t=0.9010, max|U|=1.2685e+00, max|V|=1.3206e+00
t=0.9020, max|U|=1.2683e+00, max|V|=1.3202e+00
t=0.9030, max|U|=1.2681e+00, max|V|=1.3198e+00
t=0.9040, max|U|=1.2678e+00, max|V|=1.3193e+00
t=0.9050, max|U|=1.2676e+00, max|V|=1.3189e+00
t=0.9060, max|U|=1.2673e+00, max|V|=1.3185e+00
t=0.9070, max|U|=1.2671e+00, max|V|=1.3181e+00
t=0.9080, max|U|=1.2668e+00, max|V|=1.3176e+00
t=0.9090, max|U|=1.2666e+00, max|V|=1.3172e+00
t=0.9100, max|U|=1.2663e+00, max|V|=1.3168e+00
t=0.9110, max|U|=1.2661e+00, max|V|=1.3163e+00
t=0.9120, max|U|=1.2658e+00, max|V|=1.3159e+00
t=0.9130, max|U|=1.2655e+00, max|V|=1.3155e+00
t=0.9140, max|U|=1.2653e+00, max|V|=1.3150e+00
t=0.9150, max|U|=1.2650e+00, max|V|=1.3146e+00
t=0.9160, max|U|=1.2648e+00, max|V|=1.3142e+00
t=0.9170, max|U|=1.2645e+00, max|V|=1.3137e+00
t=0.9180, max|U|=1.2643e+00, max|V|=1.3133e+00
t=0.9190, max|U|=1.2640e+00, max|V|=1.3128e+00
t=0.9200, max|U|=1.2638e+00, max|V|=1.3124e+00
t=0.9210, max|U|=1.2635e+00, max|V|=1.3120e+00
t=0.9220, max|U|=1.2632e+00, max|V|=1.3115e+00
t=0.9230, max|U|=1.2630e+00, max|V|=1.3111e+00
t=0.9240, max|U|=1.2627e+00, max|V|=1.3106e+00
t=0.9250, max|U|=1.2625e+00, max|V|=1.3102e+00
t=0.9260, max|U|=1.2622e+00, max|V|=1.3097e+00
t=0.9270, max|U|=1.2619e+00, max|V|=1.3093e+00
t=0.9280, max|U|=1.2617e+00, max|V|=1.3088e+00
t=0.9290, max|U|=1.2614e+00, max|V|=1.3084e+00
t=0.9300, max|U|=1.2611e+00, max|V|=1.3079e+00
t=0.9310, max|U|=1.2609e+00, max|V|=1.3075e+00
t=0.9320, max|U|=1.2606e+00, max|V|=1.3070e+00
t=0.9330, max|U|=1.2603e+00, max|V|=1.3066e+00
t=0.9340, max|U|=1.2601e+00, max|V|=1.3061e+00
t=0.9350, max|U|=1.2598e+00, max|V|=1.3057e+00
t=0.9360, max|U|=1.2595e+00, max|V|=1.3052e+00
t=0.9370, max|U|=1.2593e+00, max|V|=1.3048e+00
t=0.9380, max|U|=1.2590e+00, max|V|=1.3043e+00
t=0.9390, max|U|=1.2587e+00, max|V|=1.3038e+00
t=0.9400, max|U|=1.2585e+00, max|V|=1.3034e+00
t=0.9410, max|U|=1.2582e+00, max|V|=1.3029e+00
t=0.9420, max|U|=1.2579e+00, max|V|=1.3025e+00
t=0.9430, max|U|=1.2576e+00, max|V|=1.3020e+00
t=0.9440, max|U|=1.2574e+00, max|V|=1.3015e+00
t=0.9450, max|U|=1.2571e+00, max|V|=1.3011e+00
t=0.9460, max|U|=1.2568e+00, max|V|=1.3006e+00
t=0.9470, max|U|=1.2565e+00, max|V|=1.3001e+00
t=0.9480, max|U|=1.2563e+00, max|V|=1.2997e+00
t=0.9490, max|U|=1.2560e+00, max|V|=1.2992e+00
t=0.9500, max|U|=1.2557e+00, max|V|=1.2987e+00
t=0.9510, max|U|=1.2554e+00, max|V|=1.2983e+00
t=0.9520, max|U|=1.2552e+00, max|V|=1.2978e+00
t=0.9530, max|U|=1.2549e+00, max|V|=1.2973e+00
t=0.9540, max|U|=1.2546e+00, max|V|=1.2969e+00
t=0.9550, max|U|=1.2543e+00, max|V|=1.2964e+00
t=0.9560, max|U|=1.2540e+00, max|V|=1.2959e+00
t=0.9570, max|U|=1.2538e+00, max|V|=1.2954e+00
t=0.9580, max|U|=1.2535e+00, max|V|=1.2950e+00
t=0.9590, max|U|=1.2532e+00, max|V|=1.2945e+00
t=0.9600, max|U|=1.2529e+00, max|V|=1.2940e+00
t=0.9610, max|U|=1.2526e+00, max|V|=1.2935e+00
t=0.9620, max|U|=1.2523e+00, max|V|=1.2931e+00
t=0.9630, max|U|=1.2521e+00, max|V|=1.2926e+00
t=0.9640, max|U|=1.2518e+00, max|V|=1.2921e+00
t=0.9650, max|U|=1.2515e+00, max|V|=1.2916e+00
t=0.9660, max|U|=1.2512e+00, max|V|=1.2912e+00
t=0.9670, max|U|=1.2509e+00, max|V|=1.2907e+00
t=0.9680, max|U|=1.2506e+00, max|V|=1.2902e+00
t=0.9690, max|U|=1.2503e+00, max|V|=1.2897e+00
t=0.9700, max|U|=1.2500e+00, max|V|=1.2892e+00
t=0.9710, max|U|=1.2498e+00, max|V|=1.2887e+00
t=0.9720, max|U|=1.2495e+00, max|V|=1.2883e+00
t=0.9730, max|U|=1.2492e+00, max|V|=1.2878e+00
t=0.9740, max|U|=1.2489e+00, max|V|=1.2873e+00
t=0.9750, max|U|=1.2486e+00, max|V|=1.2868e+00
t=0.9760, max|U|=1.2483e+00, max|V|=1.2863e+00
t=0.9770, max|U|=1.2480e+00, max|V|=1.2858e+00
t=0.9780, max|U|=1.2477e+00, max|V|=1.2853e+00
t=0.9790, max|U|=1.2474e+00, max|V|=1.2849e+00
t=0.9800, max|U|=1.2471e+00, max|V|=1.2844e+00
t=0.9810, max|U|=1.2468e+00, max|V|=1.2839e+00
t=0.9820, max|U|=1.2465e+00, max|V|=1.2834e+00
t=0.9830, max|U|=1.2462e+00, max|V|=1.2829e+00
t=0.9840, max|U|=1.2459e+00, max|V|=1.2824e+00
t=0.9850, max|U|=1.2456e+00, max|V|=1.2819e+00
t=0.9860, max|U|=1.2453e+00, max|V|=1.2814e+00
t=0.9870, max|U|=1.2450e+00, max|V|=1.2809e+00
t=0.9880, max|U|=1.2447e+00, max|V|=1.2804e+00
t=0.9890, max|U|=1.2444e+00, max|V|=1.2799e+00
t=0.9900, max|U|=1.2441e+00, max|V|=1.2794e+00
t=0.9910, max|U|=1.2438e+00, max|V|=1.2789e+00
t=0.9920, max|U|=1.2435e+00, max|V|=1.2784e+00
t=0.9930, max|U|=1.2432e+00, max|V|=1.2779e+00
t=0.9940, max|U|=1.2429e+00, max|V|=1.2774e+00
t=0.9950, max|U|=1.2426e+00, max|V|=1.2769e+00
t=0.9960, max|U|=1.2423e+00, max|V|=1.2764e+00
t=0.9970, max|U|=1.2420e+00, max|V|=1.2759e+00
t=0.9980, max|U|=1.2417e+00, max|V|=1.2754e+00
t=0.9990, max|U|=1.2414e+00, max|V|=1.2749e+00
t=1.0000, max|U|=1.2411e+00, max|V|=1.2744e+00
Total simulation time: 3.04 seconds
Point (0.25, 0.25): U=0.3256, analytical_U=0.2973
Point (0.5, 0.25): U=0.6208, analytical_U=0.5774
Point (0.75, 0.25): U=-0.0569, analytical_U=0.2973
Point (0.25, 0.5): U=0.2069, analytical_U=0.2738
Point (0.5, 0.5): U=-0.2252, analytical_U=0.0000
Point (0.75, 0.5): U=-0.2904, analytical_U=-0.2738
Point (0.25, 0.75): U=-0.3238, analytical_U=-0.2973
Point (0.5, 0.75): U=-0.5698, analytical_U=-0.5774
Point (0.75, 0.75): U=-0.3598, analytical_U=-0.2973
Root Mean Square Error compared to literature solution: 1.4464e-01
Point (0.25, 0.25): U=0.2415, analytical_U=0.1885
Point (0.5, 0.25): U=0.4735, analytical_U=0.3749
Point (0.75, 0.25): U=-0.1705, analytical_U=0.1885
Point (0.25, 0.5): U=0.2347, analytical_U=0.1856
Point (0.5, 0.5): U=-0.2336, analytical_U=0.0000
Point (0.75, 0.5): U=-0.2547, analytical_U=-0.1856
Point (0.25, 0.75): U=-0.3100, analytical_U=-0.1885
Point (0.5, 0.75): U=-0.4454, analytical_U=-0.3749
Point (0.75, 0.75): U=-0.2724, analytical_U=-0.1885
Root Mean Square Error compared to literature solution: 1.5983e-01
