h = 2.58e-02
D = 1.50e-03
CFL(t=0) = 3.87e-02
t=0.0010, max|U|=9.9979e-01, max|V|=9.9981e-01
t=0.0020, max|U|=9.9963e-01, max|V|=9.9969e-01
t=0.0030, max|U|=9.9952e-01, max|V|=9.9956e-01
t=0.0040, max|U|=9.9940e-01, max|V|=9.9943e-01
t=0.0050, max|U|=9.9927e-01, max|V|=9.9928e-01
t=0.0060, max|U|=9.9913e-01, max|V|=9.9915e-01
t=0.0070, max|U|=9.9898e-01, max|V|=9.9902e-01
t=0.0080, max|U|=9.9882e-01, max|V|=9.9888e-01
t=0.0090, max|U|=9.9866e-01, max|V|=9.9874e-01
t=0.0100, max|U|=9.9848e-01, max|V|=9.9858e-01
t=0.0110, max|U|=9.9829e-01, max|V|=9.9841e-01
t=0.0120, max|U|=9.9810e-01, max|V|=9.9823e-01
t=0.0130, max|U|=9.9789e-01, max|V|=9.9805e-01
t=0.0140, max|U|=9.9768e-01, max|V|=9.9785e-01
t=0.0150, max|U|=9.9746e-01, max|V|=9.9764e-01
t=0.0160, max|U|=9.9735e-01, max|V|=9.9743e-01
t=0.0170, max|U|=9.9729e-01, max|V|=9.9720e-01
t=0.0180, max|U|=9.9722e-01, max|V|=9.9697e-01
t=0.0190, max|U|=9.9714e-01, max|V|=9.9672e-01
t=0.0200, max|U|=9.9705e-01, max|V|=9.9654e-01
t=0.0210, max|U|=9.9695e-01, max|V|=9.9651e-01
t=0.0220, max|U|=9.9685e-01, max|V|=9.9647e-01
t=0.0230, max|U|=9.9673e-01, max|V|=9.9641e-01
t=0.0240, max|U|=9.9660e-01, max|V|=9.9635e-01
t=0.0250, max|U|=9.9647e-01, max|V|=9.9627e-01
t=0.0260, max|U|=9.9632e-01, max|V|=9.9619e-01
t=0.0270, max|U|=9.9617e-01, max|V|=9.9610e-01
t=0.0280, max|U|=9.9600e-01, max|V|=9.9600e-01
t=0.0290, max|U|=9.9583e-01, max|V|=9.9589e-01
t=0.0300, max|U|=9.9565e-01, max|V|=9.9577e-01
t=0.0310, max|U|=9.9551e-01, max|V|=9.9564e-01
t=0.0320, max|U|=9.9539e-01, max|V|=9.9550e-01
t=0.0330, max|U|=9.9525e-01, max|V|=9.9535e-01
t=0.0340, max|U|=9.9511e-01, max|V|=9.9519e-01
t=0.0350, max|U|=9.9496e-01, max|V|=9.9503e-01
t=0.0360, max|U|=9.9480e-01, max|V|=9.9488e-01
t=0.0370, max|U|=9.9463e-01, max|V|=9.9473e-01
t=0.0380, max|U|=9.9445e-01, max|V|=9.9457e-01
t=0.0390, max|U|=9.9426e-01, max|V|=9.9440e-01
t=0.0400, max|U|=9.9406e-01, max|V|=9.9421e-01
t=0.0410, max|U|=9.9386e-01, max|V|=9.9403e-01
t=0.0420, max|U|=9.9364e-01, max|V|=9.9383e-01
t=0.0430, max|U|=9.9349e-01, max|V|=9.9362e-01
t=0.0440, max|U|=9.9344e-01, max|V|=9.9340e-01
t=0.0450, max|U|=9.9339e-01, max|V|=9.9318e-01
t=0.0460, max|U|=9.9332e-01, max|V|=9.9295e-01
t=0.0470, max|U|=9.9324e-01, max|V|=9.9271e-01
t=0.0480, max|U|=9.9316e-01, max|V|=9.9268e-01
t=0.0490, max|U|=9.9307e-01, max|V|=9.9264e-01
t=0.0500, max|U|=9.9296e-01, max|V|=9.9260e-01
t=0.0510, max|U|=9.9285e-01, max|V|=9.9254e-01
t=0.0520, max|U|=9.9273e-01, max|V|=9.9248e-01
t=0.0530, max|U|=9.9260e-01, max|V|=9.9241e-01
t=0.0540, max|U|=9.9246e-01, max|V|=9.9233e-01
t=0.0550, max|U|=9.9231e-01, max|V|=9.9224e-01
t=0.0560, max|U|=9.9216e-01, max|V|=9.9214e-01
t=0.0570, max|U|=9.9199e-01, max|V|=9.9203e-01
t=0.0580, max|U|=9.9182e-01, max|V|=9.9191e-01
t=0.0590, max|U|=9.9164e-01, max|V|=9.9179e-01
t=0.0600, max|U|=9.9145e-01, max|V|=9.9165e-01
t=0.0610, max|U|=9.9127e-01, max|V|=9.9151e-01
t=0.0620, max|U|=9.9113e-01, max|V|=9.9135e-01
t=0.0630, max|U|=9.9098e-01, max|V|=9.9119e-01
t=0.0640, max|U|=9.9082e-01, max|V|=9.9102e-01
t=0.0650, max|U|=9.9065e-01, max|V|=9.9088e-01
t=0.0660, max|U|=9.9047e-01, max|V|=9.9073e-01
t=0.0670, max|U|=9.9029e-01, max|V|=9.9058e-01
t=0.0680, max|U|=9.9010e-01, max|V|=9.9042e-01
t=0.0690, max|U|=9.8989e-01, max|V|=9.9025e-01
t=0.0700, max|U|=9.8968e-01, max|V|=9.9007e-01
t=0.0710, max|U|=9.8962e-01, max|V|=9.8989e-01
t=0.0720, max|U|=9.8958e-01, max|V|=9.8969e-01
t=0.0730, max|U|=9.8953e-01, max|V|=9.8949e-01
t=0.0740, max|U|=9.8947e-01, max|V|=9.8928e-01
t=0.0750, max|U|=9.8940e-01, max|V|=9.8906e-01
t=0.0760, max|U|=9.8933e-01, max|V|=9.8894e-01
t=0.0770, max|U|=9.8924e-01, max|V|=9.8889e-01
t=0.0780, max|U|=9.8915e-01, max|V|=9.8883e-01
t=0.0790, max|U|=9.8905e-01, max|V|=9.8877e-01
t=0.0800, max|U|=9.8894e-01, max|V|=9.8870e-01
t=0.0810, max|U|=9.8882e-01, max|V|=9.8861e-01
t=0.0820, max|U|=9.8869e-01, max|V|=9.8852e-01
t=0.0830, max|U|=9.8855e-01, max|V|=9.8842e-01
t=0.0840, max|U|=9.8841e-01, max|V|=9.8832e-01
t=0.0850, max|U|=9.8826e-01, max|V|=9.8820e-01
t=0.0860, max|U|=9.8809e-01, max|V|=9.8808e-01
t=0.0870, max|U|=9.8792e-01, max|V|=9.8794e-01
t=0.0880, max|U|=9.8775e-01, max|V|=9.8780e-01
t=0.0890, max|U|=9.8756e-01, max|V|=9.8769e-01
t=0.0900, max|U|=9.8737e-01, max|V|=9.8759e-01
t=0.0910, max|U|=9.8716e-01, max|V|=9.8749e-01
t=0.0920, max|U|=9.8695e-01, max|V|=9.8737e-01
t=0.0930, max|U|=9.8675e-01, max|V|=9.8725e-01
t=0.0940, max|U|=9.8659e-01, max|V|=9.8711e-01
t=0.0950, max|U|=9.8641e-01, max|V|=9.8697e-01
t=0.0960, max|U|=9.8623e-01, max|V|=9.8682e-01
t=0.0970, max|U|=9.8604e-01, max|V|=9.8666e-01
t=0.0980, max|U|=9.8584e-01, max|V|=9.8650e-01
t=0.0990, max|U|=9.8577e-01, max|V|=9.8633e-01
t=0.1000, max|U|=9.8574e-01, max|V|=9.8614e-01
t=0.1010, max|U|=9.8570e-01, max|V|=9.8595e-01
t=0.1020, max|U|=9.8565e-01, max|V|=9.8576e-01
t=0.1030, max|U|=9.8560e-01, max|V|=9.8555e-01
t=0.1040, max|U|=9.8553e-01, max|V|=9.8534e-01
t=0.1050, max|U|=9.8546e-01, max|V|=9.8522e-01
t=0.1060, max|U|=9.8538e-01, max|V|=9.8517e-01
t=0.1070, max|U|=9.8529e-01, max|V|=9.8510e-01
t=0.1080, max|U|=9.8519e-01, max|V|=9.8503e-01
t=0.1090, max|U|=9.8509e-01, max|V|=9.8494e-01
t=0.1100, max|U|=9.8498e-01, max|V|=9.8485e-01
t=0.1110, max|U|=9.8485e-01, max|V|=9.8475e-01
t=0.1120, max|U|=9.8472e-01, max|V|=9.8465e-01
t=0.1130, max|U|=9.8459e-01, max|V|=9.8453e-01
t=0.1140, max|U|=9.8444e-01, max|V|=9.8441e-01
t=0.1150, max|U|=9.8429e-01, max|V|=9.8428e-01
t=0.1160, max|U|=9.8413e-01, max|V|=9.8414e-01
t=0.1170, max|U|=9.8396e-01, max|V|=9.8399e-01
t=0.1180, max|U|=9.8378e-01, max|V|=9.8383e-01
t=0.1190, max|U|=9.8359e-01, max|V|=9.8367e-01
t=0.1200, max|U|=9.8340e-01, max|V|=9.8355e-01
t=0.1210, max|U|=9.8320e-01, max|V|=9.8345e-01
t=0.1220, max|U|=9.8299e-01, max|V|=9.8335e-01
t=0.1230, max|U|=9.8278e-01, max|V|=9.8323e-01
t=0.1240, max|U|=9.8260e-01, max|V|=9.8311e-01
t=0.1250, max|U|=9.8243e-01, max|V|=9.8298e-01
t=0.1260, max|U|=9.8224e-01, max|V|=9.8284e-01
t=0.1270, max|U|=9.8205e-01, max|V|=9.8269e-01
t=0.1280, max|U|=9.8190e-01, max|V|=9.8253e-01
t=0.1290, max|U|=9.8188e-01, max|V|=9.8237e-01
t=0.1300, max|U|=9.8185e-01, max|V|=9.8220e-01
t=0.1310, max|U|=9.8181e-01, max|V|=9.8202e-01
t=0.1320, max|U|=9.8176e-01, max|V|=9.8184e-01
t=0.1330, max|U|=9.8170e-01, max|V|=9.8165e-01
t=0.1340, max|U|=9.8164e-01, max|V|=9.8146e-01
t=0.1350, max|U|=9.8157e-01, max|V|=9.8139e-01
t=0.1360, max|U|=9.8148e-01, max|V|=9.8132e-01
t=0.1370, max|U|=9.8140e-01, max|V|=9.8123e-01
t=0.1380, max|U|=9.8130e-01, max|V|=9.8114e-01
t=0.1390, max|U|=9.8119e-01, max|V|=9.8104e-01
t=0.1400, max|U|=9.8112e-01, max|V|=9.8094e-01
t=0.1410, max|U|=9.8105e-01, max|V|=9.8082e-01
t=0.1420, max|U|=9.8097e-01, max|V|=9.8070e-01
t=0.1430, max|U|=9.8088e-01, max|V|=9.8057e-01
t=0.1440, max|U|=9.8079e-01, max|V|=9.8044e-01
t=0.1450, max|U|=9.8069e-01, max|V|=9.8029e-01
t=0.1460, max|U|=9.8058e-01, max|V|=9.8014e-01
t=0.1470, max|U|=9.8046e-01, max|V|=9.8001e-01
t=0.1480, max|U|=9.8034e-01, max|V|=9.7992e-01
t=0.1490, max|U|=9.8020e-01, max|V|=9.7983e-01
t=0.1500, max|U|=9.8006e-01, max|V|=9.7974e-01
t=0.1510, max|U|=9.7992e-01, max|V|=9.7963e-01
t=0.1520, max|U|=9.7976e-01, max|V|=9.7952e-01
t=0.1530, max|U|=9.7960e-01, max|V|=9.7940e-01
t=0.1540, max|U|=9.7943e-01, max|V|=9.7927e-01
t=0.1550, max|U|=9.7925e-01, max|V|=9.7913e-01
t=0.1560, max|U|=9.7907e-01, max|V|=9.7899e-01
t=0.1570, max|U|=9.7888e-01, max|V|=9.7884e-01
t=0.1580, max|U|=9.7868e-01, max|V|=9.7868e-01
t=0.1590, max|U|=9.7847e-01, max|V|=9.7851e-01
t=0.1600, max|U|=9.7826e-01, max|V|=9.7834e-01
t=0.1610, max|U|=9.7804e-01, max|V|=9.7816e-01
t=0.1620, max|U|=9.7793e-01, max|V|=9.7797e-01
t=0.1630, max|U|=9.7787e-01, max|V|=9.7789e-01
t=0.1640, max|U|=9.7780e-01, max|V|=9.7781e-01
t=0.1650, max|U|=9.7773e-01, max|V|=9.7772e-01
t=0.1660, max|U|=9.7765e-01, max|V|=9.7763e-01
t=0.1670, max|U|=9.7756e-01, max|V|=9.7752e-01
t=0.1680, max|U|=9.7746e-01, max|V|=9.7741e-01
t=0.1690, max|U|=9.7736e-01, max|V|=9.7730e-01
t=0.1700, max|U|=9.7725e-01, max|V|=9.7717e-01
t=0.1710, max|U|=9.7713e-01, max|V|=9.7704e-01
t=0.1720, max|U|=9.7700e-01, max|V|=9.7690e-01
t=0.1730, max|U|=9.7687e-01, max|V|=9.7675e-01
t=0.1740, max|U|=9.7672e-01, max|V|=9.7659e-01
t=0.1750, max|U|=9.7658e-01, max|V|=9.7643e-01
t=0.1760, max|U|=9.7647e-01, max|V|=9.7626e-01
t=0.1770, max|U|=9.7635e-01, max|V|=9.7615e-01
t=0.1780, max|U|=9.7623e-01, max|V|=9.7606e-01
t=0.1790, max|U|=9.7609e-01, max|V|=9.7597e-01
t=0.1800, max|U|=9.7595e-01, max|V|=9.7587e-01
t=0.1810, max|U|=9.7581e-01, max|V|=9.7576e-01
t=0.1820, max|U|=9.7565e-01, max|V|=9.7565e-01
t=0.1830, max|U|=9.7549e-01, max|V|=9.7552e-01
t=0.1840, max|U|=9.7532e-01, max|V|=9.7539e-01
t=0.1850, max|U|=9.7515e-01, max|V|=9.7526e-01
t=0.1860, max|U|=9.7497e-01, max|V|=9.7511e-01
t=0.1870, max|U|=9.7478e-01, max|V|=9.7496e-01
t=0.1880, max|U|=9.7458e-01, max|V|=9.7480e-01
t=0.1890, max|U|=9.7438e-01, max|V|=9.7464e-01
t=0.1900, max|U|=9.7423e-01, max|V|=9.7447e-01
t=0.1910, max|U|=9.7419e-01, max|V|=9.7439e-01
t=0.1920, max|U|=9.7414e-01, max|V|=9.7432e-01
t=0.1930, max|U|=9.7408e-01, max|V|=9.7424e-01
t=0.1940, max|U|=9.7401e-01, max|V|=9.7415e-01
t=0.1950, max|U|=9.7394e-01, max|V|=9.7406e-01
t=0.1960, max|U|=9.7386e-01, max|V|=9.7395e-01
t=0.1970, max|U|=9.7377e-01, max|V|=9.7384e-01
t=0.1980, max|U|=9.7367e-01, max|V|=9.7373e-01
t=0.1990, max|U|=9.7357e-01, max|V|=9.7360e-01
t=0.2000, max|U|=9.7346e-01, max|V|=9.7347e-01
t=0.2010, max|U|=9.7334e-01, max|V|=9.7334e-01
t=0.2020, max|U|=9.7322e-01, max|V|=9.7319e-01
t=0.2030, max|U|=9.7308e-01, max|V|=9.7304e-01
t=0.2040, max|U|=9.7295e-01, max|V|=9.7288e-01
t=0.2050, max|U|=9.7283e-01, max|V|=9.7271e-01
t=0.2060, max|U|=9.7274e-01, max|V|=9.7254e-01
t=0.2070, max|U|=9.7264e-01, max|V|=9.7243e-01
t=0.2080, max|U|=9.7253e-01, max|V|=9.7233e-01
t=0.2090, max|U|=9.7242e-01, max|V|=9.7223e-01
t=0.2100, max|U|=9.7230e-01, max|V|=9.7212e-01
t=0.2110, max|U|=9.7217e-01, max|V|=9.7200e-01
t=0.2120, max|U|=9.7203e-01, max|V|=9.7188e-01
t=0.2130, max|U|=9.7189e-01, max|V|=9.7174e-01
t=0.2140, max|U|=9.7174e-01, max|V|=9.7161e-01
t=0.2150, max|U|=9.7159e-01, max|V|=9.7146e-01
t=0.2160, max|U|=9.7143e-01, max|V|=9.7131e-01
t=0.2170, max|U|=9.7126e-01, max|V|=9.7115e-01
t=0.2180, max|U|=9.7108e-01, max|V|=9.7098e-01
t=0.2190, max|U|=9.7090e-01, max|V|=9.7087e-01
t=0.2200, max|U|=9.7071e-01, max|V|=9.7081e-01
t=0.2210, max|U|=9.7052e-01, max|V|=9.7075e-01
t=0.2220, max|U|=9.7033e-01, max|V|=9.7068e-01
t=0.2230, max|U|=9.7027e-01, max|V|=9.7060e-01
t=0.2240, max|U|=9.7021e-01, max|V|=9.7051e-01
t=0.2250, max|U|=9.7014e-01, max|V|=9.7041e-01
t=0.2260, max|U|=9.7006e-01, max|V|=9.7031e-01
t=0.2270, max|U|=9.6998e-01, max|V|=9.7021e-01
t=0.2280, max|U|=9.6988e-01, max|V|=9.7009e-01
t=0.2290, max|U|=9.6979e-01, max|V|=9.6997e-01
t=0.2300, max|U|=9.6968e-01, max|V|=9.6984e-01
t=0.2310, max|U|=9.6957e-01, max|V|=9.6970e-01
t=0.2320, max|U|=9.6945e-01, max|V|=9.6956e-01
t=0.2330, max|U|=9.6932e-01, max|V|=9.6941e-01
t=0.2340, max|U|=9.6919e-01, max|V|=9.6926e-01
t=0.2350, max|U|=9.6905e-01, max|V|=9.6910e-01
t=0.2360, max|U|=9.6890e-01, max|V|=9.6893e-01
t=0.2370, max|U|=9.6875e-01, max|V|=9.6875e-01
t=0.2380, max|U|=9.6865e-01, max|V|=9.6866e-01
t=0.2390, max|U|=9.6856e-01, max|V|=9.6855e-01
t=0.2400, max|U|=9.6847e-01, max|V|=9.6844e-01
t=0.2410, max|U|=9.6837e-01, max|V|=9.6832e-01
t=0.2420, max|U|=9.6827e-01, max|V|=9.6819e-01
t=0.2430, max|U|=9.6815e-01, max|V|=9.6806e-01
t=0.2440, max|U|=9.6804e-01, max|V|=9.6792e-01
t=0.2450, max|U|=9.6791e-01, max|V|=9.6777e-01
t=0.2460, max|U|=9.6778e-01, max|V|=9.6762e-01
t=0.2470, max|U|=9.6764e-01, max|V|=9.6746e-01
t=0.2480, max|U|=9.6750e-01, max|V|=9.6730e-01
t=0.2490, max|U|=9.6734e-01, max|V|=9.6722e-01
t=0.2500, max|U|=9.6719e-01, max|V|=9.6717e-01
t=0.2510, max|U|=9.6702e-01, max|V|=9.6710e-01
t=0.2520, max|U|=9.6685e-01, max|V|=9.6704e-01
t=0.2530, max|U|=9.6667e-01, max|V|=9.6696e-01
t=0.2540, max|U|=9.6649e-01, max|V|=9.6688e-01
t=0.2550, max|U|=9.6632e-01, max|V|=9.6679e-01
t=0.2560, max|U|=9.6625e-01, max|V|=9.6669e-01
t=0.2570, max|U|=9.6618e-01, max|V|=9.6659e-01
t=0.2580, max|U|=9.6609e-01, max|V|=9.6648e-01
t=0.2590, max|U|=9.6600e-01, max|V|=9.6636e-01
t=0.2600, max|U|=9.6591e-01, max|V|=9.6624e-01
t=0.2610, max|U|=9.6581e-01, max|V|=9.6611e-01
t=0.2620, max|U|=9.6570e-01, max|V|=9.6597e-01
t=0.2630, max|U|=9.6558e-01, max|V|=9.6583e-01
t=0.2640, max|U|=9.6546e-01, max|V|=9.6568e-01
t=0.2650, max|U|=9.6540e-01, max|V|=9.6553e-01
t=0.2660, max|U|=9.6534e-01, max|V|=9.6537e-01
t=0.2670, max|U|=9.6526e-01, max|V|=9.6520e-01
t=0.2680, max|U|=9.6518e-01, max|V|=9.6503e-01
t=0.2690, max|U|=9.6510e-01, max|V|=9.6493e-01
t=0.2700, max|U|=9.6501e-01, max|V|=9.6482e-01
t=0.2710, max|U|=9.6491e-01, max|V|=9.6470e-01
t=0.2720, max|U|=9.6480e-01, max|V|=9.6458e-01
t=0.2730, max|U|=9.6469e-01, max|V|=9.6445e-01
t=0.2740, max|U|=9.6457e-01, max|V|=9.6431e-01
t=0.2750, max|U|=9.6444e-01, max|V|=9.6417e-01
t=0.2760, max|U|=9.6431e-01, max|V|=9.6402e-01
t=0.2770, max|U|=9.6417e-01, max|V|=9.6387e-01
t=0.2780, max|U|=9.6403e-01, max|V|=9.6370e-01
t=0.2790, max|U|=9.6388e-01, max|V|=9.6362e-01
t=0.2800, max|U|=9.6372e-01, max|V|=9.6357e-01
t=0.2810, max|U|=9.6356e-01, max|V|=9.6351e-01
t=0.2820, max|U|=9.6339e-01, max|V|=9.6344e-01
t=0.2830, max|U|=9.6322e-01, max|V|=9.6337e-01
t=0.2840, max|U|=9.6303e-01, max|V|=9.6329e-01
t=0.2850, max|U|=9.6287e-01, max|V|=9.6321e-01
t=0.2860, max|U|=9.6280e-01, max|V|=9.6312e-01
t=0.2870, max|U|=9.6273e-01, max|V|=9.6302e-01
t=0.2880, max|U|=9.6265e-01, max|V|=9.6291e-01
t=0.2890, max|U|=9.6257e-01, max|V|=9.6280e-01
t=0.2900, max|U|=9.6248e-01, max|V|=9.6268e-01
t=0.2910, max|U|=9.6238e-01, max|V|=9.6256e-01
t=0.2920, max|U|=9.6227e-01, max|V|=9.6243e-01
t=0.2930, max|U|=9.6216e-01, max|V|=9.6229e-01
t=0.2940, max|U|=9.6204e-01, max|V|=9.6215e-01
t=0.2950, max|U|=9.6192e-01, max|V|=9.6200e-01
t=0.2960, max|U|=9.6179e-01, max|V|=9.6185e-01
t=0.2970, max|U|=9.6165e-01, max|V|=9.6168e-01
t=0.2980, max|U|=9.6156e-01, max|V|=9.6152e-01
t=0.2990, max|U|=9.6150e-01, max|V|=9.6134e-01
t=0.3000, max|U|=9.6143e-01, max|V|=9.6124e-01
t=0.3010, max|U|=9.6135e-01, max|V|=9.6113e-01
t=0.3020, max|U|=9.6127e-01, max|V|=9.6101e-01
t=0.3030, max|U|=9.6118e-01, max|V|=9.6089e-01
t=0.3040, max|U|=9.6108e-01, max|V|=9.6076e-01
t=0.3050, max|U|=9.6098e-01, max|V|=9.6063e-01
t=0.3060, max|U|=9.6087e-01, max|V|=9.6049e-01
t=0.3070, max|U|=9.6076e-01, max|V|=9.6034e-01
t=0.3080, max|U|=9.6063e-01, max|V|=9.6019e-01
t=0.3090, max|U|=9.6051e-01, max|V|=9.6006e-01
t=0.3100, max|U|=9.6037e-01, max|V|=9.6001e-01
t=0.3110, max|U|=9.6023e-01, max|V|=9.5995e-01
t=0.3120, max|U|=9.6009e-01, max|V|=9.5989e-01
t=0.3130, max|U|=9.5993e-01, max|V|=9.5982e-01
t=0.3140, max|U|=9.5978e-01, max|V|=9.5974e-01
t=0.3150, max|U|=9.5961e-01, max|V|=9.5966e-01
t=0.3160, max|U|=9.5944e-01, max|V|=9.5957e-01
t=0.3170, max|U|=9.5927e-01, max|V|=9.5947e-01
t=0.3180, max|U|=9.5916e-01, max|V|=9.5937e-01
t=0.3190, max|U|=9.5910e-01, max|V|=9.5926e-01
t=0.3200, max|U|=9.5904e-01, max|V|=9.5914e-01
t=0.3210, max|U|=9.5896e-01, max|V|=9.5902e-01
t=0.3220, max|U|=9.5889e-01, max|V|=9.5889e-01
t=0.3230, max|U|=9.5880e-01, max|V|=9.5876e-01
t=0.3240, max|U|=9.5871e-01, max|V|=9.5862e-01
t=0.3250, max|U|=9.5861e-01, max|V|=9.5847e-01
t=0.3260, max|U|=9.5850e-01, max|V|=9.5832e-01
t=0.3270, max|U|=9.5839e-01, max|V|=9.5816e-01
t=0.3280, max|U|=9.5827e-01, max|V|=9.5800e-01
t=0.3290, max|U|=9.5815e-01, max|V|=9.5783e-01
t=0.3300, max|U|=9.5802e-01, max|V|=9.5770e-01
t=0.3310, max|U|=9.5789e-01, max|V|=9.5760e-01
t=0.3320, max|U|=9.5775e-01, max|V|=9.5749e-01
t=0.3330, max|U|=9.5765e-01, max|V|=9.5738e-01
t=0.3340, max|U|=9.5757e-01, max|V|=9.5726e-01
t=0.3350, max|U|=9.5748e-01, max|V|=9.5713e-01
t=0.3360, max|U|=9.5738e-01, max|V|=9.5700e-01
t=0.3370, max|U|=9.5727e-01, max|V|=9.5686e-01
t=0.3380, max|U|=9.5716e-01, max|V|=9.5672e-01
t=0.3390, max|U|=9.5705e-01, max|V|=9.5657e-01
t=0.3400, max|U|=9.5692e-01, max|V|=9.5645e-01
t=0.3410, max|U|=9.5680e-01, max|V|=9.5639e-01
t=0.3420, max|U|=9.5666e-01, max|V|=9.5672e-01
t=0.3430, max|U|=9.5652e-01, max|V|=9.6035e-01
t=0.3440, max|U|=9.5770e-01, max|V|=9.6396e-01
t=0.3450, max|U|=9.6115e-01, max|V|=9.6755e-01
t=0.3460, max|U|=9.6459e-01, max|V|=9.7112e-01
t=0.3470, max|U|=9.6800e-01, max|V|=9.7466e-01
t=0.3480, max|U|=9.7139e-01, max|V|=9.7818e-01
t=0.3490, max|U|=9.7476e-01, max|V|=9.8168e-01
t=0.3500, max|U|=9.7810e-01, max|V|=9.8516e-01
t=0.3510, max|U|=9.8142e-01, max|V|=9.8861e-01
t=0.3520, max|U|=9.8472e-01, max|V|=9.9204e-01
t=0.3530, max|U|=9.8800e-01, max|V|=9.9545e-01
t=0.3540, max|U|=9.9125e-01, max|V|=9.9883e-01
t=0.3550, max|U|=9.9447e-01, max|V|=1.0022e+00
t=0.3560, max|U|=9.9768e-01, max|V|=1.0055e+00
t=0.3570, max|U|=1.0009e+00, max|V|=1.0088e+00
t=0.3580, max|U|=1.0040e+00, max|V|=1.0121e+00
t=0.3590, max|U|=1.0071e+00, max|V|=1.0154e+00
t=0.3600, max|U|=1.0103e+00, max|V|=1.0186e+00
t=0.3610, max|U|=1.0133e+00, max|V|=1.0218e+00
t=0.3620, max|U|=1.0164e+00, max|V|=1.0250e+00
t=0.3630, max|U|=1.0194e+00, max|V|=1.0282e+00
t=0.3640, max|U|=1.0224e+00, max|V|=1.0313e+00
t=0.3650, max|U|=1.0254e+00, max|V|=1.0345e+00
t=0.3660, max|U|=1.0284e+00, max|V|=1.0375e+00
t=0.3670, max|U|=1.0313e+00, max|V|=1.0406e+00
t=0.3680, max|U|=1.0343e+00, max|V|=1.0437e+00
t=0.3690, max|U|=1.0371e+00, max|V|=1.0467e+00
t=0.3700, max|U|=1.0400e+00, max|V|=1.0497e+00
t=0.3710, max|U|=1.0429e+00, max|V|=1.0526e+00
t=0.3720, max|U|=1.0457e+00, max|V|=1.0556e+00
t=0.3730, max|U|=1.0485e+00, max|V|=1.0585e+00
t=0.3740, max|U|=1.0512e+00, max|V|=1.0614e+00
t=0.3750, max|U|=1.0540e+00, max|V|=1.0643e+00
t=0.3760, max|U|=1.0567e+00, max|V|=1.0671e+00
t=0.3770, max|U|=1.0594e+00, max|V|=1.0699e+00
t=0.3780, max|U|=1.0621e+00, max|V|=1.0727e+00
t=0.3790, max|U|=1.0647e+00, max|V|=1.0755e+00
t=0.3800, max|U|=1.0673e+00, max|V|=1.0782e+00
t=0.3810, max|U|=1.0699e+00, max|V|=1.0810e+00
t=0.3820, max|U|=1.0725e+00, max|V|=1.0836e+00
t=0.3830, max|U|=1.0751e+00, max|V|=1.0863e+00
t=0.3840, max|U|=1.0776e+00, max|V|=1.0890e+00
t=0.3850, max|U|=1.0801e+00, max|V|=1.0916e+00
t=0.3860, max|U|=1.0826e+00, max|V|=1.0942e+00
t=0.3870, max|U|=1.0850e+00, max|V|=1.0967e+00
t=0.3880, max|U|=1.0874e+00, max|V|=1.0993e+00
t=0.3890, max|U|=1.0898e+00, max|V|=1.1018e+00
t=0.3900, max|U|=1.0922e+00, max|V|=1.1043e+00
t=0.3910, max|U|=1.0946e+00, max|V|=1.1068e+00
t=0.3920, max|U|=1.0969e+00, max|V|=1.1092e+00
t=0.3930, max|U|=1.0992e+00, max|V|=1.1116e+00
t=0.3940, max|U|=1.1015e+00, max|V|=1.1140e+00
t=0.3950, max|U|=1.1038e+00, max|V|=1.1164e+00
t=0.3960, max|U|=1.1060e+00, max|V|=1.1187e+00
t=0.3970, max|U|=1.1082e+00, max|V|=1.1211e+00
t=0.3980, max|U|=1.1104e+00, max|V|=1.1234e+00
t=0.3990, max|U|=1.1126e+00, max|V|=1.1256e+00
t=0.4000, max|U|=1.1147e+00, max|V|=1.1279e+00
t=0.4010, max|U|=1.1168e+00, max|V|=1.1301e+00
t=0.4020, max|U|=1.1189e+00, max|V|=1.1323e+00
t=0.4030, max|U|=1.1210e+00, max|V|=1.1345e+00
t=0.4040, max|U|=1.1231e+00, max|V|=1.1366e+00
t=0.4050, max|U|=1.1251e+00, max|V|=1.1388e+00
t=0.4060, max|U|=1.1271e+00, max|V|=1.1409e+00
t=0.4070, max|U|=1.1291e+00, max|V|=1.1429e+00
t=0.4080, max|U|=1.1310e+00, max|V|=1.1450e+00
t=0.4090, max|U|=1.1330e+00, max|V|=1.1470e+00
t=0.4100, max|U|=1.1349e+00, max|V|=1.1490e+00
t=0.4110, max|U|=1.1368e+00, max|V|=1.1510e+00
t=0.4120, max|U|=1.1387e+00, max|V|=1.1530e+00
t=0.4130, max|U|=1.1405e+00, max|V|=1.1549e+00
t=0.4140, max|U|=1.1423e+00, max|V|=1.1569e+00
t=0.4150, max|U|=1.1441e+00, max|V|=1.1587e+00
t=0.4160, max|U|=1.1459e+00, max|V|=1.1606e+00
t=0.4170, max|U|=1.1477e+00, max|V|=1.1625e+00
t=0.4180, max|U|=1.1494e+00, max|V|=1.1643e+00
t=0.4190, max|U|=1.1511e+00, max|V|=1.1661e+00
t=0.4200, max|U|=1.1528e+00, max|V|=1.1679e+00
t=0.4210, max|U|=1.1545e+00, max|V|=1.1696e+00
t=0.4220, max|U|=1.1561e+00, max|V|=1.1714e+00
t=0.4230, max|U|=1.1578e+00, max|V|=1.1731e+00
t=0.4240, max|U|=1.1594e+00, max|V|=1.1748e+00
t=0.4250, max|U|=1.1610e+00, max|V|=1.1764e+00
t=0.4260, max|U|=1.1626e+00, max|V|=1.1781e+00
t=0.4270, max|U|=1.1641e+00, max|V|=1.1797e+00
t=0.4280, max|U|=1.1656e+00, max|V|=1.1813e+00
t=0.4290, max|U|=1.1671e+00, max|V|=1.1829e+00
t=0.4300, max|U|=1.1686e+00, max|V|=1.1844e+00
t=0.4310, max|U|=1.1701e+00, max|V|=1.1860e+00
t=0.4320, max|U|=1.1715e+00, max|V|=1.1875e+00
t=0.4330, max|U|=1.1730e+00, max|V|=1.1890e+00
t=0.4340, max|U|=1.1744e+00, max|V|=1.1905e+00
t=0.4350, max|U|=1.1758e+00, max|V|=1.1919e+00
t=0.4360, max|U|=1.1771e+00, max|V|=1.1933e+00
t=0.4370, max|U|=1.1785e+00, max|V|=1.1948e+00
t=0.4380, max|U|=1.1798e+00, max|V|=1.1962e+00
t=0.4390, max|U|=1.1811e+00, max|V|=1.1975e+00
t=0.4400, max|U|=1.1824e+00, max|V|=1.1989e+00
t=0.4410, max|U|=1.1837e+00, max|V|=1.2002e+00
t=0.4420, max|U|=1.1849e+00, max|V|=1.2015e+00
t=0.4430, max|U|=1.1862e+00, max|V|=1.2028e+00
t=0.4440, max|U|=1.1874e+00, max|V|=1.2041e+00
t=0.4450, max|U|=1.1886e+00, max|V|=1.2053e+00
t=0.4460, max|U|=1.1898e+00, max|V|=1.2066e+00
t=0.4470, max|U|=1.1909e+00, max|V|=1.2078e+00
t=0.4480, max|U|=1.1921e+00, max|V|=1.2090e+00
t=0.4490, max|U|=1.1932e+00, max|V|=1.2101e+00
t=0.4500, max|U|=1.1943e+00, max|V|=1.2113e+00
t=0.4510, max|U|=1.1954e+00, max|V|=1.2124e+00
t=0.4520, max|U|=1.1965e+00, max|V|=1.2136e+00
t=0.4530, max|U|=1.1975e+00, max|V|=1.2147e+00
t=0.4540, max|U|=1.1985e+00, max|V|=1.2157e+00
t=0.4550, max|U|=1.1996e+00, max|V|=1.2168e+00
t=0.4560, max|U|=1.2006e+00, max|V|=1.2178e+00
t=0.4570, max|U|=1.2015e+00, max|V|=1.2189e+00
t=0.4580, max|U|=1.2025e+00, max|V|=1.2199e+00
t=0.4590, max|U|=1.2035e+00, max|V|=1.2209e+00
t=0.4600, max|U|=1.2044e+00, max|V|=1.2218e+00
t=0.4610, max|U|=1.2053e+00, max|V|=1.2228e+00
t=0.4620, max|U|=1.2062e+00, max|V|=1.2237e+00
t=0.4630, max|U|=1.2071e+00, max|V|=1.2247e+00
t=0.4640, max|U|=1.2080e+00, max|V|=1.2256e+00
t=0.4650, max|U|=1.2088e+00, max|V|=1.2264e+00
t=0.4660, max|U|=1.2097e+00, max|V|=1.2273e+00
t=0.4670, max|U|=1.2105e+00, max|V|=1.2282e+00
t=0.4680, max|U|=1.2113e+00, max|V|=1.2290e+00
t=0.4690, max|U|=1.2121e+00, max|V|=1.2298e+00
t=0.4700, max|U|=1.2129e+00, max|V|=1.2306e+00
t=0.4710, max|U|=1.2136e+00, max|V|=1.2314e+00
t=0.4720, max|U|=1.2144e+00, max|V|=1.2322e+00
t=0.4730, max|U|=1.2151e+00, max|V|=1.2329e+00
t=0.4740, max|U|=1.2158e+00, max|V|=1.2337e+00
t=0.4750, max|U|=1.2165e+00, max|V|=1.2344e+00
t=0.4760, max|U|=1.2172e+00, max|V|=1.2351e+00
t=0.4770, max|U|=1.2179e+00, max|V|=1.2358e+00
t=0.4780, max|U|=1.2185e+00, max|V|=1.2365e+00
t=0.4790, max|U|=1.2192e+00, max|V|=1.2371e+00
t=0.4800, max|U|=1.2198e+00, max|V|=1.2378e+00
t=0.4810, max|U|=1.2204e+00, max|V|=1.2384e+00
t=0.4820, max|U|=1.2210e+00, max|V|=1.2390e+00
t=0.4830, max|U|=1.2216e+00, max|V|=1.2396e+00
t=0.4840, max|U|=1.2222e+00, max|V|=1.2402e+00
t=0.4850, max|U|=1.2227e+00, max|V|=1.2408e+00
t=0.4860, max|U|=1.2233e+00, max|V|=1.2413e+00
t=0.4870, max|U|=1.2238e+00, max|V|=1.2419e+00
t=0.4880, max|U|=1.2243e+00, max|V|=1.2424e+00
t=0.4890, max|U|=1.2248e+00, max|V|=1.2429e+00
t=0.4900, max|U|=1.2253e+00, max|V|=1.2434e+00
t=0.4910, max|U|=1.2258e+00, max|V|=1.2439e+00
t=0.4920, max|U|=1.2263e+00, max|V|=1.2443e+00
t=0.4930, max|U|=1.2267e+00, max|V|=1.2448e+00
t=0.4940, max|U|=1.2272e+00, max|V|=1.2452e+00
t=0.4950, max|U|=1.2276e+00, max|V|=1.2457e+00
t=0.4960, max|U|=1.2280e+00, max|V|=1.2461e+00
t=0.4970, max|U|=1.2284e+00, max|V|=1.2465e+00
t=0.4980, max|U|=1.2288e+00, max|V|=1.2469e+00
t=0.4990, max|U|=1.2292e+00, max|V|=1.2473e+00
t=0.5000, max|U|=1.2296e+00, max|V|=1.2476e+00
t=0.5010, max|U|=1.2299e+00, max|V|=1.2480e+00
t=0.5020, max|U|=1.2303e+00, max|V|=1.2483e+00
t=0.5030, max|U|=1.2306e+00, max|V|=1.2486e+00
t=0.5040, max|U|=1.2309e+00, max|V|=1.2490e+00
t=0.5050, max|U|=1.2312e+00, max|V|=1.2493e+00
t=0.5060, max|U|=1.2315e+00, max|V|=1.2495e+00
t=0.5070, max|U|=1.2318e+00, max|V|=1.2498e+00
t=0.5080, max|U|=1.2321e+00, max|V|=1.2501e+00
t=0.5090, max|U|=1.2323e+00, max|V|=1.2503e+00
t=0.5100, max|U|=1.2326e+00, max|V|=1.2506e+00
t=0.5110, max|U|=1.2328e+00, max|V|=1.2508e+00
t=0.5120, max|U|=1.2331e+00, max|V|=1.2510e+00
t=0.5130, max|U|=1.2333e+00, max|V|=1.2512e+00
t=0.5140, max|U|=1.2335e+00, max|V|=1.2514e+00
t=0.5150, max|U|=1.2337e+00, max|V|=1.2516e+00
t=0.5160, max|U|=1.2339e+00, max|V|=1.2518e+00
t=0.5170, max|U|=1.2341e+00, max|V|=1.2519e+00
t=0.5180, max|U|=1.2342e+00, max|V|=1.2521e+00
t=0.5190, max|U|=1.2344e+00, max|V|=1.2522e+00
t=0.5200, max|U|=1.2345e+00, max|V|=1.2524e+00
t=0.5210, max|U|=1.2347e+00, max|V|=1.2525e+00
t=0.5220, max|U|=1.2348e+00, max|V|=1.2526e+00
t=0.5230, max|U|=1.2349e+00, max|V|=1.2527e+00
t=0.5240, max|U|=1.2350e+00, max|V|=1.2528e+00
t=0.5250, max|U|=1.2351e+00, max|V|=1.2528e+00
t=0.5260, max|U|=1.2352e+00, max|V|=1.2529e+00
t=0.5270, max|U|=1.2353e+00, max|V|=1.2530e+00
t=0.5280, max|U|=1.2354e+00, max|V|=1.2530e+00
t=0.5290, max|U|=1.2354e+00, max|V|=1.2531e+00
t=0.5300, max|U|=1.2355e+00, max|V|=1.2531e+00
t=0.5310, max|U|=1.2355e+00, max|V|=1.2531e+00
t=0.5320, max|U|=1.2356e+00, max|V|=1.2531e+00
t=0.5330, max|U|=1.2356e+00, max|V|=1.2531e+00
t=0.5340, max|U|=1.2356e+00, max|V|=1.2531e+00
t=0.5350, max|U|=1.2356e+00, max|V|=1.2531e+00
t=0.5360, max|U|=1.2356e+00, max|V|=1.2530e+00
t=0.5370, max|U|=1.2356e+00, max|V|=1.2530e+00
t=0.5380, max|U|=1.2356e+00, max|V|=1.2529e+00
t=0.5390, max|U|=1.2356e+00, max|V|=1.2529e+00
t=0.5400, max|U|=1.2355e+00, max|V|=1.2528e+00
t=0.5410, max|U|=1.2355e+00, max|V|=1.2527e+00
t=0.5420, max|U|=1.2354e+00, max|V|=1.2526e+00
t=0.5430, max|U|=1.2354e+00, max|V|=1.2526e+00
t=0.5440, max|U|=1.2353e+00, max|V|=1.2524e+00
t=0.5450, max|U|=1.2352e+00, max|V|=1.2523e+00
t=0.5460, max|U|=1.2351e+00, max|V|=1.2522e+00
t=0.5470, max|U|=1.2351e+00, max|V|=1.2521e+00
t=0.5480, max|U|=1.2350e+00, max|V|=1.2520e+00
t=0.5490, max|U|=1.2348e+00, max|V|=1.2518e+00
t=0.5500, max|U|=1.2347e+00, max|V|=1.2517e+00
t=0.5510, max|U|=1.2346e+00, max|V|=1.2515e+00
t=0.5520, max|U|=1.2345e+00, max|V|=1.2513e+00
t=0.5530, max|U|=1.2343e+00, max|V|=1.2511e+00
t=0.5540, max|U|=1.2342e+00, max|V|=1.2510e+00
t=0.5550, max|U|=1.2340e+00, max|V|=1.2508e+00
t=0.5560, max|U|=1.2339e+00, max|V|=1.2506e+00
t=0.5570, max|U|=1.2337e+00, max|V|=1.2504e+00
t=0.5580, max|U|=1.2335e+00, max|V|=1.2501e+00
t=0.5590, max|U|=1.2334e+00, max|V|=1.2499e+00
t=0.5600, max|U|=1.2332e+00, max|V|=1.2497e+00
t=0.5610, max|U|=1.2330e+00, max|V|=1.2495e+00
t=0.5620, max|U|=1.2328e+00, max|V|=1.2492e+00
t=0.5630, max|U|=1.2326e+00, max|V|=1.2490e+00
t=0.5640, max|U|=1.2324e+00, max|V|=1.2487e+00
t=0.5650, max|U|=1.2321e+00, max|V|=1.2484e+00
t=0.5660, max|U|=1.2319e+00, max|V|=1.2482e+00
t=0.5670, max|U|=1.2317e+00, max|V|=1.2479e+00
t=0.5680, max|U|=1.2314e+00, max|V|=1.2476e+00
t=0.5690, max|U|=1.2312e+00, max|V|=1.2473e+00
t=0.5700, max|U|=1.2309e+00, max|V|=1.2470e+00
t=0.5710, max|U|=1.2307e+00, max|V|=1.2467e+00
t=0.5720, max|U|=1.2304e+00, max|V|=1.2464e+00
t=0.5730, max|U|=1.2301e+00, max|V|=1.2461e+00
t=0.5740, max|U|=1.2298e+00, max|V|=1.2457e+00
t=0.5750, max|U|=1.2296e+00, max|V|=1.2454e+00
t=0.5760, max|U|=1.2293e+00, max|V|=1.2451e+00
t=0.5770, max|U|=1.2290e+00, max|V|=1.2447e+00
t=0.5780, max|U|=1.2287e+00, max|V|=1.2444e+00
t=0.5790, max|U|=1.2284e+00, max|V|=1.2440e+00
t=0.5800, max|U|=1.2280e+00, max|V|=1.2436e+00
t=0.5810, max|U|=1.2277e+00, max|V|=1.2433e+00
t=0.5820, max|U|=1.2274e+00, max|V|=1.2429e+00
t=0.5830, max|U|=1.2271e+00, max|V|=1.2425e+00
t=0.5840, max|U|=1.2267e+00, max|V|=1.2421e+00
t=0.5850, max|U|=1.2264e+00, max|V|=1.2417e+00
t=0.5860, max|U|=1.2260e+00, max|V|=1.2413e+00
t=0.5870, max|U|=1.2257e+00, max|V|=1.2409e+00
t=0.5880, max|U|=1.2253e+00, max|V|=1.2405e+00
t=0.5890, max|U|=1.2250e+00, max|V|=1.2401e+00
t=0.5900, max|U|=1.2246e+00, max|V|=1.2397e+00
t=0.5910, max|U|=1.2242e+00, max|V|=1.2393e+00
t=0.5920, max|U|=1.2238e+00, max|V|=1.2388e+00
t=0.5930, max|U|=1.2235e+00, max|V|=1.2384e+00
t=0.5940, max|U|=1.2231e+00, max|V|=1.2380e+00
t=0.5950, max|U|=1.2227e+00, max|V|=1.2375e+00
t=0.5960, max|U|=1.2223e+00, max|V|=1.2371e+00
t=0.5970, max|U|=1.2219e+00, max|V|=1.2366e+00
t=0.5980, max|U|=1.2215e+00, max|V|=1.2362e+00
t=0.5990, max|U|=1.2211e+00, max|V|=1.2357e+00
t=0.6000, max|U|=1.2206e+00, max|V|=1.2352e+00
t=0.6010, max|U|=1.2202e+00, max|V|=1.2347e+00
t=0.6020, max|U|=1.2198e+00, max|V|=1.2343e+00
t=0.6030, max|U|=1.2193e+00, max|V|=1.2338e+00
t=0.6040, max|U|=1.2189e+00, max|V|=1.2333e+00
t=0.6050, max|U|=1.2185e+00, max|V|=1.2328e+00
t=0.6060, max|U|=1.2180e+00, max|V|=1.2323e+00
t=0.6070, max|U|=1.2176e+00, max|V|=1.2318e+00
t=0.6080, max|U|=1.2171e+00, max|V|=1.2313e+00
t=0.6090, max|U|=1.2167e+00, max|V|=1.2308e+00
t=0.6100, max|U|=1.2162e+00, max|V|=1.2303e+00
t=0.6110, max|U|=1.2157e+00, max|V|=1.2297e+00
t=0.6120, max|U|=1.2153e+00, max|V|=1.2292e+00
t=0.6130, max|U|=1.2148e+00, max|V|=1.2287e+00
t=0.6140, max|U|=1.2143e+00, max|V|=1.2282e+00
t=0.6150, max|U|=1.2138e+00, max|V|=1.2276e+00
t=0.6160, max|U|=1.2133e+00, max|V|=1.2271e+00
t=0.6170, max|U|=1.2128e+00, max|V|=1.2265e+00
t=0.6180, max|U|=1.2123e+00, max|V|=1.2260e+00
t=0.6190, max|U|=1.2118e+00, max|V|=1.2254e+00
t=0.6200, max|U|=1.2113e+00, max|V|=1.2249e+00
t=0.6210, max|U|=1.2108e+00, max|V|=1.2243e+00
t=0.6220, max|U|=1.2103e+00, max|V|=1.2237e+00
t=0.6230, max|U|=1.2098e+00, max|V|=1.2232e+00
t=0.6240, max|U|=1.2093e+00, max|V|=1.2226e+00
t=0.6250, max|U|=1.2087e+00, max|V|=1.2220e+00
t=0.6260, max|U|=1.2082e+00, max|V|=1.2214e+00
t=0.6270, max|U|=1.2077e+00, max|V|=1.2209e+00
t=0.6280, max|U|=1.2071e+00, max|V|=1.2203e+00
t=0.6290, max|U|=1.2066e+00, max|V|=1.2197e+00
t=0.6300, max|U|=1.2061e+00, max|V|=1.2191e+00
t=0.6310, max|U|=1.2055e+00, max|V|=1.2185e+00
t=0.6320, max|U|=1.2050e+00, max|V|=1.2179e+00
t=0.6330, max|U|=1.2044e+00, max|V|=1.2173e+00
t=0.6340, max|U|=1.2039e+00, max|V|=1.2167e+00
t=0.6350, max|U|=1.2033e+00, max|V|=1.2161e+00
t=0.6360, max|U|=1.2027e+00, max|V|=1.2155e+00
t=0.6370, max|U|=1.2022e+00, max|V|=1.2148e+00
t=0.6380, max|U|=1.2016e+00, max|V|=1.2142e+00
t=0.6390, max|U|=1.2010e+00, max|V|=1.2136e+00
t=0.6400, max|U|=1.2005e+00, max|V|=1.2130e+00
t=0.6410, max|U|=1.1999e+00, max|V|=1.2124e+00
t=0.6420, max|U|=1.1993e+00, max|V|=1.2117e+00
t=0.6430, max|U|=1.1987e+00, max|V|=1.2111e+00
t=0.6440, max|U|=1.1981e+00, max|V|=1.2104e+00
t=0.6450, max|U|=1.1975e+00, max|V|=1.2098e+00
t=0.6460, max|U|=1.1969e+00, max|V|=1.2092e+00
t=0.6470, max|U|=1.1963e+00, max|V|=1.2085e+00
t=0.6480, max|U|=1.1957e+00, max|V|=1.2079e+00
t=0.6490, max|U|=1.1951e+00, max|V|=1.2072e+00
t=0.6500, max|U|=1.1945e+00, max|V|=1.2066e+00
t=0.6510, max|U|=1.1939e+00, max|V|=1.2059e+00
t=0.6520, max|U|=1.1933e+00, max|V|=1.2052e+00
t=0.6530, max|U|=1.1927e+00, max|V|=1.2046e+00
t=0.6540, max|U|=1.1921e+00, max|V|=1.2039e+00
t=0.6550, max|U|=1.1915e+00, max|V|=1.2033e+00
t=0.6560, max|U|=1.1908e+00, max|V|=1.2026e+00
t=0.6570, max|U|=1.1902e+00, max|V|=1.2019e+00
t=0.6580, max|U|=1.1896e+00, max|V|=1.2012e+00
t=0.6590, max|U|=1.1889e+00, max|V|=1.2006e+00
t=0.6600, max|U|=1.1883e+00, max|V|=1.1999e+00
t=0.6610, max|U|=1.1877e+00, max|V|=1.1992e+00
t=0.6620, max|U|=1.1870e+00, max|V|=1.1985e+00
t=0.6630, max|U|=1.1864e+00, max|V|=1.1978e+00
t=0.6640, max|U|=1.1857e+00, max|V|=1.1971e+00
t=0.6650, max|U|=1.1851e+00, max|V|=1.1964e+00
t=0.6660, max|U|=1.1845e+00, max|V|=1.1958e+00
t=0.6670, max|U|=1.1838e+00, max|V|=1.1951e+00
t=0.6680, max|U|=1.1831e+00, max|V|=1.1944e+00
t=0.6690, max|U|=1.1825e+00, max|V|=1.1937e+00
t=0.6700, max|U|=1.1818e+00, max|V|=1.1930e+00
t=0.6710, max|U|=1.1812e+00, max|V|=1.1923e+00
t=0.6720, max|U|=1.1805e+00, max|V|=1.1915e+00
t=0.6730, max|U|=1.1798e+00, max|V|=1.1908e+00
t=0.6740, max|U|=1.1792e+00, max|V|=1.1901e+00
t=0.6750, max|U|=1.1785e+00, max|V|=1.1894e+00
t=0.6760, max|U|=1.1778e+00, max|V|=1.1887e+00
t=0.6770, max|U|=1.1772e+00, max|V|=1.1880e+00
t=0.6780, max|U|=1.1765e+00, max|V|=1.1873e+00
t=0.6790, max|U|=1.1758e+00, max|V|=1.1865e+00
t=0.6800, max|U|=1.1751e+00, max|V|=1.1858e+00
t=0.6810, max|U|=1.1744e+00, max|V|=1.1851e+00
t=0.6820, max|U|=1.1738e+00, max|V|=1.1844e+00
t=0.6830, max|U|=1.1731e+00, max|V|=1.1837e+00
t=0.6840, max|U|=1.1724e+00, max|V|=1.1829e+00
t=0.6850, max|U|=1.1717e+00, max|V|=1.1822e+00
t=0.6860, max|U|=1.1710e+00, max|V|=1.1815e+00
t=0.6870, max|U|=1.1703e+00, max|V|=1.1807e+00
t=0.6880, max|U|=1.1696e+00, max|V|=1.1800e+00
t=0.6890, max|U|=1.1689e+00, max|V|=1.1793e+00
t=0.6900, max|U|=1.1682e+00, max|V|=1.1785e+00
t=0.6910, max|U|=1.1675e+00, max|V|=1.1778e+00
t=0.6920, max|U|=1.1668e+00, max|V|=1.1770e+00
t=0.6930, max|U|=1.1661e+00, max|V|=1.1763e+00
t=0.6940, max|U|=1.1654e+00, max|V|=1.1756e+00
t=0.6950, max|U|=1.1647e+00, max|V|=1.1748e+00
t=0.6960, max|U|=1.1639e+00, max|V|=1.1741e+00
t=0.6970, max|U|=1.1632e+00, max|V|=1.1733e+00
t=0.6980, max|U|=1.1625e+00, max|V|=1.1726e+00
t=0.6990, max|U|=1.1618e+00, max|V|=1.1718e+00
t=0.7000, max|U|=1.1611e+00, max|V|=1.1711e+00
t=0.7010, max|U|=1.1604e+00, max|V|=1.1703e+00
t=0.7020, max|U|=1.1596e+00, max|V|=1.1695e+00
t=0.7030, max|U|=1.1589e+00, max|V|=1.1688e+00
t=0.7040, max|U|=1.1582e+00, max|V|=1.1680e+00
t=0.7050, max|U|=1.1575e+00, max|V|=1.1673e+00
t=0.7060, max|U|=1.1567e+00, max|V|=1.1665e+00
t=0.7070, max|U|=1.1560e+00, max|V|=1.1658e+00
t=0.7080, max|U|=1.1553e+00, max|V|=1.1650e+00
t=0.7090, max|U|=1.1545e+00, max|V|=1.1642e+00
t=0.7100, max|U|=1.1538e+00, max|V|=1.1635e+00
t=0.7110, max|U|=1.1531e+00, max|V|=1.1627e+00
t=0.7120, max|U|=1.1523e+00, max|V|=1.1619e+00
t=0.7130, max|U|=1.1516e+00, max|V|=1.1612e+00
t=0.7140, max|U|=1.1508e+00, max|V|=1.1604e+00
t=0.7150, max|U|=1.1501e+00, max|V|=1.1596e+00
t=0.7160, max|U|=1.1494e+00, max|V|=1.1589e+00
t=0.7170, max|U|=1.1486e+00, max|V|=1.1581e+00
t=0.7180, max|U|=1.1479e+00, max|V|=1.1573e+00
t=0.7190, max|U|=1.1471e+00, max|V|=1.1565e+00
t=0.7200, max|U|=1.1464e+00, max|V|=1.1558e+00
t=0.7210, max|U|=1.1456e+00, max|V|=1.1550e+00
t=0.7220, max|U|=1.1449e+00, max|V|=1.1542e+00
t=0.7230, max|U|=1.1441e+00, max|V|=1.1534e+00
t=0.7240, max|U|=1.1434e+00, max|V|=1.1526e+00
t=0.7250, max|U|=1.1426e+00, max|V|=1.1519e+00
t=0.7260, max|U|=1.1418e+00, max|V|=1.1511e+00
t=0.7270, max|U|=1.1411e+00, max|V|=1.1503e+00
t=0.7280, max|U|=1.1403e+00, max|V|=1.1495e+00
t=0.7290, max|U|=1.1396e+00, max|V|=1.1487e+00
t=0.7300, max|U|=1.1388e+00, max|V|=1.1480e+00
t=0.7310, max|U|=1.1380e+00, max|V|=1.1472e+00
t=0.7320, max|U|=1.1373e+00, max|V|=1.1464e+00
t=0.7330, max|U|=1.1365e+00, max|V|=1.1456e+00
t=0.7340, max|U|=1.1357e+00, max|V|=1.1448e+00
t=0.7350, max|U|=1.1350e+00, max|V|=1.1440e+00
t=0.7360, max|U|=1.1342e+00, max|V|=1.1432e+00
t=0.7370, max|U|=1.1334e+00, max|V|=1.1424e+00
t=0.7380, max|U|=1.1327e+00, max|V|=1.1417e+00
t=0.7390, max|U|=1.1319e+00, max|V|=1.1409e+00
t=0.7400, max|U|=1.1311e+00, max|V|=1.1401e+00
t=0.7410, max|U|=1.1303e+00, max|V|=1.1393e+00
t=0.7420, max|U|=1.1296e+00, max|V|=1.1385e+00
t=0.7430, max|U|=1.1288e+00, max|V|=1.1377e+00
t=0.7440, max|U|=1.1280e+00, max|V|=1.1369e+00
t=0.7450, max|U|=1.1272e+00, max|V|=1.1361e+00
t=0.7460, max|U|=1.1264e+00, max|V|=1.1353e+00
t=0.7470, max|U|=1.1257e+00, max|V|=1.1345e+00
t=0.7480, max|U|=1.1249e+00, max|V|=1.1337e+00
t=0.7490, max|U|=1.1241e+00, max|V|=1.1329e+00
t=0.7500, max|U|=1.1233e+00, max|V|=1.1321e+00
t=0.7510, max|U|=1.1225e+00, max|V|=1.1313e+00
t=0.7520, max|U|=1.1217e+00, max|V|=1.1305e+00
t=0.7530, max|U|=1.1210e+00, max|V|=1.1297e+00
t=0.7540, max|U|=1.1202e+00, max|V|=1.1289e+00
t=0.7550, max|U|=1.1194e+00, max|V|=1.1281e+00
t=0.7560, max|U|=1.1186e+00, max|V|=1.1273e+00
t=0.7570, max|U|=1.1178e+00, max|V|=1.1265e+00
t=0.7580, max|U|=1.1170e+00, max|V|=1.1257e+00
t=0.7590, max|U|=1.1162e+00, max|V|=1.1249e+00
t=0.7600, max|U|=1.1154e+00, max|V|=1.1241e+00
t=0.7610, max|U|=1.1146e+00, max|V|=1.1233e+00
t=0.7620, max|U|=1.1138e+00, max|V|=1.1225e+00
t=0.7630, max|U|=1.1130e+00, max|V|=1.1217e+00
t=0.7640, max|U|=1.1122e+00, max|V|=1.1209e+00
t=0.7650, max|U|=1.1115e+00, max|V|=1.1201e+00
t=0.7660, max|U|=1.1107e+00, max|V|=1.1193e+00
t=0.7670, max|U|=1.1099e+00, max|V|=1.1185e+00
t=0.7680, max|U|=1.1091e+00, max|V|=1.1177e+00
t=0.7690, max|U|=1.1083e+00, max|V|=1.1169e+00
t=0.7700, max|U|=1.1075e+00, max|V|=1.1161e+00
t=0.7710, max|U|=1.1067e+00, max|V|=1.1153e+00
t=0.7720, max|U|=1.1059e+00, max|V|=1.1145e+00
t=0.7730, max|U|=1.1051e+00, max|V|=1.1137e+00
t=0.7740, max|U|=1.1043e+00, max|V|=1.1129e+00
t=0.7750, max|U|=1.1035e+00, max|V|=1.1121e+00
t=0.7760, max|U|=1.1027e+00, max|V|=1.1113e+00
t=0.7770, max|U|=1.1018e+00, max|V|=1.1105e+00
t=0.7780, max|U|=1.1010e+00, max|V|=1.1097e+00
t=0.7790, max|U|=1.1002e+00, max|V|=1.1089e+00
t=0.7800, max|U|=1.0994e+00, max|V|=1.1080e+00
t=0.7810, max|U|=1.0986e+00, max|V|=1.1072e+00
t=0.7820, max|U|=1.0978e+00, max|V|=1.1064e+00
t=0.7830, max|U|=1.0970e+00, max|V|=1.1056e+00
t=0.7840, max|U|=1.0962e+00, max|V|=1.1048e+00
t=0.7850, max|U|=1.0954e+00, max|V|=1.1040e+00
t=0.7860, max|U|=1.0946e+00, max|V|=1.1032e+00
t=0.7870, max|U|=1.0938e+00, max|V|=1.1024e+00
t=0.7880, max|U|=1.0930e+00, max|V|=1.1016e+00
t=0.7890, max|U|=1.0922e+00, max|V|=1.1008e+00
t=0.7900, max|U|=1.0914e+00, max|V|=1.1000e+00
t=0.7910, max|U|=1.0905e+00, max|V|=1.0992e+00
t=0.7920, max|U|=1.0897e+00, max|V|=1.0984e+00
t=0.7930, max|U|=1.0889e+00, max|V|=1.0975e+00
t=0.7940, max|U|=1.0881e+00, max|V|=1.0967e+00
t=0.7950, max|U|=1.0873e+00, max|V|=1.0959e+00
t=0.7960, max|U|=1.0865e+00, max|V|=1.0951e+00
t=0.7970, max|U|=1.0857e+00, max|V|=1.0943e+00
t=0.7980, max|U|=1.0849e+00, max|V|=1.0935e+00
t=0.7990, max|U|=1.0840e+00, max|V|=1.0927e+00
t=0.8000, max|U|=1.0832e+00, max|V|=1.0919e+00
t=0.8010, max|U|=1.0824e+00, max|V|=1.0911e+00
t=0.8020, max|U|=1.0816e+00, max|V|=1.0903e+00
t=0.8030, max|U|=1.0808e+00, max|V|=1.0895e+00
t=0.8040, max|U|=1.0800e+00, max|V|=1.0887e+00
t=0.8050, max|U|=1.0791e+00, max|V|=1.0879e+00
t=0.8060, max|U|=1.0783e+00, max|V|=1.0871e+00
t=0.8070, max|U|=1.0775e+00, max|V|=1.0862e+00
t=0.8080, max|U|=1.0767e+00, max|V|=1.0854e+00
t=0.8090, max|U|=1.0759e+00, max|V|=1.0846e+00
t=0.8100, max|U|=1.0751e+00, max|V|=1.0838e+00
t=0.8110, max|U|=1.0742e+00, max|V|=1.0830e+00
t=0.8120, max|U|=1.0734e+00, max|V|=1.0822e+00
t=0.8130, max|U|=1.0726e+00, max|V|=1.0814e+00
t=0.8140, max|U|=1.0718e+00, max|V|=1.0806e+00
t=0.8150, max|U|=1.0710e+00, max|V|=1.0798e+00
t=0.8160, max|U|=1.0701e+00, max|V|=1.0790e+00
t=0.8170, max|U|=1.0693e+00, max|V|=1.0782e+00
t=0.8180, max|U|=1.0685e+00, max|V|=1.0774e+00
t=0.8190, max|U|=1.0677e+00, max|V|=1.0766e+00
t=0.8200, max|U|=1.0669e+00, max|V|=1.0758e+00
t=0.8210, max|U|=1.0661e+00, max|V|=1.0750e+00
t=0.8220, max|U|=1.0652e+00, max|V|=1.0741e+00
t=0.8230, max|U|=1.0644e+00, max|V|=1.0733e+00
t=0.8240, max|U|=1.0636e+00, max|V|=1.0725e+00
t=0.8250, max|U|=1.0628e+00, max|V|=1.0717e+00
t=0.8260, max|U|=1.0619e+00, max|V|=1.0709e+00
t=0.8270, max|U|=1.0611e+00, max|V|=1.0701e+00
t=0.8280, max|U|=1.0603e+00, max|V|=1.0693e+00
t=0.8290, max|U|=1.0595e+00, max|V|=1.0685e+00
t=0.8300, max|U|=1.0587e+00, max|V|=1.0677e+00
t=0.8310, max|U|=1.0578e+00, max|V|=1.0669e+00
t=0.8320, max|U|=1.0570e+00, max|V|=1.0661e+00
t=0.8330, max|U|=1.0562e+00, max|V|=1.0653e+00
t=0.8340, max|U|=1.0554e+00, max|V|=1.0645e+00
t=0.8350, max|U|=1.0546e+00, max|V|=1.0637e+00
t=0.8360, max|U|=1.0537e+00, max|V|=1.0629e+00
t=0.8370, max|U|=1.0529e+00, max|V|=1.0621e+00
t=0.8380, max|U|=1.0521e+00, max|V|=1.0613e+00
t=0.8390, max|U|=1.0513e+00, max|V|=1.0605e+00
t=0.8400, max|U|=1.0504e+00, max|V|=1.0597e+00
t=0.8410, max|U|=1.0496e+00, max|V|=1.0589e+00
t=0.8420, max|U|=1.0488e+00, max|V|=1.0581e+00
t=0.8430, max|U|=1.0480e+00, max|V|=1.0573e+00
t=0.8440, max|U|=1.0472e+00, max|V|=1.0565e+00
t=0.8450, max|U|=1.0463e+00, max|V|=1.0557e+00
t=0.8460, max|U|=1.0455e+00, max|V|=1.0549e+00
t=0.8470, max|U|=1.0447e+00, max|V|=1.0541e+00
t=0.8480, max|U|=1.0439e+00, max|V|=1.0533e+00
t=0.8490, max|U|=1.0431e+00, max|V|=1.0525e+00
t=0.8500, max|U|=1.0422e+00, max|V|=1.0517e+00
t=0.8510, max|U|=1.0414e+00, max|V|=1.0509e+00
t=0.8520, max|U|=1.0406e+00, max|V|=1.0501e+00
t=0.8530, max|U|=1.0398e+00, max|V|=1.0493e+00
t=0.8540, max|U|=1.0389e+00, max|V|=1.0485e+00
t=0.8550, max|U|=1.0381e+00, max|V|=1.0477e+00
t=0.8560, max|U|=1.0373e+00, max|V|=1.0469e+00
t=0.8570, max|U|=1.0365e+00, max|V|=1.0461e+00
t=0.8580, max|U|=1.0357e+00, max|V|=1.0453e+00
t=0.8590, max|U|=1.0348e+00, max|V|=1.0445e+00
t=0.8600, max|U|=1.0340e+00, max|V|=1.0437e+00
t=0.8610, max|U|=1.0332e+00, max|V|=1.0429e+00
t=0.8620, max|U|=1.0324e+00, max|V|=1.0421e+00
t=0.8630, max|U|=1.0316e+00, max|V|=1.0414e+00
t=0.8640, max|U|=1.0307e+00, max|V|=1.0406e+00
t=0.8650, max|U|=1.0299e+00, max|V|=1.0398e+00
t=0.8660, max|U|=1.0291e+00, max|V|=1.0390e+00
t=0.8670, max|U|=1.0283e+00, max|V|=1.0382e+00
t=0.8680, max|U|=1.0275e+00, max|V|=1.0374e+00
t=0.8690, max|U|=1.0266e+00, max|V|=1.0366e+00
t=0.8700, max|U|=1.0258e+00, max|V|=1.0358e+00
t=0.8710, max|U|=1.0250e+00, max|V|=1.0350e+00
t=0.8720, max|U|=1.0242e+00, max|V|=1.0342e+00
t=0.8730, max|U|=1.0234e+00, max|V|=1.0334e+00
t=0.8740, max|U|=1.0226e+00, max|V|=1.0327e+00
t=0.8750, max|U|=1.0217e+00, max|V|=1.0319e+00
t=0.8760, max|U|=1.0209e+00, max|V|=1.0311e+00
t=0.8770, max|U|=1.0201e+00, max|V|=1.0303e+00
t=0.8780, max|U|=1.0193e+00, max|V|=1.0295e+00
t=0.8790, max|U|=1.0185e+00, max|V|=1.0287e+00
t=0.8800, max|U|=1.0176e+00, max|V|=1.0279e+00
t=0.8810, max|U|=1.0168e+00, max|V|=1.0272e+00
t=0.8820, max|U|=1.0160e+00, max|V|=1.0264e+00
t=0.8830, max|U|=1.0152e+00, max|V|=1.0256e+00
t=0.8840, max|U|=1.0144e+00, max|V|=1.0248e+00
t=0.8850, max|U|=1.0136e+00, max|V|=1.0240e+00
t=0.8860, max|U|=1.0127e+00, max|V|=1.0232e+00
t=0.8870, max|U|=1.0119e+00, max|V|=1.0225e+00
t=0.8880, max|U|=1.0111e+00, max|V|=1.0217e+00
t=0.8890, max|U|=1.0103e+00, max|V|=1.0209e+00
t=0.8900, max|U|=1.0095e+00, max|V|=1.0201e+00
t=0.8910, max|U|=1.0087e+00, max|V|=1.0193e+00
t=0.8920, max|U|=1.0079e+00, max|V|=1.0186e+00
t=0.8930, max|U|=1.0071e+00, max|V|=1.0178e+00
t=0.8940, max|U|=1.0062e+00, max|V|=1.0170e+00
t=0.8950, max|U|=1.0054e+00, max|V|=1.0162e+00
t=0.8960, max|U|=1.0046e+00, max|V|=1.0154e+00
t=0.8970, max|U|=1.0038e+00, max|V|=1.0147e+00
t=0.8980, max|U|=1.0030e+00, max|V|=1.0139e+00
t=0.8990, max|U|=1.0022e+00, max|V|=1.0131e+00
t=0.9000, max|U|=1.0014e+00, max|V|=1.0123e+00
t=0.9010, max|U|=1.0006e+00, max|V|=1.0116e+00
t=0.9020, max|U|=9.9975e-01, max|V|=1.0108e+00
t=0.9030, max|U|=9.9894e-01, max|V|=1.0100e+00
t=0.9040, max|U|=9.9813e-01, max|V|=1.0092e+00
t=0.9050, max|U|=9.9732e-01, max|V|=1.0085e+00
t=0.9060, max|U|=9.9651e-01, max|V|=1.0077e+00
t=0.9070, max|U|=9.9570e-01, max|V|=1.0069e+00
t=0.9080, max|U|=9.9490e-01, max|V|=1.0061e+00
t=0.9090, max|U|=9.9409e-01, max|V|=1.0054e+00
t=0.9100, max|U|=9.9328e-01, max|V|=1.0046e+00
t=0.9110, max|U|=9.9248e-01, max|V|=1.0038e+00
t=0.9120, max|U|=9.9167e-01, max|V|=1.0031e+00
t=0.9130, max|U|=9.9086e-01, max|V|=1.0023e+00
t=0.9140, max|U|=9.9006e-01, max|V|=1.0015e+00
t=0.9150, max|U|=9.8925e-01, max|V|=1.0008e+00
t=0.9160, max|U|=9.8845e-01, max|V|=1.0000e+00
t=0.9170, max|U|=9.8765e-01, max|V|=9.9923e-01
t=0.9180, max|U|=9.8684e-01, max|V|=9.9847e-01
t=0.9190, max|U|=9.8604e-01, max|V|=9.9770e-01
t=0.9200, max|U|=9.8524e-01, max|V|=9.9694e-01
t=0.9210, max|U|=9.8443e-01, max|V|=9.9617e-01
t=0.9220, max|U|=9.8363e-01, max|V|=9.9541e-01
t=0.9230, max|U|=9.8283e-01, max|V|=9.9465e-01
t=0.9240, max|U|=9.8203e-01, max|V|=9.9389e-01
t=0.9250, max|U|=9.8123e-01, max|V|=9.9312e-01
t=0.9260, max|U|=9.8043e-01, max|V|=9.9236e-01
t=0.9270, max|U|=9.7963e-01, max|V|=9.9160e-01
t=0.9280, max|U|=9.7883e-01, max|V|=9.9084e-01
t=0.9290, max|U|=9.7803e-01, max|V|=9.9008e-01
t=0.9300, max|U|=9.7724e-01, max|V|=9.8933e-01
t=0.9310, max|U|=9.7644e-01, max|V|=9.8857e-01
t=0.9320, max|U|=9.7564e-01, max|V|=9.8781e-01
t=0.9330, max|U|=9.7485e-01, max|V|=9.8705e-01
t=0.9340, max|U|=9.7405e-01, max|V|=9.8630e-01
t=0.9350, max|U|=9.7325e-01, max|V|=9.8554e-01
t=0.9360, max|U|=9.7246e-01, max|V|=9.8479e-01
t=0.9370, max|U|=9.7167e-01, max|V|=9.8403e-01
t=0.9380, max|U|=9.7087e-01, max|V|=9.8328e-01
t=0.9390, max|U|=9.7008e-01, max|V|=9.8253e-01
t=0.9400, max|U|=9.6929e-01, max|V|=9.8178e-01
t=0.9410, max|U|=9.6849e-01, max|V|=9.8102e-01
t=0.9420, max|U|=9.6770e-01, max|V|=9.8027e-01
t=0.9430, max|U|=9.6691e-01, max|V|=9.7952e-01
t=0.9440, max|U|=9.6612e-01, max|V|=9.7877e-01
t=0.9450, max|U|=9.6533e-01, max|V|=9.7802e-01
t=0.9460, max|U|=9.6454e-01, max|V|=9.7727e-01
t=0.9470, max|U|=9.6375e-01, max|V|=9.7653e-01
t=0.9480, max|U|=9.6296e-01, max|V|=9.7578e-01
t=0.9490, max|U|=9.6218e-01, max|V|=9.7503e-01
t=0.9500, max|U|=9.6139e-01, max|V|=9.7429e-01
t=0.9510, max|U|=9.6060e-01, max|V|=9.7354e-01
t=0.9520, max|U|=9.5982e-01, max|V|=9.7280e-01
t=0.9530, max|U|=9.5903e-01, max|V|=9.7205e-01
t=0.9540, max|U|=9.5825e-01, max|V|=9.7131e-01
t=0.9550, max|U|=9.5746e-01, max|V|=9.7057e-01
t=0.9560, max|U|=9.5668e-01, max|V|=9.6982e-01
t=0.9570, max|U|=9.5590e-01, max|V|=9.6908e-01
t=0.9580, max|U|=9.5512e-01, max|V|=9.6834e-01
t=0.9590, max|U|=9.5433e-01, max|V|=9.6760e-01
t=0.9600, max|U|=9.5355e-01, max|V|=9.6686e-01
t=0.9610, max|U|=9.5277e-01, max|V|=9.6612e-01
t=0.9620, max|U|=9.5199e-01, max|V|=9.6539e-01
t=0.9630, max|U|=9.5121e-01, max|V|=9.6465e-01
t=0.9640, max|U|=9.5044e-01, max|V|=9.6391e-01
t=0.9650, max|U|=9.4966e-01, max|V|=9.6317e-01
t=0.9660, max|U|=9.4888e-01, max|V|=9.6244e-01
t=0.9670, max|U|=9.4810e-01, max|V|=9.6170e-01
t=0.9680, max|U|=9.4733e-01, max|V|=9.6097e-01
t=0.9690, max|U|=9.4655e-01, max|V|=9.6024e-01
t=0.9700, max|U|=9.4578e-01, max|V|=9.5950e-01
t=0.9710, max|U|=9.4500e-01, max|V|=9.5877e-01
t=0.9720, max|U|=9.4423e-01, max|V|=9.5804e-01
t=0.9730, max|U|=9.4346e-01, max|V|=9.5731e-01
t=0.9740, max|U|=9.4268e-01, max|V|=9.5658e-01
t=0.9750, max|U|=9.4191e-01, max|V|=9.5585e-01
t=0.9760, max|U|=9.4114e-01, max|V|=9.5512e-01
t=0.9770, max|U|=9.4037e-01, max|V|=9.5439e-01
t=0.9780, max|U|=9.3960e-01, max|V|=9.5366e-01
t=0.9790, max|U|=9.3883e-01, max|V|=9.5294e-01
t=0.9800, max|U|=9.3807e-01, max|V|=9.5221e-01
t=0.9810, max|U|=9.3730e-01, max|V|=9.5148e-01
t=0.9820, max|U|=9.3653e-01, max|V|=9.5076e-01
t=0.9830, max|U|=9.3577e-01, max|V|=9.5003e-01
t=0.9840, max|U|=9.3500e-01, max|V|=9.4931e-01
t=0.9850, max|U|=9.3424e-01, max|V|=9.4859e-01
t=0.9860, max|U|=9.3347e-01, max|V|=9.4786e-01
t=0.9870, max|U|=9.3271e-01, max|V|=9.4714e-01
t=0.9880, max|U|=9.3195e-01, max|V|=9.4642e-01
t=0.9890, max|U|=9.3118e-01, max|V|=9.4570e-01
t=0.9900, max|U|=9.3042e-01, max|V|=9.4498e-01
t=0.9910, max|U|=9.2966e-01, max|V|=9.4426e-01
t=0.9920, max|U|=9.2890e-01, max|V|=9.4355e-01
t=0.9930, max|U|=9.2814e-01, max|V|=9.4283e-01
t=0.9940, max|U|=9.2739e-01, max|V|=9.4211e-01
t=0.9950, max|U|=9.2663e-01, max|V|=9.4139e-01
t=0.9960, max|U|=9.2587e-01, max|V|=9.4068e-01
t=0.9970, max|U|=9.2512e-01, max|V|=9.3996e-01
t=0.9980, max|U|=9.2436e-01, max|V|=9.3925e-01
t=0.9990, max|U|=9.2361e-01, max|V|=9.3854e-01
t=1.0000, max|U|=9.2285e-01, max|V|=9.3782e-01
Total simulation time: 24.70 seconds
Point (0.25, 0.25): U=0.3050, analytical_U=0.2967
Point (0.5, 0.25): U=0.5666, analytical_U=0.5760
Point (0.75, 0.25): U=-0.0256, analytical_U=0.2967
Point (0.25, 0.5): U=0.2741, analytical_U=0.2729
Point (0.5, 0.5): U=-0.1356, analytical_U=0.0000
Point (0.75, 0.5): U=-0.2692, analytical_U=-0.2729
Point (0.25, 0.75): U=-0.2990, analytical_U=-0.2967
Point (0.5, 0.75): U=-0.5745, analytical_U=-0.5760
Point (0.75, 0.75): U=-0.3266, analytical_U=-0.2967
Root Mean Square Error compared to literature solution: 1.1708e-01
Point (0.25, 0.25): U=0.2019, analytical_U=0.1882
Point (0.5, 0.25): U=0.3820, analytical_U=0.3744
Point (0.75, 0.25): U=-0.0919, analytical_U=0.1882
Point (0.25, 0.5): U=0.1982, analytical_U=0.1853
Point (0.5, 0.5): U=-0.1575, analytical_U=0.0000
Point (0.75, 0.5): U=-0.1954, analytical_U=-0.1853
Point (0.25, 0.75): U=-0.1953, analytical_U=-0.1882
Point (0.5, 0.75): U=-0.3878, analytical_U=-0.3744
Point (0.75, 0.75): U=-0.2161, analytical_U=-0.1882
Root Mean Square Error compared to literature solution: 1.0792e-01
