h = 2.58e-02
D = 1.50e-04
CFL(t=0) = 3.87e-02
t=0.0010, max|U|=9.9980e-01, max|V|=9.9983e-01
t=0.0020, max|U|=9.9966e-01, max|V|=9.9973e-01
t=0.0030, max|U|=9.9957e-01, max|V|=9.9962e-01
t=0.0040, max|U|=9.9947e-01, max|V|=9.9949e-01
t=0.0050, max|U|=9.9936e-01, max|V|=9.9937e-01
t=0.0060, max|U|=9.9923e-01, max|V|=9.9926e-01
t=0.0070, max|U|=9.9910e-01, max|V|=9.9915e-01
t=0.0080, max|U|=9.9896e-01, max|V|=9.9903e-01
t=0.0090, max|U|=9.9881e-01, max|V|=9.9890e-01
t=0.0100, max|U|=9.9865e-01, max|V|=9.9876e-01
t=0.0110, max|U|=9.9848e-01, max|V|=9.9861e-01
t=0.0120, max|U|=9.9830e-01, max|V|=9.9845e-01
t=0.0130, max|U|=9.9812e-01, max|V|=9.9828e-01
t=0.0140, max|U|=9.9792e-01, max|V|=9.9810e-01
t=0.0150, max|U|=9.9771e-01, max|V|=9.9791e-01
t=0.0160, max|U|=9.9763e-01, max|V|=9.9771e-01
t=0.0170, max|U|=9.9758e-01, max|V|=9.9750e-01
t=0.0180, max|U|=9.9753e-01, max|V|=9.9729e-01
t=0.0190, max|U|=9.9747e-01, max|V|=9.9706e-01
t=0.0200, max|U|=9.9740e-01, max|V|=9.9689e-01
t=0.0210, max|U|=9.9732e-01, max|V|=9.9687e-01
t=0.0220, max|U|=9.9722e-01, max|V|=9.9685e-01
t=0.0230, max|U|=9.9712e-01, max|V|=9.9681e-01
t=0.0240, max|U|=9.9701e-01, max|V|=9.9676e-01
t=0.0250, max|U|=9.9690e-01, max|V|=9.9671e-01
t=0.0260, max|U|=9.9677e-01, max|V|=9.9664e-01
t=0.0270, max|U|=9.9663e-01, max|V|=9.9657e-01
t=0.0280, max|U|=9.9648e-01, max|V|=9.9648e-01
t=0.0290, max|U|=9.9633e-01, max|V|=9.9639e-01
t=0.0300, max|U|=9.9616e-01, max|V|=9.9629e-01
t=0.0310, max|U|=9.9603e-01, max|V|=9.9617e-01
t=0.0320, max|U|=9.9592e-01, max|V|=9.9605e-01
t=0.0330, max|U|=9.9580e-01, max|V|=9.9592e-01
t=0.0340, max|U|=9.9567e-01, max|V|=9.9578e-01
t=0.0350, max|U|=9.9554e-01, max|V|=9.9564e-01
t=0.0360, max|U|=9.9539e-01, max|V|=9.9551e-01
t=0.0370, max|U|=9.9524e-01, max|V|=9.9538e-01
t=0.0380, max|U|=9.9507e-01, max|V|=9.9523e-01
t=0.0390, max|U|=9.9490e-01, max|V|=9.9507e-01
t=0.0400, max|U|=9.9472e-01, max|V|=9.9491e-01
t=0.0410, max|U|=9.9453e-01, max|V|=9.9474e-01
t=0.0420, max|U|=9.9433e-01, max|V|=9.9455e-01
t=0.0430, max|U|=9.9423e-01, max|V|=9.9436e-01
t=0.0440, max|U|=9.9420e-01, max|V|=9.9416e-01
t=0.0450, max|U|=9.9416e-01, max|V|=9.9395e-01
t=0.0460, max|U|=9.9411e-01, max|V|=9.9374e-01
t=0.0470, max|U|=9.9405e-01, max|V|=9.9354e-01
t=0.0480, max|U|=9.9398e-01, max|V|=9.9353e-01
t=0.0490, max|U|=9.9390e-01, max|V|=9.9351e-01
t=0.0500, max|U|=9.9382e-01, max|V|=9.9348e-01
t=0.0510, max|U|=9.9372e-01, max|V|=9.9344e-01
t=0.0520, max|U|=9.9362e-01, max|V|=9.9340e-01
t=0.0530, max|U|=9.9350e-01, max|V|=9.9334e-01
t=0.0540, max|U|=9.9338e-01, max|V|=9.9328e-01
t=0.0550, max|U|=9.9325e-01, max|V|=9.9320e-01
t=0.0560, max|U|=9.9311e-01, max|V|=9.9312e-01
t=0.0570, max|U|=9.9296e-01, max|V|=9.9303e-01
t=0.0580, max|U|=9.9280e-01, max|V|=9.9293e-01
t=0.0590, max|U|=9.9263e-01, max|V|=9.9282e-01
t=0.0600, max|U|=9.9246e-01, max|V|=9.9270e-01
t=0.0610, max|U|=9.9227e-01, max|V|=9.9257e-01
t=0.0620, max|U|=9.9209e-01, max|V|=9.9244e-01
t=0.0630, max|U|=9.9195e-01, max|V|=9.9229e-01
t=0.0640, max|U|=9.9180e-01, max|V|=9.9214e-01
t=0.0650, max|U|=9.9165e-01, max|V|=9.9197e-01
t=0.0660, max|U|=9.9149e-01, max|V|=9.9184e-01
t=0.0670, max|U|=9.9131e-01, max|V|=9.9170e-01
t=0.0680, max|U|=9.9114e-01, max|V|=9.9156e-01
t=0.0690, max|U|=9.9095e-01, max|V|=9.9140e-01
t=0.0700, max|U|=9.9086e-01, max|V|=9.9124e-01
t=0.0710, max|U|=9.9084e-01, max|V|=9.9107e-01
t=0.0720, max|U|=9.9082e-01, max|V|=9.9089e-01
t=0.0730, max|U|=9.9078e-01, max|V|=9.9070e-01
t=0.0740, max|U|=9.9074e-01, max|V|=9.9050e-01
t=0.0750, max|U|=9.9069e-01, max|V|=9.9030e-01
t=0.0760, max|U|=9.9062e-01, max|V|=9.9026e-01
t=0.0770, max|U|=9.9056e-01, max|V|=9.9023e-01
t=0.0780, max|U|=9.9048e-01, max|V|=9.9019e-01
t=0.0790, max|U|=9.9039e-01, max|V|=9.9014e-01
t=0.0800, max|U|=9.9029e-01, max|V|=9.9008e-01
t=0.0810, max|U|=9.9019e-01, max|V|=9.9001e-01
t=0.0820, max|U|=9.9008e-01, max|V|=9.8994e-01
t=0.0830, max|U|=9.8995e-01, max|V|=9.8985e-01
t=0.0840, max|U|=9.8982e-01, max|V|=9.8976e-01
t=0.0850, max|U|=9.8968e-01, max|V|=9.8966e-01
t=0.0860, max|U|=9.8954e-01, max|V|=9.8955e-01
t=0.0870, max|U|=9.8938e-01, max|V|=9.8943e-01
t=0.0880, max|U|=9.8922e-01, max|V|=9.8930e-01
t=0.0890, max|U|=9.8904e-01, max|V|=9.8920e-01
t=0.0900, max|U|=9.8886e-01, max|V|=9.8911e-01
t=0.0910, max|U|=9.8868e-01, max|V|=9.8902e-01
t=0.0920, max|U|=9.8848e-01, max|V|=9.8892e-01
t=0.0930, max|U|=9.8827e-01, max|V|=9.8881e-01
t=0.0940, max|U|=9.8806e-01, max|V|=9.8869e-01
t=0.0950, max|U|=9.8784e-01, max|V|=9.8856e-01
t=0.0960, max|U|=9.8761e-01, max|V|=9.8842e-01
t=0.0970, max|U|=9.8748e-01, max|V|=9.8828e-01
t=0.0980, max|U|=9.8748e-01, max|V|=9.8812e-01
t=0.0990, max|U|=9.8747e-01, max|V|=9.8796e-01
t=0.1000, max|U|=9.8746e-01, max|V|=9.8779e-01
t=0.1010, max|U|=9.8743e-01, max|V|=9.8761e-01
t=0.1020, max|U|=9.8740e-01, max|V|=9.8743e-01
t=0.1030, max|U|=9.8736e-01, max|V|=9.8723e-01
t=0.1040, max|U|=9.8731e-01, max|V|=9.8705e-01
t=0.1050, max|U|=9.8725e-01, max|V|=9.8702e-01
t=0.1060, max|U|=9.8718e-01, max|V|=9.8698e-01
t=0.1070, max|U|=9.8711e-01, max|V|=9.8692e-01
t=0.1080, max|U|=9.8703e-01, max|V|=9.8686e-01
t=0.1090, max|U|=9.8693e-01, max|V|=9.8679e-01
t=0.1100, max|U|=9.8683e-01, max|V|=9.8672e-01
t=0.1110, max|U|=9.8672e-01, max|V|=9.8663e-01
t=0.1120, max|U|=9.8661e-01, max|V|=9.8654e-01
t=0.1130, max|U|=9.8648e-01, max|V|=9.8643e-01
t=0.1140, max|U|=9.8635e-01, max|V|=9.8632e-01
t=0.1150, max|U|=9.8621e-01, max|V|=9.8621e-01
t=0.1160, max|U|=9.8606e-01, max|V|=9.8608e-01
t=0.1170, max|U|=9.8590e-01, max|V|=9.8594e-01
t=0.1180, max|U|=9.8573e-01, max|V|=9.8580e-01
t=0.1190, max|U|=9.8556e-01, max|V|=9.8565e-01
t=0.1200, max|U|=9.8538e-01, max|V|=9.8552e-01
t=0.1210, max|U|=9.8519e-01, max|V|=9.8544e-01
t=0.1220, max|U|=9.8500e-01, max|V|=9.8534e-01
t=0.1230, max|U|=9.8479e-01, max|V|=9.8524e-01
t=0.1240, max|U|=9.8458e-01, max|V|=9.8512e-01
t=0.1250, max|U|=9.8436e-01, max|V|=9.8500e-01
t=0.1260, max|U|=9.8413e-01, max|V|=9.8488e-01
t=0.1270, max|U|=9.8413e-01, max|V|=9.8474e-01
t=0.1280, max|U|=9.8413e-01, max|V|=9.8460e-01
t=0.1290, max|U|=9.8412e-01, max|V|=9.8445e-01
t=0.1300, max|U|=9.8410e-01, max|V|=9.8429e-01
t=0.1310, max|U|=9.8407e-01, max|V|=9.8412e-01
t=0.1320, max|U|=9.8404e-01, max|V|=9.8394e-01
t=0.1330, max|U|=9.8399e-01, max|V|=9.8376e-01
t=0.1340, max|U|=9.8394e-01, max|V|=9.8372e-01
t=0.1350, max|U|=9.8388e-01, max|V|=9.8366e-01
t=0.1360, max|U|=9.8381e-01, max|V|=9.8360e-01
t=0.1370, max|U|=9.8373e-01, max|V|=9.8353e-01
t=0.1380, max|U|=9.8364e-01, max|V|=9.8345e-01
t=0.1390, max|U|=9.8355e-01, max|V|=9.8336e-01
t=0.1400, max|U|=9.8345e-01, max|V|=9.8327e-01
t=0.1410, max|U|=9.8334e-01, max|V|=9.8317e-01
t=0.1420, max|U|=9.8322e-01, max|V|=9.8305e-01
t=0.1430, max|U|=9.8310e-01, max|V|=9.8294e-01
t=0.1440, max|U|=9.8297e-01, max|V|=9.8281e-01
t=0.1450, max|U|=9.8282e-01, max|V|=9.8268e-01
t=0.1460, max|U|=9.8271e-01, max|V|=9.8253e-01
t=0.1470, max|U|=9.8260e-01, max|V|=9.8242e-01
t=0.1480, max|U|=9.8249e-01, max|V|=9.8234e-01
t=0.1490, max|U|=9.8236e-01, max|V|=9.8226e-01
t=0.1500, max|U|=9.8223e-01, max|V|=9.8218e-01
t=0.1510, max|U|=9.8210e-01, max|V|=9.8208e-01
t=0.1520, max|U|=9.8195e-01, max|V|=9.8198e-01
t=0.1530, max|U|=9.8180e-01, max|V|=9.8186e-01
t=0.1540, max|U|=9.8164e-01, max|V|=9.8175e-01
t=0.1550, max|U|=9.8147e-01, max|V|=9.8162e-01
t=0.1560, max|U|=9.8129e-01, max|V|=9.8148e-01
t=0.1570, max|U|=9.8111e-01, max|V|=9.8134e-01
t=0.1580, max|U|=9.8092e-01, max|V|=9.8119e-01
t=0.1590, max|U|=9.8085e-01, max|V|=9.8104e-01
t=0.1600, max|U|=9.8082e-01, max|V|=9.8087e-01
t=0.1610, max|U|=9.8079e-01, max|V|=9.8074e-01
t=0.1620, max|U|=9.8075e-01, max|V|=9.8068e-01
t=0.1630, max|U|=9.8070e-01, max|V|=9.8062e-01
t=0.1640, max|U|=9.8064e-01, max|V|=9.8055e-01
t=0.1650, max|U|=9.8058e-01, max|V|=9.8047e-01
t=0.1660, max|U|=9.8050e-01, max|V|=9.8038e-01
t=0.1670, max|U|=9.8042e-01, max|V|=9.8029e-01
t=0.1680, max|U|=9.8033e-01, max|V|=9.8019e-01
t=0.1690, max|U|=9.8024e-01, max|V|=9.8008e-01
t=0.1700, max|U|=9.8013e-01, max|V|=9.7996e-01
t=0.1710, max|U|=9.8002e-01, max|V|=9.7983e-01
t=0.1720, max|U|=9.7990e-01, max|V|=9.7970e-01
t=0.1730, max|U|=9.7978e-01, max|V|=9.7956e-01
t=0.1740, max|U|=9.7964e-01, max|V|=9.7942e-01
t=0.1750, max|U|=9.7950e-01, max|V|=9.7926e-01
t=0.1760, max|U|=9.7935e-01, max|V|=9.7911e-01
t=0.1770, max|U|=9.7920e-01, max|V|=9.7904e-01
t=0.1780, max|U|=9.7904e-01, max|V|=9.7896e-01
t=0.1790, max|U|=9.7887e-01, max|V|=9.7887e-01
t=0.1800, max|U|=9.7869e-01, max|V|=9.7878e-01
t=0.1810, max|U|=9.7850e-01, max|V|=9.7868e-01
t=0.1820, max|U|=9.7831e-01, max|V|=9.7857e-01
t=0.1830, max|U|=9.7813e-01, max|V|=9.7846e-01
t=0.1840, max|U|=9.7797e-01, max|V|=9.7834e-01
t=0.1850, max|U|=9.7780e-01, max|V|=9.7821e-01
t=0.1860, max|U|=9.7766e-01, max|V|=9.7807e-01
t=0.1870, max|U|=9.7766e-01, max|V|=9.7793e-01
t=0.1880, max|U|=9.7764e-01, max|V|=9.7778e-01
t=0.1890, max|U|=9.7762e-01, max|V|=9.7769e-01
t=0.1900, max|U|=9.7759e-01, max|V|=9.7764e-01
t=0.1910, max|U|=9.7755e-01, max|V|=9.7758e-01
t=0.1920, max|U|=9.7751e-01, max|V|=9.7752e-01
t=0.1930, max|U|=9.7746e-01, max|V|=9.7744e-01
t=0.1940, max|U|=9.7739e-01, max|V|=9.7736e-01
t=0.1950, max|U|=9.7733e-01, max|V|=9.7727e-01
t=0.1960, max|U|=9.7725e-01, max|V|=9.7718e-01
t=0.1970, max|U|=9.7717e-01, max|V|=9.7708e-01
t=0.1980, max|U|=9.7708e-01, max|V|=9.7696e-01
t=0.1990, max|U|=9.7698e-01, max|V|=9.7685e-01
t=0.2000, max|U|=9.7687e-01, max|V|=9.7672e-01
t=0.2010, max|U|=9.7676e-01, max|V|=9.7659e-01
t=0.2020, max|U|=9.7664e-01, max|V|=9.7645e-01
t=0.2030, max|U|=9.7652e-01, max|V|=9.7630e-01
t=0.2040, max|U|=9.7638e-01, max|V|=9.7615e-01
t=0.2050, max|U|=9.7624e-01, max|V|=9.7599e-01
t=0.2060, max|U|=9.7609e-01, max|V|=9.7586e-01
t=0.2070, max|U|=9.7594e-01, max|V|=9.7578e-01
t=0.2080, max|U|=9.7577e-01, max|V|=9.7569e-01
t=0.2090, max|U|=9.7560e-01, max|V|=9.7559e-01
t=0.2100, max|U|=9.7543e-01, max|V|=9.7549e-01
t=0.2110, max|U|=9.7526e-01, max|V|=9.7537e-01
t=0.2120, max|U|=9.7512e-01, max|V|=9.7525e-01
t=0.2130, max|U|=9.7499e-01, max|V|=9.7513e-01
t=0.2140, max|U|=9.7484e-01, max|V|=9.7499e-01
t=0.2150, max|U|=9.7469e-01, max|V|=9.7485e-01
t=0.2160, max|U|=9.7453e-01, max|V|=9.7471e-01
t=0.2170, max|U|=9.7437e-01, max|V|=9.7462e-01
t=0.2180, max|U|=9.7435e-01, max|V|=9.7458e-01
t=0.2190, max|U|=9.7433e-01, max|V|=9.7453e-01
t=0.2200, max|U|=9.7430e-01, max|V|=9.7448e-01
t=0.2210, max|U|=9.7426e-01, max|V|=9.7442e-01
t=0.2220, max|U|=9.7421e-01, max|V|=9.7435e-01
t=0.2230, max|U|=9.7416e-01, max|V|=9.7427e-01
t=0.2240, max|U|=9.7410e-01, max|V|=9.7419e-01
t=0.2250, max|U|=9.7403e-01, max|V|=9.7410e-01
t=0.2260, max|U|=9.7395e-01, max|V|=9.7400e-01
t=0.2270, max|U|=9.7387e-01, max|V|=9.7390e-01
t=0.2280, max|U|=9.7378e-01, max|V|=9.7378e-01
t=0.2290, max|U|=9.7368e-01, max|V|=9.7367e-01
t=0.2300, max|U|=9.7358e-01, max|V|=9.7354e-01
t=0.2310, max|U|=9.7347e-01, max|V|=9.7341e-01
t=0.2320, max|U|=9.7335e-01, max|V|=9.7327e-01
t=0.2330, max|U|=9.7323e-01, max|V|=9.7312e-01
t=0.2340, max|U|=9.7309e-01, max|V|=9.7297e-01
t=0.2350, max|U|=9.7295e-01, max|V|=9.7281e-01
t=0.2360, max|U|=9.7281e-01, max|V|=9.7266e-01
t=0.2370, max|U|=9.7266e-01, max|V|=9.7257e-01
t=0.2380, max|U|=9.7250e-01, max|V|=9.7248e-01
t=0.2390, max|U|=9.7233e-01, max|V|=9.7237e-01
t=0.2400, max|U|=9.7216e-01, max|V|=9.7226e-01
t=0.2410, max|U|=9.7198e-01, max|V|=9.7215e-01
t=0.2420, max|U|=9.7180e-01, max|V|=9.7202e-01
t=0.2430, max|U|=9.7168e-01, max|V|=9.7189e-01
t=0.2440, max|U|=9.7157e-01, max|V|=9.7175e-01
t=0.2450, max|U|=9.7144e-01, max|V|=9.7161e-01
t=0.2460, max|U|=9.7131e-01, max|V|=9.7147e-01
t=0.2470, max|U|=9.7117e-01, max|V|=9.7144e-01
t=0.2480, max|U|=9.7103e-01, max|V|=9.7140e-01
t=0.2490, max|U|=9.7088e-01, max|V|=9.7136e-01
t=0.2500, max|U|=9.7083e-01, max|V|=9.7130e-01
t=0.2510, max|U|=9.7080e-01, max|V|=9.7124e-01
t=0.2520, max|U|=9.7076e-01, max|V|=9.7117e-01
t=0.2530, max|U|=9.7071e-01, max|V|=9.7110e-01
t=0.2540, max|U|=9.7066e-01, max|V|=9.7102e-01
t=0.2550, max|U|=9.7060e-01, max|V|=9.7093e-01
t=0.2560, max|U|=9.7053e-01, max|V|=9.7083e-01
t=0.2570, max|U|=9.7045e-01, max|V|=9.7073e-01
t=0.2580, max|U|=9.7037e-01, max|V|=9.7062e-01
t=0.2590, max|U|=9.7028e-01, max|V|=9.7050e-01
t=0.2600, max|U|=9.7018e-01, max|V|=9.7038e-01
t=0.2610, max|U|=9.7008e-01, max|V|=9.7025e-01
t=0.2620, max|U|=9.6997e-01, max|V|=9.7011e-01
t=0.2630, max|U|=9.6986e-01, max|V|=9.6997e-01
t=0.2640, max|U|=9.6973e-01, max|V|=9.6982e-01
t=0.2650, max|U|=9.6960e-01, max|V|=9.6966e-01
t=0.2660, max|U|=9.6947e-01, max|V|=9.6950e-01
t=0.2670, max|U|=9.6932e-01, max|V|=9.6941e-01
t=0.2680, max|U|=9.6917e-01, max|V|=9.6931e-01
t=0.2690, max|U|=9.6904e-01, max|V|=9.6921e-01
t=0.2700, max|U|=9.6895e-01, max|V|=9.6910e-01
t=0.2710, max|U|=9.6885e-01, max|V|=9.6898e-01
t=0.2720, max|U|=9.6874e-01, max|V|=9.6886e-01
t=0.2730, max|U|=9.6862e-01, max|V|=9.6872e-01
t=0.2740, max|U|=9.6850e-01, max|V|=9.6859e-01
t=0.2750, max|U|=9.6838e-01, max|V|=9.6844e-01
t=0.2760, max|U|=9.6824e-01, max|V|=9.6834e-01
t=0.2770, max|U|=9.6810e-01, max|V|=9.6830e-01
t=0.2780, max|U|=9.6795e-01, max|V|=9.6826e-01
t=0.2790, max|U|=9.6781e-01, max|V|=9.6822e-01
t=0.2800, max|U|=9.6778e-01, max|V|=9.6816e-01
t=0.2810, max|U|=9.6775e-01, max|V|=9.6810e-01
t=0.2820, max|U|=9.6771e-01, max|V|=9.6804e-01
t=0.2830, max|U|=9.6766e-01, max|V|=9.6796e-01
t=0.2840, max|U|=9.6760e-01, max|V|=9.6788e-01
t=0.2850, max|U|=9.6754e-01, max|V|=9.6779e-01
t=0.2860, max|U|=9.6747e-01, max|V|=9.6770e-01
t=0.2870, max|U|=9.6740e-01, max|V|=9.6760e-01
t=0.2880, max|U|=9.6732e-01, max|V|=9.6749e-01
t=0.2890, max|U|=9.6723e-01, max|V|=9.6738e-01
t=0.2900, max|U|=9.6713e-01, max|V|=9.6725e-01
t=0.2910, max|U|=9.6703e-01, max|V|=9.6713e-01
t=0.2920, max|U|=9.6692e-01, max|V|=9.6699e-01
t=0.2930, max|U|=9.6680e-01, max|V|=9.6685e-01
t=0.2940, max|U|=9.6668e-01, max|V|=9.6671e-01
t=0.2950, max|U|=9.6656e-01, max|V|=9.6655e-01
t=0.2960, max|U|=9.6642e-01, max|V|=9.6640e-01
t=0.2970, max|U|=9.6628e-01, max|V|=9.6629e-01
t=0.2980, max|U|=9.6613e-01, max|V|=9.6619e-01
t=0.2990, max|U|=9.6601e-01, max|V|=9.6609e-01
t=0.3000, max|U|=9.6594e-01, max|V|=9.6599e-01
t=0.3010, max|U|=9.6586e-01, max|V|=9.6587e-01
t=0.3020, max|U|=9.6577e-01, max|V|=9.6575e-01
t=0.3030, max|U|=9.6568e-01, max|V|=9.6563e-01
t=0.3040, max|U|=9.6558e-01, max|V|=9.6549e-01
t=0.3050, max|U|=9.6547e-01, max|V|=9.6535e-01
t=0.3060, max|U|=9.6536e-01, max|V|=9.6530e-01
t=0.3070, max|U|=9.6524e-01, max|V|=9.6526e-01
t=0.3080, max|U|=9.6511e-01, max|V|=9.6522e-01
t=0.3090, max|U|=9.6498e-01, max|V|=9.6517e-01
t=0.3100, max|U|=9.6484e-01, max|V|=9.6511e-01
t=0.3110, max|U|=9.6470e-01, max|V|=9.6604e-01
t=0.3120, max|U|=9.6465e-01, max|V|=9.7134e-01
t=0.3130, max|U|=9.6463e-01, max|V|=9.7663e-01
t=0.3140, max|U|=9.6745e-01, max|V|=9.8191e-01
t=0.3150, max|U|=9.7248e-01, max|V|=9.8717e-01
t=0.3160, max|U|=9.7748e-01, max|V|=9.9242e-01
t=0.3170, max|U|=9.8248e-01, max|V|=9.9766e-01
t=0.3180, max|U|=9.8746e-01, max|V|=1.0029e+00
t=0.3190, max|U|=9.9242e-01, max|V|=1.0081e+00
t=0.3200, max|U|=9.9737e-01, max|V|=1.0133e+00
t=0.3210, max|U|=1.0023e+00, max|V|=1.0185e+00
t=0.3220, max|U|=1.0072e+00, max|V|=1.0236e+00
t=0.3230, max|U|=1.0121e+00, max|V|=1.0288e+00
t=0.3240, max|U|=1.0170e+00, max|V|=1.0339e+00
t=0.3250, max|U|=1.0219e+00, max|V|=1.0390e+00
t=0.3260, max|U|=1.0267e+00, max|V|=1.0441e+00
t=0.3270, max|U|=1.0315e+00, max|V|=1.0492e+00
t=0.3280, max|U|=1.0364e+00, max|V|=1.0542e+00
t=0.3290, max|U|=1.0412e+00, max|V|=1.0592e+00
t=0.3300, max|U|=1.0459e+00, max|V|=1.0643e+00
t=0.3310, max|U|=1.0507e+00, max|V|=1.0693e+00
t=0.3320, max|U|=1.0554e+00, max|V|=1.0742e+00
t=0.3330, max|U|=1.0601e+00, max|V|=1.0792e+00
t=0.3340, max|U|=1.0648e+00, max|V|=1.0841e+00
t=0.3350, max|U|=1.0695e+00, max|V|=1.0890e+00
t=0.3360, max|U|=1.0742e+00, max|V|=1.0939e+00
t=0.3370, max|U|=1.0788e+00, max|V|=1.0988e+00
t=0.3380, max|U|=1.0834e+00, max|V|=1.1036e+00
t=0.3390, max|U|=1.0880e+00, max|V|=1.1085e+00
t=0.3400, max|U|=1.0926e+00, max|V|=1.1133e+00
t=0.3410, max|U|=1.0972e+00, max|V|=1.1181e+00
t=0.3420, max|U|=1.1017e+00, max|V|=1.1228e+00
t=0.3430, max|U|=1.1062e+00, max|V|=1.1276e+00
t=0.3440, max|U|=1.1107e+00, max|V|=1.1323e+00
t=0.3450, max|U|=1.1151e+00, max|V|=1.1369e+00
t=0.3460, max|U|=1.1196e+00, max|V|=1.1416e+00
t=0.3470, max|U|=1.1240e+00, max|V|=1.1463e+00
t=0.3480, max|U|=1.1284e+00, max|V|=1.1509e+00
t=0.3490, max|U|=1.1328e+00, max|V|=1.1555e+00
t=0.3500, max|U|=1.1372e+00, max|V|=1.1600e+00
t=0.3510, max|U|=1.1415e+00, max|V|=1.1646e+00
t=0.3520, max|U|=1.1458e+00, max|V|=1.1691e+00
t=0.3530, max|U|=1.1501e+00, max|V|=1.1736e+00
t=0.3540, max|U|=1.1543e+00, max|V|=1.1780e+00
t=0.3550, max|U|=1.1586e+00, max|V|=1.1825e+00
t=0.3560, max|U|=1.1628e+00, max|V|=1.1869e+00
t=0.3570, max|U|=1.1670e+00, max|V|=1.1913e+00
t=0.3580, max|U|=1.1712e+00, max|V|=1.1956e+00
t=0.3590, max|U|=1.1753e+00, max|V|=1.1999e+00
t=0.3600, max|U|=1.1794e+00, max|V|=1.2042e+00
t=0.3610, max|U|=1.1835e+00, max|V|=1.2085e+00
t=0.3620, max|U|=1.1876e+00, max|V|=1.2128e+00
t=0.3630, max|U|=1.1916e+00, max|V|=1.2170e+00
t=0.3640, max|U|=1.1957e+00, max|V|=1.2212e+00
t=0.3650, max|U|=1.1997e+00, max|V|=1.2254e+00
t=0.3660, max|U|=1.2036e+00, max|V|=1.2295e+00
t=0.3670, max|U|=1.2076e+00, max|V|=1.2336e+00
t=0.3680, max|U|=1.2115e+00, max|V|=1.2377e+00
t=0.3690, max|U|=1.2154e+00, max|V|=1.2417e+00
t=0.3700, max|U|=1.2193e+00, max|V|=1.2458e+00
t=0.3710, max|U|=1.2231e+00, max|V|=1.2498e+00
t=0.3720, max|U|=1.2270e+00, max|V|=1.2537e+00
t=0.3730, max|U|=1.2308e+00, max|V|=1.2577e+00
t=0.3740, max|U|=1.2345e+00, max|V|=1.2616e+00
t=0.3750, max|U|=1.2383e+00, max|V|=1.2655e+00
t=0.3760, max|U|=1.2420e+00, max|V|=1.2693e+00
t=0.3770, max|U|=1.2457e+00, max|V|=1.2732e+00
t=0.3780, max|U|=1.2494e+00, max|V|=1.2770e+00
t=0.3790, max|U|=1.2530e+00, max|V|=1.2807e+00
t=0.3800, max|U|=1.2567e+00, max|V|=1.2845e+00
t=0.3810, max|U|=1.2603e+00, max|V|=1.2882e+00
t=0.3820, max|U|=1.2638e+00, max|V|=1.2919e+00
t=0.3830, max|U|=1.2674e+00, max|V|=1.2955e+00
t=0.3840, max|U|=1.2709e+00, max|V|=1.2991e+00
t=0.3850, max|U|=1.2744e+00, max|V|=1.3027e+00
t=0.3860, max|U|=1.2779e+00, max|V|=1.3063e+00
t=0.3870, max|U|=1.2813e+00, max|V|=1.3098e+00
t=0.3880, max|U|=1.2847e+00, max|V|=1.3134e+00
t=0.3890, max|U|=1.2881e+00, max|V|=1.3168e+00
t=0.3900, max|U|=1.2915e+00, max|V|=1.3203e+00
t=0.3910, max|U|=1.2949e+00, max|V|=1.3237e+00
t=0.3920, max|U|=1.2982e+00, max|V|=1.3271e+00
t=0.3930, max|U|=1.3015e+00, max|V|=1.3305e+00
t=0.3940, max|U|=1.3048e+00, max|V|=1.3338e+00
t=0.3950, max|U|=1.3080e+00, max|V|=1.3371e+00
t=0.3960, max|U|=1.3112e+00, max|V|=1.3404e+00
t=0.3970, max|U|=1.3144e+00, max|V|=1.3436e+00
t=0.3980, max|U|=1.3176e+00, max|V|=1.3469e+00
t=0.3990, max|U|=1.3207e+00, max|V|=1.3500e+00
t=0.4000, max|U|=1.3239e+00, max|V|=1.3532e+00
t=0.4010, max|U|=1.3270e+00, max|V|=1.3563e+00
t=0.4020, max|U|=1.3300e+00, max|V|=1.3594e+00
t=0.4030, max|U|=1.3331e+00, max|V|=1.3625e+00
t=0.4040, max|U|=1.3361e+00, max|V|=1.3656e+00
t=0.4050, max|U|=1.3391e+00, max|V|=1.3686e+00
t=0.4060, max|U|=1.3421e+00, max|V|=1.3716e+00
t=0.4070, max|U|=1.3450e+00, max|V|=1.3745e+00
t=0.4080, max|U|=1.3480e+00, max|V|=1.3775e+00
t=0.4090, max|U|=1.3509e+00, max|V|=1.3804e+00
t=0.4100, max|U|=1.3537e+00, max|V|=1.3833e+00
t=0.4110, max|U|=1.3566e+00, max|V|=1.3861e+00
t=0.4120, max|U|=1.3594e+00, max|V|=1.3889e+00
t=0.4130, max|U|=1.3622e+00, max|V|=1.3917e+00
t=0.4140, max|U|=1.3650e+00, max|V|=1.3945e+00
t=0.4150, max|U|=1.3677e+00, max|V|=1.3972e+00
t=0.4160, max|U|=1.3705e+00, max|V|=1.3999e+00
t=0.4170, max|U|=1.3732e+00, max|V|=1.4026e+00
t=0.4180, max|U|=1.3759e+00, max|V|=1.4053e+00
t=0.4190, max|U|=1.3785e+00, max|V|=1.4079e+00
t=0.4200, max|U|=1.3811e+00, max|V|=1.4105e+00
t=0.4210, max|U|=1.3838e+00, max|V|=1.4131e+00
t=0.4220, max|U|=1.3863e+00, max|V|=1.4156e+00
t=0.4230, max|U|=1.3889e+00, max|V|=1.4181e+00
t=0.4240, max|U|=1.3915e+00, max|V|=1.4206e+00
t=0.4250, max|U|=1.3940e+00, max|V|=1.4231e+00
t=0.4260, max|U|=1.3965e+00, max|V|=1.4255e+00
t=0.4270, max|U|=1.3989e+00, max|V|=1.4280e+00
t=0.4280, max|U|=1.4014e+00, max|V|=1.4303e+00
t=0.4290, max|U|=1.4038e+00, max|V|=1.4327e+00
t=0.4300, max|U|=1.4062e+00, max|V|=1.4350e+00
t=0.4310, max|U|=1.4086e+00, max|V|=1.4373e+00
t=0.4320, max|U|=1.4109e+00, max|V|=1.4396e+00
t=0.4330, max|U|=1.4133e+00, max|V|=1.4419e+00
t=0.4340, max|U|=1.4156e+00, max|V|=1.4441e+00
t=0.4350, max|U|=1.4179e+00, max|V|=1.4463e+00
t=0.4360, max|U|=1.4201e+00, max|V|=1.4485e+00
t=0.4370, max|U|=1.4224e+00, max|V|=1.4506e+00
t=0.4380, max|U|=1.4246e+00, max|V|=1.4528e+00
t=0.4390, max|U|=1.4268e+00, max|V|=1.4549e+00
t=0.4400, max|U|=1.4290e+00, max|V|=1.4569e+00
t=0.4410, max|U|=1.4311e+00, max|V|=1.4590e+00
t=0.4420, max|U|=1.4333e+00, max|V|=1.4610e+00
t=0.4430, max|U|=1.4354e+00, max|V|=1.4630e+00
t=0.4440, max|U|=1.4375e+00, max|V|=1.4650e+00
t=0.4450, max|U|=1.4395e+00, max|V|=1.4669e+00
t=0.4460, max|U|=1.4416e+00, max|V|=1.4689e+00
t=0.4470, max|U|=1.4436e+00, max|V|=1.4708e+00
t=0.4480, max|U|=1.4456e+00, max|V|=1.4727e+00
t=0.4490, max|U|=1.4476e+00, max|V|=1.4745e+00
t=0.4500, max|U|=1.4495e+00, max|V|=1.4764e+00
t=0.4510, max|U|=1.4515e+00, max|V|=1.4782e+00
t=0.4520, max|U|=1.4534e+00, max|V|=1.4799e+00
t=0.4530, max|U|=1.4553e+00, max|V|=1.4817e+00
t=0.4540, max|U|=1.4572e+00, max|V|=1.4834e+00
t=0.4550, max|U|=1.4590e+00, max|V|=1.4852e+00
t=0.4560, max|U|=1.4609e+00, max|V|=1.4869e+00
t=0.4570, max|U|=1.4627e+00, max|V|=1.4885e+00
t=0.4580, max|U|=1.4645e+00, max|V|=1.4902e+00
t=0.4590, max|U|=1.4663e+00, max|V|=1.4918e+00
t=0.4600, max|U|=1.4680e+00, max|V|=1.4934e+00
t=0.4610, max|U|=1.4698e+00, max|V|=1.4950e+00
t=0.4620, max|U|=1.4715e+00, max|V|=1.4965e+00
t=0.4630, max|U|=1.4732e+00, max|V|=1.4981e+00
t=0.4640, max|U|=1.4749e+00, max|V|=1.4996e+00
t=0.4650, max|U|=1.4765e+00, max|V|=1.5011e+00
t=0.4660, max|U|=1.4781e+00, max|V|=1.5025e+00
t=0.4670, max|U|=1.4798e+00, max|V|=1.5040e+00
t=0.4680, max|U|=1.4814e+00, max|V|=1.5054e+00
t=0.4690, max|U|=1.4829e+00, max|V|=1.5068e+00
t=0.4700, max|U|=1.4845e+00, max|V|=1.5082e+00
t=0.4710, max|U|=1.4861e+00, max|V|=1.5096e+00
t=0.4720, max|U|=1.4876e+00, max|V|=1.5109e+00
t=0.4730, max|U|=1.4891e+00, max|V|=1.5122e+00
t=0.4740, max|U|=1.4906e+00, max|V|=1.5135e+00
t=0.4750, max|U|=1.4920e+00, max|V|=1.5148e+00
t=0.4760, max|U|=1.4935e+00, max|V|=1.5161e+00
t=0.4770, max|U|=1.4949e+00, max|V|=1.5173e+00
t=0.4780, max|U|=1.4963e+00, max|V|=1.5186e+00
t=0.4790, max|U|=1.4977e+00, max|V|=1.5198e+00
t=0.4800, max|U|=1.4991e+00, max|V|=1.5209e+00
t=0.4810, max|U|=1.5005e+00, max|V|=1.5221e+00
t=0.4820, max|U|=1.5018e+00, max|V|=1.5232e+00
t=0.4830, max|U|=1.5031e+00, max|V|=1.5244e+00
t=0.4840, max|U|=1.5044e+00, max|V|=1.5255e+00
t=0.4850, max|U|=1.5057e+00, max|V|=1.5266e+00
t=0.4860, max|U|=1.5070e+00, max|V|=1.5276e+00
t=0.4870, max|U|=1.5083e+00, max|V|=1.5287e+00
t=0.4880, max|U|=1.5095e+00, max|V|=1.5297e+00
t=0.4890, max|U|=1.5107e+00, max|V|=1.5307e+00
t=0.4900, max|U|=1.5119e+00, max|V|=1.5317e+00
t=0.4910, max|U|=1.5131e+00, max|V|=1.5327e+00
t=0.4920, max|U|=1.5143e+00, max|V|=1.5336e+00
t=0.4930, max|U|=1.5154e+00, max|V|=1.5346e+00
t=0.4940, max|U|=1.5166e+00, max|V|=1.5355e+00
t=0.4950, max|U|=1.5177e+00, max|V|=1.5364e+00
t=0.4960, max|U|=1.5188e+00, max|V|=1.5373e+00
t=0.4970, max|U|=1.5199e+00, max|V|=1.5381e+00
t=0.4980, max|U|=1.5210e+00, max|V|=1.5390e+00
t=0.4990, max|U|=1.5220e+00, max|V|=1.5398e+00
t=0.5000, max|U|=1.5231e+00, max|V|=1.5407e+00
t=0.5010, max|U|=1.5241e+00, max|V|=1.5414e+00
t=0.5020, max|U|=1.5251e+00, max|V|=1.5422e+00
t=0.5030, max|U|=1.5261e+00, max|V|=1.5430e+00
t=0.5040, max|U|=1.5271e+00, max|V|=1.5437e+00
t=0.5050, max|U|=1.5280e+00, max|V|=1.5445e+00
t=0.5060, max|U|=1.5290e+00, max|V|=1.5452e+00
t=0.5070, max|U|=1.5299e+00, max|V|=1.5459e+00
t=0.5080, max|U|=1.5308e+00, max|V|=1.5466e+00
t=0.5090, max|U|=1.5317e+00, max|V|=1.5473e+00
t=0.5100, max|U|=1.5326e+00, max|V|=1.5479e+00
t=0.5110, max|U|=1.5335e+00, max|V|=1.5485e+00
t=0.5120, max|U|=1.5344e+00, max|V|=1.5492e+00
t=0.5130, max|U|=1.5352e+00, max|V|=1.5498e+00
t=0.5140, max|U|=1.5360e+00, max|V|=1.5504e+00
t=0.5150, max|U|=1.5368e+00, max|V|=1.5509e+00
t=0.5160, max|U|=1.5376e+00, max|V|=1.5515e+00
t=0.5170, max|U|=1.5384e+00, max|V|=1.5521e+00
t=0.5180, max|U|=1.5392e+00, max|V|=1.5526e+00
t=0.5190, max|U|=1.5400e+00, max|V|=1.5531e+00
t=0.5200, max|U|=1.5407e+00, max|V|=1.5536e+00
t=0.5210, max|U|=1.5414e+00, max|V|=1.5541e+00
t=0.5220, max|U|=1.5421e+00, max|V|=1.5546e+00
t=0.5230, max|U|=1.5428e+00, max|V|=1.5550e+00
t=0.5240, max|U|=1.5435e+00, max|V|=1.5555e+00
t=0.5250, max|U|=1.5442e+00, max|V|=1.5559e+00
t=0.5260, max|U|=1.5449e+00, max|V|=1.5563e+00
t=0.5270, max|U|=1.5455e+00, max|V|=1.5567e+00
t=0.5280, max|U|=1.5462e+00, max|V|=1.5571e+00
t=0.5290, max|U|=1.5468e+00, max|V|=1.5575e+00
t=0.5300, max|U|=1.5474e+00, max|V|=1.5579e+00
t=0.5310, max|U|=1.5480e+00, max|V|=1.5582e+00
t=0.5320, max|U|=1.5486e+00, max|V|=1.5586e+00
t=0.5330, max|U|=1.5491e+00, max|V|=1.5589e+00
t=0.5340, max|U|=1.5497e+00, max|V|=1.5592e+00
t=0.5350, max|U|=1.5503e+00, max|V|=1.5595e+00
t=0.5360, max|U|=1.5508e+00, max|V|=1.5598e+00
t=0.5370, max|U|=1.5513e+00, max|V|=1.5601e+00
t=0.5380, max|U|=1.5518e+00, max|V|=1.5603e+00
t=0.5390, max|U|=1.5523e+00, max|V|=1.5606e+00
t=0.5400, max|U|=1.5528e+00, max|V|=1.5608e+00
t=0.5410, max|U|=1.5533e+00, max|V|=1.5610e+00
t=0.5420, max|U|=1.5537e+00, max|V|=1.5612e+00
t=0.5430, max|U|=1.5542e+00, max|V|=1.5614e+00
t=0.5440, max|U|=1.5546e+00, max|V|=1.5616e+00
t=0.5450, max|U|=1.5550e+00, max|V|=1.5618e+00
t=0.5460, max|U|=1.5554e+00, max|V|=1.5620e+00
t=0.5470, max|U|=1.5559e+00, max|V|=1.5621e+00
t=0.5480, max|U|=1.5562e+00, max|V|=1.5623e+00
t=0.5490, max|U|=1.5566e+00, max|V|=1.5624e+00
t=0.5500, max|U|=1.5570e+00, max|V|=1.5625e+00
t=0.5510, max|U|=1.5573e+00, max|V|=1.5626e+00
t=0.5520, max|U|=1.5577e+00, max|V|=1.5627e+00
t=0.5530, max|U|=1.5580e+00, max|V|=1.5628e+00
t=0.5540, max|U|=1.5583e+00, max|V|=1.5629e+00
t=0.5550, max|U|=1.5587e+00, max|V|=1.5630e+00
t=0.5560, max|U|=1.5590e+00, max|V|=1.5630e+00
t=0.5570, max|U|=1.5592e+00, max|V|=1.5631e+00
t=0.5580, max|U|=1.5595e+00, max|V|=1.5631e+00
t=0.5590, max|U|=1.5598e+00, max|V|=1.5631e+00
t=0.5600, max|U|=1.5600e+00, max|V|=1.5631e+00
t=0.5610, max|U|=1.5603e+00, max|V|=1.5631e+00
t=0.5620, max|U|=1.5605e+00, max|V|=1.5631e+00
t=0.5630, max|U|=1.5608e+00, max|V|=1.5631e+00
t=0.5640, max|U|=1.5610e+00, max|V|=1.5631e+00
t=0.5650, max|U|=1.5612e+00, max|V|=1.5631e+00
t=0.5660, max|U|=1.5614e+00, max|V|=1.5630e+00
t=0.5670, max|U|=1.5616e+00, max|V|=1.5630e+00
t=0.5680, max|U|=1.5617e+00, max|V|=1.5629e+00
t=0.5690, max|U|=1.5619e+00, max|V|=1.5628e+00
t=0.5700, max|U|=1.5621e+00, max|V|=1.5628e+00
t=0.5710, max|U|=1.5622e+00, max|V|=1.5627e+00
t=0.5720, max|U|=1.5623e+00, max|V|=1.5626e+00
t=0.5730, max|U|=1.5625e+00, max|V|=1.5625e+00
t=0.5740, max|U|=1.5626e+00, max|V|=1.5623e+00
t=0.5750, max|U|=1.5627e+00, max|V|=1.5622e+00
t=0.5760, max|U|=1.5628e+00, max|V|=1.5621e+00
t=0.5770, max|U|=1.5629e+00, max|V|=1.5619e+00
t=0.5780, max|U|=1.5630e+00, max|V|=1.5618e+00
t=0.5790, max|U|=1.5630e+00, max|V|=1.5616e+00
t=0.5800, max|U|=1.5631e+00, max|V|=1.5614e+00
t=0.5810, max|U|=1.5631e+00, max|V|=1.5613e+00
t=0.5820, max|U|=1.5632e+00, max|V|=1.5611e+00
t=0.5830, max|U|=1.5632e+00, max|V|=1.5609e+00
t=0.5840, max|U|=1.5633e+00, max|V|=1.5607e+00
t=0.5850, max|U|=1.5633e+00, max|V|=1.5605e+00
t=0.5860, max|U|=1.5633e+00, max|V|=1.5603e+00
t=0.5870, max|U|=1.5633e+00, max|V|=1.5600e+00
t=0.5880, max|U|=1.5633e+00, max|V|=1.5598e+00
t=0.5890, max|U|=1.5632e+00, max|V|=1.5595e+00
t=0.5900, max|U|=1.5632e+00, max|V|=1.5593e+00
t=0.5910, max|U|=1.5632e+00, max|V|=1.5590e+00
t=0.5920, max|U|=1.5631e+00, max|V|=1.5588e+00
t=0.5930, max|U|=1.5631e+00, max|V|=1.5585e+00
t=0.5940, max|U|=1.5630e+00, max|V|=1.5582e+00
t=0.5950, max|U|=1.5630e+00, max|V|=1.5579e+00
t=0.5960, max|U|=1.5629e+00, max|V|=1.5576e+00
t=0.5970, max|U|=1.5628e+00, max|V|=1.5573e+00
t=0.5980, max|U|=1.5627e+00, max|V|=1.5570e+00
t=0.5990, max|U|=1.5626e+00, max|V|=1.5567e+00
t=0.6000, max|U|=1.5625e+00, max|V|=1.5564e+00
t=0.6010, max|U|=1.5624e+00, max|V|=1.5561e+00
t=0.6020, max|U|=1.5623e+00, max|V|=1.5557e+00
t=0.6030, max|U|=1.5621e+00, max|V|=1.5554e+00
t=0.6040, max|U|=1.5620e+00, max|V|=1.5550e+00
t=0.6050, max|U|=1.5618e+00, max|V|=1.5547e+00
t=0.6060, max|U|=1.5617e+00, max|V|=1.5543e+00
t=0.6070, max|U|=1.5615e+00, max|V|=1.5540e+00
t=0.6080, max|U|=1.5614e+00, max|V|=1.5536e+00
t=0.6090, max|U|=1.5612e+00, max|V|=1.5532e+00
t=0.6100, max|U|=1.5610e+00, max|V|=1.5528e+00
t=0.6110, max|U|=1.5608e+00, max|V|=1.5524e+00
t=0.6120, max|U|=1.5606e+00, max|V|=1.5520e+00
t=0.6130, max|U|=1.5604e+00, max|V|=1.5516e+00
t=0.6140, max|U|=1.5602e+00, max|V|=1.5512e+00
t=0.6150, max|U|=1.5600e+00, max|V|=1.5508e+00
t=0.6160, max|U|=1.5598e+00, max|V|=1.5504e+00
t=0.6170, max|U|=1.5595e+00, max|V|=1.5499e+00
t=0.6180, max|U|=1.5593e+00, max|V|=1.5495e+00
t=0.6190, max|U|=1.5590e+00, max|V|=1.5491e+00
t=0.6200, max|U|=1.5588e+00, max|V|=1.5486e+00
t=0.6210, max|U|=1.5585e+00, max|V|=1.5482e+00
t=0.6220, max|U|=1.5582e+00, max|V|=1.5477e+00
t=0.6230, max|U|=1.5580e+00, max|V|=1.5472e+00
t=0.6240, max|U|=1.5577e+00, max|V|=1.5468e+00
t=0.6250, max|U|=1.5574e+00, max|V|=1.5463e+00
t=0.6260, max|U|=1.5571e+00, max|V|=1.5458e+00
t=0.6270, max|U|=1.5568e+00, max|V|=1.5453e+00
t=0.6280, max|U|=1.5565e+00, max|V|=1.5448e+00
t=0.6290, max|U|=1.5562e+00, max|V|=1.5444e+00
t=0.6300, max|U|=1.5559e+00, max|V|=1.5439e+00
t=0.6310, max|U|=1.5556e+00, max|V|=1.5433e+00
t=0.6320, max|U|=1.5552e+00, max|V|=1.5428e+00
t=0.6330, max|U|=1.5549e+00, max|V|=1.5423e+00
t=0.6340, max|U|=1.5545e+00, max|V|=1.5418e+00
t=0.6350, max|U|=1.5542e+00, max|V|=1.5413e+00
t=0.6360, max|U|=1.5538e+00, max|V|=1.5408e+00
t=0.6370, max|U|=1.5535e+00, max|V|=1.5402e+00
t=0.6380, max|U|=1.5531e+00, max|V|=1.5397e+00
t=0.6390, max|U|=1.5527e+00, max|V|=1.5391e+00
t=0.6400, max|U|=1.5524e+00, max|V|=1.5386e+00
t=0.6410, max|U|=1.5520e+00, max|V|=1.5380e+00
t=0.6420, max|U|=1.5516e+00, max|V|=1.5375e+00
t=0.6430, max|U|=1.5512e+00, max|V|=1.5369e+00
t=0.6440, max|U|=1.5508e+00, max|V|=1.5364e+00
t=0.6450, max|U|=1.5504e+00, max|V|=1.5358e+00
t=0.6460, max|U|=1.5500e+00, max|V|=1.5352e+00
t=0.6470, max|U|=1.5495e+00, max|V|=1.5346e+00
t=0.6480, max|U|=1.5491e+00, max|V|=1.5341e+00
t=0.6490, max|U|=1.5487e+00, max|V|=1.5335e+00
t=0.6500, max|U|=1.5483e+00, max|V|=1.5329e+00
t=0.6510, max|U|=1.5478e+00, max|V|=1.5323e+00
t=0.6520, max|U|=1.5474e+00, max|V|=1.5317e+00
t=0.6530, max|U|=1.5469e+00, max|V|=1.5311e+00
t=0.6540, max|U|=1.5465e+00, max|V|=1.5305e+00
t=0.6550, max|U|=1.5460e+00, max|V|=1.5299e+00
t=0.6560, max|U|=1.5455e+00, max|V|=1.5293e+00
t=0.6570, max|U|=1.5451e+00, max|V|=1.5287e+00
t=0.6580, max|U|=1.5446e+00, max|V|=1.5280e+00
t=0.6590, max|U|=1.5441e+00, max|V|=1.5274e+00
t=0.6600, max|U|=1.5436e+00, max|V|=1.5268e+00
t=0.6610, max|U|=1.5431e+00, max|V|=1.5262e+00
t=0.6620, max|U|=1.5426e+00, max|V|=1.5255e+00
t=0.6630, max|U|=1.5421e+00, max|V|=1.5249e+00
t=0.6640, max|U|=1.5416e+00, max|V|=1.5242e+00
t=0.6650, max|U|=1.5411e+00, max|V|=1.5236e+00
t=0.6660, max|U|=1.5406e+00, max|V|=1.5229e+00
t=0.6670, max|U|=1.5401e+00, max|V|=1.5223e+00
t=0.6680, max|U|=1.5396e+00, max|V|=1.5216e+00
t=0.6690, max|U|=1.5391e+00, max|V|=1.5210e+00
t=0.6700, max|U|=1.5385e+00, max|V|=1.5203e+00
t=0.6710, max|U|=1.5380e+00, max|V|=1.5197e+00
t=0.6720, max|U|=1.5374e+00, max|V|=1.5190e+00
t=0.6730, max|U|=1.5369e+00, max|V|=1.5183e+00
t=0.6740, max|U|=1.5363e+00, max|V|=1.5176e+00
t=0.6750, max|U|=1.5358e+00, max|V|=1.5170e+00
t=0.6760, max|U|=1.5352e+00, max|V|=1.5163e+00
t=0.6770, max|U|=1.5347e+00, max|V|=1.5156e+00
t=0.6780, max|U|=1.5341e+00, max|V|=1.5149e+00
t=0.6790, max|U|=1.5335e+00, max|V|=1.5142e+00
t=0.6800, max|U|=1.5330e+00, max|V|=1.5135e+00
t=0.6810, max|U|=1.5324e+00, max|V|=1.5128e+00
t=0.6820, max|U|=1.5318e+00, max|V|=1.5121e+00
t=0.6830, max|U|=1.5312e+00, max|V|=1.5114e+00
t=0.6840, max|U|=1.5306e+00, max|V|=1.5107e+00
t=0.6850, max|U|=1.5300e+00, max|V|=1.5100e+00
t=0.6860, max|U|=1.5294e+00, max|V|=1.5093e+00
t=0.6870, max|U|=1.5288e+00, max|V|=1.5086e+00
t=0.6880, max|U|=1.5282e+00, max|V|=1.5079e+00
t=0.6890, max|U|=1.5276e+00, max|V|=1.5072e+00
t=0.6900, max|U|=1.5270e+00, max|V|=1.5065e+00
t=0.6910, max|U|=1.5264e+00, max|V|=1.5057e+00
t=0.6920, max|U|=1.5257e+00, max|V|=1.5050e+00
t=0.6930, max|U|=1.5251e+00, max|V|=1.5043e+00
t=0.6940, max|U|=1.5245e+00, max|V|=1.5036e+00
t=0.6950, max|U|=1.5238e+00, max|V|=1.5028e+00
t=0.6960, max|U|=1.5232e+00, max|V|=1.5021e+00
t=0.6970, max|U|=1.5226e+00, max|V|=1.5014e+00
t=0.6980, max|U|=1.5219e+00, max|V|=1.5006e+00
t=0.6990, max|U|=1.5213e+00, max|V|=1.4999e+00
t=0.7000, max|U|=1.5206e+00, max|V|=1.4992e+00
t=0.7010, max|U|=1.5200e+00, max|V|=1.4984e+00
t=0.7020, max|U|=1.5193e+00, max|V|=1.4977e+00
t=0.7030, max|U|=1.5186e+00, max|V|=1.4969e+00
t=0.7040, max|U|=1.5180e+00, max|V|=1.4962e+00
t=0.7050, max|U|=1.5173e+00, max|V|=1.4954e+00
t=0.7060, max|U|=1.5166e+00, max|V|=1.4947e+00
t=0.7070, max|U|=1.5160e+00, max|V|=1.4939e+00
t=0.7080, max|U|=1.5153e+00, max|V|=1.4931e+00
t=0.7090, max|U|=1.5146e+00, max|V|=1.4924e+00
t=0.7100, max|U|=1.5139e+00, max|V|=1.4916e+00
t=0.7110, max|U|=1.5132e+00, max|V|=1.4908e+00
t=0.7120, max|U|=1.5125e+00, max|V|=1.4901e+00
t=0.7130, max|U|=1.5118e+00, max|V|=1.4893e+00
t=0.7140, max|U|=1.5111e+00, max|V|=1.4885e+00
t=0.7150, max|U|=1.5104e+00, max|V|=1.4878e+00
t=0.7160, max|U|=1.5097e+00, max|V|=1.4870e+00
t=0.7170, max|U|=1.5090e+00, max|V|=1.4862e+00
t=0.7180, max|U|=1.5083e+00, max|V|=1.4854e+00
t=0.7190, max|U|=1.5076e+00, max|V|=1.4847e+00
t=0.7200, max|U|=1.5069e+00, max|V|=1.4839e+00
t=0.7210, max|U|=1.5062e+00, max|V|=1.4831e+00
t=0.7220, max|U|=1.5055e+00, max|V|=1.4823e+00
t=0.7230, max|U|=1.5047e+00, max|V|=1.4815e+00
t=0.7240, max|U|=1.5040e+00, max|V|=1.4807e+00
t=0.7250, max|U|=1.5033e+00, max|V|=1.4799e+00
t=0.7260, max|U|=1.5026e+00, max|V|=1.4791e+00
t=0.7270, max|U|=1.5018e+00, max|V|=1.4784e+00
t=0.7280, max|U|=1.5011e+00, max|V|=1.4776e+00
t=0.7290, max|U|=1.5003e+00, max|V|=1.4768e+00
t=0.7300, max|U|=1.4996e+00, max|V|=1.4760e+00
t=0.7310, max|U|=1.4988e+00, max|V|=1.4752e+00
t=0.7320, max|U|=1.4981e+00, max|V|=1.4744e+00
t=0.7330, max|U|=1.4974e+00, max|V|=1.4736e+00
t=0.7340, max|U|=1.4966e+00, max|V|=1.4728e+00
t=0.7350, max|U|=1.4958e+00, max|V|=1.4720e+00
t=0.7360, max|U|=1.4951e+00, max|V|=1.4711e+00
t=0.7370, max|U|=1.4943e+00, max|V|=1.4703e+00
t=0.7380, max|U|=1.4936e+00, max|V|=1.4695e+00
t=0.7390, max|U|=1.4928e+00, max|V|=1.4687e+00
t=0.7400, max|U|=1.4920e+00, max|V|=1.4679e+00
t=0.7410, max|U|=1.4913e+00, max|V|=1.4671e+00
t=0.7420, max|U|=1.4905e+00, max|V|=1.4663e+00
t=0.7430, max|U|=1.4897e+00, max|V|=1.4655e+00
t=0.7440, max|U|=1.4889e+00, max|V|=1.4646e+00
t=0.7450, max|U|=1.4882e+00, max|V|=1.4638e+00
t=0.7460, max|U|=1.4874e+00, max|V|=1.4630e+00
t=0.7470, max|U|=1.4866e+00, max|V|=1.4622e+00
t=0.7480, max|U|=1.4858e+00, max|V|=1.4614e+00
t=0.7490, max|U|=1.4850e+00, max|V|=1.4605e+00
t=0.7500, max|U|=1.4842e+00, max|V|=1.4597e+00
t=0.7510, max|U|=1.4834e+00, max|V|=1.4589e+00
t=0.7520, max|U|=1.4826e+00, max|V|=1.4581e+00
t=0.7530, max|U|=1.4818e+00, max|V|=1.4572e+00
t=0.7540, max|U|=1.4810e+00, max|V|=1.4564e+00
t=0.7550, max|U|=1.4802e+00, max|V|=1.4556e+00
t=0.7560, max|U|=1.4794e+00, max|V|=1.4548e+00
t=0.7570, max|U|=1.4786e+00, max|V|=1.4539e+00
t=0.7580, max|U|=1.4778e+00, max|V|=1.4531e+00
t=0.7590, max|U|=1.4770e+00, max|V|=1.4523e+00
t=0.7600, max|U|=1.4762e+00, max|V|=1.4514e+00
t=0.7610, max|U|=1.4754e+00, max|V|=1.4506e+00
t=0.7620, max|U|=1.4746e+00, max|V|=1.4498e+00
t=0.7630, max|U|=1.4738e+00, max|V|=1.4489e+00
t=0.7640, max|U|=1.4729e+00, max|V|=1.4481e+00
t=0.7650, max|U|=1.4721e+00, max|V|=1.4472e+00
t=0.7660, max|U|=1.4713e+00, max|V|=1.4464e+00
t=0.7670, max|U|=1.4705e+00, max|V|=1.4456e+00
t=0.7680, max|U|=1.4697e+00, max|V|=1.4447e+00
t=0.7690, max|U|=1.4688e+00, max|V|=1.4439e+00
t=0.7700, max|U|=1.4680e+00, max|V|=1.4430e+00
t=0.7710, max|U|=1.4672e+00, max|V|=1.4422e+00
t=0.7720, max|U|=1.4663e+00, max|V|=1.4414e+00
t=0.7730, max|U|=1.4655e+00, max|V|=1.4405e+00
t=0.7740, max|U|=1.4647e+00, max|V|=1.4397e+00
t=0.7750, max|U|=1.4638e+00, max|V|=1.4388e+00
t=0.7760, max|U|=1.4630e+00, max|V|=1.4380e+00
t=0.7770, max|U|=1.4621e+00, max|V|=1.4371e+00
t=0.7780, max|U|=1.4613e+00, max|V|=1.4363e+00
t=0.7790, max|U|=1.4605e+00, max|V|=1.4354e+00
t=0.7800, max|U|=1.4596e+00, max|V|=1.4346e+00
t=0.7810, max|U|=1.4588e+00, max|V|=1.4337e+00
t=0.7820, max|U|=1.4579e+00, max|V|=1.4329e+00
t=0.7830, max|U|=1.4571e+00, max|V|=1.4320e+00
t=0.7840, max|U|=1.4562e+00, max|V|=1.4312e+00
t=0.7850, max|U|=1.4554e+00, max|V|=1.4303e+00
t=0.7860, max|U|=1.4545e+00, max|V|=1.4295e+00
t=0.7870, max|U|=1.4537e+00, max|V|=1.4286e+00
t=0.7880, max|U|=1.4528e+00, max|V|=1.4277e+00
t=0.7890, max|U|=1.4519e+00, max|V|=1.4269e+00
t=0.7900, max|U|=1.4511e+00, max|V|=1.4260e+00
t=0.7910, max|U|=1.4502e+00, max|V|=1.4252e+00
t=0.7920, max|U|=1.4494e+00, max|V|=1.4243e+00
t=0.7930, max|U|=1.4485e+00, max|V|=1.4235e+00
t=0.7940, max|U|=1.4476e+00, max|V|=1.4226e+00
t=0.7950, max|U|=1.4468e+00, max|V|=1.4218e+00
t=0.7960, max|U|=1.4459e+00, max|V|=1.4209e+00
t=0.7970, max|U|=1.4450e+00, max|V|=1.4200e+00
t=0.7980, max|U|=1.4442e+00, max|V|=1.4192e+00
t=0.7990, max|U|=1.4433e+00, max|V|=1.4183e+00
t=0.8000, max|U|=1.4424e+00, max|V|=1.4175e+00
t=0.8010, max|U|=1.4415e+00, max|V|=1.4166e+00
t=0.8020, max|U|=1.4407e+00, max|V|=1.4157e+00
t=0.8030, max|U|=1.4398e+00, max|V|=1.4149e+00
t=0.8040, max|U|=1.4389e+00, max|V|=1.4140e+00
t=0.8050, max|U|=1.4380e+00, max|V|=1.4131e+00
t=0.8060, max|U|=1.4371e+00, max|V|=1.4123e+00
t=0.8070, max|U|=1.4363e+00, max|V|=1.4114e+00
t=0.8080, max|U|=1.4354e+00, max|V|=1.4106e+00
t=0.8090, max|U|=1.4345e+00, max|V|=1.4097e+00
t=0.8100, max|U|=1.4336e+00, max|V|=1.4088e+00
t=0.8110, max|U|=1.4327e+00, max|V|=1.4080e+00
t=0.8120, max|U|=1.4318e+00, max|V|=1.4071e+00
t=0.8130, max|U|=1.4310e+00, max|V|=1.4062e+00
t=0.8140, max|U|=1.4301e+00, max|V|=1.4054e+00
t=0.8150, max|U|=1.4292e+00, max|V|=1.4045e+00
t=0.8160, max|U|=1.4283e+00, max|V|=1.4036e+00
t=0.8170, max|U|=1.4274e+00, max|V|=1.4028e+00
t=0.8180, max|U|=1.4265e+00, max|V|=1.4019e+00
t=0.8190, max|U|=1.4256e+00, max|V|=1.4010e+00
t=0.8200, max|U|=1.4247e+00, max|V|=1.4002e+00
t=0.8210, max|U|=1.4238e+00, max|V|=1.3993e+00
t=0.8220, max|U|=1.4229e+00, max|V|=1.3984e+00
t=0.8230, max|U|=1.4220e+00, max|V|=1.3976e+00
t=0.8240, max|U|=1.4211e+00, max|V|=1.3967e+00
t=0.8250, max|U|=1.4202e+00, max|V|=1.3958e+00
t=0.8260, max|U|=1.4193e+00, max|V|=1.3950e+00
t=0.8270, max|U|=1.4184e+00, max|V|=1.3941e+00
t=0.8280, max|U|=1.4175e+00, max|V|=1.3932e+00
t=0.8290, max|U|=1.4166e+00, max|V|=1.3924e+00
t=0.8300, max|U|=1.4157e+00, max|V|=1.3915e+00
t=0.8310, max|U|=1.4148e+00, max|V|=1.3906e+00
t=0.8320, max|U|=1.4139e+00, max|V|=1.3898e+00
t=0.8330, max|U|=1.4130e+00, max|V|=1.3889e+00
t=0.8340, max|U|=1.4121e+00, max|V|=1.3880e+00
t=0.8350, max|U|=1.4112e+00, max|V|=1.3872e+00
t=0.8360, max|U|=1.4103e+00, max|V|=1.3863e+00
t=0.8370, max|U|=1.4094e+00, max|V|=1.3854e+00
t=0.8380, max|U|=1.4085e+00, max|V|=1.3846e+00
t=0.8390, max|U|=1.4076e+00, max|V|=1.3837e+00
t=0.8400, max|U|=1.4067e+00, max|V|=1.3828e+00
t=0.8410, max|U|=1.4057e+00, max|V|=1.3819e+00
t=0.8420, max|U|=1.4048e+00, max|V|=1.3811e+00
t=0.8430, max|U|=1.4039e+00, max|V|=1.3802e+00
t=0.8440, max|U|=1.4030e+00, max|V|=1.3793e+00
t=0.8450, max|U|=1.4021e+00, max|V|=1.3785e+00
t=0.8460, max|U|=1.4012e+00, max|V|=1.3776e+00
t=0.8470, max|U|=1.4003e+00, max|V|=1.3767e+00
t=0.8480, max|U|=1.3994e+00, max|V|=1.3759e+00
t=0.8490, max|U|=1.3984e+00, max|V|=1.3750e+00
t=0.8500, max|U|=1.3975e+00, max|V|=1.3741e+00
t=0.8510, max|U|=1.3966e+00, max|V|=1.3733e+00
t=0.8520, max|U|=1.3957e+00, max|V|=1.3724e+00
t=0.8530, max|U|=1.3948e+00, max|V|=1.3715e+00
t=0.8540, max|U|=1.3939e+00, max|V|=1.3707e+00
t=0.8550, max|U|=1.3929e+00, max|V|=1.3698e+00
t=0.8560, max|U|=1.3920e+00, max|V|=1.3689e+00
t=0.8570, max|U|=1.3911e+00, max|V|=1.3680e+00
t=0.8580, max|U|=1.3902e+00, max|V|=1.3672e+00
t=0.8590, max|U|=1.3893e+00, max|V|=1.3663e+00
t=0.8600, max|U|=1.3883e+00, max|V|=1.3654e+00
t=0.8610, max|U|=1.3874e+00, max|V|=1.3646e+00
t=0.8620, max|U|=1.3865e+00, max|V|=1.3637e+00
t=0.8630, max|U|=1.3856e+00, max|V|=1.3628e+00
t=0.8640, max|U|=1.3846e+00, max|V|=1.3620e+00
t=0.8650, max|U|=1.3837e+00, max|V|=1.3611e+00
t=0.8660, max|U|=1.3828e+00, max|V|=1.3602e+00
t=0.8670, max|U|=1.3819e+00, max|V|=1.3594e+00
t=0.8680, max|U|=1.3809e+00, max|V|=1.3585e+00
t=0.8690, max|U|=1.3800e+00, max|V|=1.3576e+00
t=0.8700, max|U|=1.3791e+00, max|V|=1.3568e+00
t=0.8710, max|U|=1.3782e+00, max|V|=1.3559e+00
t=0.8720, max|U|=1.3772e+00, max|V|=1.3550e+00
t=0.8730, max|U|=1.3763e+00, max|V|=1.3542e+00
t=0.8740, max|U|=1.3754e+00, max|V|=1.3533e+00
t=0.8750, max|U|=1.3745e+00, max|V|=1.3524e+00
t=0.8760, max|U|=1.3735e+00, max|V|=1.3516e+00
t=0.8770, max|U|=1.3726e+00, max|V|=1.3507e+00
t=0.8780, max|U|=1.3717e+00, max|V|=1.3498e+00
t=0.8790, max|U|=1.3708e+00, max|V|=1.3490e+00
t=0.8800, max|U|=1.3698e+00, max|V|=1.3481e+00
t=0.8810, max|U|=1.3689e+00, max|V|=1.3473e+00
t=0.8820, max|U|=1.3680e+00, max|V|=1.3464e+00
t=0.8830, max|U|=1.3670e+00, max|V|=1.3455e+00
t=0.8840, max|U|=1.3661e+00, max|V|=1.3447e+00
t=0.8850, max|U|=1.3652e+00, max|V|=1.3438e+00
t=0.8860, max|U|=1.3642e+00, max|V|=1.3429e+00
t=0.8870, max|U|=1.3633e+00, max|V|=1.3421e+00
t=0.8880, max|U|=1.3624e+00, max|V|=1.3412e+00
t=0.8890, max|U|=1.3615e+00, max|V|=1.3404e+00
t=0.8900, max|U|=1.3605e+00, max|V|=1.3395e+00
t=0.8910, max|U|=1.3596e+00, max|V|=1.3386e+00
t=0.8920, max|U|=1.3587e+00, max|V|=1.3378e+00
t=0.8930, max|U|=1.3577e+00, max|V|=1.3369e+00
t=0.8940, max|U|=1.3568e+00, max|V|=1.3360e+00
t=0.8950, max|U|=1.3559e+00, max|V|=1.3352e+00
t=0.8960, max|U|=1.3549e+00, max|V|=1.3343e+00
t=0.8970, max|U|=1.3540e+00, max|V|=1.3335e+00
t=0.8980, max|U|=1.3531e+00, max|V|=1.3326e+00
t=0.8990, max|U|=1.3521e+00, max|V|=1.3318e+00
t=0.9000, max|U|=1.3512e+00, max|V|=1.3309e+00
t=0.9010, max|U|=1.3503e+00, max|V|=1.3300e+00
t=0.9020, max|U|=1.3494e+00, max|V|=1.3292e+00
t=0.9030, max|U|=1.3484e+00, max|V|=1.3283e+00
t=0.9040, max|U|=1.3475e+00, max|V|=1.3275e+00
t=0.9050, max|U|=1.3466e+00, max|V|=1.3266e+00
t=0.9060, max|U|=1.3456e+00, max|V|=1.3257e+00
t=0.9070, max|U|=1.3447e+00, max|V|=1.3249e+00
t=0.9080, max|U|=1.3438e+00, max|V|=1.3240e+00
t=0.9090, max|U|=1.3428e+00, max|V|=1.3232e+00
t=0.9100, max|U|=1.3419e+00, max|V|=1.3223e+00
t=0.9110, max|U|=1.3410e+00, max|V|=1.3215e+00
t=0.9120, max|U|=1.3400e+00, max|V|=1.3206e+00
t=0.9130, max|U|=1.3391e+00, max|V|=1.3198e+00
t=0.9140, max|U|=1.3382e+00, max|V|=1.3189e+00
t=0.9150, max|U|=1.3372e+00, max|V|=1.3181e+00
t=0.9160, max|U|=1.3363e+00, max|V|=1.3172e+00
t=0.9170, max|U|=1.3354e+00, max|V|=1.3164e+00
t=0.9180, max|U|=1.3344e+00, max|V|=1.3155e+00
t=0.9190, max|U|=1.3335e+00, max|V|=1.3147e+00
t=0.9200, max|U|=1.3326e+00, max|V|=1.3138e+00
t=0.9210, max|U|=1.3316e+00, max|V|=1.3130e+00
t=0.9220, max|U|=1.3307e+00, max|V|=1.3121e+00
t=0.9230, max|U|=1.3298e+00, max|V|=1.3113e+00
t=0.9240, max|U|=1.3288e+00, max|V|=1.3104e+00
t=0.9250, max|U|=1.3279e+00, max|V|=1.3096e+00
t=0.9260, max|U|=1.3270e+00, max|V|=1.3087e+00
t=0.9270, max|U|=1.3261e+00, max|V|=1.3079e+00
t=0.9280, max|U|=1.3251e+00, max|V|=1.3070e+00
t=0.9290, max|U|=1.3242e+00, max|V|=1.3062e+00
t=0.9300, max|U|=1.3233e+00, max|V|=1.3053e+00
t=0.9310, max|U|=1.3223e+00, max|V|=1.3045e+00
t=0.9320, max|U|=1.3214e+00, max|V|=1.3036e+00
t=0.9330, max|U|=1.3205e+00, max|V|=1.3028e+00
t=0.9340, max|U|=1.3195e+00, max|V|=1.3019e+00
t=0.9350, max|U|=1.3186e+00, max|V|=1.3011e+00
t=0.9360, max|U|=1.3177e+00, max|V|=1.3003e+00
t=0.9370, max|U|=1.3168e+00, max|V|=1.2994e+00
t=0.9380, max|U|=1.3158e+00, max|V|=1.2986e+00
t=0.9390, max|U|=1.3149e+00, max|V|=1.2977e+00
t=0.9400, max|U|=1.3140e+00, max|V|=1.2969e+00
t=0.9410, max|U|=1.3130e+00, max|V|=1.2961e+00
t=0.9420, max|U|=1.3121e+00, max|V|=1.2952e+00
t=0.9430, max|U|=1.3112e+00, max|V|=1.2944e+00
t=0.9440, max|U|=1.3102e+00, max|V|=1.2935e+00
t=0.9450, max|U|=1.3093e+00, max|V|=1.2927e+00
t=0.9460, max|U|=1.3084e+00, max|V|=1.2919e+00
t=0.9470, max|U|=1.3075e+00, max|V|=1.2910e+00
t=0.9480, max|U|=1.3065e+00, max|V|=1.2902e+00
t=0.9490, max|U|=1.3056e+00, max|V|=1.2893e+00
t=0.9500, max|U|=1.3047e+00, max|V|=1.2885e+00
t=0.9510, max|U|=1.3038e+00, max|V|=1.2877e+00
t=0.9520, max|U|=1.3028e+00, max|V|=1.2868e+00
t=0.9530, max|U|=1.3019e+00, max|V|=1.2860e+00
t=0.9540, max|U|=1.3010e+00, max|V|=1.2852e+00
t=0.9550, max|U|=1.3001e+00, max|V|=1.2843e+00
t=0.9560, max|U|=1.2991e+00, max|V|=1.2835e+00
t=0.9570, max|U|=1.2982e+00, max|V|=1.2827e+00
t=0.9580, max|U|=1.2973e+00, max|V|=1.2818e+00
t=0.9590, max|U|=1.2964e+00, max|V|=1.2810e+00
t=0.9600, max|U|=1.2954e+00, max|V|=1.2802e+00
t=0.9610, max|U|=1.2945e+00, max|V|=1.2794e+00
t=0.9620, max|U|=1.2936e+00, max|V|=1.2785e+00
t=0.9630, max|U|=1.2927e+00, max|V|=1.2777e+00
t=0.9640, max|U|=1.2917e+00, max|V|=1.2769e+00
t=0.9650, max|U|=1.2908e+00, max|V|=1.2760e+00
t=0.9660, max|U|=1.2899e+00, max|V|=1.2752e+00
t=0.9670, max|U|=1.2890e+00, max|V|=1.2744e+00
t=0.9680, max|U|=1.2881e+00, max|V|=1.2736e+00
t=0.9690, max|U|=1.2871e+00, max|V|=1.2727e+00
t=0.9700, max|U|=1.2862e+00, max|V|=1.2719e+00
t=0.9710, max|U|=1.2853e+00, max|V|=1.2711e+00
t=0.9720, max|U|=1.2844e+00, max|V|=1.2703e+00
t=0.9730, max|U|=1.2835e+00, max|V|=1.2694e+00
t=0.9740, max|U|=1.2825e+00, max|V|=1.2686e+00
t=0.9750, max|U|=1.2816e+00, max|V|=1.2678e+00
t=0.9760, max|U|=1.2807e+00, max|V|=1.2670e+00
t=0.9770, max|U|=1.2798e+00, max|V|=1.2662e+00
t=0.9780, max|U|=1.2789e+00, max|V|=1.2653e+00
t=0.9790, max|U|=1.2780e+00, max|V|=1.2645e+00
t=0.9800, max|U|=1.2770e+00, max|V|=1.2637e+00
t=0.9810, max|U|=1.2761e+00, max|V|=1.2629e+00
t=0.9820, max|U|=1.2752e+00, max|V|=1.2621e+00
t=0.9830, max|U|=1.2743e+00, max|V|=1.2613e+00
t=0.9840, max|U|=1.2734e+00, max|V|=1.2604e+00
t=0.9850, max|U|=1.2725e+00, max|V|=1.2596e+00
t=0.9860, max|U|=1.2716e+00, max|V|=1.2588e+00
t=0.9870, max|U|=1.2706e+00, max|V|=1.2580e+00
t=0.9880, max|U|=1.2697e+00, max|V|=1.2572e+00
t=0.9890, max|U|=1.2688e+00, max|V|=1.2564e+00
t=0.9900, max|U|=1.2679e+00, max|V|=1.2556e+00
t=0.9910, max|U|=1.2670e+00, max|V|=1.2547e+00
t=0.9920, max|U|=1.2661e+00, max|V|=1.2539e+00
t=0.9930, max|U|=1.2652e+00, max|V|=1.2531e+00
t=0.9940, max|U|=1.2643e+00, max|V|=1.2523e+00
t=0.9950, max|U|=1.2634e+00, max|V|=1.2515e+00
t=0.9960, max|U|=1.2625e+00, max|V|=1.2507e+00
t=0.9970, max|U|=1.2616e+00, max|V|=1.2499e+00
t=0.9980, max|U|=1.2606e+00, max|V|=1.2491e+00
t=0.9990, max|U|=1.2597e+00, max|V|=1.2483e+00
t=1.0000, max|U|=1.2588e+00, max|V|=1.2475e+00
Total simulation time: 24.25 seconds
Point (0.25, 0.25): U=0.3058, analytical_U=0.2973
Point (0.5, 0.25): U=0.5682, analytical_U=0.5774
Point (0.75, 0.25): U=-0.1810, analytical_U=0.2973
Point (0.25, 0.5): U=0.2753, analytical_U=0.2738
Point (0.5, 0.5): U=-0.2146, analytical_U=0.0000
Point (0.75, 0.5): U=-0.2704, analytical_U=-0.2738
Point (0.25, 0.75): U=-0.3143, analytical_U=-0.2973
Point (0.5, 0.75): U=-0.5762, analytical_U=-0.5774
Point (0.75, 0.75): U=-0.3276, analytical_U=-0.2973
Root Mean Square Error compared to literature solution: 1.7515e-01
Point (0.25, 0.25): U=0.2027, analytical_U=0.1885
Point (0.5, 0.25): U=0.3828, analytical_U=0.3749
Point (0.75, 0.25): U=-0.3018, analytical_U=0.1885
Point (0.25, 0.5): U=0.1985, analytical_U=0.1856
Point (0.5, 0.5): U=-0.2957, analytical_U=0.0000
Point (0.75, 0.5): U=-0.1958, analytical_U=-0.1856
Point (0.25, 0.75): U=-0.2340, analytical_U=-0.1885
Point (0.5, 0.75): U=-0.3888, analytical_U=-0.3749
Point (0.75, 0.75): U=-0.2169, analytical_U=-0.1885
Root Mean Square Error compared to literature solution: 1.9190e-01
