h = 5.23e-02
D = 3.65e-04
CFL(t=0) = 1.91e-02
t=0.0010, max|U|=9.9933e-01, max|V|=9.9958e-01
t=0.0020, max|U|=9.9896e-01, max|V|=9.9934e-01
t=0.0030, max|U|=9.9859e-01, max|V|=9.9910e-01
t=0.0040, max|U|=9.9821e-01, max|V|=9.9884e-01
t=0.0050, max|U|=9.9782e-01, max|V|=9.9858e-01
t=0.0060, max|U|=9.9742e-01, max|V|=9.9832e-01
t=0.0070, max|U|=9.9702e-01, max|V|=9.9804e-01
t=0.0080, max|U|=9.9660e-01, max|V|=9.9776e-01
t=0.0090, max|U|=9.9618e-01, max|V|=9.9746e-01
t=0.0100, max|U|=9.9574e-01, max|V|=9.9717e-01
t=0.0110, max|U|=9.9530e-01, max|V|=9.9686e-01
t=0.0120, max|U|=9.9486e-01, max|V|=9.9654e-01
t=0.0130, max|U|=9.9440e-01, max|V|=9.9622e-01
t=0.0140, max|U|=9.9413e-01, max|V|=9.9589e-01
t=0.0150, max|U|=9.9408e-01, max|V|=9.9555e-01
t=0.0160, max|U|=9.9402e-01, max|V|=9.9520e-01
t=0.0170, max|U|=9.9395e-01, max|V|=9.9485e-01
t=0.0180, max|U|=9.9387e-01, max|V|=9.9449e-01
t=0.0190, max|U|=9.9378e-01, max|V|=9.9412e-01
t=0.0200, max|U|=9.9368e-01, max|V|=9.9374e-01
t=0.0210, max|U|=9.9357e-01, max|V|=9.9336e-01
t=0.0220, max|U|=9.9344e-01, max|V|=9.9297e-01
t=0.0230, max|U|=9.9331e-01, max|V|=9.9257e-01
t=0.0240, max|U|=9.9317e-01, max|V|=9.9216e-01
t=0.0250, max|U|=9.9301e-01, max|V|=9.9175e-01
t=0.0260, max|U|=9.9285e-01, max|V|=9.9133e-01
t=0.0270, max|U|=9.9268e-01, max|V|=9.9090e-01
t=0.0280, max|U|=9.9250e-01, max|V|=9.9046e-01
t=0.0290, max|U|=9.9230e-01, max|V|=9.9002e-01
t=0.0300, max|U|=9.9210e-01, max|V|=9.8997e-01
t=0.0310, max|U|=9.9189e-01, max|V|=9.8996e-01
t=0.0320, max|U|=9.9167e-01, max|V|=9.8994e-01
t=0.0330, max|U|=9.9144e-01, max|V|=9.8991e-01
t=0.0340, max|U|=9.9120e-01, max|V|=9.8987e-01
t=0.0350, max|U|=9.9096e-01, max|V|=9.8982e-01
t=0.0360, max|U|=9.9070e-01, max|V|=9.8977e-01
t=0.0370, max|U|=9.9044e-01, max|V|=9.8970e-01
t=0.0380, max|U|=9.9016e-01, max|V|=9.8962e-01
t=0.0390, max|U|=9.8988e-01, max|V|=9.8954e-01
t=0.0400, max|U|=9.8959e-01, max|V|=9.8944e-01
t=0.0410, max|U|=9.8929e-01, max|V|=9.8934e-01
t=0.0420, max|U|=9.8901e-01, max|V|=9.8923e-01
t=0.0430, max|U|=9.8880e-01, max|V|=9.8910e-01
t=0.0440, max|U|=9.8857e-01, max|V|=9.8897e-01
t=0.0450, max|U|=9.8834e-01, max|V|=9.8883e-01
t=0.0460, max|U|=9.8810e-01, max|V|=9.8868e-01
t=0.0470, max|U|=9.8785e-01, max|V|=9.8853e-01
t=0.0480, max|U|=9.8759e-01, max|V|=9.8836e-01
t=0.0490, max|U|=9.8733e-01, max|V|=9.8819e-01
t=0.0500, max|U|=9.8706e-01, max|V|=9.8800e-01
t=0.0510, max|U|=9.8677e-01, max|V|=9.8781e-01
t=0.0520, max|U|=9.8649e-01, max|V|=9.8761e-01
t=0.0530, max|U|=9.8619e-01, max|V|=9.8741e-01
t=0.0540, max|U|=9.8589e-01, max|V|=9.8719e-01
t=0.0550, max|U|=9.8557e-01, max|V|=9.8697e-01
t=0.0560, max|U|=9.8526e-01, max|V|=9.8673e-01
t=0.0570, max|U|=9.8493e-01, max|V|=9.8649e-01
t=0.0580, max|U|=9.8460e-01, max|V|=9.8625e-01
t=0.0590, max|U|=9.8425e-01, max|V|=9.8599e-01
t=0.0600, max|U|=9.8391e-01, max|V|=9.8573e-01
t=0.0610, max|U|=9.8355e-01, max|V|=9.8546e-01
t=0.0620, max|U|=9.8319e-01, max|V|=9.8518e-01
t=0.0630, max|U|=9.8282e-01, max|V|=9.8489e-01
t=0.0640, max|U|=9.8244e-01, max|V|=9.8460e-01
t=0.0650, max|U|=9.8206e-01, max|V|=9.8430e-01
t=0.0660, max|U|=9.8167e-01, max|V|=9.8399e-01
t=0.0670, max|U|=9.8127e-01, max|V|=9.8368e-01
t=0.0680, max|U|=9.8087e-01, max|V|=9.8335e-01
t=0.0690, max|U|=9.8046e-01, max|V|=9.8302e-01
t=0.0700, max|U|=9.8004e-01, max|V|=9.8269e-01
t=0.0710, max|U|=9.7962e-01, max|V|=9.8234e-01
t=0.0720, max|U|=9.7935e-01, max|V|=9.8199e-01
t=0.0730, max|U|=9.7929e-01, max|V|=9.8164e-01
t=0.0740, max|U|=9.7922e-01, max|V|=9.8127e-01
t=0.0750, max|U|=9.7915e-01, max|V|=9.8090e-01
t=0.0760, max|U|=9.7907e-01, max|V|=9.8052e-01
t=0.0770, max|U|=9.7898e-01, max|V|=9.8014e-01
t=0.0780, max|U|=9.7888e-01, max|V|=9.7975e-01
t=0.0790, max|U|=9.7878e-01, max|V|=9.7935e-01
t=0.0800, max|U|=9.7866e-01, max|V|=9.7895e-01
t=0.0810, max|U|=9.7854e-01, max|V|=9.7854e-01
t=0.0820, max|U|=9.7841e-01, max|V|=9.7812e-01
t=0.0830, max|U|=9.7827e-01, max|V|=9.7770e-01
t=0.0840, max|U|=9.7813e-01, max|V|=9.7727e-01
t=0.0850, max|U|=9.7798e-01, max|V|=9.7684e-01
t=0.0860, max|U|=9.7782e-01, max|V|=9.7655e-01
t=0.0870, max|U|=9.7765e-01, max|V|=9.7652e-01
t=0.0880, max|U|=9.7747e-01, max|V|=9.7647e-01
t=0.0890, max|U|=9.7729e-01, max|V|=9.7641e-01
t=0.0900, max|U|=9.7710e-01, max|V|=9.7635e-01
t=0.0910, max|U|=9.7690e-01, max|V|=9.7628e-01
t=0.0920, max|U|=9.7670e-01, max|V|=9.7620e-01
t=0.0930, max|U|=9.7649e-01, max|V|=9.7612e-01
t=0.0940, max|U|=9.7632e-01, max|V|=9.7602e-01
t=0.0950, max|U|=9.7615e-01, max|V|=9.7592e-01
t=0.0960, max|U|=9.7598e-01, max|V|=9.7582e-01
t=0.0970, max|U|=9.7581e-01, max|V|=9.7570e-01
t=0.0980, max|U|=9.7562e-01, max|V|=9.7558e-01
t=0.0990, max|U|=9.7543e-01, max|V|=9.7544e-01
t=0.1000, max|U|=9.7523e-01, max|V|=9.7531e-01
t=0.1010, max|U|=9.7503e-01, max|V|=9.7516e-01
t=0.1020, max|U|=9.7482e-01, max|V|=9.7501e-01
t=0.1030, max|U|=9.7460e-01, max|V|=9.7485e-01
t=0.1040, max|U|=9.7437e-01, max|V|=9.7468e-01
t=0.1050, max|U|=9.7414e-01, max|V|=9.7451e-01
t=0.1060, max|U|=9.7390e-01, max|V|=9.7433e-01
t=0.1070, max|U|=9.7365e-01, max|V|=9.7414e-01
t=0.1080, max|U|=9.7340e-01, max|V|=9.7394e-01
t=0.1090, max|U|=9.7314e-01, max|V|=9.7374e-01
t=0.1100, max|U|=9.7288e-01, max|V|=9.7353e-01
t=0.1110, max|U|=9.7260e-01, max|V|=9.7332e-01
t=0.1120, max|U|=9.7232e-01, max|V|=9.7309e-01
t=0.1130, max|U|=9.7204e-01, max|V|=9.7286e-01
t=0.1140, max|U|=9.7175e-01, max|V|=9.7263e-01
t=0.1150, max|U|=9.7145e-01, max|V|=9.7239e-01
t=0.1160, max|U|=9.7115e-01, max|V|=9.7214e-01
t=0.1170, max|U|=9.7084e-01, max|V|=9.7188e-01
t=0.1180, max|U|=9.7052e-01, max|V|=9.7162e-01
t=0.1190, max|U|=9.7020e-01, max|V|=9.7135e-01
t=0.1200, max|U|=9.6987e-01, max|V|=9.7108e-01
t=0.1210, max|U|=9.6954e-01, max|V|=9.7080e-01
t=0.1220, max|U|=9.6920e-01, max|V|=9.7051e-01
t=0.1230, max|U|=9.6885e-01, max|V|=9.7022e-01
t=0.1240, max|U|=9.6850e-01, max|V|=9.6992e-01
t=0.1250, max|U|=9.6814e-01, max|V|=9.6962e-01
t=0.1260, max|U|=9.6781e-01, max|V|=9.6931e-01
t=0.1270, max|U|=9.6775e-01, max|V|=9.6899e-01
t=0.1280, max|U|=9.6768e-01, max|V|=9.6867e-01
t=0.1290, max|U|=9.6760e-01, max|V|=9.6834e-01
t=0.1300, max|U|=9.6752e-01, max|V|=9.6801e-01
t=0.1310, max|U|=9.6743e-01, max|V|=9.6767e-01
t=0.1320, max|U|=9.6734e-01, max|V|=9.6732e-01
t=0.1330, max|U|=9.6723e-01, max|V|=9.6699e-01
t=0.1340, max|U|=9.6712e-01, max|V|=9.6667e-01
t=0.1350, max|U|=9.6700e-01, max|V|=9.6634e-01
t=0.1360, max|U|=9.6688e-01, max|V|=9.6601e-01
t=0.1370, max|U|=9.6675e-01, max|V|=9.6567e-01
t=0.1380, max|U|=9.6661e-01, max|V|=9.6533e-01
t=0.1390, max|U|=9.6646e-01, max|V|=9.6498e-01
t=0.1400, max|U|=9.6631e-01, max|V|=9.6490e-01
t=0.1410, max|U|=9.6616e-01, max|V|=9.6486e-01
t=0.1420, max|U|=9.6599e-01, max|V|=9.6481e-01
t=0.1430, max|U|=9.6582e-01, max|V|=9.6476e-01
t=0.1440, max|U|=9.6564e-01, max|V|=9.6469e-01
t=0.1450, max|U|=9.6546e-01, max|V|=9.6462e-01
t=0.1460, max|U|=9.6527e-01, max|V|=9.6455e-01
t=0.1470, max|U|=9.6507e-01, max|V|=9.6446e-01
t=0.1480, max|U|=9.6487e-01, max|V|=9.6437e-01
t=0.1490, max|U|=9.6466e-01, max|V|=9.6427e-01
t=0.1500, max|U|=9.6445e-01, max|V|=9.6417e-01
t=0.1510, max|U|=9.6423e-01, max|V|=9.6406e-01
t=0.1520, max|U|=9.6400e-01, max|V|=9.6394e-01
t=0.1530, max|U|=9.6377e-01, max|V|=9.6382e-01
t=0.1540, max|U|=9.6353e-01, max|V|=9.6369e-01
t=0.1550, max|U|=9.6328e-01, max|V|=9.6355e-01
t=0.1560, max|U|=9.6303e-01, max|V|=9.6341e-01
t=0.1570, max|U|=9.6278e-01, max|V|=9.6326e-01
t=0.1580, max|U|=9.6259e-01, max|V|=9.6311e-01
t=0.1590, max|U|=9.6241e-01, max|V|=9.6294e-01
t=0.1600, max|U|=9.6223e-01, max|V|=9.6278e-01
t=0.1610, max|U|=9.6203e-01, max|V|=9.6260e-01
t=0.1620, max|U|=9.6184e-01, max|V|=9.6242e-01
t=0.1630, max|U|=9.6163e-01, max|V|=9.6224e-01
t=0.1640, max|U|=9.6142e-01, max|V|=9.6204e-01
t=0.1650, max|U|=9.6120e-01, max|V|=9.6184e-01
t=0.1660, max|U|=9.6098e-01, max|V|=9.6164e-01
t=0.1670, max|U|=9.6075e-01, max|V|=9.6143e-01
t=0.1680, max|U|=9.6052e-01, max|V|=9.6121e-01
t=0.1690, max|U|=9.6028e-01, max|V|=9.6099e-01
t=0.1700, max|U|=9.6004e-01, max|V|=9.6077e-01
t=0.1710, max|U|=9.5978e-01, max|V|=9.6053e-01
t=0.1720, max|U|=9.5953e-01, max|V|=9.6029e-01
t=0.1730, max|U|=9.5927e-01, max|V|=9.6005e-01
t=0.1740, max|U|=9.5900e-01, max|V|=9.5980e-01
t=0.1750, max|U|=9.5873e-01, max|V|=9.5954e-01
t=0.1760, max|U|=9.5845e-01, max|V|=9.5928e-01
t=0.1770, max|U|=9.5817e-01, max|V|=9.5902e-01
t=0.1780, max|U|=9.5788e-01, max|V|=9.5875e-01
t=0.1790, max|U|=9.5759e-01, max|V|=9.5847e-01
t=0.1800, max|U|=9.5729e-01, max|V|=9.5819e-01
t=0.1810, max|U|=9.5698e-01, max|V|=9.5790e-01
t=0.1820, max|U|=9.5667e-01, max|V|=9.5761e-01
t=0.1830, max|U|=9.5636e-01, max|V|=9.5731e-01
t=0.1840, max|U|=9.5604e-01, max|V|=9.5701e-01
t=0.1850, max|U|=9.5572e-01, max|V|=9.5670e-01
t=0.1860, max|U|=9.5539e-01, max|V|=9.5639e-01
t=0.1870, max|U|=9.5506e-01, max|V|=9.5607e-01
t=0.1880, max|U|=9.5482e-01, max|V|=9.5575e-01
t=0.1890, max|U|=9.5477e-01, max|V|=9.5542e-01
t=0.1900, max|U|=9.5471e-01, max|V|=9.5509e-01
t=0.1910, max|U|=9.5465e-01, max|V|=9.5475e-01
t=0.1920, max|U|=9.5458e-01, max|V|=9.5446e-01
t=0.1930, max|U|=9.5451e-01, max|V|=9.5418e-01
t=0.1940, max|U|=9.5443e-01, max|V|=9.5390e-01
t=0.1950, max|U|=9.5434e-01, max|V|=9.5361e-01
t=0.1960, max|U|=9.5424e-01, max|V|=9.5332e-01
t=0.1970, max|U|=9.5414e-01, max|V|=9.5321e-01
t=0.1980, max|U|=9.5404e-01, max|V|=9.5319e-01
t=0.1990, max|U|=9.5393e-01, max|V|=9.5316e-01
t=0.2000, max|U|=9.5381e-01, max|V|=9.5312e-01
t=0.2010, max|U|=9.5368e-01, max|V|=9.5308e-01
t=0.2020, max|U|=9.5355e-01, max|V|=9.5303e-01
t=0.2030, max|U|=9.5342e-01, max|V|=9.5297e-01
t=0.2040, max|U|=9.5328e-01, max|V|=9.5291e-01
t=0.2050, max|U|=9.5313e-01, max|V|=9.5285e-01
t=0.2060, max|U|=9.5298e-01, max|V|=9.5277e-01
t=0.2070, max|U|=9.5282e-01, max|V|=9.5269e-01
t=0.2080, max|U|=9.5266e-01, max|V|=9.5261e-01
t=0.2090, max|U|=9.5249e-01, max|V|=9.5251e-01
t=0.2100, max|U|=9.5231e-01, max|V|=9.5242e-01
t=0.2110, max|U|=9.5213e-01, max|V|=9.5231e-01
t=0.2120, max|U|=9.5194e-01, max|V|=9.5220e-01
t=0.2130, max|U|=9.5175e-01, max|V|=9.5209e-01
t=0.2140, max|U|=9.5156e-01, max|V|=9.5197e-01
t=0.2150, max|U|=9.5135e-01, max|V|=9.5184e-01
t=0.2160, max|U|=9.5115e-01, max|V|=9.5171e-01
t=0.2170, max|U|=9.5094e-01, max|V|=9.5157e-01
t=0.2180, max|U|=9.5072e-01, max|V|=9.5143e-01
t=0.2190, max|U|=9.5050e-01, max|V|=9.5128e-01
t=0.2200, max|U|=9.5027e-01, max|V|=9.5112e-01
t=0.2210, max|U|=9.5003e-01, max|V|=9.5096e-01
t=0.2220, max|U|=9.4982e-01, max|V|=9.5079e-01
t=0.2230, max|U|=9.4964e-01, max|V|=9.5062e-01
t=0.2240, max|U|=9.4946e-01, max|V|=9.5045e-01
t=0.2250, max|U|=9.4927e-01, max|V|=9.5026e-01
t=0.2260, max|U|=9.4907e-01, max|V|=9.5008e-01
t=0.2270, max|U|=9.4887e-01, max|V|=9.4988e-01
t=0.2280, max|U|=9.4866e-01, max|V|=9.4969e-01
t=0.2290, max|U|=9.4845e-01, max|V|=9.4948e-01
t=0.2300, max|U|=9.4824e-01, max|V|=9.4928e-01
t=0.2310, max|U|=9.4801e-01, max|V|=9.4906e-01
t=0.2320, max|U|=9.4779e-01, max|V|=9.4885e-01
t=0.2330, max|U|=9.4756e-01, max|V|=9.4862e-01
t=0.2340, max|U|=9.4732e-01, max|V|=9.4840e-01
t=0.2350, max|U|=9.4708e-01, max|V|=9.4816e-01
t=0.2360, max|U|=9.4684e-01, max|V|=9.4793e-01
t=0.2370, max|U|=9.4659e-01, max|V|=9.4768e-01
t=0.2380, max|U|=9.4633e-01, max|V|=9.4744e-01
t=0.2390, max|U|=9.4607e-01, max|V|=9.4719e-01
t=0.2400, max|U|=9.4581e-01, max|V|=9.4693e-01
t=0.2410, max|U|=9.4554e-01, max|V|=9.4667e-01
t=0.2420, max|U|=9.4527e-01, max|V|=9.4640e-01
t=0.2430, max|U|=9.4499e-01, max|V|=9.4613e-01
t=0.2440, max|U|=9.4471e-01, max|V|=9.4586e-01
t=0.2450, max|U|=9.4443e-01, max|V|=9.4558e-01
t=0.2460, max|U|=9.4414e-01, max|V|=9.4530e-01
t=0.2470, max|U|=9.4384e-01, max|V|=9.4501e-01
t=0.2480, max|U|=9.4355e-01, max|V|=9.4472e-01
t=0.2490, max|U|=9.4324e-01, max|V|=9.4442e-01
t=0.2500, max|U|=9.4294e-01, max|V|=9.4412e-01
t=0.2510, max|U|=9.4263e-01, max|V|=9.4381e-01
t=0.2520, max|U|=9.4242e-01, max|V|=9.4351e-01
t=0.2530, max|U|=9.4235e-01, max|V|=9.4319e-01
t=0.2540, max|U|=9.4229e-01, max|V|=9.4288e-01
t=0.2550, max|U|=9.4225e-01, max|V|=9.4255e-01
t=0.2560, max|U|=9.4225e-01, max|V|=9.4244e-01
t=0.2570, max|U|=9.4225e-01, max|V|=9.4244e-01
t=0.2580, max|U|=9.4224e-01, max|V|=9.4243e-01
t=0.2590, max|U|=9.4223e-01, max|V|=9.4241e-01
t=0.2600, max|U|=9.4221e-01, max|V|=9.4239e-01
t=0.2610, max|U|=9.4219e-01, max|V|=9.4236e-01
t=0.2620, max|U|=9.4216e-01, max|V|=9.4233e-01
t=0.2630, max|U|=9.4212e-01, max|V|=9.4229e-01
t=0.2640, max|U|=9.4208e-01, max|V|=9.4225e-01
t=0.2650, max|U|=9.4203e-01, max|V|=9.4220e-01
t=0.2660, max|U|=9.4198e-01, max|V|=9.4214e-01
t=0.2670, max|U|=9.4192e-01, max|V|=9.4208e-01
t=0.2680, max|U|=9.4185e-01, max|V|=9.4201e-01
t=0.2690, max|U|=9.4178e-01, max|V|=9.4194e-01
t=0.2700, max|U|=9.4171e-01, max|V|=9.4186e-01
t=0.2710, max|U|=9.4163e-01, max|V|=9.4178e-01
t=0.2720, max|U|=9.4154e-01, max|V|=9.4169e-01
t=0.2730, max|U|=9.4145e-01, max|V|=9.4160e-01
t=0.2740, max|U|=9.4135e-01, max|V|=9.4150e-01
t=0.2750, max|U|=9.4125e-01, max|V|=9.4139e-01
t=0.2760, max|U|=9.4114e-01, max|V|=9.4128e-01
t=0.2770, max|U|=9.4103e-01, max|V|=9.4117e-01
t=0.2780, max|U|=9.4091e-01, max|V|=9.4104e-01
t=0.2790, max|U|=9.4079e-01, max|V|=9.4092e-01
t=0.2800, max|U|=9.4067e-01, max|V|=9.4079e-01
t=0.2810, max|U|=9.4053e-01, max|V|=9.4065e-01
t=0.2820, max|U|=9.4040e-01, max|V|=9.4051e-01
t=0.2830, max|U|=9.4025e-01, max|V|=9.4036e-01
t=0.2840, max|U|=9.4011e-01, max|V|=9.4021e-01
t=0.2850, max|U|=9.3995e-01, max|V|=9.4006e-01
t=0.2860, max|U|=9.3980e-01, max|V|=9.3989e-01
t=0.2870, max|U|=9.3963e-01, max|V|=9.3973e-01
t=0.2880, max|U|=9.3947e-01, max|V|=9.3956e-01
t=0.2890, max|U|=9.3930e-01, max|V|=9.3938e-01
t=0.2900, max|U|=9.3912e-01, max|V|=9.3920e-01
t=0.2910, max|U|=9.3894e-01, max|V|=9.3902e-01
t=0.2920, max|U|=9.3876e-01, max|V|=9.4011e-01
t=0.2930, max|U|=9.3857e-01, max|V|=9.4261e-01
t=0.2940, max|U|=9.3837e-01, max|V|=9.4509e-01
t=0.2950, max|U|=9.3817e-01, max|V|=9.4756e-01
t=0.2960, max|U|=9.3797e-01, max|V|=9.5001e-01
t=0.2970, max|U|=9.3776e-01, max|V|=9.5244e-01
t=0.2980, max|U|=9.3755e-01, max|V|=9.5485e-01
t=0.2990, max|U|=9.3733e-01, max|V|=9.5725e-01
t=0.3000, max|U|=9.3711e-01, max|V|=9.5963e-01
t=0.3010, max|U|=9.3689e-01, max|V|=9.6199e-01
t=0.3020, max|U|=9.3666e-01, max|V|=9.6433e-01
t=0.3030, max|U|=9.3642e-01, max|V|=9.6666e-01
t=0.3040, max|U|=9.3619e-01, max|V|=9.6897e-01
t=0.3050, max|U|=9.3594e-01, max|V|=9.7126e-01
t=0.3060, max|U|=9.3714e-01, max|V|=9.7353e-01
t=0.3070, max|U|=9.3946e-01, max|V|=9.7579e-01
t=0.3080, max|U|=9.4176e-01, max|V|=9.7802e-01
t=0.3090, max|U|=9.4404e-01, max|V|=9.8024e-01
t=0.3100, max|U|=9.4631e-01, max|V|=9.8244e-01
t=0.3110, max|U|=9.4856e-01, max|V|=9.8463e-01
t=0.3120, max|U|=9.5079e-01, max|V|=9.8679e-01
t=0.3130, max|U|=9.5301e-01, max|V|=9.8894e-01
t=0.3140, max|U|=9.5521e-01, max|V|=9.9107e-01
t=0.3150, max|U|=9.5739e-01, max|V|=9.9319e-01
t=0.3160, max|U|=9.5956e-01, max|V|=9.9528e-01
t=0.3170, max|U|=9.6171e-01, max|V|=9.9736e-01
t=0.3180, max|U|=9.6384e-01, max|V|=9.9942e-01
t=0.3190, max|U|=9.6595e-01, max|V|=1.0015e+00
t=0.3200, max|U|=9.6805e-01, max|V|=1.0035e+00
t=0.3210, max|U|=9.7013e-01, max|V|=1.0055e+00
t=0.3220, max|U|=9.7219e-01, max|V|=1.0075e+00
t=0.3230, max|U|=9.7424e-01, max|V|=1.0094e+00
t=0.3240, max|U|=9.7626e-01, max|V|=1.0114e+00
t=0.3250, max|U|=9.7828e-01, max|V|=1.0133e+00
t=0.3260, max|U|=9.8027e-01, max|V|=1.0152e+00
t=0.3270, max|U|=9.8225e-01, max|V|=1.0171e+00
t=0.3280, max|U|=9.8421e-01, max|V|=1.0190e+00
t=0.3290, max|U|=9.8615e-01, max|V|=1.0209e+00
t=0.3300, max|U|=9.8808e-01, max|V|=1.0227e+00
t=0.3310, max|U|=9.8999e-01, max|V|=1.0246e+00
t=0.3320, max|U|=9.9188e-01, max|V|=1.0264e+00
t=0.3330, max|U|=9.9376e-01, max|V|=1.0282e+00
t=0.3340, max|U|=9.9562e-01, max|V|=1.0299e+00
t=0.3350, max|U|=9.9746e-01, max|V|=1.0317e+00
t=0.3360, max|U|=9.9929e-01, max|V|=1.0334e+00
t=0.3370, max|U|=1.0011e+00, max|V|=1.0352e+00
t=0.3380, max|U|=1.0029e+00, max|V|=1.0369e+00
t=0.3390, max|U|=1.0047e+00, max|V|=1.0386e+00
t=0.3400, max|U|=1.0064e+00, max|V|=1.0402e+00
t=0.3410, max|U|=1.0082e+00, max|V|=1.0419e+00
t=0.3420, max|U|=1.0099e+00, max|V|=1.0435e+00
t=0.3430, max|U|=1.0116e+00, max|V|=1.0451e+00
t=0.3440, max|U|=1.0133e+00, max|V|=1.0467e+00
t=0.3450, max|U|=1.0150e+00, max|V|=1.0483e+00
t=0.3460, max|U|=1.0166e+00, max|V|=1.0499e+00
t=0.3470, max|U|=1.0183e+00, max|V|=1.0515e+00
t=0.3480, max|U|=1.0199e+00, max|V|=1.0530e+00
t=0.3490, max|U|=1.0215e+00, max|V|=1.0545e+00
t=0.3500, max|U|=1.0231e+00, max|V|=1.0560e+00
t=0.3510, max|U|=1.0247e+00, max|V|=1.0575e+00
t=0.3520, max|U|=1.0263e+00, max|V|=1.0590e+00
t=0.3530, max|U|=1.0278e+00, max|V|=1.0604e+00
t=0.3540, max|U|=1.0294e+00, max|V|=1.0618e+00
t=0.3550, max|U|=1.0309e+00, max|V|=1.0633e+00
t=0.3560, max|U|=1.0324e+00, max|V|=1.0647e+00
t=0.3570, max|U|=1.0339e+00, max|V|=1.0661e+00
t=0.3580, max|U|=1.0353e+00, max|V|=1.0674e+00
t=0.3590, max|U|=1.0368e+00, max|V|=1.0688e+00
t=0.3600, max|U|=1.0382e+00, max|V|=1.0701e+00
t=0.3610, max|U|=1.0397e+00, max|V|=1.0714e+00
t=0.3620, max|U|=1.0411e+00, max|V|=1.0727e+00
t=0.3630, max|U|=1.0425e+00, max|V|=1.0740e+00
t=0.3640, max|U|=1.0439e+00, max|V|=1.0753e+00
t=0.3650, max|U|=1.0452e+00, max|V|=1.0766e+00
t=0.3660, max|U|=1.0466e+00, max|V|=1.0778e+00
t=0.3670, max|U|=1.0479e+00, max|V|=1.0790e+00
t=0.3680, max|U|=1.0492e+00, max|V|=1.0802e+00
t=0.3690, max|U|=1.0505e+00, max|V|=1.0814e+00
t=0.3700, max|U|=1.0518e+00, max|V|=1.0826e+00
t=0.3710, max|U|=1.0531e+00, max|V|=1.0838e+00
t=0.3720, max|U|=1.0543e+00, max|V|=1.0849e+00
t=0.3730, max|U|=1.0556e+00, max|V|=1.0861e+00
t=0.3740, max|U|=1.0568e+00, max|V|=1.0872e+00
t=0.3750, max|U|=1.0580e+00, max|V|=1.0883e+00
t=0.3760, max|U|=1.0592e+00, max|V|=1.0894e+00
t=0.3770, max|U|=1.0604e+00, max|V|=1.0905e+00
t=0.3780, max|U|=1.0616e+00, max|V|=1.0915e+00
t=0.3790, max|U|=1.0628e+00, max|V|=1.0926e+00
t=0.3800, max|U|=1.0639e+00, max|V|=1.0936e+00
t=0.3810, max|U|=1.0650e+00, max|V|=1.0946e+00
t=0.3820, max|U|=1.0662e+00, max|V|=1.0956e+00
t=0.3830, max|U|=1.0673e+00, max|V|=1.0966e+00
t=0.3840, max|U|=1.0683e+00, max|V|=1.0976e+00
t=0.3850, max|U|=1.0694e+00, max|V|=1.0985e+00
t=0.3860, max|U|=1.0705e+00, max|V|=1.0995e+00
t=0.3870, max|U|=1.0715e+00, max|V|=1.1004e+00
t=0.3880, max|U|=1.0726e+00, max|V|=1.1013e+00
t=0.3890, max|U|=1.0736e+00, max|V|=1.1022e+00
t=0.3900, max|U|=1.0746e+00, max|V|=1.1031e+00
t=0.3910, max|U|=1.0756e+00, max|V|=1.1040e+00
t=0.3920, max|U|=1.0766e+00, max|V|=1.1048e+00
t=0.3930, max|U|=1.0775e+00, max|V|=1.1057e+00
t=0.3940, max|U|=1.0785e+00, max|V|=1.1065e+00
t=0.3950, max|U|=1.0794e+00, max|V|=1.1074e+00
t=0.3960, max|U|=1.0804e+00, max|V|=1.1082e+00
t=0.3970, max|U|=1.0813e+00, max|V|=1.1090e+00
t=0.3980, max|U|=1.0822e+00, max|V|=1.1097e+00
t=0.3990, max|U|=1.0831e+00, max|V|=1.1105e+00
t=0.4000, max|U|=1.0839e+00, max|V|=1.1113e+00
t=0.4010, max|U|=1.0848e+00, max|V|=1.1120e+00
t=0.4020, max|U|=1.0857e+00, max|V|=1.1127e+00
t=0.4030, max|U|=1.0865e+00, max|V|=1.1135e+00
t=0.4040, max|U|=1.0873e+00, max|V|=1.1142e+00
t=0.4050, max|U|=1.0881e+00, max|V|=1.1149e+00
t=0.4060, max|U|=1.0889e+00, max|V|=1.1155e+00
t=0.4070, max|U|=1.0897e+00, max|V|=1.1162e+00
t=0.4080, max|U|=1.0905e+00, max|V|=1.1169e+00
t=0.4090, max|U|=1.0913e+00, max|V|=1.1175e+00
t=0.4100, max|U|=1.0920e+00, max|V|=1.1181e+00
t=0.4110, max|U|=1.0928e+00, max|V|=1.1188e+00
t=0.4120, max|U|=1.0935e+00, max|V|=1.1194e+00
t=0.4130, max|U|=1.0942e+00, max|V|=1.1200e+00
t=0.4140, max|U|=1.0949e+00, max|V|=1.1205e+00
t=0.4150, max|U|=1.0956e+00, max|V|=1.1211e+00
t=0.4160, max|U|=1.0963e+00, max|V|=1.1217e+00
t=0.4170, max|U|=1.0970e+00, max|V|=1.1222e+00
t=0.4180, max|U|=1.0977e+00, max|V|=1.1228e+00
t=0.4190, max|U|=1.0983e+00, max|V|=1.1233e+00
t=0.4200, max|U|=1.0989e+00, max|V|=1.1238e+00
t=0.4210, max|U|=1.0996e+00, max|V|=1.1243e+00
t=0.4220, max|U|=1.1002e+00, max|V|=1.1248e+00
t=0.4230, max|U|=1.1008e+00, max|V|=1.1253e+00
t=0.4240, max|U|=1.1014e+00, max|V|=1.1258e+00
t=0.4250, max|U|=1.1020e+00, max|V|=1.1262e+00
t=0.4260, max|U|=1.1026e+00, max|V|=1.1267e+00
t=0.4270, max|U|=1.1031e+00, max|V|=1.1271e+00
t=0.4280, max|U|=1.1037e+00, max|V|=1.1275e+00
t=0.4290, max|U|=1.1042e+00, max|V|=1.1280e+00
t=0.4300, max|U|=1.1047e+00, max|V|=1.1284e+00
t=0.4310, max|U|=1.1053e+00, max|V|=1.1288e+00
t=0.4320, max|U|=1.1058e+00, max|V|=1.1292e+00
t=0.4330, max|U|=1.1063e+00, max|V|=1.1295e+00
t=0.4340, max|U|=1.1068e+00, max|V|=1.1299e+00
t=0.4350, max|U|=1.1072e+00, max|V|=1.1303e+00
t=0.4360, max|U|=1.1077e+00, max|V|=1.1306e+00
t=0.4370, max|U|=1.1082e+00, max|V|=1.1310e+00
t=0.4380, max|U|=1.1086e+00, max|V|=1.1313e+00
t=0.4390, max|U|=1.1091e+00, max|V|=1.1316e+00
t=0.4400, max|U|=1.1095e+00, max|V|=1.1319e+00
t=0.4410, max|U|=1.1099e+00, max|V|=1.1322e+00
t=0.4420, max|U|=1.1103e+00, max|V|=1.1325e+00
t=0.4430, max|U|=1.1107e+00, max|V|=1.1328e+00
t=0.4440, max|U|=1.1111e+00, max|V|=1.1331e+00
t=0.4450, max|U|=1.1115e+00, max|V|=1.1333e+00
t=0.4460, max|U|=1.1119e+00, max|V|=1.1336e+00
t=0.4470, max|U|=1.1122e+00, max|V|=1.1338e+00
t=0.4480, max|U|=1.1126e+00, max|V|=1.1341e+00
t=0.4490, max|U|=1.1129e+00, max|V|=1.1343e+00
t=0.4500, max|U|=1.1133e+00, max|V|=1.1345e+00
t=0.4510, max|U|=1.1136e+00, max|V|=1.1347e+00
t=0.4520, max|U|=1.1139e+00, max|V|=1.1349e+00
t=0.4530, max|U|=1.1142e+00, max|V|=1.1351e+00
t=0.4540, max|U|=1.1145e+00, max|V|=1.1353e+00
t=0.4550, max|U|=1.1148e+00, max|V|=1.1355e+00
t=0.4560, max|U|=1.1151e+00, max|V|=1.1356e+00
t=0.4570, max|U|=1.1154e+00, max|V|=1.1358e+00
t=0.4580, max|U|=1.1157e+00, max|V|=1.1360e+00
t=0.4590, max|U|=1.1159e+00, max|V|=1.1361e+00
t=0.4600, max|U|=1.1162e+00, max|V|=1.1362e+00
t=0.4610, max|U|=1.1164e+00, max|V|=1.1364e+00
t=0.4620, max|U|=1.1166e+00, max|V|=1.1365e+00
t=0.4630, max|U|=1.1169e+00, max|V|=1.1366e+00
t=0.4640, max|U|=1.1171e+00, max|V|=1.1367e+00
t=0.4650, max|U|=1.1173e+00, max|V|=1.1368e+00
t=0.4660, max|U|=1.1175e+00, max|V|=1.1369e+00
t=0.4670, max|U|=1.1177e+00, max|V|=1.1370e+00
t=0.4680, max|U|=1.1179e+00, max|V|=1.1370e+00
t=0.4690, max|U|=1.1180e+00, max|V|=1.1371e+00
t=0.4700, max|U|=1.1182e+00, max|V|=1.1372e+00
t=0.4710, max|U|=1.1184e+00, max|V|=1.1372e+00
t=0.4720, max|U|=1.1185e+00, max|V|=1.1373e+00
t=0.4730, max|U|=1.1187e+00, max|V|=1.1373e+00
t=0.4740, max|U|=1.1188e+00, max|V|=1.1373e+00
t=0.4750, max|U|=1.1189e+00, max|V|=1.1373e+00
t=0.4760, max|U|=1.1191e+00, max|V|=1.1374e+00
t=0.4770, max|U|=1.1192e+00, max|V|=1.1374e+00
t=0.4780, max|U|=1.1193e+00, max|V|=1.1374e+00
t=0.4790, max|U|=1.1194e+00, max|V|=1.1374e+00
t=0.4800, max|U|=1.1195e+00, max|V|=1.1374e+00
t=0.4810, max|U|=1.1196e+00, max|V|=1.1373e+00
t=0.4820, max|U|=1.1196e+00, max|V|=1.1373e+00
t=0.4830, max|U|=1.1197e+00, max|V|=1.1373e+00
t=0.4840, max|U|=1.1198e+00, max|V|=1.1373e+00
t=0.4850, max|U|=1.1198e+00, max|V|=1.1372e+00
t=0.4860, max|U|=1.1199e+00, max|V|=1.1372e+00
t=0.4870, max|U|=1.1199e+00, max|V|=1.1371e+00
t=0.4880, max|U|=1.1200e+00, max|V|=1.1370e+00
t=0.4890, max|U|=1.1200e+00, max|V|=1.1370e+00
t=0.4900, max|U|=1.1200e+00, max|V|=1.1369e+00
t=0.4910, max|U|=1.1200e+00, max|V|=1.1368e+00
t=0.4920, max|U|=1.1201e+00, max|V|=1.1367e+00
t=0.4930, max|U|=1.1201e+00, max|V|=1.1366e+00
t=0.4940, max|U|=1.1201e+00, max|V|=1.1365e+00
t=0.4950, max|U|=1.1200e+00, max|V|=1.1364e+00
t=0.4960, max|U|=1.1200e+00, max|V|=1.1363e+00
t=0.4970, max|U|=1.1200e+00, max|V|=1.1362e+00
t=0.4980, max|U|=1.1200e+00, max|V|=1.1361e+00
t=0.4990, max|U|=1.1200e+00, max|V|=1.1360e+00
t=0.5000, max|U|=1.1199e+00, max|V|=1.1358e+00
t=0.5010, max|U|=1.1199e+00, max|V|=1.1357e+00
t=0.5020, max|U|=1.1198e+00, max|V|=1.1356e+00
t=0.5030, max|U|=1.1198e+00, max|V|=1.1354e+00
t=0.5040, max|U|=1.1197e+00, max|V|=1.1353e+00
t=0.5050, max|U|=1.1196e+00, max|V|=1.1351e+00
t=0.5060, max|U|=1.1195e+00, max|V|=1.1349e+00
t=0.5070, max|U|=1.1195e+00, max|V|=1.1348e+00
t=0.5080, max|U|=1.1194e+00, max|V|=1.1346e+00
t=0.5090, max|U|=1.1193e+00, max|V|=1.1344e+00
t=0.5100, max|U|=1.1192e+00, max|V|=1.1342e+00
t=0.5110, max|U|=1.1191e+00, max|V|=1.1340e+00
t=0.5120, max|U|=1.1190e+00, max|V|=1.1339e+00
t=0.5130, max|U|=1.1189e+00, max|V|=1.1337e+00
t=0.5140, max|U|=1.1187e+00, max|V|=1.1335e+00
t=0.5150, max|U|=1.1186e+00, max|V|=1.1332e+00
t=0.5160, max|U|=1.1185e+00, max|V|=1.1330e+00
t=0.5170, max|U|=1.1183e+00, max|V|=1.1328e+00
t=0.5180, max|U|=1.1182e+00, max|V|=1.1326e+00
t=0.5190, max|U|=1.1181e+00, max|V|=1.1324e+00
t=0.5200, max|U|=1.1179e+00, max|V|=1.1321e+00
t=0.5210, max|U|=1.1177e+00, max|V|=1.1319e+00
t=0.5220, max|U|=1.1176e+00, max|V|=1.1317e+00
t=0.5230, max|U|=1.1174e+00, max|V|=1.1314e+00
t=0.5240, max|U|=1.1172e+00, max|V|=1.1312e+00
t=0.5250, max|U|=1.1171e+00, max|V|=1.1309e+00
t=0.5260, max|U|=1.1169e+00, max|V|=1.1307e+00
t=0.5270, max|U|=1.1167e+00, max|V|=1.1304e+00
t=0.5280, max|U|=1.1165e+00, max|V|=1.1301e+00
t=0.5290, max|U|=1.1163e+00, max|V|=1.1299e+00
t=0.5300, max|U|=1.1161e+00, max|V|=1.1296e+00
t=0.5310, max|U|=1.1159e+00, max|V|=1.1293e+00
t=0.5320, max|U|=1.1157e+00, max|V|=1.1290e+00
t=0.5330, max|U|=1.1155e+00, max|V|=1.1287e+00
t=0.5340, max|U|=1.1153e+00, max|V|=1.1284e+00
t=0.5350, max|U|=1.1150e+00, max|V|=1.1281e+00
t=0.5360, max|U|=1.1148e+00, max|V|=1.1278e+00
t=0.5370, max|U|=1.1146e+00, max|V|=1.1275e+00
t=0.5380, max|U|=1.1143e+00, max|V|=1.1272e+00
t=0.5390, max|U|=1.1141e+00, max|V|=1.1269e+00
t=0.5400, max|U|=1.1138e+00, max|V|=1.1266e+00
t=0.5410, max|U|=1.1136e+00, max|V|=1.1263e+00
t=0.5420, max|U|=1.1133e+00, max|V|=1.1260e+00
t=0.5430, max|U|=1.1131e+00, max|V|=1.1257e+00
t=0.5440, max|U|=1.1128e+00, max|V|=1.1253e+00
t=0.5450, max|U|=1.1125e+00, max|V|=1.1250e+00
t=0.5460, max|U|=1.1123e+00, max|V|=1.1247e+00
t=0.5470, max|U|=1.1120e+00, max|V|=1.1243e+00
t=0.5480, max|U|=1.1117e+00, max|V|=1.1240e+00
t=0.5490, max|U|=1.1114e+00, max|V|=1.1236e+00
t=0.5500, max|U|=1.1111e+00, max|V|=1.1233e+00
t=0.5510, max|U|=1.1109e+00, max|V|=1.1229e+00
t=0.5520, max|U|=1.1106e+00, max|V|=1.1226e+00
t=0.5530, max|U|=1.1103e+00, max|V|=1.1222e+00
t=0.5540, max|U|=1.1100e+00, max|V|=1.1219e+00
t=0.5550, max|U|=1.1097e+00, max|V|=1.1215e+00
t=0.5560, max|U|=1.1093e+00, max|V|=1.1211e+00
t=0.5570, max|U|=1.1090e+00, max|V|=1.1208e+00
t=0.5580, max|U|=1.1087e+00, max|V|=1.1204e+00
t=0.5590, max|U|=1.1084e+00, max|V|=1.1200e+00
t=0.5600, max|U|=1.1081e+00, max|V|=1.1196e+00
t=0.5610, max|U|=1.1077e+00, max|V|=1.1193e+00
t=0.5620, max|U|=1.1074e+00, max|V|=1.1189e+00
t=0.5630, max|U|=1.1071e+00, max|V|=1.1185e+00
t=0.5640, max|U|=1.1067e+00, max|V|=1.1181e+00
t=0.5650, max|U|=1.1064e+00, max|V|=1.1177e+00
t=0.5660, max|U|=1.1060e+00, max|V|=1.1173e+00
t=0.5670, max|U|=1.1057e+00, max|V|=1.1169e+00
t=0.5680, max|U|=1.1053e+00, max|V|=1.1165e+00
t=0.5690, max|U|=1.1050e+00, max|V|=1.1161e+00
t=0.5700, max|U|=1.1046e+00, max|V|=1.1157e+00
t=0.5710, max|U|=1.1043e+00, max|V|=1.1153e+00
t=0.5720, max|U|=1.1039e+00, max|V|=1.1149e+00
t=0.5730, max|U|=1.1035e+00, max|V|=1.1144e+00
t=0.5740, max|U|=1.1032e+00, max|V|=1.1140e+00
t=0.5750, max|U|=1.1028e+00, max|V|=1.1136e+00
t=0.5760, max|U|=1.1024e+00, max|V|=1.1132e+00
t=0.5770, max|U|=1.1020e+00, max|V|=1.1128e+00
t=0.5780, max|U|=1.1017e+00, max|V|=1.1123e+00
t=0.5790, max|U|=1.1013e+00, max|V|=1.1119e+00
t=0.5800, max|U|=1.1009e+00, max|V|=1.1115e+00
t=0.5810, max|U|=1.1005e+00, max|V|=1.1110e+00
t=0.5820, max|U|=1.1001e+00, max|V|=1.1106e+00
t=0.5830, max|U|=1.0997e+00, max|V|=1.1101e+00
t=0.5840, max|U|=1.0993e+00, max|V|=1.1097e+00
t=0.5850, max|U|=1.0989e+00, max|V|=1.1093e+00
t=0.5860, max|U|=1.0985e+00, max|V|=1.1088e+00
t=0.5870, max|U|=1.0981e+00, max|V|=1.1084e+00
t=0.5880, max|U|=1.0977e+00, max|V|=1.1079e+00
t=0.5890, max|U|=1.0973e+00, max|V|=1.1075e+00
t=0.5900, max|U|=1.0968e+00, max|V|=1.1070e+00
t=0.5910, max|U|=1.0964e+00, max|V|=1.1065e+00
t=0.5920, max|U|=1.0960e+00, max|V|=1.1061e+00
t=0.5930, max|U|=1.0956e+00, max|V|=1.1056e+00
t=0.5940, max|U|=1.0951e+00, max|V|=1.1052e+00
t=0.5950, max|U|=1.0947e+00, max|V|=1.1047e+00
t=0.5960, max|U|=1.0943e+00, max|V|=1.1042e+00
t=0.5970, max|U|=1.0939e+00, max|V|=1.1037e+00
t=0.5980, max|U|=1.0934e+00, max|V|=1.1033e+00
t=0.5990, max|U|=1.0930e+00, max|V|=1.1028e+00
t=0.6000, max|U|=1.0925e+00, max|V|=1.1023e+00
t=0.6010, max|U|=1.0921e+00, max|V|=1.1018e+00
t=0.6020, max|U|=1.0916e+00, max|V|=1.1014e+00
t=0.6030, max|U|=1.0912e+00, max|V|=1.1009e+00
t=0.6040, max|U|=1.0907e+00, max|V|=1.1004e+00
t=0.6050, max|U|=1.0903e+00, max|V|=1.0999e+00
t=0.6060, max|U|=1.0898e+00, max|V|=1.0994e+00
t=0.6070, max|U|=1.0894e+00, max|V|=1.0989e+00
t=0.6080, max|U|=1.0889e+00, max|V|=1.0984e+00
t=0.6090, max|U|=1.0885e+00, max|V|=1.0979e+00
t=0.6100, max|U|=1.0880e+00, max|V|=1.0974e+00
t=0.6110, max|U|=1.0875e+00, max|V|=1.0969e+00
t=0.6120, max|U|=1.0871e+00, max|V|=1.0964e+00
t=0.6130, max|U|=1.0866e+00, max|V|=1.0959e+00
t=0.6140, max|U|=1.0861e+00, max|V|=1.0954e+00
t=0.6150, max|U|=1.0857e+00, max|V|=1.0949e+00
t=0.6160, max|U|=1.0852e+00, max|V|=1.0944e+00
t=0.6170, max|U|=1.0847e+00, max|V|=1.0939e+00
t=0.6180, max|U|=1.0842e+00, max|V|=1.0934e+00
t=0.6190, max|U|=1.0837e+00, max|V|=1.0929e+00
t=0.6200, max|U|=1.0833e+00, max|V|=1.0924e+00
t=0.6210, max|U|=1.0828e+00, max|V|=1.0919e+00
t=0.6220, max|U|=1.0823e+00, max|V|=1.0914e+00
t=0.6230, max|U|=1.0818e+00, max|V|=1.0908e+00
t=0.6240, max|U|=1.0813e+00, max|V|=1.0903e+00
t=0.6250, max|U|=1.0808e+00, max|V|=1.0898e+00
t=0.6260, max|U|=1.0803e+00, max|V|=1.0893e+00
t=0.6270, max|U|=1.0798e+00, max|V|=1.0888e+00
t=0.6280, max|U|=1.0793e+00, max|V|=1.0882e+00
t=0.6290, max|U|=1.0788e+00, max|V|=1.0877e+00
t=0.6300, max|U|=1.0783e+00, max|V|=1.0872e+00
t=0.6310, max|U|=1.0778e+00, max|V|=1.0867e+00
t=0.6320, max|U|=1.0773e+00, max|V|=1.0861e+00
t=0.6330, max|U|=1.0768e+00, max|V|=1.0856e+00
t=0.6340, max|U|=1.0763e+00, max|V|=1.0851e+00
t=0.6350, max|U|=1.0758e+00, max|V|=1.0845e+00
t=0.6360, max|U|=1.0753e+00, max|V|=1.0840e+00
t=0.6370, max|U|=1.0748e+00, max|V|=1.0835e+00
t=0.6380, max|U|=1.0743e+00, max|V|=1.0829e+00
t=0.6390, max|U|=1.0738e+00, max|V|=1.0824e+00
t=0.6400, max|U|=1.0733e+00, max|V|=1.0818e+00
t=0.6410, max|U|=1.0727e+00, max|V|=1.0813e+00
t=0.6420, max|U|=1.0722e+00, max|V|=1.0808e+00
t=0.6430, max|U|=1.0717e+00, max|V|=1.0802e+00
t=0.6440, max|U|=1.0712e+00, max|V|=1.0797e+00
t=0.6450, max|U|=1.0707e+00, max|V|=1.0791e+00
t=0.6460, max|U|=1.0701e+00, max|V|=1.0786e+00
t=0.6470, max|U|=1.0696e+00, max|V|=1.0780e+00
t=0.6480, max|U|=1.0691e+00, max|V|=1.0775e+00
t=0.6490, max|U|=1.0686e+00, max|V|=1.0769e+00
t=0.6500, max|U|=1.0680e+00, max|V|=1.0764e+00
t=0.6510, max|U|=1.0675e+00, max|V|=1.0758e+00
t=0.6520, max|U|=1.0670e+00, max|V|=1.0753e+00
t=0.6530, max|U|=1.0664e+00, max|V|=1.0747e+00
t=0.6540, max|U|=1.0659e+00, max|V|=1.0742e+00
t=0.6550, max|U|=1.0654e+00, max|V|=1.0736e+00
t=0.6560, max|U|=1.0648e+00, max|V|=1.0730e+00
t=0.6570, max|U|=1.0643e+00, max|V|=1.0725e+00
t=0.6580, max|U|=1.0638e+00, max|V|=1.0719e+00
t=0.6590, max|U|=1.0632e+00, max|V|=1.0714e+00
t=0.6600, max|U|=1.0627e+00, max|V|=1.0708e+00
t=0.6610, max|U|=1.0621e+00, max|V|=1.0702e+00
t=0.6620, max|U|=1.0616e+00, max|V|=1.0697e+00
t=0.6630, max|U|=1.0611e+00, max|V|=1.0691e+00
t=0.6640, max|U|=1.0605e+00, max|V|=1.0685e+00
t=0.6650, max|U|=1.0600e+00, max|V|=1.0680e+00
t=0.6660, max|U|=1.0594e+00, max|V|=1.0674e+00
t=0.6670, max|U|=1.0589e+00, max|V|=1.0668e+00
t=0.6680, max|U|=1.0583e+00, max|V|=1.0663e+00
t=0.6690, max|U|=1.0578e+00, max|V|=1.0657e+00
t=0.6700, max|U|=1.0572e+00, max|V|=1.0651e+00
t=0.6710, max|U|=1.0567e+00, max|V|=1.0646e+00
t=0.6720, max|U|=1.0561e+00, max|V|=1.0640e+00
t=0.6730, max|U|=1.0556e+00, max|V|=1.0634e+00
t=0.6740, max|U|=1.0550e+00, max|V|=1.0628e+00
t=0.6750, max|U|=1.0545e+00, max|V|=1.0623e+00
t=0.6760, max|U|=1.0539e+00, max|V|=1.0617e+00
t=0.6770, max|U|=1.0534e+00, max|V|=1.0611e+00
t=0.6780, max|U|=1.0528e+00, max|V|=1.0605e+00
t=0.6790, max|U|=1.0522e+00, max|V|=1.0600e+00
t=0.6800, max|U|=1.0517e+00, max|V|=1.0594e+00
t=0.6810, max|U|=1.0511e+00, max|V|=1.0588e+00
t=0.6820, max|U|=1.0506e+00, max|V|=1.0582e+00
t=0.6830, max|U|=1.0500e+00, max|V|=1.0576e+00
t=0.6840, max|U|=1.0494e+00, max|V|=1.0571e+00
t=0.6850, max|U|=1.0489e+00, max|V|=1.0565e+00
t=0.6860, max|U|=1.0483e+00, max|V|=1.0559e+00
t=0.6870, max|U|=1.0478e+00, max|V|=1.0553e+00
t=0.6880, max|U|=1.0472e+00, max|V|=1.0547e+00
t=0.6890, max|U|=1.0466e+00, max|V|=1.0541e+00
t=0.6900, max|U|=1.0461e+00, max|V|=1.0536e+00
t=0.6910, max|U|=1.0455e+00, max|V|=1.0530e+00
t=0.6920, max|U|=1.0449e+00, max|V|=1.0524e+00
t=0.6930, max|U|=1.0444e+00, max|V|=1.0518e+00
t=0.6940, max|U|=1.0438e+00, max|V|=1.0512e+00
t=0.6950, max|U|=1.0432e+00, max|V|=1.0506e+00
t=0.6960, max|U|=1.0427e+00, max|V|=1.0500e+00
t=0.6970, max|U|=1.0421e+00, max|V|=1.0494e+00
t=0.6980, max|U|=1.0415e+00, max|V|=1.0488e+00
t=0.6990, max|U|=1.0409e+00, max|V|=1.0483e+00
t=0.7000, max|U|=1.0404e+00, max|V|=1.0477e+00
t=0.7010, max|U|=1.0398e+00, max|V|=1.0471e+00
t=0.7020, max|U|=1.0392e+00, max|V|=1.0465e+00
t=0.7030, max|U|=1.0387e+00, max|V|=1.0459e+00
t=0.7040, max|U|=1.0381e+00, max|V|=1.0453e+00
t=0.7050, max|U|=1.0375e+00, max|V|=1.0447e+00
t=0.7060, max|U|=1.0369e+00, max|V|=1.0441e+00
t=0.7070, max|U|=1.0364e+00, max|V|=1.0435e+00
t=0.7080, max|U|=1.0358e+00, max|V|=1.0429e+00
t=0.7090, max|U|=1.0352e+00, max|V|=1.0423e+00
t=0.7100, max|U|=1.0346e+00, max|V|=1.0417e+00
t=0.7110, max|U|=1.0341e+00, max|V|=1.0411e+00
t=0.7120, max|U|=1.0335e+00, max|V|=1.0405e+00
t=0.7130, max|U|=1.0329e+00, max|V|=1.0399e+00
t=0.7140, max|U|=1.0323e+00, max|V|=1.0393e+00
t=0.7150, max|U|=1.0318e+00, max|V|=1.0387e+00
t=0.7160, max|U|=1.0312e+00, max|V|=1.0381e+00
t=0.7170, max|U|=1.0306e+00, max|V|=1.0375e+00
t=0.7180, max|U|=1.0300e+00, max|V|=1.0369e+00
t=0.7190, max|U|=1.0294e+00, max|V|=1.0363e+00
t=0.7200, max|U|=1.0289e+00, max|V|=1.0357e+00
t=0.7210, max|U|=1.0283e+00, max|V|=1.0351e+00
t=0.7220, max|U|=1.0277e+00, max|V|=1.0345e+00
t=0.7230, max|U|=1.0271e+00, max|V|=1.0339e+00
t=0.7240, max|U|=1.0265e+00, max|V|=1.0333e+00
t=0.7250, max|U|=1.0260e+00, max|V|=1.0327e+00
t=0.7260, max|U|=1.0254e+00, max|V|=1.0321e+00
t=0.7270, max|U|=1.0248e+00, max|V|=1.0315e+00
t=0.7280, max|U|=1.0242e+00, max|V|=1.0309e+00
t=0.7290, max|U|=1.0236e+00, max|V|=1.0303e+00
t=0.7300, max|U|=1.0230e+00, max|V|=1.0297e+00
t=0.7310, max|U|=1.0225e+00, max|V|=1.0291e+00
t=0.7320, max|U|=1.0219e+00, max|V|=1.0285e+00
t=0.7330, max|U|=1.0213e+00, max|V|=1.0279e+00
t=0.7340, max|U|=1.0207e+00, max|V|=1.0273e+00
t=0.7350, max|U|=1.0201e+00, max|V|=1.0267e+00
t=0.7360, max|U|=1.0195e+00, max|V|=1.0261e+00
t=0.7370, max|U|=1.0190e+00, max|V|=1.0255e+00
t=0.7380, max|U|=1.0184e+00, max|V|=1.0249e+00
t=0.7390, max|U|=1.0178e+00, max|V|=1.0243e+00
t=0.7400, max|U|=1.0172e+00, max|V|=1.0237e+00
t=0.7410, max|U|=1.0166e+00, max|V|=1.0231e+00
t=0.7420, max|U|=1.0160e+00, max|V|=1.0225e+00
t=0.7430, max|U|=1.0155e+00, max|V|=1.0218e+00
t=0.7440, max|U|=1.0149e+00, max|V|=1.0212e+00
t=0.7450, max|U|=1.0143e+00, max|V|=1.0206e+00
t=0.7460, max|U|=1.0137e+00, max|V|=1.0200e+00
t=0.7470, max|U|=1.0131e+00, max|V|=1.0194e+00
t=0.7480, max|U|=1.0125e+00, max|V|=1.0188e+00
t=0.7490, max|U|=1.0119e+00, max|V|=1.0182e+00
t=0.7500, max|U|=1.0114e+00, max|V|=1.0176e+00
t=0.7510, max|U|=1.0108e+00, max|V|=1.0170e+00
t=0.7520, max|U|=1.0102e+00, max|V|=1.0164e+00
t=0.7530, max|U|=1.0096e+00, max|V|=1.0158e+00
t=0.7540, max|U|=1.0090e+00, max|V|=1.0152e+00
t=0.7550, max|U|=1.0084e+00, max|V|=1.0145e+00
t=0.7560, max|U|=1.0078e+00, max|V|=1.0139e+00
t=0.7570, max|U|=1.0073e+00, max|V|=1.0133e+00
t=0.7580, max|U|=1.0067e+00, max|V|=1.0127e+00
t=0.7590, max|U|=1.0061e+00, max|V|=1.0121e+00
t=0.7600, max|U|=1.0055e+00, max|V|=1.0115e+00
t=0.7610, max|U|=1.0049e+00, max|V|=1.0109e+00
t=0.7620, max|U|=1.0043e+00, max|V|=1.0103e+00
t=0.7630, max|U|=1.0037e+00, max|V|=1.0097e+00
t=0.7640, max|U|=1.0032e+00, max|V|=1.0091e+00
t=0.7650, max|U|=1.0026e+00, max|V|=1.0085e+00
t=0.7660, max|U|=1.0020e+00, max|V|=1.0078e+00
t=0.7670, max|U|=1.0014e+00, max|V|=1.0072e+00
t=0.7680, max|U|=1.0008e+00, max|V|=1.0066e+00
t=0.7690, max|U|=1.0002e+00, max|V|=1.0060e+00
t=0.7700, max|U|=9.9964e-01, max|V|=1.0054e+00
t=0.7710, max|U|=9.9905e-01, max|V|=1.0048e+00
t=0.7720, max|U|=9.9847e-01, max|V|=1.0042e+00
t=0.7730, max|U|=9.9788e-01, max|V|=1.0036e+00
t=0.7740, max|U|=9.9730e-01, max|V|=1.0030e+00
t=0.7750, max|U|=9.9671e-01, max|V|=1.0024e+00
t=0.7760, max|U|=9.9613e-01, max|V|=1.0017e+00
t=0.7770, max|U|=9.9554e-01, max|V|=1.0011e+00
t=0.7780, max|U|=9.9495e-01, max|V|=1.0005e+00
t=0.7790, max|U|=9.9437e-01, max|V|=9.9991e-01
t=0.7800, max|U|=9.9378e-01, max|V|=9.9930e-01
t=0.7810, max|U|=9.9320e-01, max|V|=9.9869e-01
t=0.7820, max|U|=9.9261e-01, max|V|=9.9808e-01
t=0.7830, max|U|=9.9203e-01, max|V|=9.9747e-01
t=0.7840, max|U|=9.9144e-01, max|V|=9.9686e-01
t=0.7850, max|U|=9.9086e-01, max|V|=9.9625e-01
t=0.7860, max|U|=9.9027e-01, max|V|=9.9564e-01
t=0.7870, max|U|=9.8969e-01, max|V|=9.9503e-01
t=0.7880, max|U|=9.8911e-01, max|V|=9.9442e-01
t=0.7890, max|U|=9.8852e-01, max|V|=9.9381e-01
t=0.7900, max|U|=9.8794e-01, max|V|=9.9320e-01
t=0.7910, max|U|=9.8735e-01, max|V|=9.9259e-01
t=0.7920, max|U|=9.8677e-01, max|V|=9.9198e-01
t=0.7930, max|U|=9.8619e-01, max|V|=9.9137e-01
t=0.7940, max|U|=9.8560e-01, max|V|=9.9076e-01
t=0.7950, max|U|=9.8502e-01, max|V|=9.9015e-01
t=0.7960, max|U|=9.8444e-01, max|V|=9.8954e-01
t=0.7970, max|U|=9.8385e-01, max|V|=9.8893e-01
t=0.7980, max|U|=9.8327e-01, max|V|=9.8832e-01
t=0.7990, max|U|=9.8269e-01, max|V|=9.8771e-01
t=0.8000, max|U|=9.8210e-01, max|V|=9.8710e-01
t=0.8010, max|U|=9.8152e-01, max|V|=9.8649e-01
t=0.8020, max|U|=9.8094e-01, max|V|=9.8588e-01
t=0.8030, max|U|=9.8036e-01, max|V|=9.8528e-01
t=0.8040, max|U|=9.7978e-01, max|V|=9.8467e-01
t=0.8050, max|U|=9.7919e-01, max|V|=9.8406e-01
t=0.8060, max|U|=9.7861e-01, max|V|=9.8345e-01
t=0.8070, max|U|=9.7803e-01, max|V|=9.8284e-01
t=0.8080, max|U|=9.7745e-01, max|V|=9.8223e-01
t=0.8090, max|U|=9.7687e-01, max|V|=9.8162e-01
t=0.8100, max|U|=9.7629e-01, max|V|=9.8102e-01
t=0.8110, max|U|=9.7571e-01, max|V|=9.8041e-01
t=0.8120, max|U|=9.7513e-01, max|V|=9.7980e-01
t=0.8130, max|U|=9.7455e-01, max|V|=9.7919e-01
t=0.8140, max|U|=9.7397e-01, max|V|=9.7858e-01
t=0.8150, max|U|=9.7339e-01, max|V|=9.7798e-01
t=0.8160, max|U|=9.7281e-01, max|V|=9.7737e-01
t=0.8170, max|U|=9.7223e-01, max|V|=9.7676e-01
t=0.8180, max|U|=9.7165e-01, max|V|=9.7616e-01
t=0.8190, max|U|=9.7107e-01, max|V|=9.7555e-01
t=0.8200, max|U|=9.7050e-01, max|V|=9.7494e-01
t=0.8210, max|U|=9.6992e-01, max|V|=9.7434e-01
t=0.8220, max|U|=9.6934e-01, max|V|=9.7373e-01
t=0.8230, max|U|=9.6876e-01, max|V|=9.7312e-01
t=0.8240, max|U|=9.6819e-01, max|V|=9.7252e-01
t=0.8250, max|U|=9.6761e-01, max|V|=9.7191e-01
t=0.8260, max|U|=9.6703e-01, max|V|=9.7131e-01
t=0.8270, max|U|=9.6646e-01, max|V|=9.7070e-01
t=0.8280, max|U|=9.6588e-01, max|V|=9.7010e-01
t=0.8290, max|U|=9.6530e-01, max|V|=9.6949e-01
t=0.8300, max|U|=9.6473e-01, max|V|=9.6889e-01
t=0.8310, max|U|=9.6415e-01, max|V|=9.6828e-01
t=0.8320, max|U|=9.6358e-01, max|V|=9.6768e-01
t=0.8330, max|U|=9.6300e-01, max|V|=9.6707e-01
t=0.8340, max|U|=9.6243e-01, max|V|=9.6647e-01
t=0.8350, max|U|=9.6185e-01, max|V|=9.6587e-01
t=0.8360, max|U|=9.6128e-01, max|V|=9.6526e-01
t=0.8370, max|U|=9.6071e-01, max|V|=9.6466e-01
t=0.8380, max|U|=9.6013e-01, max|V|=9.6406e-01
t=0.8390, max|U|=9.5956e-01, max|V|=9.6345e-01
t=0.8400, max|U|=9.5899e-01, max|V|=9.6285e-01
t=0.8410, max|U|=9.5841e-01, max|V|=9.6225e-01
t=0.8420, max|U|=9.5784e-01, max|V|=9.6165e-01
t=0.8430, max|U|=9.5727e-01, max|V|=9.6104e-01
t=0.8440, max|U|=9.5670e-01, max|V|=9.6044e-01
t=0.8450, max|U|=9.5613e-01, max|V|=9.5984e-01
t=0.8460, max|U|=9.5555e-01, max|V|=9.5924e-01
t=0.8470, max|U|=9.5498e-01, max|V|=9.5864e-01
t=0.8480, max|U|=9.5441e-01, max|V|=9.5804e-01
t=0.8490, max|U|=9.5384e-01, max|V|=9.5744e-01
t=0.8500, max|U|=9.5327e-01, max|V|=9.5684e-01
t=0.8510, max|U|=9.5270e-01, max|V|=9.5624e-01
t=0.8520, max|U|=9.5214e-01, max|V|=9.5564e-01
t=0.8530, max|U|=9.5157e-01, max|V|=9.5504e-01
t=0.8540, max|U|=9.5100e-01, max|V|=9.5444e-01
t=0.8550, max|U|=9.5043e-01, max|V|=9.5384e-01
t=0.8560, max|U|=9.4986e-01, max|V|=9.5325e-01
t=0.8570, max|U|=9.4929e-01, max|V|=9.5265e-01
t=0.8580, max|U|=9.4873e-01, max|V|=9.5205e-01
t=0.8590, max|U|=9.4816e-01, max|V|=9.5145e-01
t=0.8600, max|U|=9.4759e-01, max|V|=9.5086e-01
t=0.8610, max|U|=9.4703e-01, max|V|=9.5026e-01
t=0.8620, max|U|=9.4646e-01, max|V|=9.4966e-01
t=0.8630, max|U|=9.4590e-01, max|V|=9.4907e-01
t=0.8640, max|U|=9.4533e-01, max|V|=9.4847e-01
t=0.8650, max|U|=9.4477e-01, max|V|=9.4787e-01
t=0.8660, max|U|=9.4420e-01, max|V|=9.4728e-01
t=0.8670, max|U|=9.4364e-01, max|V|=9.4668e-01
t=0.8680, max|U|=9.4307e-01, max|V|=9.4609e-01
t=0.8690, max|U|=9.4251e-01, max|V|=9.4549e-01
t=0.8700, max|U|=9.4195e-01, max|V|=9.4490e-01
t=0.8710, max|U|=9.4138e-01, max|V|=9.4431e-01
t=0.8720, max|U|=9.4082e-01, max|V|=9.4371e-01
t=0.8730, max|U|=9.4026e-01, max|V|=9.4312e-01
t=0.8740, max|U|=9.3970e-01, max|V|=9.4253e-01
t=0.8750, max|U|=9.3914e-01, max|V|=9.4194e-01
t=0.8760, max|U|=9.3858e-01, max|V|=9.4134e-01
t=0.8770, max|U|=9.3801e-01, max|V|=9.4075e-01
t=0.8780, max|U|=9.3745e-01, max|V|=9.4016e-01
t=0.8790, max|U|=9.3689e-01, max|V|=9.3957e-01
t=0.8800, max|U|=9.3634e-01, max|V|=9.3898e-01
t=0.8810, max|U|=9.3578e-01, max|V|=9.3839e-01
t=0.8820, max|U|=9.3522e-01, max|V|=9.3780e-01
t=0.8830, max|U|=9.3466e-01, max|V|=9.3721e-01
t=0.8840, max|U|=9.3410e-01, max|V|=9.3662e-01
t=0.8850, max|U|=9.3354e-01, max|V|=9.3603e-01
t=0.8860, max|U|=9.3299e-01, max|V|=9.3544e-01
t=0.8870, max|U|=9.3243e-01, max|V|=9.3485e-01
t=0.8880, max|U|=9.3187e-01, max|V|=9.3427e-01
t=0.8890, max|U|=9.3132e-01, max|V|=9.3368e-01
t=0.8900, max|U|=9.3076e-01, max|V|=9.3309e-01
t=0.8910, max|U|=9.3020e-01, max|V|=9.3250e-01
t=0.8920, max|U|=9.2965e-01, max|V|=9.3192e-01
t=0.8930, max|U|=9.2909e-01, max|V|=9.3133e-01
t=0.8940, max|U|=9.2854e-01, max|V|=9.3075e-01
t=0.8950, max|U|=9.2799e-01, max|V|=9.3016e-01
t=0.8960, max|U|=9.2743e-01, max|V|=9.2958e-01
t=0.8970, max|U|=9.2688e-01, max|V|=9.2899e-01
t=0.8980, max|U|=9.2633e-01, max|V|=9.2841e-01
t=0.8990, max|U|=9.2577e-01, max|V|=9.2782e-01
t=0.9000, max|U|=9.2522e-01, max|V|=9.2724e-01
t=0.9010, max|U|=9.2467e-01, max|V|=9.2666e-01
t=0.9020, max|U|=9.2412e-01, max|V|=9.2607e-01
t=0.9030, max|U|=9.2357e-01, max|V|=9.2549e-01
t=0.9040, max|U|=9.2302e-01, max|V|=9.2491e-01
t=0.9050, max|U|=9.2247e-01, max|V|=9.2433e-01
t=0.9060, max|U|=9.2192e-01, max|V|=9.2375e-01
t=0.9070, max|U|=9.2137e-01, max|V|=9.2317e-01
t=0.9080, max|U|=9.2082e-01, max|V|=9.2259e-01
t=0.9090, max|U|=9.2027e-01, max|V|=9.2201e-01
t=0.9100, max|U|=9.1972e-01, max|V|=9.2143e-01
t=0.9110, max|U|=9.1917e-01, max|V|=9.2085e-01
t=0.9120, max|U|=9.1863e-01, max|V|=9.2027e-01
t=0.9130, max|U|=9.1808e-01, max|V|=9.1969e-01
t=0.9140, max|U|=9.1753e-01, max|V|=9.1911e-01
t=0.9150, max|U|=9.1699e-01, max|V|=9.1854e-01
t=0.9160, max|U|=9.1644e-01, max|V|=9.1796e-01
t=0.9170, max|U|=9.1589e-01, max|V|=9.1738e-01
t=0.9180, max|U|=9.1535e-01, max|V|=9.1681e-01
t=0.9190, max|U|=9.1480e-01, max|V|=9.1623e-01
t=0.9200, max|U|=9.1426e-01, max|V|=9.1565e-01
t=0.9210, max|U|=9.1372e-01, max|V|=9.1508e-01
t=0.9220, max|U|=9.1317e-01, max|V|=9.1450e-01
t=0.9230, max|U|=9.1263e-01, max|V|=9.1393e-01
t=0.9240, max|U|=9.1209e-01, max|V|=9.1336e-01
t=0.9250, max|U|=9.1154e-01, max|V|=9.1278e-01
t=0.9260, max|U|=9.1100e-01, max|V|=9.1221e-01
t=0.9270, max|U|=9.1046e-01, max|V|=9.1164e-01
t=0.9280, max|U|=9.0992e-01, max|V|=9.1107e-01
t=0.9290, max|U|=9.0938e-01, max|V|=9.1049e-01
t=0.9300, max|U|=9.0884e-01, max|V|=9.0992e-01
t=0.9310, max|U|=9.0830e-01, max|V|=9.0935e-01
t=0.9320, max|U|=9.0776e-01, max|V|=9.0878e-01
t=0.9330, max|U|=9.0722e-01, max|V|=9.0821e-01
t=0.9340, max|U|=9.0668e-01, max|V|=9.0764e-01
t=0.9350, max|U|=9.0614e-01, max|V|=9.0707e-01
t=0.9360, max|U|=9.0560e-01, max|V|=9.0651e-01
t=0.9370, max|U|=9.0507e-01, max|V|=9.0594e-01
t=0.9380, max|U|=9.0453e-01, max|V|=9.0537e-01
t=0.9390, max|U|=9.0399e-01, max|V|=9.0480e-01
t=0.9400, max|U|=9.0346e-01, max|V|=9.0424e-01
t=0.9410, max|U|=9.0292e-01, max|V|=9.0367e-01
t=0.9420, max|U|=9.0238e-01, max|V|=9.0310e-01
t=0.9430, max|U|=9.0185e-01, max|V|=9.0254e-01
t=0.9440, max|U|=9.0131e-01, max|V|=9.0197e-01
t=0.9450, max|U|=9.0078e-01, max|V|=9.0141e-01
t=0.9460, max|U|=9.0025e-01, max|V|=9.0084e-01
t=0.9470, max|U|=8.9971e-01, max|V|=9.0028e-01
t=0.9480, max|U|=8.9918e-01, max|V|=8.9972e-01
t=0.9490, max|U|=8.9865e-01, max|V|=8.9915e-01
t=0.9500, max|U|=8.9811e-01, max|V|=8.9859e-01
t=0.9510, max|U|=8.9758e-01, max|V|=8.9803e-01
t=0.9520, max|U|=8.9705e-01, max|V|=8.9747e-01
t=0.9530, max|U|=8.9652e-01, max|V|=8.9691e-01
t=0.9540, max|U|=8.9599e-01, max|V|=8.9635e-01
t=0.9550, max|U|=8.9546e-01, max|V|=8.9579e-01
t=0.9560, max|U|=8.9493e-01, max|V|=8.9523e-01
t=0.9570, max|U|=8.9440e-01, max|V|=8.9467e-01
t=0.9580, max|U|=8.9387e-01, max|V|=8.9411e-01
t=0.9590, max|U|=8.9334e-01, max|V|=8.9355e-01
t=0.9600, max|U|=8.9281e-01, max|V|=8.9299e-01
t=0.9610, max|U|=8.9228e-01, max|V|=8.9244e-01
t=0.9620, max|U|=8.9176e-01, max|V|=8.9188e-01
t=0.9630, max|U|=8.9123e-01, max|V|=8.9132e-01
t=0.9640, max|U|=8.9070e-01, max|V|=8.9077e-01
t=0.9650, max|U|=8.9018e-01, max|V|=8.9021e-01
t=0.9660, max|U|=8.8965e-01, max|V|=8.8966e-01
t=0.9670, max|U|=8.8912e-01, max|V|=8.8910e-01
t=0.9680, max|U|=8.8860e-01, max|V|=8.8855e-01
t=0.9690, max|U|=8.8807e-01, max|V|=8.8800e-01
t=0.9700, max|U|=8.8755e-01, max|V|=8.8744e-01
t=0.9710, max|U|=8.8703e-01, max|V|=8.8689e-01
t=0.9720, max|U|=8.8650e-01, max|V|=8.8634e-01
t=0.9730, max|U|=8.8598e-01, max|V|=8.8579e-01
t=0.9740, max|U|=8.8546e-01, max|V|=8.8524e-01
t=0.9750, max|U|=8.8493e-01, max|V|=8.8468e-01
t=0.9760, max|U|=8.8441e-01, max|V|=8.8413e-01
t=0.9770, max|U|=8.8389e-01, max|V|=8.8358e-01
t=0.9780, max|U|=8.8337e-01, max|V|=8.8304e-01
t=0.9790, max|U|=8.8285e-01, max|V|=8.8249e-01
t=0.9800, max|U|=8.8233e-01, max|V|=8.8194e-01
t=0.9810, max|U|=8.8181e-01, max|V|=8.8139e-01
t=0.9820, max|U|=8.8129e-01, max|V|=8.8084e-01
t=0.9830, max|U|=8.8077e-01, max|V|=8.8030e-01
t=0.9840, max|U|=8.8025e-01, max|V|=8.7975e-01
t=0.9850, max|U|=8.7973e-01, max|V|=8.7920e-01
t=0.9860, max|U|=8.7921e-01, max|V|=8.7866e-01
t=0.9870, max|U|=8.7870e-01, max|V|=8.7811e-01
t=0.9880, max|U|=8.7818e-01, max|V|=8.7757e-01
t=0.9890, max|U|=8.7766e-01, max|V|=8.7703e-01
t=0.9900, max|U|=8.7715e-01, max|V|=8.7648e-01
t=0.9910, max|U|=8.7663e-01, max|V|=8.7594e-01
t=0.9920, max|U|=8.7611e-01, max|V|=8.7540e-01
t=0.9930, max|U|=8.7560e-01, max|V|=8.7486e-01
t=0.9940, max|U|=8.7508e-01, max|V|=8.7431e-01
t=0.9950, max|U|=8.7457e-01, max|V|=8.7377e-01
t=0.9960, max|U|=8.7406e-01, max|V|=8.7323e-01
t=0.9970, max|U|=8.7354e-01, max|V|=8.7269e-01
t=0.9980, max|U|=8.7303e-01, max|V|=8.7215e-01
t=0.9990, max|U|=8.7252e-01, max|V|=8.7161e-01
t=1.0000, max|U|=8.7200e-01, max|V|=8.7108e-01
Total simulation time: 7.14 seconds
Point (0.25, 0.25): U=0.3224, analytical_U=0.2967
Point (0.5, 0.25): U=0.5783, analytical_U=0.5760
Point (0.75, 0.25): U=-0.0381, analytical_U=0.2967
Point (0.25, 0.5): U=0.2719, analytical_U=0.2729
Point (0.5, 0.5): U=0.2088, analytical_U=0.0000
Point (0.75, 0.5): U=-0.2557, analytical_U=-0.2729
Point (0.25, 0.75): U=0.2624, analytical_U=-0.2967
Point (0.5, 0.75): U=-0.5995, analytical_U=-0.5760
Point (0.75, 0.75): U=-0.3372, analytical_U=-0.2967
Root Mean Square Error compared to literature solution: 2.2886e-01
Point (0.25, 0.25): U=0.2225, analytical_U=0.1882
Point (0.5, 0.25): U=0.4057, analytical_U=0.3744
Point (0.75, 0.25): U=-0.0984, analytical_U=0.1882
Point (0.25, 0.5): U=0.2054, analytical_U=0.1853
Point (0.5, 0.5): U=0.1727, analytical_U=0.0000
Point (0.75, 0.5): U=-0.1939, analytical_U=-0.1853
Point (0.25, 0.75): U=0.2666, analytical_U=-0.1882
Point (0.5, 0.75): U=-0.4189, analytical_U=-0.3744
Point (0.75, 0.75): U=-0.2331, analytical_U=-0.1882
Root Mean Square Error compared to literature solution: 1.9016e-01
