h = 1.28e-02
D = 6.09e-04
CFL(t=0) = 7.80e-02
t=0.0010, max|U|=9.9987e-01, max|V|=9.9993e-01
t=0.0020, max|U|=9.9983e-01, max|V|=9.9987e-01
t=0.0030, max|U|=9.9979e-01, max|V|=9.9981e-01
t=0.0040, max|U|=9.9974e-01, max|V|=9.9974e-01
t=0.0050, max|U|=9.9967e-01, max|V|=9.9966e-01
t=0.0060, max|U|=9.9960e-01, max|V|=9.9962e-01
t=0.0070, max|U|=9.9952e-01, max|V|=9.9956e-01
t=0.0080, max|U|=9.9943e-01, max|V|=9.9950e-01
t=0.0090, max|U|=9.9933e-01, max|V|=9.9943e-01
t=0.0100, max|U|=9.9926e-01, max|V|=9.9935e-01
t=0.0110, max|U|=9.9922e-01, max|V|=9.9926e-01
t=0.0120, max|U|=9.9916e-01, max|V|=9.9915e-01
t=0.0130, max|U|=9.9910e-01, max|V|=9.9910e-01
t=0.0140, max|U|=9.9903e-01, max|V|=9.9907e-01
t=0.0150, max|U|=9.9894e-01, max|V|=9.9904e-01
t=0.0160, max|U|=9.9890e-01, max|V|=9.9899e-01
t=0.0170, max|U|=9.9885e-01, max|V|=9.9893e-01
t=0.0180, max|U|=9.9880e-01, max|V|=9.9886e-01
t=0.0190, max|U|=9.9874e-01, max|V|=9.9879e-01
t=0.0200, max|U|=9.9867e-01, max|V|=9.9873e-01
t=0.0210, max|U|=9.9859e-01, max|V|=9.9866e-01
t=0.0220, max|U|=9.9854e-01, max|V|=9.9858e-01
t=0.0230, max|U|=9.9852e-01, max|V|=9.9849e-01
t=0.0240, max|U|=9.9848e-01, max|V|=9.9839e-01
t=0.0250, max|U|=9.9844e-01, max|V|=9.9827e-01
t=0.0260, max|U|=9.9839e-01, max|V|=9.9820e-01
t=0.0270, max|U|=9.9832e-01, max|V|=9.9818e-01
t=0.0280, max|U|=9.9825e-01, max|V|=9.9816e-01
t=0.0290, max|U|=9.9817e-01, max|V|=9.9812e-01
t=0.0300, max|U|=9.9808e-01, max|V|=9.9808e-01
t=0.0310, max|U|=9.9798e-01, max|V|=9.9802e-01
t=0.0320, max|U|=9.9788e-01, max|V|=9.9796e-01
t=0.0330, max|U|=9.9782e-01, max|V|=9.9788e-01
t=0.0340, max|U|=9.9774e-01, max|V|=9.9780e-01
t=0.0350, max|U|=9.9766e-01, max|V|=9.9770e-01
t=0.0360, max|U|=9.9756e-01, max|V|=9.9760e-01
t=0.0370, max|U|=9.9747e-01, max|V|=9.9749e-01
t=0.0380, max|U|=9.9745e-01, max|V|=9.9739e-01
t=0.0390, max|U|=9.9742e-01, max|V|=9.9737e-01
t=0.0400, max|U|=9.9738e-01, max|V|=9.9734e-01
t=0.0410, max|U|=9.9733e-01, max|V|=9.9730e-01
t=0.0420, max|U|=9.9727e-01, max|V|=9.9724e-01
t=0.0430, max|U|=9.9721e-01, max|V|=9.9718e-01
t=0.0440, max|U|=9.9713e-01, max|V|=9.9712e-01
t=0.0450, max|U|=9.9704e-01, max|V|=9.9707e-01
t=0.0460, max|U|=9.9697e-01, max|V|=9.9701e-01
t=0.0470, max|U|=9.9690e-01, max|V|=9.9694e-01
t=0.0480, max|U|=9.9682e-01, max|V|=9.9686e-01
t=0.0490, max|U|=9.9674e-01, max|V|=9.9677e-01
t=0.0500, max|U|=9.9664e-01, max|V|=9.9668e-01
t=0.0510, max|U|=9.9654e-01, max|V|=9.9666e-01
t=0.0520, max|U|=9.9648e-01, max|V|=9.9663e-01
t=0.0530, max|U|=9.9645e-01, max|V|=9.9659e-01
t=0.0540, max|U|=9.9642e-01, max|V|=9.9654e-01
t=0.0550, max|U|=9.9638e-01, max|V|=9.9649e-01
t=0.0560, max|U|=9.9632e-01, max|V|=9.9642e-01
t=0.0570, max|U|=9.9626e-01, max|V|=9.9634e-01
t=0.0580, max|U|=9.9619e-01, max|V|=9.9626e-01
t=0.0590, max|U|=9.9611e-01, max|V|=9.9619e-01
t=0.0600, max|U|=9.9605e-01, max|V|=9.9613e-01
t=0.0610, max|U|=9.9598e-01, max|V|=9.9605e-01
t=0.0620, max|U|=9.9590e-01, max|V|=9.9597e-01
t=0.0630, max|U|=9.9582e-01, max|V|=9.9588e-01
t=0.0640, max|U|=9.9572e-01, max|V|=9.9585e-01
t=0.0650, max|U|=9.9569e-01, max|V|=9.9583e-01
t=0.0660, max|U|=9.9566e-01, max|V|=9.9579e-01
t=0.0670, max|U|=9.9562e-01, max|V|=9.9575e-01
t=0.0680, max|U|=9.9557e-01, max|V|=9.9569e-01
t=0.0690, max|U|=9.9551e-01, max|V|=9.9563e-01
t=0.0700, max|U|=9.9545e-01, max|V|=9.9555e-01
t=0.0710, max|U|=9.9537e-01, max|V|=9.9547e-01
t=0.0720, max|U|=9.9528e-01, max|V|=9.9538e-01
t=0.0730, max|U|=9.9520e-01, max|V|=9.9532e-01
t=0.0740, max|U|=9.9514e-01, max|V|=9.9526e-01
t=0.0750, max|U|=9.9507e-01, max|V|=9.9519e-01
t=0.0760, max|U|=9.9500e-01, max|V|=9.9511e-01
t=0.0770, max|U|=9.9491e-01, max|V|=9.9502e-01
t=0.0780, max|U|=9.9482e-01, max|V|=9.9498e-01
t=0.0790, max|U|=9.9472e-01, max|V|=9.9495e-01
t=0.0800, max|U|=9.9466e-01, max|V|=9.9492e-01
t=0.0810, max|U|=9.9463e-01, max|V|=9.9487e-01
t=0.0820, max|U|=9.9460e-01, max|V|=9.9482e-01
t=0.0830, max|U|=9.9456e-01, max|V|=9.9475e-01
t=0.0840, max|U|=9.9451e-01, max|V|=9.9468e-01
t=0.0850, max|U|=9.9444e-01, max|V|=9.9460e-01
t=0.0860, max|U|=9.9437e-01, max|V|=9.9451e-01
t=0.0870, max|U|=9.9429e-01, max|V|=9.9443e-01
t=0.0880, max|U|=9.9423e-01, max|V|=9.9437e-01
t=0.0890, max|U|=9.9416e-01, max|V|=9.9430e-01
t=0.0900, max|U|=9.9409e-01, max|V|=9.9422e-01
t=0.0910, max|U|=9.9401e-01, max|V|=9.9413e-01
t=0.0920, max|U|=9.9391e-01, max|V|=9.9407e-01
t=0.0930, max|U|=9.9384e-01, max|V|=9.9405e-01
t=0.0940, max|U|=9.9382e-01, max|V|=9.9402e-01
t=0.0950, max|U|=9.9379e-01, max|V|=9.9397e-01
t=0.0960, max|U|=9.9376e-01, max|V|=9.9392e-01
t=0.0970, max|U|=9.9371e-01, max|V|=9.9386e-01
t=0.0980, max|U|=9.9366e-01, max|V|=9.9379e-01
t=0.0990, max|U|=9.9359e-01, max|V|=9.9371e-01
t=0.1000, max|U|=9.9352e-01, max|V|=9.9362e-01
t=0.1010, max|U|=9.9344e-01, max|V|=9.9356e-01
t=0.1020, max|U|=9.9335e-01, max|V|=9.9351e-01
t=0.1030, max|U|=9.9326e-01, max|V|=9.9344e-01
t=0.1040, max|U|=9.9319e-01, max|V|=9.9337e-01
t=0.1050, max|U|=9.9311e-01, max|V|=9.9329e-01
t=0.1060, max|U|=9.9302e-01, max|V|=9.9320e-01
t=0.1070, max|U|=9.9292e-01, max|V|=9.9314e-01
t=0.1080, max|U|=9.9290e-01, max|V|=9.9311e-01
t=0.1090, max|U|=9.9288e-01, max|V|=9.9307e-01
t=0.1100, max|U|=9.9285e-01, max|V|=9.9302e-01
t=0.1110, max|U|=9.9281e-01, max|V|=9.9296e-01
t=0.1120, max|U|=9.9276e-01, max|V|=9.9290e-01
t=0.1130, max|U|=9.9270e-01, max|V|=9.9282e-01
t=0.1140, max|U|=9.9263e-01, max|V|=9.9274e-01
t=0.1150, max|U|=9.9255e-01, max|V|=9.9266e-01
t=0.1160, max|U|=9.9247e-01, max|V|=9.9261e-01
t=0.1170, max|U|=9.9238e-01, max|V|=9.9255e-01
t=0.1180, max|U|=9.9231e-01, max|V|=9.9248e-01
t=0.1190, max|U|=9.9223e-01, max|V|=9.9240e-01
t=0.1200, max|U|=9.9214e-01, max|V|=9.9231e-01
t=0.1210, max|U|=9.9206e-01, max|V|=9.9226e-01
t=0.1220, max|U|=9.9205e-01, max|V|=9.9223e-01
t=0.1230, max|U|=9.9202e-01, max|V|=9.9219e-01
t=0.1240, max|U|=9.9199e-01, max|V|=9.9214e-01
t=0.1250, max|U|=9.9195e-01, max|V|=9.9208e-01
t=0.1260, max|U|=9.9189e-01, max|V|=9.9202e-01
t=0.1270, max|U|=9.9183e-01, max|V|=9.9194e-01
t=0.1280, max|U|=9.9176e-01, max|V|=9.9186e-01
t=0.1290, max|U|=9.9169e-01, max|V|=9.9180e-01
t=0.1300, max|U|=9.9160e-01, max|V|=9.9175e-01
t=0.1310, max|U|=9.9150e-01, max|V|=9.9169e-01
t=0.1320, max|U|=9.9144e-01, max|V|=9.9162e-01
t=0.1330, max|U|=9.9137e-01, max|V|=9.9154e-01
t=0.1340, max|U|=9.9129e-01, max|V|=9.9145e-01
t=0.1350, max|U|=9.9120e-01, max|V|=9.9135e-01
t=0.1360, max|U|=9.9117e-01, max|V|=9.9133e-01
t=0.1370, max|U|=9.9115e-01, max|V|=9.9130e-01
t=0.1380, max|U|=9.9112e-01, max|V|=9.9125e-01
t=0.1390, max|U|=9.9108e-01, max|V|=9.9120e-01
t=0.1400, max|U|=9.9103e-01, max|V|=9.9114e-01
t=0.1410, max|U|=9.9097e-01, max|V|=9.9107e-01
t=0.1420, max|U|=9.9090e-01, max|V|=9.9099e-01
t=0.1430, max|U|=9.9083e-01, max|V|=9.9090e-01
t=0.1440, max|U|=9.9074e-01, max|V|=9.9085e-01
t=0.1450, max|U|=9.9065e-01, max|V|=9.9079e-01
t=0.1460, max|U|=9.9057e-01, max|V|=9.9073e-01
t=0.1470, max|U|=9.9051e-01, max|V|=9.9065e-01
t=0.1480, max|U|=9.9044e-01, max|V|=9.9057e-01
t=0.1490, max|U|=9.9036e-01, max|V|=9.9047e-01
t=0.1500, max|U|=9.9029e-01, max|V|=9.9042e-01
t=0.1510, max|U|=9.9026e-01, max|V|=9.9039e-01
t=0.1520, max|U|=9.9024e-01, max|V|=9.9036e-01
t=0.1530, max|U|=9.9020e-01, max|V|=9.9031e-01
t=0.1540, max|U|=9.9015e-01, max|V|=9.9026e-01
t=0.1550, max|U|=9.9009e-01, max|V|=9.9019e-01
t=0.1560, max|U|=9.9003e-01, max|V|=9.9012e-01
t=0.1570, max|U|=9.8996e-01, max|V|=9.9004e-01
t=0.1580, max|U|=9.8988e-01, max|V|=9.8995e-01
t=0.1590, max|U|=9.8979e-01, max|V|=9.8986e-01
t=0.1600, max|U|=9.8970e-01, max|V|=9.8980e-01
t=0.1610, max|U|=9.8965e-01, max|V|=9.8973e-01
t=0.1620, max|U|=9.8959e-01, max|V|=9.8965e-01
t=0.1630, max|U|=9.8952e-01, max|V|=9.8956e-01
t=0.1640, max|U|=9.8944e-01, max|V|=9.8949e-01
t=0.1650, max|U|=9.8941e-01, max|V|=9.8946e-01
t=0.1660, max|U|=9.8938e-01, max|V|=9.8943e-01
t=0.1670, max|U|=9.8934e-01, max|V|=9.8939e-01
t=0.1680, max|U|=9.8929e-01, max|V|=9.8934e-01
t=0.1690, max|U|=9.8923e-01, max|V|=9.8928e-01
t=0.1700, max|U|=9.8917e-01, max|V|=9.8921e-01
t=0.1710, max|U|=9.8909e-01, max|V|=9.8914e-01
t=0.1720, max|U|=9.8901e-01, max|V|=9.8906e-01
t=0.1730, max|U|=9.8892e-01, max|V|=9.8901e-01
t=0.1740, max|U|=9.8882e-01, max|V|=9.8895e-01
t=0.1750, max|U|=9.8877e-01, max|V|=9.8888e-01
t=0.1760, max|U|=9.8873e-01, max|V|=9.8880e-01
t=0.1770, max|U|=9.8867e-01, max|V|=9.8871e-01
t=0.1780, max|U|=9.8860e-01, max|V|=9.8862e-01
t=0.1790, max|U|=9.8857e-01, max|V|=9.8860e-01
t=0.1800, max|U|=9.8854e-01, max|V|=9.8857e-01
t=0.1810, max|U|=9.8850e-01, max|V|=9.8852e-01
t=0.1820, max|U|=9.8845e-01, max|V|=9.8847e-01
t=0.1830, max|U|=9.8840e-01, max|V|=9.8841e-01
t=0.1840, max|U|=9.8833e-01, max|V|=9.8834e-01
t=0.1850, max|U|=9.8826e-01, max|V|=9.8827e-01
t=0.1860, max|U|=9.8818e-01, max|V|=9.8820e-01
t=0.1870, max|U|=9.8809e-01, max|V|=9.8815e-01
t=0.1880, max|U|=9.8799e-01, max|V|=9.8810e-01
t=0.1890, max|U|=9.8789e-01, max|V|=9.8803e-01
t=0.1900, max|U|=9.8783e-01, max|V|=9.8795e-01
t=0.1910, max|U|=9.8778e-01, max|V|=9.8787e-01
t=0.1920, max|U|=9.8773e-01, max|V|=9.8778e-01
t=0.1930, max|U|=9.8768e-01, max|V|=9.8768e-01
t=0.1940, max|U|=9.8766e-01, max|V|=9.8765e-01
t=0.1950, max|U|=9.8763e-01, max|V|=9.8762e-01
t=0.1960, max|U|=9.8759e-01, max|V|=9.8757e-01
t=0.1970, max|U|=9.8755e-01, max|V|=9.8752e-01
t=0.1980, max|U|=9.8749e-01, max|V|=9.8747e-01
t=0.1990, max|U|=9.8743e-01, max|V|=9.8740e-01
t=0.2000, max|U|=9.8736e-01, max|V|=9.8734e-01
t=0.2010, max|U|=9.8728e-01, max|V|=9.8730e-01
t=0.2020, max|U|=9.8719e-01, max|V|=9.8724e-01
t=0.2030, max|U|=9.8709e-01, max|V|=9.8718e-01
t=0.2040, max|U|=9.8699e-01, max|V|=9.8711e-01
t=0.2050, max|U|=9.8687e-01, max|V|=9.8703e-01
t=0.2060, max|U|=9.8681e-01, max|V|=9.8694e-01
t=0.2070, max|U|=9.8680e-01, max|V|=9.8685e-01
t=0.2080, max|U|=9.8678e-01, max|V|=9.8676e-01
t=0.2090, max|U|=9.8676e-01, max|V|=9.8673e-01
t=0.2100, max|U|=9.8672e-01, max|V|=9.8669e-01
t=0.2110, max|U|=9.8668e-01, max|V|=9.8665e-01
t=0.2120, max|U|=9.8663e-01, max|V|=9.8659e-01
t=0.2130, max|U|=9.8656e-01, max|V|=9.8653e-01
t=0.2140, max|U|=9.8650e-01, max|V|=9.8648e-01
t=0.2150, max|U|=9.8642e-01, max|V|=9.8644e-01
t=0.2160, max|U|=9.8633e-01, max|V|=9.8639e-01
t=0.2170, max|U|=9.8624e-01, max|V|=9.8633e-01
t=0.2180, max|U|=9.8614e-01, max|V|=9.8627e-01
t=0.2190, max|U|=9.8603e-01, max|V|=9.8619e-01
t=0.2200, max|U|=9.8595e-01, max|V|=9.8611e-01
t=0.2210, max|U|=9.8595e-01, max|V|=9.8602e-01
t=0.2220, max|U|=9.8593e-01, max|V|=9.8592e-01
t=0.2230, max|U|=9.8590e-01, max|V|=9.8587e-01
t=0.2240, max|U|=9.8587e-01, max|V|=9.8584e-01
t=0.2250, max|U|=9.8583e-01, max|V|=9.8580e-01
t=0.2260, max|U|=9.8578e-01, max|V|=9.8575e-01
t=0.2270, max|U|=9.8572e-01, max|V|=9.8569e-01
t=0.2280, max|U|=9.8565e-01, max|V|=9.8563e-01
t=0.2290, max|U|=9.8557e-01, max|V|=9.8559e-01
t=0.2300, max|U|=9.8549e-01, max|V|=9.8555e-01
t=0.2310, max|U|=9.8540e-01, max|V|=9.8549e-01
t=0.2320, max|U|=9.8530e-01, max|V|=9.8543e-01
t=0.2330, max|U|=9.8519e-01, max|V|=9.8536e-01
t=0.2340, max|U|=9.8509e-01, max|V|=9.8528e-01
t=0.2350, max|U|=9.8509e-01, max|V|=9.8519e-01
t=0.2360, max|U|=9.8507e-01, max|V|=9.8510e-01
t=0.2370, max|U|=9.8505e-01, max|V|=9.8500e-01
t=0.2380, max|U|=9.8502e-01, max|V|=9.8495e-01
t=0.2390, max|U|=9.8498e-01, max|V|=9.8492e-01
t=0.2400, max|U|=9.8493e-01, max|V|=9.8489e-01
t=0.2410, max|U|=9.8488e-01, max|V|=9.8484e-01
t=0.2420, max|U|=9.8482e-01, max|V|=9.8479e-01
t=0.2430, max|U|=9.8474e-01, max|V|=9.8475e-01
t=0.2440, max|U|=9.8467e-01, max|V|=9.8471e-01
t=0.2450, max|U|=9.8458e-01, max|V|=9.8466e-01
t=0.2460, max|U|=9.8448e-01, max|V|=9.8460e-01
t=0.2470, max|U|=9.8438e-01, max|V|=9.8453e-01
t=0.2480, max|U|=9.8427e-01, max|V|=9.8446e-01
t=0.2490, max|U|=9.8422e-01, max|V|=9.8438e-01
t=0.2500, max|U|=9.8421e-01, max|V|=9.8429e-01
t=0.2510, max|U|=9.8419e-01, max|V|=9.8419e-01
t=0.2520, max|U|=9.8417e-01, max|V|=9.8408e-01
t=0.2530, max|U|=9.8413e-01, max|V|=9.8406e-01
t=0.2540, max|U|=9.8409e-01, max|V|=9.8403e-01
t=0.2550, max|U|=9.8404e-01, max|V|=9.8400e-01
t=0.2560, max|U|=9.8398e-01, max|V|=9.8395e-01
t=0.2570, max|U|=9.8392e-01, max|V|=9.8390e-01
t=0.2580, max|U|=9.8384e-01, max|V|=9.8387e-01
t=0.2590, max|U|=9.8376e-01, max|V|=9.8382e-01
t=0.2600, max|U|=9.8367e-01, max|V|=9.8377e-01
t=0.2610, max|U|=9.8358e-01, max|V|=9.8371e-01
t=0.2620, max|U|=9.8347e-01, max|V|=9.8364e-01
t=0.2630, max|U|=9.8336e-01, max|V|=9.8357e-01
t=0.2640, max|U|=9.8332e-01, max|V|=9.8348e-01
t=0.2650, max|U|=9.8331e-01, max|V|=9.8339e-01
t=0.2660, max|U|=9.8330e-01, max|V|=9.8329e-01
t=0.2670, max|U|=9.8327e-01, max|V|=9.8318e-01
t=0.2680, max|U|=9.8324e-01, max|V|=9.8309e-01
t=0.2690, max|U|=9.8319e-01, max|V|=9.8309e-01
t=0.2700, max|U|=9.8314e-01, max|V|=9.8308e-01
t=0.2710, max|U|=9.8308e-01, max|V|=9.8306e-01
t=0.2720, max|U|=9.8302e-01, max|V|=9.8303e-01
t=0.2730, max|U|=9.8294e-01, max|V|=9.8299e-01
t=0.2740, max|U|=9.8286e-01, max|V|=9.8295e-01
t=0.2750, max|U|=9.8277e-01, max|V|=9.8289e-01
t=0.2760, max|U|=9.8267e-01, max|V|=9.8283e-01
t=0.2770, max|U|=9.8257e-01, max|V|=9.8276e-01
t=0.2780, max|U|=9.8246e-01, max|V|=9.8268e-01
t=0.2790, max|U|=9.8245e-01, max|V|=9.8260e-01
t=0.2800, max|U|=9.8244e-01, max|V|=9.8251e-01
t=0.2810, max|U|=9.8241e-01, max|V|=9.8241e-01
t=0.2820, max|U|=9.8238e-01, max|V|=9.8230e-01
t=0.2830, max|U|=9.8234e-01, max|V|=9.8218e-01
t=0.2840, max|U|=9.8230e-01, max|V|=9.8217e-01
t=0.2850, max|U|=9.8224e-01, max|V|=9.8216e-01
t=0.2860, max|U|=9.8218e-01, max|V|=9.8214e-01
t=0.2870, max|U|=9.8211e-01, max|V|=9.8212e-01
t=0.2880, max|U|=9.8203e-01, max|V|=9.8208e-01
t=0.2890, max|U|=9.8194e-01, max|V|=9.8204e-01
t=0.2900, max|U|=9.8185e-01, max|V|=9.8199e-01
t=0.2910, max|U|=9.8174e-01, max|V|=9.8194e-01
t=0.2920, max|U|=9.8163e-01, max|V|=9.8187e-01
t=0.2930, max|U|=9.8160e-01, max|V|=9.8180e-01
t=0.2940, max|U|=9.8159e-01, max|V|=9.8172e-01
t=0.2950, max|U|=9.8157e-01, max|V|=9.8163e-01
t=0.2960, max|U|=9.8154e-01, max|V|=9.8153e-01
t=0.2970, max|U|=9.8150e-01, max|V|=9.8143e-01
t=0.2980, max|U|=9.8145e-01, max|V|=9.8131e-01
t=0.2990, max|U|=9.8140e-01, max|V|=9.8128e-01
t=0.3000, max|U|=9.8134e-01, max|V|=9.8127e-01
t=0.3010, max|U|=9.8127e-01, max|V|=9.8125e-01
t=0.3020, max|U|=9.8119e-01, max|V|=9.8122e-01
t=0.3030, max|U|=9.8111e-01, max|V|=9.8118e-01
t=0.3040, max|U|=9.8102e-01, max|V|=9.8114e-01
t=0.3050, max|U|=9.8092e-01, max|V|=9.8108e-01
t=0.3060, max|U|=9.8081e-01, max|V|=9.8102e-01
t=0.3070, max|U|=9.8076e-01, max|V|=9.8095e-01
t=0.3080, max|U|=9.8075e-01, max|V|=9.8088e-01
t=0.3090, max|U|=9.8073e-01, max|V|=9.8079e-01
t=0.3100, max|U|=9.8070e-01, max|V|=9.8070e-01
t=0.3110, max|U|=9.8067e-01, max|V|=9.8060e-01
t=0.3120, max|U|=9.8062e-01, max|V|=9.8049e-01
t=0.3130, max|U|=9.8057e-01, max|V|=9.8043e-01
t=0.3140, max|U|=9.8051e-01, max|V|=9.8042e-01
t=0.3150, max|U|=9.8045e-01, max|V|=9.8040e-01
t=0.3160, max|U|=9.8037e-01, max|V|=9.8037e-01
t=0.3170, max|U|=9.8029e-01, max|V|=9.8034e-01
t=0.3180, max|U|=9.8020e-01, max|V|=9.8030e-01
t=0.3190, max|U|=9.8010e-01, max|V|=9.8024e-01
t=0.3200, max|U|=9.8000e-01, max|V|=9.8019e-01
t=0.3210, max|U|=9.7991e-01, max|V|=9.8012e-01
t=0.3220, max|U|=9.7990e-01, max|V|=9.8005e-01
t=0.3230, max|U|=9.7989e-01, max|V|=9.7996e-01
t=0.3240, max|U|=9.7986e-01, max|V|=9.7987e-01
t=0.3250, max|U|=9.7983e-01, max|V|=9.7978e-01
t=0.3260, max|U|=9.7979e-01, max|V|=9.7967e-01
t=0.3270, max|U|=9.7975e-01, max|V|=9.7957e-01
t=0.3280, max|U|=9.7969e-01, max|V|=9.7957e-01
t=0.3290, max|U|=9.7963e-01, max|V|=9.7955e-01
t=0.3300, max|U|=9.7998e-01, max|V|=9.7953e-01
t=0.3310, max|U|=9.8762e-01, max|V|=9.7950e-01
t=0.3320, max|U|=9.9525e-01, max|V|=9.7946e-01
t=0.3330, max|U|=1.0029e+00, max|V|=9.7941e-01
t=0.3340, max|U|=1.0105e+00, max|V|=9.7936e-01
t=0.3350, max|U|=1.0180e+00, max|V|=9.7930e-01
t=0.3360, max|U|=1.0256e+00, max|V|=9.8052e-01
t=0.3370, max|U|=1.0331e+00, max|V|=9.8458e-01
t=0.3380, max|U|=1.0406e+00, max|V|=9.8859e-01
t=0.3390, max|U|=1.0480e+00, max|V|=9.9255e-01
t=0.3400, max|U|=1.0555e+00, max|V|=9.9646e-01
t=0.3410, max|U|=1.0629e+00, max|V|=1.0003e+00
t=0.3420, max|U|=1.0703e+00, max|V|=1.0041e+00
t=0.3430, max|U|=1.0776e+00, max|V|=1.0079e+00
t=0.3440, max|U|=1.0849e+00, max|V|=1.0116e+00
t=0.3450, max|U|=1.0922e+00, max|V|=1.0152e+00
t=0.3460, max|U|=1.0994e+00, max|V|=1.0189e+00
t=0.3470, max|U|=1.1067e+00, max|V|=1.0224e+00
t=0.3480, max|U|=1.1138e+00, max|V|=1.0259e+00
t=0.3490, max|U|=1.1210e+00, max|V|=1.0294e+00
t=0.3500, max|U|=1.1281e+00, max|V|=1.0328e+00
t=0.3510, max|U|=1.1352e+00, max|V|=1.0362e+00
t=0.3520, max|U|=1.1422e+00, max|V|=1.0395e+00
t=0.3530, max|U|=1.1492e+00, max|V|=1.0427e+00
t=0.3540, max|U|=1.1561e+00, max|V|=1.0460e+00
t=0.3550, max|U|=1.1630e+00, max|V|=1.0491e+00
t=0.3560, max|U|=1.1699e+00, max|V|=1.0523e+00
t=0.3570, max|U|=1.1767e+00, max|V|=1.0553e+00
t=0.3580, max|U|=1.1835e+00, max|V|=1.0584e+00
t=0.3590, max|U|=1.1902e+00, max|V|=1.0614e+00
t=0.3600, max|U|=1.1969e+00, max|V|=1.0643e+00
t=0.3610, max|U|=1.2036e+00, max|V|=1.0672e+00
t=0.3620, max|U|=1.2102e+00, max|V|=1.0701e+00
t=0.3630, max|U|=1.2167e+00, max|V|=1.0729e+00
t=0.3640, max|U|=1.2232e+00, max|V|=1.0757e+00
t=0.3650, max|U|=1.2297e+00, max|V|=1.0784e+00
t=0.3660, max|U|=1.2361e+00, max|V|=1.0811e+00
t=0.3670, max|U|=1.2425e+00, max|V|=1.0837e+00
t=0.3680, max|U|=1.2488e+00, max|V|=1.0863e+00
t=0.3690, max|U|=1.2550e+00, max|V|=1.0889e+00
t=0.3700, max|U|=1.2612e+00, max|V|=1.0914e+00
t=0.3710, max|U|=1.2674e+00, max|V|=1.0939e+00
t=0.3720, max|U|=1.2735e+00, max|V|=1.0963e+00
t=0.3730, max|U|=1.2796e+00, max|V|=1.0987e+00
t=0.3740, max|U|=1.2856e+00, max|V|=1.1011e+00
t=0.3750, max|U|=1.2915e+00, max|V|=1.1034e+00
t=0.3760, max|U|=1.2974e+00, max|V|=1.1057e+00
t=0.3770, max|U|=1.3033e+00, max|V|=1.1080e+00
t=0.3780, max|U|=1.3091e+00, max|V|=1.1102e+00
t=0.3790, max|U|=1.3148e+00, max|V|=1.1124e+00
t=0.3800, max|U|=1.3205e+00, max|V|=1.1145e+00
t=0.3810, max|U|=1.3261e+00, max|V|=1.1166e+00
t=0.3820, max|U|=1.3317e+00, max|V|=1.1187e+00
t=0.3830, max|U|=1.3372e+00, max|V|=1.1207e+00
t=0.3840, max|U|=1.3427e+00, max|V|=1.1227e+00
t=0.3850, max|U|=1.3481e+00, max|V|=1.1247e+00
t=0.3860, max|U|=1.3535e+00, max|V|=1.1266e+00
t=0.3870, max|U|=1.3588e+00, max|V|=1.1285e+00
t=0.3880, max|U|=1.3640e+00, max|V|=1.1304e+00
t=0.3890, max|U|=1.3692e+00, max|V|=1.1322e+00
t=0.3900, max|U|=1.3744e+00, max|V|=1.1340e+00
t=0.3910, max|U|=1.3795e+00, max|V|=1.1358e+00
t=0.3920, max|U|=1.3845e+00, max|V|=1.1375e+00
t=0.3930, max|U|=1.3895e+00, max|V|=1.1392e+00
t=0.3940, max|U|=1.3944e+00, max|V|=1.1409e+00
t=0.3950, max|U|=1.3992e+00, max|V|=1.1425e+00
t=0.3960, max|U|=1.4040e+00, max|V|=1.1441e+00
t=0.3970, max|U|=1.4088e+00, max|V|=1.1457e+00
t=0.3980, max|U|=1.4135e+00, max|V|=1.1473e+00
t=0.3990, max|U|=1.4181e+00, max|V|=1.1488e+00
t=0.4000, max|U|=1.4227e+00, max|V|=1.1503e+00
t=0.4010, max|U|=1.4272e+00, max|V|=1.1518e+00
t=0.4020, max|U|=1.4317e+00, max|V|=1.1532e+00
t=0.4030, max|U|=1.4361e+00, max|V|=1.1546e+00
t=0.4040, max|U|=1.4405e+00, max|V|=1.1560e+00
t=0.4050, max|U|=1.4448e+00, max|V|=1.1574e+00
t=0.4060, max|U|=1.4490e+00, max|V|=1.1587e+00
t=0.4070, max|U|=1.4532e+00, max|V|=1.1600e+00
t=0.4080, max|U|=1.4574e+00, max|V|=1.1613e+00
t=0.4090, max|U|=1.4614e+00, max|V|=1.1625e+00
t=0.4100, max|U|=1.4655e+00, max|V|=1.1638e+00
t=0.4110, max|U|=1.4695e+00, max|V|=1.1650e+00
t=0.4120, max|U|=1.4734e+00, max|V|=1.1661e+00
t=0.4130, max|U|=1.4772e+00, max|V|=1.1673e+00
t=0.4140, max|U|=1.4811e+00, max|V|=1.1684e+00
t=0.4150, max|U|=1.4848e+00, max|V|=1.1695e+00
t=0.4160, max|U|=1.4885e+00, max|V|=1.1706e+00
t=0.4170, max|U|=1.4922e+00, max|V|=1.1717e+00
t=0.4180, max|U|=1.4958e+00, max|V|=1.1727e+00
t=0.4190, max|U|=1.4993e+00, max|V|=1.1737e+00
t=0.4200, max|U|=1.5028e+00, max|V|=1.1747e+00
t=0.4210, max|U|=1.5063e+00, max|V|=1.1756e+00
t=0.4220, max|U|=1.5097e+00, max|V|=1.1766e+00
t=0.4230, max|U|=1.5130e+00, max|V|=1.1775e+00
t=0.4240, max|U|=1.5163e+00, max|V|=1.1784e+00
t=0.4250, max|U|=1.5196e+00, max|V|=1.1793e+00
t=0.4260, max|U|=1.5228e+00, max|V|=1.1801e+00
t=0.4270, max|U|=1.5259e+00, max|V|=1.1810e+00
t=0.4280, max|U|=1.5290e+00, max|V|=1.1818e+00
t=0.4290, max|U|=1.5320e+00, max|V|=1.1826e+00
t=0.4300, max|U|=1.5350e+00, max|V|=1.1833e+00
t=0.4310, max|U|=1.5380e+00, max|V|=1.1841e+00
t=0.4320, max|U|=1.5409e+00, max|V|=1.1848e+00
t=0.4330, max|U|=1.5437e+00, max|V|=1.1855e+00
t=0.4340, max|U|=1.5465e+00, max|V|=1.1862e+00
t=0.4350, max|U|=1.5493e+00, max|V|=1.1869e+00
t=0.4360, max|U|=1.5520e+00, max|V|=1.1876e+00
t=0.4370, max|U|=1.5546e+00, max|V|=1.1882e+00
t=0.4380, max|U|=1.5573e+00, max|V|=1.1888e+00
t=0.4390, max|U|=1.5598e+00, max|V|=1.1894e+00
t=0.4400, max|U|=1.5624e+00, max|V|=1.1900e+00
t=0.4410, max|U|=1.5648e+00, max|V|=1.1906e+00
t=0.4420, max|U|=1.5673e+00, max|V|=1.1911e+00
t=0.4430, max|U|=1.5697e+00, max|V|=1.1917e+00
t=0.4440, max|U|=1.5720e+00, max|V|=1.1922e+00
t=0.4450, max|U|=1.5743e+00, max|V|=1.1927e+00
t=0.4460, max|U|=1.5766e+00, max|V|=1.1931e+00
t=0.4470, max|U|=1.5788e+00, max|V|=1.1936e+00
t=0.4480, max|U|=1.5810e+00, max|V|=1.1941e+00
t=0.4490, max|U|=1.5831e+00, max|V|=1.1945e+00
t=0.4500, max|U|=1.5852e+00, max|V|=1.1949e+00
t=0.4510, max|U|=1.5872e+00, max|V|=1.1953e+00
t=0.4520, max|U|=1.5892e+00, max|V|=1.1957e+00
t=0.4530, max|U|=1.5912e+00, max|V|=1.1961e+00
t=0.4540, max|U|=1.5931e+00, max|V|=1.1964e+00
t=0.4550, max|U|=1.5950e+00, max|V|=1.1967e+00
t=0.4560, max|U|=1.5969e+00, max|V|=1.1971e+00
t=0.4570, max|U|=1.5987e+00, max|V|=1.1974e+00
t=0.4580, max|U|=1.6005e+00, max|V|=1.1977e+00
t=0.4590, max|U|=1.6022e+00, max|V|=1.1980e+00
t=0.4600, max|U|=1.6039e+00, max|V|=1.1982e+00
t=0.4610, max|U|=1.6056e+00, max|V|=1.1985e+00
t=0.4620, max|U|=1.6072e+00, max|V|=1.1987e+00
t=0.4630, max|U|=1.6088e+00, max|V|=1.1989e+00
t=0.4640, max|U|=1.6103e+00, max|V|=1.1992e+00
t=0.4650, max|U|=1.6118e+00, max|V|=1.1994e+00
t=0.4660, max|U|=1.6133e+00, max|V|=1.1995e+00
t=0.4670, max|U|=1.6148e+00, max|V|=1.1997e+00
t=0.4680, max|U|=1.6162e+00, max|V|=1.1999e+00
t=0.4690, max|U|=1.6176e+00, max|V|=1.2000e+00
t=0.4700, max|U|=1.6189e+00, max|V|=1.2002e+00
t=0.4710, max|U|=1.6202e+00, max|V|=1.2003e+00
t=0.4720, max|U|=1.6215e+00, max|V|=1.2004e+00
t=0.4730, max|U|=1.6227e+00, max|V|=1.2005e+00
t=0.4740, max|U|=1.6239e+00, max|V|=1.2006e+00
t=0.4750, max|U|=1.6251e+00, max|V|=1.2006e+00
t=0.4760, max|U|=1.6263e+00, max|V|=1.2007e+00
t=0.4770, max|U|=1.6274e+00, max|V|=1.2008e+00
t=0.4780, max|U|=1.6285e+00, max|V|=1.2008e+00
t=0.4790, max|U|=1.6295e+00, max|V|=1.2008e+00
t=0.4800, max|U|=1.6306e+00, max|V|=1.2009e+00
t=0.4810, max|U|=1.6316e+00, max|V|=1.2009e+00
t=0.4820, max|U|=1.6325e+00, max|V|=1.2009e+00
t=0.4830, max|U|=1.6335e+00, max|V|=1.2009e+00
t=0.4840, max|U|=1.6344e+00, max|V|=1.2008e+00
t=0.4850, max|U|=1.6353e+00, max|V|=1.2008e+00
t=0.4860, max|U|=1.6361e+00, max|V|=1.2008e+00
t=0.4870, max|U|=1.6370e+00, max|V|=1.2007e+00
t=0.4880, max|U|=1.6378e+00, max|V|=1.2006e+00
t=0.4890, max|U|=1.6385e+00, max|V|=1.2006e+00
t=0.4900, max|U|=1.6393e+00, max|V|=1.2005e+00
t=0.4910, max|U|=1.6400e+00, max|V|=1.2004e+00
t=0.4920, max|U|=1.6407e+00, max|V|=1.2004e+00
t=0.4930, max|U|=1.6414e+00, max|V|=1.2006e+00
t=0.4940, max|U|=1.6420e+00, max|V|=1.2007e+00
t=0.4950, max|U|=1.6426e+00, max|V|=1.2008e+00
t=0.4960, max|U|=1.6432e+00, max|V|=1.2008e+00
t=0.4970, max|U|=1.6438e+00, max|V|=1.2009e+00
t=0.4980, max|U|=1.6443e+00, max|V|=1.2010e+00
t=0.4990, max|U|=1.6449e+00, max|V|=1.2010e+00
t=0.5000, max|U|=1.6454e+00, max|V|=1.2011e+00
t=0.5010, max|U|=1.6459e+00, max|V|=1.2011e+00
t=0.5020, max|U|=1.6463e+00, max|V|=1.2012e+00
t=0.5030, max|U|=1.6467e+00, max|V|=1.2013e+00
t=0.5040, max|U|=1.6472e+00, max|V|=1.2014e+00
t=0.5050, max|U|=1.6475e+00, max|V|=1.2014e+00
t=0.5060, max|U|=1.6479e+00, max|V|=1.2015e+00
t=0.5070, max|U|=1.6483e+00, max|V|=1.2015e+00
t=0.5080, max|U|=1.6486e+00, max|V|=1.2015e+00
t=0.5090, max|U|=1.6489e+00, max|V|=1.2015e+00
t=0.5100, max|U|=1.6492e+00, max|V|=1.2016e+00
t=0.5110, max|U|=1.6494e+00, max|V|=1.2015e+00
t=0.5120, max|U|=1.6497e+00, max|V|=1.2015e+00
t=0.5130, max|U|=1.6499e+00, max|V|=1.2015e+00
t=0.5140, max|U|=1.6501e+00, max|V|=1.2015e+00
t=0.5150, max|U|=1.6503e+00, max|V|=1.2014e+00
t=0.5160, max|U|=1.6505e+00, max|V|=1.2014e+00
t=0.5170, max|U|=1.6506e+00, max|V|=1.2013e+00
t=0.5180, max|U|=1.6508e+00, max|V|=1.2012e+00
t=0.5190, max|U|=1.6509e+00, max|V|=1.2012e+00
t=0.5200, max|U|=1.6510e+00, max|V|=1.2011e+00
t=0.5210, max|U|=1.6511e+00, max|V|=1.2010e+00
t=0.5220, max|U|=1.6511e+00, max|V|=1.2009e+00
t=0.5230, max|U|=1.6512e+00, max|V|=1.2007e+00
t=0.5240, max|U|=1.6512e+00, max|V|=1.2006e+00
t=0.5250, max|U|=1.6512e+00, max|V|=1.2005e+00
t=0.5260, max|U|=1.6512e+00, max|V|=1.2003e+00
t=0.5270, max|U|=1.6512e+00, max|V|=1.2002e+00
t=0.5280, max|U|=1.6512e+00, max|V|=1.2000e+00
t=0.5290, max|U|=1.6511e+00, max|V|=1.1998e+00
t=0.5300, max|U|=1.6510e+00, max|V|=1.1997e+00
t=0.5310, max|U|=1.6510e+00, max|V|=1.1995e+00
t=0.5320, max|U|=1.6509e+00, max|V|=1.1993e+00
t=0.5330, max|U|=1.6508e+00, max|V|=1.1991e+00
t=0.5340, max|U|=1.6506e+00, max|V|=1.1989e+00
t=0.5350, max|U|=1.6505e+00, max|V|=1.1987e+00
t=0.5360, max|U|=1.6503e+00, max|V|=1.1984e+00
t=0.5370, max|U|=1.6502e+00, max|V|=1.1982e+00
t=0.5380, max|U|=1.6500e+00, max|V|=1.1980e+00
t=0.5390, max|U|=1.6498e+00, max|V|=1.1977e+00
t=0.5400, max|U|=1.6496e+00, max|V|=1.1975e+00
t=0.5410, max|U|=1.6494e+00, max|V|=1.1972e+00
t=0.5420, max|U|=1.6491e+00, max|V|=1.1969e+00
t=0.5430, max|U|=1.6489e+00, max|V|=1.1967e+00
t=0.5440, max|U|=1.6486e+00, max|V|=1.1964e+00
t=0.5450, max|U|=1.6484e+00, max|V|=1.1961e+00
t=0.5460, max|U|=1.6481e+00, max|V|=1.1958e+00
t=0.5470, max|U|=1.6478e+00, max|V|=1.1955e+00
t=0.5480, max|U|=1.6475e+00, max|V|=1.1952e+00
t=0.5490, max|U|=1.6472e+00, max|V|=1.1949e+00
t=0.5500, max|U|=1.6468e+00, max|V|=1.1946e+00
t=0.5510, max|U|=1.6465e+00, max|V|=1.1942e+00
t=0.5520, max|U|=1.6462e+00, max|V|=1.1939e+00
t=0.5530, max|U|=1.6458e+00, max|V|=1.1936e+00
t=0.5540, max|U|=1.6454e+00, max|V|=1.1932e+00
t=0.5550, max|U|=1.6450e+00, max|V|=1.1929e+00
t=0.5560, max|U|=1.6446e+00, max|V|=1.1925e+00
t=0.5570, max|U|=1.6442e+00, max|V|=1.1921e+00
t=0.5580, max|U|=1.6438e+00, max|V|=1.1918e+00
t=0.5590, max|U|=1.6434e+00, max|V|=1.1914e+00
t=0.5600, max|U|=1.6430e+00, max|V|=1.1910e+00
t=0.5610, max|U|=1.6425e+00, max|V|=1.1906e+00
t=0.5620, max|U|=1.6421e+00, max|V|=1.1903e+00
t=0.5630, max|U|=1.6416e+00, max|V|=1.1899e+00
t=0.5640, max|U|=1.6411e+00, max|V|=1.1895e+00
t=0.5650, max|U|=1.6406e+00, max|V|=1.1891e+00
t=0.5660, max|U|=1.6402e+00, max|V|=1.1886e+00
t=0.5670, max|U|=1.6397e+00, max|V|=1.1882e+00
t=0.5680, max|U|=1.6392e+00, max|V|=1.1878e+00
t=0.5690, max|U|=1.6386e+00, max|V|=1.1874e+00
t=0.5700, max|U|=1.6381e+00, max|V|=1.1870e+00
t=0.5710, max|U|=1.6376e+00, max|V|=1.1865e+00
t=0.5720, max|U|=1.6370e+00, max|V|=1.1861e+00
t=0.5730, max|U|=1.6365e+00, max|V|=1.1856e+00
t=0.5740, max|U|=1.6359e+00, max|V|=1.1852e+00
t=0.5750, max|U|=1.6354e+00, max|V|=1.1847e+00
t=0.5760, max|U|=1.6348e+00, max|V|=1.1843e+00
t=0.5770, max|U|=1.6342e+00, max|V|=1.1838e+00
t=0.5780, max|U|=1.6336e+00, max|V|=1.1834e+00
t=0.5790, max|U|=1.6330e+00, max|V|=1.1829e+00
t=0.5800, max|U|=1.6324e+00, max|V|=1.1824e+00
t=0.5810, max|U|=1.6318e+00, max|V|=1.1819e+00
t=0.5820, max|U|=1.6312e+00, max|V|=1.1815e+00
t=0.5830, max|U|=1.6306e+00, max|V|=1.1810e+00
t=0.5840, max|U|=1.6300e+00, max|V|=1.1805e+00
t=0.5850, max|U|=1.6293e+00, max|V|=1.1800e+00
t=0.5860, max|U|=1.6287e+00, max|V|=1.1795e+00
t=0.5870, max|U|=1.6280e+00, max|V|=1.1790e+00
t=0.5880, max|U|=1.6274e+00, max|V|=1.1785e+00
t=0.5890, max|U|=1.6267e+00, max|V|=1.1780e+00
t=0.5900, max|U|=1.6261e+00, max|V|=1.1774e+00
t=0.5910, max|U|=1.6254e+00, max|V|=1.1769e+00
t=0.5920, max|U|=1.6247e+00, max|V|=1.1764e+00
t=0.5930, max|U|=1.6240e+00, max|V|=1.1759e+00
t=0.5940, max|U|=1.6233e+00, max|V|=1.1754e+00
t=0.5950, max|U|=1.6226e+00, max|V|=1.1748e+00
t=0.5960, max|U|=1.6219e+00, max|V|=1.1743e+00
t=0.5970, max|U|=1.6212e+00, max|V|=1.1738e+00
t=0.5980, max|U|=1.6205e+00, max|V|=1.1732e+00
t=0.5990, max|U|=1.6198e+00, max|V|=1.1727e+00
t=0.6000, max|U|=1.6191e+00, max|V|=1.1721e+00
t=0.6010, max|U|=1.6183e+00, max|V|=1.1716e+00
t=0.6020, max|U|=1.6176e+00, max|V|=1.1710e+00
t=0.6030, max|U|=1.6169e+00, max|V|=1.1705e+00
t=0.6040, max|U|=1.6161e+00, max|V|=1.1699e+00
t=0.6050, max|U|=1.6154e+00, max|V|=1.1693e+00
t=0.6060, max|U|=1.6146e+00, max|V|=1.1688e+00
t=0.6070, max|U|=1.6139e+00, max|V|=1.1682e+00
t=0.6080, max|U|=1.6131e+00, max|V|=1.1676e+00
t=0.6090, max|U|=1.6124e+00, max|V|=1.1671e+00
t=0.6100, max|U|=1.6116e+00, max|V|=1.1665e+00
t=0.6110, max|U|=1.6108e+00, max|V|=1.1659e+00
t=0.6120, max|U|=1.6100e+00, max|V|=1.1653e+00
t=0.6130, max|U|=1.6093e+00, max|V|=1.1647e+00
t=0.6140, max|U|=1.6085e+00, max|V|=1.1641e+00
t=0.6150, max|U|=1.6077e+00, max|V|=1.1635e+00
t=0.6160, max|U|=1.6069e+00, max|V|=1.1630e+00
t=0.6170, max|U|=1.6061e+00, max|V|=1.1624e+00
t=0.6180, max|U|=1.6053e+00, max|V|=1.1618e+00
t=0.6190, max|U|=1.6045e+00, max|V|=1.1612e+00
t=0.6200, max|U|=1.6037e+00, max|V|=1.1606e+00
t=0.6210, max|U|=1.6029e+00, max|V|=1.1599e+00
t=0.6220, max|U|=1.6021e+00, max|V|=1.1593e+00
t=0.6230, max|U|=1.6012e+00, max|V|=1.1587e+00
t=0.6240, max|U|=1.6004e+00, max|V|=1.1581e+00
t=0.6250, max|U|=1.5996e+00, max|V|=1.1575e+00
t=0.6260, max|U|=1.5988e+00, max|V|=1.1569e+00
t=0.6270, max|U|=1.5979e+00, max|V|=1.1563e+00
t=0.6280, max|U|=1.5971e+00, max|V|=1.1556e+00
t=0.6290, max|U|=1.5963e+00, max|V|=1.1550e+00
t=0.6300, max|U|=1.5954e+00, max|V|=1.1544e+00
t=0.6310, max|U|=1.5946e+00, max|V|=1.1538e+00
t=0.6320, max|U|=1.5937e+00, max|V|=1.1531e+00
t=0.6330, max|U|=1.5929e+00, max|V|=1.1525e+00
t=0.6340, max|U|=1.5920e+00, max|V|=1.1519e+00
t=0.6350, max|U|=1.5912e+00, max|V|=1.1512e+00
t=0.6360, max|U|=1.5903e+00, max|V|=1.1506e+00
t=0.6370, max|U|=1.5895e+00, max|V|=1.1500e+00
t=0.6380, max|U|=1.5886e+00, max|V|=1.1493e+00
t=0.6390, max|U|=1.5877e+00, max|V|=1.1487e+00
t=0.6400, max|U|=1.5869e+00, max|V|=1.1480e+00
t=0.6410, max|U|=1.5860e+00, max|V|=1.1474e+00
t=0.6420, max|U|=1.5851e+00, max|V|=1.1467e+00
t=0.6430, max|U|=1.5843e+00, max|V|=1.1461e+00
t=0.6440, max|U|=1.5834e+00, max|V|=1.1454e+00
t=0.6450, max|U|=1.5825e+00, max|V|=1.1448e+00
t=0.6460, max|U|=1.5816e+00, max|V|=1.1441e+00
t=0.6470, max|U|=1.5808e+00, max|V|=1.1435e+00
t=0.6480, max|U|=1.5799e+00, max|V|=1.1428e+00
t=0.6490, max|U|=1.5790e+00, max|V|=1.1421e+00
t=0.6500, max|U|=1.5781e+00, max|V|=1.1415e+00
t=0.6510, max|U|=1.5772e+00, max|V|=1.1408e+00
t=0.6520, max|U|=1.5763e+00, max|V|=1.1401e+00
t=0.6530, max|U|=1.5754e+00, max|V|=1.1395e+00
t=0.6540, max|U|=1.5745e+00, max|V|=1.1388e+00
t=0.6550, max|U|=1.5736e+00, max|V|=1.1381e+00
t=0.6560, max|U|=1.5727e+00, max|V|=1.1375e+00
t=0.6570, max|U|=1.5718e+00, max|V|=1.1368e+00
t=0.6580, max|U|=1.5709e+00, max|V|=1.1361e+00
t=0.6590, max|U|=1.5700e+00, max|V|=1.1355e+00
t=0.6600, max|U|=1.5691e+00, max|V|=1.1348e+00
t=0.6610, max|U|=1.5682e+00, max|V|=1.1341e+00
t=0.6620, max|U|=1.5673e+00, max|V|=1.1334e+00
t=0.6630, max|U|=1.5664e+00, max|V|=1.1327e+00
t=0.6640, max|U|=1.5654e+00, max|V|=1.1321e+00
t=0.6650, max|U|=1.5645e+00, max|V|=1.1314e+00
t=0.6660, max|U|=1.5636e+00, max|V|=1.1307e+00
t=0.6670, max|U|=1.5627e+00, max|V|=1.1300e+00
t=0.6680, max|U|=1.5618e+00, max|V|=1.1293e+00
t=0.6690, max|U|=1.5609e+00, max|V|=1.1286e+00
t=0.6700, max|U|=1.5599e+00, max|V|=1.1280e+00
t=0.6710, max|U|=1.5590e+00, max|V|=1.1273e+00
t=0.6720, max|U|=1.5581e+00, max|V|=1.1266e+00
t=0.6730, max|U|=1.5572e+00, max|V|=1.1259e+00
t=0.6740, max|U|=1.5562e+00, max|V|=1.1252e+00
t=0.6750, max|U|=1.5553e+00, max|V|=1.1245e+00
t=0.6760, max|U|=1.5544e+00, max|V|=1.1238e+00
t=0.6770, max|U|=1.5534e+00, max|V|=1.1231e+00
t=0.6780, max|U|=1.5525e+00, max|V|=1.1224e+00
t=0.6790, max|U|=1.5516e+00, max|V|=1.1217e+00
t=0.6800, max|U|=1.5506e+00, max|V|=1.1210e+00
t=0.6810, max|U|=1.5497e+00, max|V|=1.1203e+00
t=0.6820, max|U|=1.5488e+00, max|V|=1.1196e+00
t=0.6830, max|U|=1.5478e+00, max|V|=1.1189e+00
t=0.6840, max|U|=1.5469e+00, max|V|=1.1182e+00
t=0.6850, max|U|=1.5459e+00, max|V|=1.1175e+00
t=0.6860, max|U|=1.5450e+00, max|V|=1.1168e+00
t=0.6870, max|U|=1.5440e+00, max|V|=1.1161e+00
t=0.6880, max|U|=1.5431e+00, max|V|=1.1154e+00
t=0.6890, max|U|=1.5422e+00, max|V|=1.1147e+00
t=0.6900, max|U|=1.5412e+00, max|V|=1.1140e+00
t=0.6910, max|U|=1.5403e+00, max|V|=1.1133e+00
t=0.6920, max|U|=1.5393e+00, max|V|=1.1126e+00
t=0.6930, max|U|=1.5384e+00, max|V|=1.1119e+00
t=0.6940, max|U|=1.5374e+00, max|V|=1.1112e+00
t=0.6950, max|U|=1.5365e+00, max|V|=1.1104e+00
t=0.6960, max|U|=1.5355e+00, max|V|=1.1097e+00
t=0.6970, max|U|=1.5345e+00, max|V|=1.1090e+00
t=0.6980, max|U|=1.5336e+00, max|V|=1.1083e+00
t=0.6990, max|U|=1.5326e+00, max|V|=1.1076e+00
t=0.7000, max|U|=1.5317e+00, max|V|=1.1069e+00
t=0.7010, max|U|=1.5307e+00, max|V|=1.1062e+00
t=0.7020, max|U|=1.5298e+00, max|V|=1.1055e+00
t=0.7030, max|U|=1.5288e+00, max|V|=1.1047e+00
t=0.7040, max|U|=1.5278e+00, max|V|=1.1040e+00
t=0.7050, max|U|=1.5269e+00, max|V|=1.1033e+00
t=0.7060, max|U|=1.5259e+00, max|V|=1.1026e+00
t=0.7070, max|U|=1.5250e+00, max|V|=1.1019e+00
t=0.7080, max|U|=1.5240e+00, max|V|=1.1012e+00
t=0.7090, max|U|=1.5230e+00, max|V|=1.1004e+00
t=0.7100, max|U|=1.5221e+00, max|V|=1.0997e+00
t=0.7110, max|U|=1.5211e+00, max|V|=1.0990e+00
t=0.7120, max|U|=1.5201e+00, max|V|=1.0983e+00
t=0.7130, max|U|=1.5192e+00, max|V|=1.0976e+00
t=0.7140, max|U|=1.5182e+00, max|V|=1.0968e+00
t=0.7150, max|U|=1.5172e+00, max|V|=1.0961e+00
t=0.7160, max|U|=1.5163e+00, max|V|=1.0954e+00
t=0.7170, max|U|=1.5153e+00, max|V|=1.0947e+00
t=0.7180, max|U|=1.5143e+00, max|V|=1.0940e+00
t=0.7190, max|U|=1.5133e+00, max|V|=1.0932e+00
t=0.7200, max|U|=1.5124e+00, max|V|=1.0925e+00
t=0.7210, max|U|=1.5114e+00, max|V|=1.0918e+00
t=0.7220, max|U|=1.5104e+00, max|V|=1.0911e+00
t=0.7230, max|U|=1.5094e+00, max|V|=1.0903e+00
t=0.7240, max|U|=1.5085e+00, max|V|=1.0896e+00
t=0.7250, max|U|=1.5075e+00, max|V|=1.0889e+00
t=0.7260, max|U|=1.5065e+00, max|V|=1.0882e+00
t=0.7270, max|U|=1.5055e+00, max|V|=1.0874e+00
t=0.7280, max|U|=1.5046e+00, max|V|=1.0867e+00
t=0.7290, max|U|=1.5036e+00, max|V|=1.0860e+00
t=0.7300, max|U|=1.5026e+00, max|V|=1.0853e+00
t=0.7310, max|U|=1.5016e+00, max|V|=1.0845e+00
t=0.7320, max|U|=1.5006e+00, max|V|=1.0838e+00
t=0.7330, max|U|=1.4997e+00, max|V|=1.0831e+00
t=0.7340, max|U|=1.4987e+00, max|V|=1.0824e+00
t=0.7350, max|U|=1.4977e+00, max|V|=1.0816e+00
t=0.7360, max|U|=1.4967e+00, max|V|=1.0809e+00
t=0.7370, max|U|=1.4957e+00, max|V|=1.0802e+00
t=0.7380, max|U|=1.4948e+00, max|V|=1.0794e+00
t=0.7390, max|U|=1.4938e+00, max|V|=1.0787e+00
t=0.7400, max|U|=1.4928e+00, max|V|=1.0780e+00
t=0.7410, max|U|=1.4918e+00, max|V|=1.0773e+00
t=0.7420, max|U|=1.4908e+00, max|V|=1.0765e+00
t=0.7430, max|U|=1.4898e+00, max|V|=1.0758e+00
t=0.7440, max|U|=1.4888e+00, max|V|=1.0751e+00
t=0.7450, max|U|=1.4879e+00, max|V|=1.0743e+00
t=0.7460, max|U|=1.4869e+00, max|V|=1.0736e+00
t=0.7470, max|U|=1.4859e+00, max|V|=1.0729e+00
t=0.7480, max|U|=1.4849e+00, max|V|=1.0721e+00
t=0.7490, max|U|=1.4839e+00, max|V|=1.0714e+00
t=0.7500, max|U|=1.4829e+00, max|V|=1.0707e+00
t=0.7510, max|U|=1.4819e+00, max|V|=1.0700e+00
t=0.7520, max|U|=1.4809e+00, max|V|=1.0692e+00
t=0.7530, max|U|=1.4799e+00, max|V|=1.0685e+00
t=0.7540, max|U|=1.4789e+00, max|V|=1.0678e+00
t=0.7550, max|U|=1.4780e+00, max|V|=1.0670e+00
t=0.7560, max|U|=1.4770e+00, max|V|=1.0663e+00
t=0.7570, max|U|=1.4760e+00, max|V|=1.0656e+00
t=0.7580, max|U|=1.4750e+00, max|V|=1.0648e+00
t=0.7590, max|U|=1.4740e+00, max|V|=1.0641e+00
t=0.7600, max|U|=1.4730e+00, max|V|=1.0634e+00
t=0.7610, max|U|=1.4720e+00, max|V|=1.0626e+00
t=0.7620, max|U|=1.4710e+00, max|V|=1.0619e+00
t=0.7630, max|U|=1.4700e+00, max|V|=1.0612e+00
t=0.7640, max|U|=1.4690e+00, max|V|=1.0605e+00
t=0.7650, max|U|=1.4680e+00, max|V|=1.0597e+00
t=0.7660, max|U|=1.4670e+00, max|V|=1.0590e+00
t=0.7670, max|U|=1.4660e+00, max|V|=1.0583e+00
t=0.7680, max|U|=1.4650e+00, max|V|=1.0575e+00
t=0.7690, max|U|=1.4640e+00, max|V|=1.0568e+00
t=0.7700, max|U|=1.4630e+00, max|V|=1.0561e+00
t=0.7710, max|U|=1.4620e+00, max|V|=1.0553e+00
t=0.7720, max|U|=1.4610e+00, max|V|=1.0546e+00
t=0.7730, max|U|=1.4600e+00, max|V|=1.0539e+00
t=0.7740, max|U|=1.4590e+00, max|V|=1.0531e+00
t=0.7750, max|U|=1.4580e+00, max|V|=1.0524e+00
t=0.7760, max|U|=1.4570e+00, max|V|=1.0517e+00
t=0.7770, max|U|=1.4560e+00, max|V|=1.0509e+00
t=0.7780, max|U|=1.4550e+00, max|V|=1.0502e+00
t=0.7790, max|U|=1.4540e+00, max|V|=1.0495e+00
t=0.7800, max|U|=1.4530e+00, max|V|=1.0488e+00
t=0.7810, max|U|=1.4520e+00, max|V|=1.0480e+00
t=0.7820, max|U|=1.4510e+00, max|V|=1.0473e+00
t=0.7830, max|U|=1.4500e+00, max|V|=1.0466e+00
t=0.7840, max|U|=1.4490e+00, max|V|=1.0458e+00
t=0.7850, max|U|=1.4480e+00, max|V|=1.0451e+00
t=0.7860, max|U|=1.4470e+00, max|V|=1.0444e+00
t=0.7870, max|U|=1.4460e+00, max|V|=1.0436e+00
t=0.7880, max|U|=1.4450e+00, max|V|=1.0429e+00
t=0.7890, max|U|=1.4440e+00, max|V|=1.0422e+00
t=0.7900, max|U|=1.4430e+00, max|V|=1.0414e+00
t=0.7910, max|U|=1.4420e+00, max|V|=1.0407e+00
t=0.7920, max|U|=1.4410e+00, max|V|=1.0400e+00
t=0.7930, max|U|=1.4400e+00, max|V|=1.0393e+00
t=0.7940, max|U|=1.4390e+00, max|V|=1.0385e+00
t=0.7950, max|U|=1.4380e+00, max|V|=1.0378e+00
t=0.7960, max|U|=1.4370e+00, max|V|=1.0371e+00
t=0.7970, max|U|=1.4360e+00, max|V|=1.0363e+00
t=0.7980, max|U|=1.4350e+00, max|V|=1.0356e+00
t=0.7990, max|U|=1.4340e+00, max|V|=1.0349e+00
t=0.8000, max|U|=1.4330e+00, max|V|=1.0342e+00
t=0.8010, max|U|=1.4320e+00, max|V|=1.0334e+00
t=0.8020, max|U|=1.4310e+00, max|V|=1.0327e+00
t=0.8030, max|U|=1.4300e+00, max|V|=1.0320e+00
t=0.8040, max|U|=1.4290e+00, max|V|=1.0313e+00
t=0.8050, max|U|=1.4280e+00, max|V|=1.0305e+00
t=0.8060, max|U|=1.4270e+00, max|V|=1.0298e+00
t=0.8070, max|U|=1.4259e+00, max|V|=1.0291e+00
t=0.8080, max|U|=1.4249e+00, max|V|=1.0283e+00
t=0.8090, max|U|=1.4239e+00, max|V|=1.0276e+00
t=0.8100, max|U|=1.4229e+00, max|V|=1.0269e+00
t=0.8110, max|U|=1.4219e+00, max|V|=1.0262e+00
t=0.8120, max|U|=1.4209e+00, max|V|=1.0254e+00
t=0.8130, max|U|=1.4199e+00, max|V|=1.0247e+00
t=0.8140, max|U|=1.4189e+00, max|V|=1.0240e+00
t=0.8150, max|U|=1.4179e+00, max|V|=1.0233e+00
t=0.8160, max|U|=1.4169e+00, max|V|=1.0225e+00
t=0.8170, max|U|=1.4159e+00, max|V|=1.0218e+00
t=0.8180, max|U|=1.4149e+00, max|V|=1.0211e+00
t=0.8190, max|U|=1.4139e+00, max|V|=1.0204e+00
t=0.8200, max|U|=1.4129e+00, max|V|=1.0196e+00
t=0.8210, max|U|=1.4119e+00, max|V|=1.0189e+00
t=0.8220, max|U|=1.4109e+00, max|V|=1.0182e+00
t=0.8230, max|U|=1.4099e+00, max|V|=1.0175e+00
t=0.8240, max|U|=1.4088e+00, max|V|=1.0168e+00
t=0.8250, max|U|=1.4078e+00, max|V|=1.0160e+00
t=0.8260, max|U|=1.4068e+00, max|V|=1.0153e+00
t=0.8270, max|U|=1.4058e+00, max|V|=1.0146e+00
t=0.8280, max|U|=1.4048e+00, max|V|=1.0139e+00
t=0.8290, max|U|=1.4038e+00, max|V|=1.0131e+00
t=0.8300, max|U|=1.4028e+00, max|V|=1.0124e+00
t=0.8310, max|U|=1.4018e+00, max|V|=1.0117e+00
t=0.8320, max|U|=1.4008e+00, max|V|=1.0110e+00
t=0.8330, max|U|=1.3998e+00, max|V|=1.0103e+00
t=0.8340, max|U|=1.3988e+00, max|V|=1.0095e+00
t=0.8350, max|U|=1.3978e+00, max|V|=1.0088e+00
t=0.8360, max|U|=1.3968e+00, max|V|=1.0081e+00
t=0.8370, max|U|=1.3958e+00, max|V|=1.0074e+00
t=0.8380, max|U|=1.3948e+00, max|V|=1.0067e+00
t=0.8390, max|U|=1.3938e+00, max|V|=1.0060e+00
t=0.8400, max|U|=1.3928e+00, max|V|=1.0052e+00
t=0.8410, max|U|=1.3918e+00, max|V|=1.0045e+00
t=0.8420, max|U|=1.3908e+00, max|V|=1.0038e+00
t=0.8430, max|U|=1.3897e+00, max|V|=1.0031e+00
t=0.8440, max|U|=1.3887e+00, max|V|=1.0024e+00
t=0.8450, max|U|=1.3877e+00, max|V|=1.0017e+00
t=0.8460, max|U|=1.3867e+00, max|V|=1.0009e+00
t=0.8470, max|U|=1.3857e+00, max|V|=1.0002e+00
t=0.8480, max|U|=1.3847e+00, max|V|=9.9952e-01
t=0.8490, max|U|=1.3837e+00, max|V|=9.9880e-01
t=0.8500, max|U|=1.3827e+00, max|V|=9.9809e-01
t=0.8510, max|U|=1.3817e+00, max|V|=9.9738e-01
t=0.8520, max|U|=1.3807e+00, max|V|=9.9666e-01
t=0.8530, max|U|=1.3797e+00, max|V|=9.9595e-01
t=0.8540, max|U|=1.3787e+00, max|V|=9.9524e-01
t=0.8550, max|U|=1.3777e+00, max|V|=9.9453e-01
t=0.8560, max|U|=1.3767e+00, max|V|=9.9382e-01
t=0.8570, max|U|=1.3757e+00, max|V|=9.9311e-01
t=0.8580, max|U|=1.3747e+00, max|V|=9.9240e-01
t=0.8590, max|U|=1.3737e+00, max|V|=9.9169e-01
t=0.8600, max|U|=1.3727e+00, max|V|=9.9098e-01
t=0.8610, max|U|=1.3717e+00, max|V|=9.9027e-01
t=0.8620, max|U|=1.3707e+00, max|V|=9.8956e-01
t=0.8630, max|U|=1.3697e+00, max|V|=9.8885e-01
t=0.8640, max|U|=1.3687e+00, max|V|=9.8814e-01
t=0.8650, max|U|=1.3677e+00, max|V|=9.8744e-01
t=0.8660, max|U|=1.3667e+00, max|V|=9.8673e-01
t=0.8670, max|U|=1.3657e+00, max|V|=9.8602e-01
t=0.8680, max|U|=1.3647e+00, max|V|=9.8532e-01
t=0.8690, max|U|=1.3637e+00, max|V|=9.8461e-01
t=0.8700, max|U|=1.3627e+00, max|V|=9.8391e-01
t=0.8710, max|U|=1.3617e+00, max|V|=9.8320e-01
t=0.8720, max|U|=1.3607e+00, max|V|=9.8250e-01
t=0.8730, max|U|=1.3597e+00, max|V|=9.8180e-01
t=0.8740, max|U|=1.3587e+00, max|V|=9.8109e-01
t=0.8750, max|U|=1.3577e+00, max|V|=9.8039e-01
t=0.8760, max|U|=1.3567e+00, max|V|=9.7969e-01
t=0.8770, max|U|=1.3557e+00, max|V|=9.7899e-01
t=0.8780, max|U|=1.3547e+00, max|V|=9.7829e-01
t=0.8790, max|U|=1.3538e+00, max|V|=9.7759e-01
t=0.8800, max|U|=1.3528e+00, max|V|=9.7689e-01
t=0.8810, max|U|=1.3518e+00, max|V|=9.7619e-01
t=0.8820, max|U|=1.3508e+00, max|V|=9.7549e-01
t=0.8830, max|U|=1.3498e+00, max|V|=9.7479e-01
t=0.8840, max|U|=1.3488e+00, max|V|=9.7409e-01
t=0.8850, max|U|=1.3478e+00, max|V|=9.7339e-01
t=0.8860, max|U|=1.3468e+00, max|V|=9.7270e-01
t=0.8870, max|U|=1.3458e+00, max|V|=9.7200e-01
t=0.8880, max|U|=1.3448e+00, max|V|=9.7130e-01
t=0.8890, max|U|=1.3438e+00, max|V|=9.7061e-01
t=0.8900, max|U|=1.3428e+00, max|V|=9.6991e-01
t=0.8910, max|U|=1.3419e+00, max|V|=9.6922e-01
t=0.8920, max|U|=1.3409e+00, max|V|=9.6852e-01
t=0.8930, max|U|=1.3399e+00, max|V|=9.6783e-01
t=0.8940, max|U|=1.3389e+00, max|V|=9.6714e-01
t=0.8950, max|U|=1.3379e+00, max|V|=9.6644e-01
t=0.8960, max|U|=1.3369e+00, max|V|=9.6575e-01
t=0.8970, max|U|=1.3359e+00, max|V|=9.6506e-01
t=0.8980, max|U|=1.3349e+00, max|V|=9.6437e-01
t=0.8990, max|U|=1.3340e+00, max|V|=9.6368e-01
t=0.9000, max|U|=1.3330e+00, max|V|=9.6299e-01
t=0.9010, max|U|=1.3320e+00, max|V|=9.6230e-01
t=0.9020, max|U|=1.3310e+00, max|V|=9.6161e-01
t=0.9030, max|U|=1.3300e+00, max|V|=9.6092e-01
t=0.9040, max|U|=1.3290e+00, max|V|=9.6024e-01
t=0.9050, max|U|=1.3280e+00, max|V|=9.5955e-01
t=0.9060, max|U|=1.3271e+00, max|V|=9.5886e-01
t=0.9070, max|U|=1.3261e+00, max|V|=9.5818e-01
t=0.9080, max|U|=1.3251e+00, max|V|=9.5749e-01
t=0.9090, max|U|=1.3241e+00, max|V|=9.5681e-01
t=0.9100, max|U|=1.3231e+00, max|V|=9.5612e-01
t=0.9110, max|U|=1.3222e+00, max|V|=9.5544e-01
t=0.9120, max|U|=1.3212e+00, max|V|=9.5476e-01
t=0.9130, max|U|=1.3202e+00, max|V|=9.5407e-01
t=0.9140, max|U|=1.3192e+00, max|V|=9.5339e-01
t=0.9150, max|U|=1.3182e+00, max|V|=9.5271e-01
t=0.9160, max|U|=1.3173e+00, max|V|=9.5203e-01
t=0.9170, max|U|=1.3163e+00, max|V|=9.5135e-01
t=0.9180, max|U|=1.3153e+00, max|V|=9.5067e-01
t=0.9190, max|U|=1.3143e+00, max|V|=9.4999e-01
t=0.9200, max|U|=1.3134e+00, max|V|=9.4931e-01
t=0.9210, max|U|=1.3124e+00, max|V|=9.4864e-01
t=0.9220, max|U|=1.3114e+00, max|V|=9.4796e-01
t=0.9230, max|U|=1.3104e+00, max|V|=9.4728e-01
t=0.9240, max|U|=1.3095e+00, max|V|=9.4661e-01
t=0.9250, max|U|=1.3085e+00, max|V|=9.4593e-01
t=0.9260, max|U|=1.3075e+00, max|V|=9.4526e-01
t=0.9270, max|U|=1.3066e+00, max|V|=9.4458e-01
t=0.9280, max|U|=1.3056e+00, max|V|=9.4391e-01
t=0.9290, max|U|=1.3046e+00, max|V|=9.4324e-01
t=0.9300, max|U|=1.3037e+00, max|V|=9.4256e-01
t=0.9310, max|U|=1.3027e+00, max|V|=9.4189e-01
t=0.9320, max|U|=1.3017e+00, max|V|=9.4122e-01
t=0.9330, max|U|=1.3008e+00, max|V|=9.4055e-01
t=0.9340, max|U|=1.2998e+00, max|V|=9.3988e-01
t=0.9350, max|U|=1.2988e+00, max|V|=9.3921e-01
t=0.9360, max|U|=1.2979e+00, max|V|=9.3854e-01
t=0.9370, max|U|=1.2969e+00, max|V|=9.3788e-01
t=0.9380, max|U|=1.2959e+00, max|V|=9.3721e-01
t=0.9390, max|U|=1.2950e+00, max|V|=9.3654e-01
t=0.9400, max|U|=1.2940e+00, max|V|=9.3588e-01
t=0.9410, max|U|=1.2930e+00, max|V|=9.3521e-01
t=0.9420, max|U|=1.2921e+00, max|V|=9.3455e-01
t=0.9430, max|U|=1.2911e+00, max|V|=9.3388e-01
t=0.9440, max|U|=1.2902e+00, max|V|=9.3322e-01
t=0.9450, max|U|=1.2892e+00, max|V|=9.3255e-01
t=0.9460, max|U|=1.2883e+00, max|V|=9.3189e-01
t=0.9470, max|U|=1.2873e+00, max|V|=9.3123e-01
t=0.9480, max|U|=1.2863e+00, max|V|=9.3057e-01
t=0.9490, max|U|=1.2854e+00, max|V|=9.2991e-01
t=0.9500, max|U|=1.2844e+00, max|V|=9.2925e-01
t=0.9510, max|U|=1.2835e+00, max|V|=9.2859e-01
t=0.9520, max|U|=1.2825e+00, max|V|=9.2793e-01
t=0.9530, max|U|=1.2816e+00, max|V|=9.2728e-01
t=0.9540, max|U|=1.2806e+00, max|V|=9.2662e-01
t=0.9550, max|U|=1.2797e+00, max|V|=9.2596e-01
t=0.9560, max|U|=1.2787e+00, max|V|=9.2531e-01
t=0.9570, max|U|=1.2778e+00, max|V|=9.2465e-01
t=0.9580, max|U|=1.2768e+00, max|V|=9.2400e-01
t=0.9590, max|U|=1.2759e+00, max|V|=9.2334e-01
t=0.9600, max|U|=1.2749e+00, max|V|=9.2269e-01
t=0.9610, max|U|=1.2740e+00, max|V|=9.2204e-01
t=0.9620, max|U|=1.2730e+00, max|V|=9.2139e-01
t=0.9630, max|U|=1.2721e+00, max|V|=9.2074e-01
t=0.9640, max|U|=1.2711e+00, max|V|=9.2009e-01
t=0.9650, max|U|=1.2702e+00, max|V|=9.1944e-01
t=0.9660, max|U|=1.2693e+00, max|V|=9.1879e-01
t=0.9670, max|U|=1.2683e+00, max|V|=9.1814e-01
t=0.9680, max|U|=1.2674e+00, max|V|=9.1749e-01
t=0.9690, max|U|=1.2664e+00, max|V|=9.1685e-01
t=0.9700, max|U|=1.2655e+00, max|V|=9.1620e-01
t=0.9710, max|U|=1.2646e+00, max|V|=9.1556e-01
t=0.9720, max|U|=1.2636e+00, max|V|=9.1491e-01
t=0.9730, max|U|=1.2627e+00, max|V|=9.1427e-01
t=0.9740, max|U|=1.2617e+00, max|V|=9.1362e-01
t=0.9750, max|U|=1.2608e+00, max|V|=9.1298e-01
t=0.9760, max|U|=1.2599e+00, max|V|=9.1234e-01
t=0.9770, max|U|=1.2589e+00, max|V|=9.1170e-01
t=0.9780, max|U|=1.2580e+00, max|V|=9.1106e-01
t=0.9790, max|U|=1.2571e+00, max|V|=9.1042e-01
t=0.9800, max|U|=1.2561e+00, max|V|=9.0978e-01
t=0.9810, max|U|=1.2552e+00, max|V|=9.0914e-01
t=0.9820, max|U|=1.2543e+00, max|V|=9.0850e-01
t=0.9830, max|U|=1.2534e+00, max|V|=9.0786e-01
t=0.9840, max|U|=1.2524e+00, max|V|=9.0723e-01
t=0.9850, max|U|=1.2515e+00, max|V|=9.0659e-01
t=0.9860, max|U|=1.2506e+00, max|V|=9.0596e-01
t=0.9870, max|U|=1.2496e+00, max|V|=9.0532e-01
t=0.9880, max|U|=1.2487e+00, max|V|=9.0469e-01
t=0.9890, max|U|=1.2478e+00, max|V|=9.0406e-01
t=0.9900, max|U|=1.2469e+00, max|V|=9.0343e-01
t=0.9910, max|U|=1.2460e+00, max|V|=9.0279e-01
t=0.9920, max|U|=1.2450e+00, max|V|=9.0216e-01
t=0.9930, max|U|=1.2441e+00, max|V|=9.0153e-01
t=0.9940, max|U|=1.2432e+00, max|V|=9.0090e-01
t=0.9950, max|U|=1.2423e+00, max|V|=9.0028e-01
t=0.9960, max|U|=1.2414e+00, max|V|=8.9965e-01
t=0.9970, max|U|=1.2404e+00, max|V|=8.9902e-01
t=0.9980, max|U|=1.2395e+00, max|V|=8.9839e-01
t=0.9990, max|U|=1.2386e+00, max|V|=8.9777e-01
t=1.0000, max|U|=1.2377e+00, max|V|=8.9714e-01
Total simulation time: 143.95 seconds
Point (0.25, 0.25): U=0.3026, analytical_U=0.2973
Point (0.5, 0.25): U=0.5846, analytical_U=0.5774
Point (0.75, 0.25): U=0.6367, analytical_U=0.2973
Point (0.25, 0.5): U=0.2653, analytical_U=0.2738
Point (0.5, 0.5): U=-0.0456, analytical_U=0.0000
Point (0.75, 0.5): U=-0.2711, analytical_U=-0.2738
Point (0.25, 0.75): U=0.1491, analytical_U=-0.2973
Point (0.5, 0.75): U=-0.5771, analytical_U=-0.5774
Point (0.75, 0.75): U=-0.3057, analytical_U=-0.2973
Root Mean Square Error compared to literature solution: 1.8761e-01
Point (0.25, 0.25): U=0.1959, analytical_U=0.1885
Point (0.5, 0.25): U=0.3868, analytical_U=0.3749
Point (0.75, 0.25): U=0.4358, analytical_U=0.1885
Point (0.25, 0.5): U=0.1852, analytical_U=0.1856
Point (0.5, 0.5): U=-0.0240, analytical_U=0.0000
Point (0.75, 0.5): U=-0.1886, analytical_U=-0.1856
Point (0.25, 0.75): U=0.1286, analytical_U=-0.1885
Point (0.5, 0.75): U=-0.3814, analytical_U=-0.3749
Point (0.75, 0.75): U=-0.1980, analytical_U=-0.1885
Root Mean Square Error compared to literature solution: 1.3444e-01
