h = 6.39e-03
D = 2.45e-03
CFL(t=0) = 1.57e-01
t=0.0010, max|U|=9.9995e-01, max|V|=9.9995e-01
t=0.0020, max|U|=9.9992e-01, max|V|=9.9992e-01
t=0.0030, max|U|=9.9988e-01, max|V|=9.9989e-01
t=0.0040, max|U|=9.9985e-01, max|V|=9.9985e-01
t=0.0050, max|U|=9.9981e-01, max|V|=9.9982e-01
t=0.0060, max|U|=9.9976e-01, max|V|=9.9977e-01
t=0.0070, max|U|=9.9973e-01, max|V|=9.9972e-01
t=0.0080, max|U|=9.9971e-01, max|V|=9.9970e-01
t=0.0090, max|U|=9.9967e-01, max|V|=9.9967e-01
t=0.0100, max|U|=9.9963e-01, max|V|=9.9963e-01
t=0.0110, max|U|=9.9959e-01, max|V|=9.9959e-01
t=0.0120, max|U|=9.9954e-01, max|V|=9.9956e-01
t=0.0130, max|U|=9.9949e-01, max|V|=9.9952e-01
t=0.0140, max|U|=9.9948e-01, max|V|=9.9947e-01
t=0.0150, max|U|=9.9945e-01, max|V|=9.9945e-01
t=0.0160, max|U|=9.9942e-01, max|V|=9.9942e-01
t=0.0170, max|U|=9.9937e-01, max|V|=9.9938e-01
t=0.0180, max|U|=9.9933e-01, max|V|=9.9934e-01
t=0.0190, max|U|=9.9927e-01, max|V|=9.9930e-01
t=0.0200, max|U|=9.9924e-01, max|V|=9.9926e-01
t=0.0210, max|U|=9.9923e-01, max|V|=9.9922e-01
t=0.0220, max|U|=9.9920e-01, max|V|=9.9920e-01
t=0.0230, max|U|=9.9916e-01, max|V|=9.9917e-01
t=0.0240, max|U|=9.9911e-01, max|V|=9.9912e-01
t=0.0250, max|U|=9.9906e-01, max|V|=9.9909e-01
t=0.0260, max|U|=9.9901e-01, max|V|=9.9905e-01
t=0.0270, max|U|=9.9900e-01, max|V|=9.9900e-01
t=0.0280, max|U|=9.9898e-01, max|V|=9.9897e-01
t=0.0290, max|U|=9.9895e-01, max|V|=9.9895e-01
t=0.0300, max|U|=9.9890e-01, max|V|=9.9891e-01
t=0.0310, max|U|=9.9885e-01, max|V|=9.9887e-01
t=0.0320, max|U|=9.9880e-01, max|V|=9.9883e-01
t=0.0330, max|U|=9.9877e-01, max|V|=9.9880e-01
t=0.0340, max|U|=9.9875e-01, max|V|=9.9875e-01
t=0.0350, max|U|=9.9873e-01, max|V|=9.9872e-01
t=0.0360, max|U|=9.9869e-01, max|V|=9.9870e-01
t=0.0370, max|U|=9.9865e-01, max|V|=9.9866e-01
t=0.0380, max|U|=9.9860e-01, max|V|=9.9862e-01
t=0.0390, max|U|=9.9854e-01, max|V|=9.9858e-01
t=0.0400, max|U|=9.9852e-01, max|V|=9.9854e-01
t=0.0410, max|U|=9.9850e-01, max|V|=9.9850e-01
t=0.0420, max|U|=9.9848e-01, max|V|=9.9847e-01
t=0.0430, max|U|=9.9844e-01, max|V|=9.9844e-01
t=0.0440, max|U|=9.9840e-01, max|V|=9.9841e-01
t=0.0450, max|U|=9.9834e-01, max|V|=9.9836e-01
t=0.0460, max|U|=9.9828e-01, max|V|=9.9833e-01
t=0.0470, max|U|=9.9827e-01, max|V|=9.9829e-01
t=0.0480, max|U|=9.9825e-01, max|V|=9.9825e-01
t=0.0490, max|U|=9.9822e-01, max|V|=9.9822e-01
t=0.0500, max|U|=9.9818e-01, max|V|=9.9819e-01
t=0.0510, max|U|=9.9813e-01, max|V|=9.9815e-01
t=0.0520, max|U|=9.9808e-01, max|V|=9.9810e-01
t=0.0530, max|U|=9.9804e-01, max|V|=9.9807e-01
t=0.0540, max|U|=9.9803e-01, max|V|=9.9804e-01
t=0.0550, max|U|=9.9801e-01, max|V|=9.9800e-01
t=0.0560, max|U|=9.9798e-01, max|V|=9.9797e-01
t=0.0570, max|U|=9.9793e-01, max|V|=9.9794e-01
t=0.0580, max|U|=9.9788e-01, max|V|=9.9790e-01
t=0.0590, max|U|=9.9783e-01, max|V|=9.9784e-01
t=0.0600, max|U|=9.9779e-01, max|V|=9.9782e-01
t=0.0610, max|U|=9.9778e-01, max|V|=9.9779e-01
t=0.0620, max|U|=9.9775e-01, max|V|=9.9775e-01
t=0.0630, max|U|=9.9772e-01, max|V|=9.9772e-01
t=0.0640, max|U|=9.9769e-01, max|V|=9.9768e-01
t=0.0650, max|U|=9.9764e-01, max|V|=9.9764e-01
t=0.0660, max|U|=9.9758e-01, max|V|=9.9759e-01
t=0.0670, max|U|=9.9756e-01, max|V|=9.9756e-01
t=0.0680, max|U|=9.9754e-01, max|V|=9.9753e-01
t=0.0690, max|U|=9.9751e-01, max|V|=9.9749e-01
t=0.0700, max|U|=9.9747e-01, max|V|=9.9747e-01
t=0.0710, max|U|=9.9744e-01, max|V|=9.9743e-01
t=0.0720, max|U|=9.9740e-01, max|V|=9.9739e-01
t=0.0730, max|U|=9.9734e-01, max|V|=9.9734e-01
t=0.0740, max|U|=9.9732e-01, max|V|=9.9731e-01
t=0.0750, max|U|=9.9729e-01, max|V|=9.9727e-01
t=0.0760, max|U|=9.9726e-01, max|V|=9.9725e-01
t=0.0770, max|U|=9.9722e-01, max|V|=9.9722e-01
t=0.0780, max|U|=9.9718e-01, max|V|=9.9718e-01
t=0.0790, max|U|=9.9714e-01, max|V|=9.9713e-01
t=0.0800, max|U|=9.9710e-01, max|V|=9.9708e-01
t=0.0810, max|U|=9.9706e-01, max|V|=9.9706e-01
t=0.0820, max|U|=9.9704e-01, max|V|=9.9702e-01
t=0.0830, max|U|=9.9701e-01, max|V|=9.9700e-01
t=0.0840, max|U|=9.9697e-01, max|V|=9.9696e-01
t=0.0850, max|U|=9.9692e-01, max|V|=9.9692e-01
t=0.0860, max|U|=9.9688e-01, max|V|=9.9687e-01
t=0.0870, max|U|=9.9684e-01, max|V|=9.9683e-01
t=0.0880, max|U|=9.9682e-01, max|V|=9.9680e-01
t=0.0890, max|U|=9.9679e-01, max|V|=9.9677e-01
t=0.0900, max|U|=9.9676e-01, max|V|=9.9675e-01
t=0.0910, max|U|=9.9671e-01, max|V|=9.9671e-01
t=0.0920, max|U|=9.9666e-01, max|V|=9.9667e-01
t=0.0930, max|U|=9.9663e-01, max|V|=9.9662e-01
t=0.0940, max|U|=9.9659e-01, max|V|=9.9658e-01
t=0.0950, max|U|=9.9657e-01, max|V|=9.9655e-01
t=0.0960, max|U|=9.9655e-01, max|V|=9.9653e-01
t=0.0970, max|U|=9.9652e-01, max|V|=9.9650e-01
t=0.0980, max|U|=9.9647e-01, max|V|=9.9646e-01
t=0.0990, max|U|=9.9642e-01, max|V|=9.9641e-01
t=0.1000, max|U|=9.9637e-01, max|V|=9.9635e-01
t=0.1010, max|U|=9.9633e-01, max|V|=9.9633e-01
t=0.1020, max|U|=9.9632e-01, max|V|=9.9630e-01
t=0.1030, max|U|=9.9629e-01, max|V|=9.9628e-01
t=0.1040, max|U|=9.9626e-01, max|V|=9.9624e-01
t=0.1050, max|U|=9.9622e-01, max|V|=9.9620e-01
t=0.1060, max|U|=9.9616e-01, max|V|=9.9615e-01
t=0.1070, max|U|=9.9611e-01, max|V|=9.9609e-01
t=0.1080, max|U|=9.9610e-01, max|V|=9.9608e-01
t=0.1090, max|U|=9.9608e-01, max|V|=9.9606e-01
t=0.1100, max|U|=9.9605e-01, max|V|=9.9603e-01
t=0.1110, max|U|=9.9601e-01, max|V|=9.9599e-01
t=0.1120, max|U|=9.9596e-01, max|V|=9.9594e-01
t=0.1130, max|U|=9.9590e-01, max|V|=9.9588e-01
t=0.1140, max|U|=9.9587e-01, max|V|=9.9586e-01
t=0.1150, max|U|=9.9586e-01, max|V|=9.9584e-01
t=0.1160, max|U|=9.9583e-01, max|V|=9.9582e-01
t=0.1170, max|U|=9.9580e-01, max|V|=9.9578e-01
t=0.1180, max|U|=9.9576e-01, max|V|=9.9573e-01
t=0.1190, max|U|=9.9570e-01, max|V|=9.9568e-01
t=0.1200, max|U|=9.9564e-01, max|V|=9.9564e-01
t=0.1210, max|U|=9.9563e-01, max|V|=9.9563e-01
t=0.1220, max|U|=9.9561e-01, max|V|=9.9561e-01
t=0.1230, max|U|=9.9558e-01, max|V|=9.9557e-01
t=0.1240, max|U|=9.9555e-01, max|V|=9.9553e-01
t=0.1250, max|U|=9.9550e-01, max|V|=9.9548e-01
t=0.1260, max|U|=9.9545e-01, max|V|=9.9542e-01
t=0.1270, max|U|=9.9538e-01, max|V|=9.9540e-01
t=0.1280, max|U|=9.9538e-01, max|V|=9.9539e-01
t=0.1290, max|U|=9.9536e-01, max|V|=9.9536e-01
t=0.1300, max|U|=9.9533e-01, max|V|=9.9533e-01
t=0.1310, max|U|=9.9530e-01, max|V|=9.9528e-01
t=0.1320, max|U|=9.9525e-01, max|V|=9.9523e-01
t=0.1330, max|U|=9.9520e-01, max|V|=9.9518e-01
t=0.1340, max|U|=9.9516e-01, max|V|=9.9517e-01
t=0.1350, max|U|=9.9514e-01, max|V|=9.9515e-01
t=0.1360, max|U|=9.9512e-01, max|V|=9.9512e-01
t=0.1370, max|U|=9.9509e-01, max|V|=9.9508e-01
t=0.1380, max|U|=9.9505e-01, max|V|=9.9504e-01
t=0.1390, max|U|=9.9500e-01, max|V|=9.9500e-01
t=0.1400, max|U|=9.9494e-01, max|V|=9.9495e-01
t=0.1410, max|U|=9.9491e-01, max|V|=9.9493e-01
t=0.1420, max|U|=9.9490e-01, max|V|=9.9490e-01
t=0.1430, max|U|=9.9488e-01, max|V|=9.9487e-01
t=0.1440, max|U|=9.9485e-01, max|V|=9.9483e-01
t=0.1450, max|U|=9.9480e-01, max|V|=9.9478e-01
t=0.1460, max|U|=9.9476e-01, max|V|=9.9476e-01
t=0.1470, max|U|=9.9470e-01, max|V|=9.9472e-01
t=0.1480, max|U|=9.9467e-01, max|V|=9.9469e-01
t=0.1490, max|U|=9.9466e-01, max|V|=9.9466e-01
t=0.1500, max|U|=9.9463e-01, max|V|=9.9462e-01
t=0.1510, max|U|=9.9460e-01, max|V|=9.9457e-01
t=0.1520, max|U|=9.9456e-01, max|V|=9.9453e-01
t=0.1530, max|U|=9.9450e-01, max|V|=9.9451e-01
t=0.1540, max|U|=9.9445e-01, max|V|=9.9448e-01
t=0.1550, max|U|=9.9444e-01, max|V|=9.9445e-01
t=0.1560, max|U|=9.9442e-01, max|V|=9.9441e-01
t=0.1570, max|U|=9.9439e-01, max|V|=9.9437e-01
t=0.1580, max|U|=9.9435e-01, max|V|=9.9431e-01
t=0.1590, max|U|=9.9431e-01, max|V|=9.9428e-01
t=0.1600, max|U|=9.9425e-01, max|V|=9.9427e-01
t=0.1610, max|U|=9.9421e-01, max|V|=9.9424e-01
t=0.1620, max|U|=9.9420e-01, max|V|=9.9421e-01
t=0.1630, max|U|=9.9418e-01, max|V|=9.9417e-01
t=0.1640, max|U|=9.9415e-01, max|V|=9.9413e-01
t=0.1650, max|U|=9.9411e-01, max|V|=9.9407e-01
t=0.1660, max|U|=9.9406e-01, max|V|=9.9403e-01
t=0.1670, max|U|=9.9400e-01, max|V|=9.9402e-01
t=0.1680, max|U|=9.9398e-01, max|V|=9.9400e-01
t=0.1690, max|U|=9.9396e-01, max|V|=9.9397e-01
t=0.1700, max|U|=9.9393e-01, max|V|=9.9393e-01
t=0.1710, max|U|=9.9390e-01, max|V|=9.9388e-01
t=0.1720, max|U|=9.9385e-01, max|V|=9.9382e-01
t=0.1730, max|U|=9.9380e-01, max|V|=9.9380e-01
t=0.1740, max|U|=9.9376e-01, max|V|=9.9378e-01
t=0.1750, max|U|=9.9374e-01, max|V|=9.9375e-01
t=0.1760, max|U|=9.9372e-01, max|V|=9.9371e-01
t=0.1770, max|U|=9.9369e-01, max|V|=9.9367e-01
t=0.1780, max|U|=9.9365e-01, max|V|=9.9361e-01
t=0.1790, max|U|=9.9361e-01, max|V|=9.9359e-01
t=0.1800, max|U|=9.9355e-01, max|V|=9.9357e-01
t=0.1810, max|U|=9.9351e-01, max|V|=9.9354e-01
t=0.1820, max|U|=9.9350e-01, max|V|=9.9351e-01
t=0.1830, max|U|=9.9348e-01, max|V|=9.9346e-01
t=0.1840, max|U|=9.9344e-01, max|V|=9.9340e-01
t=0.1850, max|U|=9.9341e-01, max|V|=9.9338e-01
t=0.1860, max|U|=9.9336e-01, max|V|=9.9336e-01
t=0.1870, max|U|=9.9331e-01, max|V|=9.9334e-01
t=0.1880, max|U|=9.9329e-01, max|V|=9.9330e-01
t=0.1890, max|U|=9.9327e-01, max|V|=9.9326e-01
t=0.1900, max|U|=9.9324e-01, max|V|=9.9321e-01
t=0.1910, max|U|=9.9320e-01, max|V|=9.9315e-01
t=0.1920, max|U|=9.9315e-01, max|V|=9.9314e-01
t=0.1930, max|U|=9.9309e-01, max|V|=9.9313e-01
t=0.1940, max|U|=9.9305e-01, max|V|=9.9310e-01
t=0.1950, max|U|=9.9304e-01, max|V|=9.9307e-01
t=0.1960, max|U|=9.9302e-01, max|V|=9.9302e-01
t=0.1970, max|U|=9.9299e-01, max|V|=9.9297e-01
t=0.1980, max|U|=9.9295e-01, max|V|=9.9291e-01
t=0.1990, max|U|=9.9290e-01, max|V|=9.9289e-01
t=0.2000, max|U|=9.9284e-01, max|V|=9.9288e-01
t=0.2010, max|U|=9.9281e-01, max|V|=9.9285e-01
t=0.2020, max|U|=9.9279e-01, max|V|=9.9282e-01
t=0.2030, max|U|=9.9277e-01, max|V|=9.9277e-01
t=0.2040, max|U|=9.9273e-01, max|V|=9.9272e-01
t=0.2050, max|U|=9.9269e-01, max|V|=9.9267e-01
t=0.2060, max|U|=9.9264e-01, max|V|=9.9266e-01
t=0.2070, max|U|=9.9260e-01, max|V|=9.9264e-01
t=0.2080, max|U|=9.9259e-01, max|V|=9.9261e-01
t=0.2090, max|U|=9.9257e-01, max|V|=9.9257e-01
t=0.2100, max|U|=9.9254e-01, max|V|=9.9253e-01
t=0.2110, max|U|=9.9250e-01, max|V|=9.9247e-01
t=0.2120, max|U|=9.9245e-01, max|V|=9.9243e-01
t=0.2130, max|U|=9.9239e-01, max|V|=9.9242e-01
t=0.2140, max|U|=9.9236e-01, max|V|=9.9240e-01
t=0.2150, max|U|=9.9235e-01, max|V|=9.9236e-01
t=0.2160, max|U|=9.9233e-01, max|V|=9.9232e-01
t=0.2170, max|U|=9.9230e-01, max|V|=9.9228e-01
t=0.2180, max|U|=9.9226e-01, max|V|=9.9222e-01
t=0.2190, max|U|=9.9221e-01, max|V|=9.9219e-01
t=0.2200, max|U|=9.9215e-01, max|V|=9.9218e-01
t=0.2210, max|U|=9.9213e-01, max|V|=9.9215e-01
t=0.2220, max|U|=9.9211e-01, max|V|=9.9211e-01
t=0.2230, max|U|=9.9209e-01, max|V|=9.9207e-01
t=0.2240, max|U|=9.9205e-01, max|V|=9.9201e-01
t=0.2250, max|U|=9.9201e-01, max|V|=9.9197e-01
t=0.2260, max|U|=9.9195e-01, max|V|=9.9196e-01
t=0.2270, max|U|=9.9191e-01, max|V|=9.9194e-01
t=0.2280, max|U|=9.9190e-01, max|V|=9.9191e-01
t=0.2290, max|U|=9.9188e-01, max|V|=9.9187e-01
t=0.2300, max|U|=9.9185e-01, max|V|=9.9182e-01
t=0.2310, max|U|=9.9182e-01, max|V|=9.9177e-01
t=0.2320, max|U|=9.9177e-01, max|V|=9.9173e-01
t=0.2330, max|U|=9.9171e-01, max|V|=9.9171e-01
t=0.2340, max|U|=9.9165e-01, max|V|=9.9169e-01
t=0.2350, max|U|=9.9164e-01, max|V|=9.9166e-01
t=0.2360, max|U|=9.9162e-01, max|V|=9.9162e-01
t=0.2370, max|U|=9.9160e-01, max|V|=9.9157e-01
t=0.2380, max|U|=9.9156e-01, max|V|=9.9152e-01
t=0.2390, max|U|=9.9152e-01, max|V|=9.9148e-01
t=0.2400, max|U|=9.9147e-01, max|V|=9.9147e-01
t=0.2410, max|U|=9.9141e-01, max|V|=9.9144e-01
t=0.2420, max|U|=9.9139e-01, max|V|=9.9141e-01
t=0.2430, max|U|=9.9137e-01, max|V|=9.9137e-01
t=0.2440, max|U|=9.9134e-01, max|V|=9.9132e-01
t=0.2450, max|U|=9.9131e-01, max|V|=9.9128e-01
t=0.2460, max|U|=9.9127e-01, max|V|=9.9125e-01
t=0.2470, max|U|=9.9122e-01, max|V|=9.9124e-01
t=0.2480, max|U|=9.9118e-01, max|V|=9.9121e-01
t=0.2490, max|U|=9.9117e-01, max|V|=9.9118e-01
t=0.2500, max|U|=9.9114e-01, max|V|=9.9114e-01
t=0.2510, max|U|=9.9112e-01, max|V|=9.9109e-01
t=0.2520, max|U|=9.9108e-01, max|V|=9.9103e-01
t=0.2530, max|U|=9.9103e-01, max|V|=9.9100e-01
t=0.2540, max|U|=9.9097e-01, max|V|=9.9099e-01
t=0.2550, max|U|=9.9093e-01, max|V|=9.9097e-01
t=0.2560, max|U|=9.9092e-01, max|V|=9.9094e-01
t=0.2570, max|U|=9.9090e-01, max|V|=9.9090e-01
t=0.2580, max|U|=9.9088e-01, max|V|=9.9086e-01
t=0.2590, max|U|=9.9084e-01, max|V|=9.9080e-01
t=0.2600, max|U|=9.9080e-01, max|V|=9.9075e-01
t=0.2610, max|U|=9.9075e-01, max|V|=9.9074e-01
t=0.2620, max|U|=9.9069e-01, max|V|=9.9072e-01
t=0.2630, max|U|=9.9067e-01, max|V|=9.9069e-01
t=0.2640, max|U|=9.9066e-01, max|V|=9.9066e-01
t=0.2650, max|U|=9.9064e-01, max|V|=9.9061e-01
t=0.2660, max|U|=9.9060e-01, max|V|=9.9056e-01
t=0.2670, max|U|=9.9056e-01, max|V|=9.9051e-01
t=0.2680, max|U|=9.9052e-01, max|V|=9.9049e-01
t=0.2690, max|U|=9.9046e-01, max|V|=9.9048e-01
t=0.2700, max|U|=9.9043e-01, max|V|=9.9045e-01
t=0.2710, max|U|=9.9041e-01, max|V|=9.9042e-01
t=0.2720, max|U|=9.9039e-01, max|V|=9.9037e-01
t=0.2730, max|U|=9.9036e-01, max|V|=9.9032e-01
t=0.2740, max|U|=9.9032e-01, max|V|=9.9027e-01
t=0.2750, max|U|=9.9027e-01, max|V|=9.9023e-01
t=0.2760, max|U|=9.9021e-01, max|V|=9.9022e-01
t=0.2770, max|U|=9.9019e-01, max|V|=9.9020e-01
t=0.2780, max|U|=9.9017e-01, max|V|=9.9017e-01
t=0.2790, max|U|=9.9015e-01, max|V|=9.9013e-01
t=0.2800, max|U|=9.9012e-01, max|V|=9.9008e-01
t=0.2810, max|U|=9.9008e-01, max|V|=9.9003e-01
t=0.2820, max|U|=9.9003e-01, max|V|=9.8998e-01
t=0.2830, max|U|=9.8998e-01, max|V|=9.8995e-01
t=0.2840, max|U|=9.8994e-01, max|V|=9.8994e-01
t=0.2850, max|U|=9.8993e-01, max|V|=9.8991e-01
t=0.2860, max|U|=9.8991e-01, max|V|=9.8988e-01
t=0.2870, max|U|=9.8988e-01, max|V|=9.8984e-01
t=0.2880, max|U|=9.8984e-01, max|V|=9.8978e-01
t=0.2890, max|U|=9.8980e-01, max|V|=9.8974e-01
t=0.2900, max|U|=9.8974e-01, max|V|=9.8969e-01
t=0.2910, max|U|=9.8969e-01, max|V|=9.8968e-01
t=0.2920, max|U|=9.8968e-01, max|V|=9.8966e-01
t=0.2930, max|U|=9.8967e-01, max|V|=9.8963e-01
t=0.2940, max|U|=9.8964e-01, max|V|=9.8959e-01
t=0.2950, max|U|=9.8960e-01, max|V|=9.8955e-01
t=0.2960, max|U|=9.8956e-01, max|V|=9.8949e-01
t=0.2970, max|U|=9.8950e-01, max|V|=9.8947e-01
t=0.2980, max|U|=9.8946e-01, max|V|=9.8947e-01
t=0.2990, max|U|=9.8945e-01, max|V|=9.8945e-01
t=0.3000, max|U|=9.8943e-01, max|V|=9.8943e-01
t=0.3010, max|U|=9.8940e-01, max|V|=9.8940e-01
t=0.3020, max|U|=9.8936e-01, max|V|=9.8935e-01
t=0.3030, max|U|=9.8932e-01, max|V|=9.8931e-01
t=0.3040, max|U|=9.8926e-01, max|V|=9.8925e-01
t=0.3050, max|U|=9.8921e-01, max|V|=9.8919e-01
t=0.3060, max|U|=9.8920e-01, max|V|=9.8918e-01
t=0.3070, max|U|=9.8919e-01, max|V|=9.8916e-01
t=0.3080, max|U|=9.8916e-01, max|V|=9.8913e-01
t=0.3090, max|U|=9.8913e-01, max|V|=9.8910e-01
t=0.3100, max|U|=9.8908e-01, max|V|=9.8905e-01
t=0.3110, max|U|=9.8903e-01, max|V|=9.8900e-01
t=0.3120, max|U|=9.8897e-01, max|V|=9.8894e-01
t=0.3130, max|U|=9.8896e-01, max|V|=9.8892e-01
t=0.3140, max|U|=9.8894e-01, max|V|=9.8891e-01
t=0.3150, max|U|=9.8892e-01, max|V|=9.8888e-01
t=0.3160, max|U|=9.8889e-01, max|V|=9.8885e-01
t=0.3170, max|U|=9.8884e-01, max|V|=9.8881e-01
t=0.3180, max|U|=9.8879e-01, max|V|=9.8876e-01
t=0.3190, max|U|=9.8873e-01, max|V|=9.8871e-01
t=0.3200, max|U|=9.8872e-01, max|V|=9.8867e-01
t=0.3210, max|U|=9.8870e-01, max|V|=9.8866e-01
t=0.3220, max|U|=9.8868e-01, max|V|=9.8864e-01
t=0.3230, max|U|=9.8864e-01, max|V|=9.8861e-01
t=0.3240, max|U|=9.8860e-01, max|V|=9.8857e-01
t=0.3250, max|U|=9.8855e-01, max|V|=9.8853e-01
t=0.3260, max|U|=9.8849e-01, max|V|=9.8848e-01
t=0.3270, max|U|=9.8848e-01, max|V|=9.8841e-01
t=0.3280, max|U|=9.8846e-01, max|V|=9.8841e-01
t=0.3290, max|U|=9.8843e-01, max|V|=9.8839e-01
t=0.3300, max|U|=9.8840e-01, max|V|=9.8837e-01
t=0.3310, max|U|=9.8836e-01, max|V|=9.8833e-01
t=0.3320, max|U|=9.8831e-01, max|V|=9.8829e-01
t=0.3330, max|U|=9.8825e-01, max|V|=9.8824e-01
t=0.3340, max|U|=9.8824e-01, max|V|=9.8818e-01
t=0.3350, max|U|=9.8822e-01, max|V|=9.8816e-01
t=0.3360, max|U|=9.8819e-01, max|V|=9.8815e-01
t=0.3370, max|U|=9.8816e-01, max|V|=9.8812e-01
t=0.3380, max|U|=9.8811e-01, max|V|=9.8809e-01
t=0.3390, max|U|=9.8806e-01, max|V|=9.8806e-01
t=0.3400, max|U|=9.8802e-01, max|V|=9.8801e-01
t=0.3410, max|U|=9.8800e-01, max|V|=9.8795e-01
t=0.3420, max|U|=9.8798e-01, max|V|=9.8791e-01
t=0.3430, max|U|=9.8796e-01, max|V|=9.8790e-01
t=0.3440, max|U|=9.8792e-01, max|V|=9.8788e-01
t=0.3450, max|U|=9.8787e-01, max|V|=9.8785e-01
t=0.3460, max|U|=9.8782e-01, max|V|=9.8781e-01
t=0.3470, max|U|=9.8778e-01, max|V|=9.8777e-01
t=0.3480, max|U|=9.8777e-01, max|V|=9.8848e-01
t=0.3490, max|U|=9.8775e-01, max|V|=9.9264e-01
t=0.3500, max|U|=9.8772e-01, max|V|=9.9673e-01
t=0.3510, max|U|=9.8768e-01, max|V|=1.0007e+00
t=0.3520, max|U|=9.8764e-01, max|V|=1.0047e+00
t=0.3530, max|U|=9.8759e-01, max|V|=1.0085e+00
t=0.3540, max|U|=9.8753e-01, max|V|=1.0123e+00
t=0.3550, max|U|=9.8752e-01, max|V|=1.0160e+00
t=0.3560, max|U|=9.8751e-01, max|V|=1.0197e+00
t=0.3570, max|U|=9.8789e-01, max|V|=1.0232e+00
t=0.3580, max|U|=9.9174e-01, max|V|=1.0267e+00
t=0.3590, max|U|=9.9552e-01, max|V|=1.0302e+00
t=0.3600, max|U|=9.9924e-01, max|V|=1.0336e+00
t=0.3610, max|U|=1.0029e+00, max|V|=1.0401e+00
t=0.3620, max|U|=1.0065e+00, max|V|=1.0466e+00
t=0.3630, max|U|=1.0100e+00, max|V|=1.0529e+00
t=0.3640, max|U|=1.0135e+00, max|V|=1.0592e+00
t=0.3650, max|U|=1.0169e+00, max|V|=1.0655e+00
t=0.3660, max|U|=1.0202e+00, max|V|=1.0716e+00
t=0.3670, max|U|=1.0235e+00, max|V|=1.0777e+00
t=0.3680, max|U|=1.0267e+00, max|V|=1.0837e+00
t=0.3690, max|U|=1.0299e+00, max|V|=1.0896e+00
t=0.3700, max|U|=1.0330e+00, max|V|=1.0954e+00
t=0.3710, max|U|=1.0361e+00, max|V|=1.1012e+00
t=0.3720, max|U|=1.0391e+00, max|V|=1.1068e+00
t=0.3730, max|U|=1.0420e+00, max|V|=1.1124e+00
t=0.3740, max|U|=1.0449e+00, max|V|=1.1179e+00
t=0.3750, max|U|=1.0488e+00, max|V|=1.1234e+00
t=0.3760, max|U|=1.0532e+00, max|V|=1.1287e+00
t=0.3770, max|U|=1.0575e+00, max|V|=1.1340e+00
t=0.3780, max|U|=1.0617e+00, max|V|=1.1392e+00
t=0.3790, max|U|=1.0658e+00, max|V|=1.1444e+00
t=0.3800, max|U|=1.0699e+00, max|V|=1.1494e+00
t=0.3810, max|U|=1.0739e+00, max|V|=1.1544e+00
t=0.3820, max|U|=1.0779e+00, max|V|=1.1593e+00
t=0.3830, max|U|=1.0818e+00, max|V|=1.1642e+00
t=0.3840, max|U|=1.0856e+00, max|V|=1.1689e+00
t=0.3850, max|U|=1.0894e+00, max|V|=1.1736e+00
t=0.3860, max|U|=1.0931e+00, max|V|=1.1782e+00
t=0.3870, max|U|=1.0967e+00, max|V|=1.1827e+00
t=0.3880, max|U|=1.1003e+00, max|V|=1.1872e+00
t=0.3890, max|U|=1.1038e+00, max|V|=1.1916e+00
t=0.3900, max|U|=1.1073e+00, max|V|=1.1959e+00
t=0.3910, max|U|=1.1107e+00, max|V|=1.2002e+00
t=0.3920, max|U|=1.1141e+00, max|V|=1.2044e+00
t=0.3930, max|U|=1.1174e+00, max|V|=1.2085e+00
t=0.3940, max|U|=1.1206e+00, max|V|=1.2125e+00
t=0.3950, max|U|=1.1238e+00, max|V|=1.2165e+00
t=0.3960, max|U|=1.1269e+00, max|V|=1.2204e+00
t=0.3970, max|U|=1.1300e+00, max|V|=1.2242e+00
t=0.3980, max|U|=1.1330e+00, max|V|=1.2280e+00
t=0.3990, max|U|=1.1360e+00, max|V|=1.2317e+00
t=0.4000, max|U|=1.1389e+00, max|V|=1.2354e+00
t=0.4010, max|U|=1.1418e+00, max|V|=1.2389e+00
t=0.4020, max|U|=1.1446e+00, max|V|=1.2424e+00
t=0.4030, max|U|=1.1474e+00, max|V|=1.2459e+00
t=0.4040, max|U|=1.1501e+00, max|V|=1.2493e+00
t=0.4050, max|U|=1.1527e+00, max|V|=1.2526e+00
t=0.4060, max|U|=1.1554e+00, max|V|=1.2559e+00
t=0.4070, max|U|=1.1579e+00, max|V|=1.2591e+00
t=0.4080, max|U|=1.1605e+00, max|V|=1.2623e+00
t=0.4090, max|U|=1.1629e+00, max|V|=1.2653e+00
t=0.4100, max|U|=1.1654e+00, max|V|=1.2684e+00
t=0.4110, max|U|=1.1677e+00, max|V|=1.2714e+00
t=0.4120, max|U|=1.1701e+00, max|V|=1.2743e+00
t=0.4130, max|U|=1.1724e+00, max|V|=1.2771e+00
t=0.4140, max|U|=1.1746e+00, max|V|=1.2800e+00
t=0.4150, max|U|=1.1768e+00, max|V|=1.2827e+00
t=0.4160, max|U|=1.1790e+00, max|V|=1.2854e+00
t=0.4170, max|U|=1.1811e+00, max|V|=1.2881e+00
t=0.4180, max|U|=1.1832e+00, max|V|=1.2907e+00
t=0.4190, max|U|=1.1853e+00, max|V|=1.2932e+00
t=0.4200, max|U|=1.1873e+00, max|V|=1.2957e+00
t=0.4210, max|U|=1.1892e+00, max|V|=1.2981e+00
t=0.4220, max|U|=1.1911e+00, max|V|=1.3005e+00
t=0.4230, max|U|=1.1930e+00, max|V|=1.3029e+00
t=0.4240, max|U|=1.1949e+00, max|V|=1.3052e+00
t=0.4250, max|U|=1.1967e+00, max|V|=1.3074e+00
t=0.4260, max|U|=1.1984e+00, max|V|=1.3096e+00
t=0.4270, max|U|=1.2002e+00, max|V|=1.3118e+00
t=0.4280, max|U|=1.2019e+00, max|V|=1.3139e+00
t=0.4290, max|U|=1.2035e+00, max|V|=1.3159e+00
t=0.4300, max|U|=1.2052e+00, max|V|=1.3180e+00
t=0.4310, max|U|=1.2068e+00, max|V|=1.3199e+00
t=0.4320, max|U|=1.2083e+00, max|V|=1.3219e+00
t=0.4330, max|U|=1.2098e+00, max|V|=1.3237e+00
t=0.4340, max|U|=1.2113e+00, max|V|=1.3256e+00
t=0.4350, max|U|=1.2128e+00, max|V|=1.3274e+00
t=0.4360, max|U|=1.2142e+00, max|V|=1.3291e+00
t=0.4370, max|U|=1.2156e+00, max|V|=1.3308e+00
t=0.4380, max|U|=1.2170e+00, max|V|=1.3325e+00
t=0.4390, max|U|=1.2183e+00, max|V|=1.3341e+00
t=0.4400, max|U|=1.2196e+00, max|V|=1.3357e+00
t=0.4410, max|U|=1.2209e+00, max|V|=1.3373e+00
t=0.4420, max|U|=1.2221e+00, max|V|=1.3388e+00
t=0.4430, max|U|=1.2233e+00, max|V|=1.3403e+00
t=0.4440, max|U|=1.2245e+00, max|V|=1.3417e+00
t=0.4450, max|U|=1.2257e+00, max|V|=1.3431e+00
t=0.4460, max|U|=1.2268e+00, max|V|=1.3444e+00
t=0.4470, max|U|=1.2279e+00, max|V|=1.3457e+00
t=0.4480, max|U|=1.2290e+00, max|V|=1.3470e+00
t=0.4490, max|U|=1.2300e+00, max|V|=1.3483e+00
t=0.4500, max|U|=1.2310e+00, max|V|=1.3495e+00
t=0.4510, max|U|=1.2320e+00, max|V|=1.3506e+00
t=0.4520, max|U|=1.2330e+00, max|V|=1.3518e+00
t=0.4530, max|U|=1.2339e+00, max|V|=1.3529e+00
t=0.4540, max|U|=1.2348e+00, max|V|=1.3539e+00
t=0.4550, max|U|=1.2357e+00, max|V|=1.3549e+00
t=0.4560, max|U|=1.2366e+00, max|V|=1.3559e+00
t=0.4570, max|U|=1.2374e+00, max|V|=1.3569e+00
t=0.4580, max|U|=1.2382e+00, max|V|=1.3578e+00
t=0.4590, max|U|=1.2390e+00, max|V|=1.3587e+00
t=0.4600, max|U|=1.2398e+00, max|V|=1.3595e+00
t=0.4610, max|U|=1.2406e+00, max|V|=1.3603e+00
t=0.4620, max|U|=1.2413e+00, max|V|=1.3611e+00
t=0.4630, max|U|=1.2420e+00, max|V|=1.3619e+00
t=0.4640, max|U|=1.2427e+00, max|V|=1.3626e+00
t=0.4650, max|U|=1.2433e+00, max|V|=1.3633e+00
t=0.4660, max|U|=1.2440e+00, max|V|=1.3640e+00
t=0.4670, max|U|=1.2446e+00, max|V|=1.3646e+00
t=0.4680, max|U|=1.2452e+00, max|V|=1.3652e+00
t=0.4690, max|U|=1.2458e+00, max|V|=1.3658e+00
t=0.4700, max|U|=1.2463e+00, max|V|=1.3663e+00
t=0.4710, max|U|=1.2468e+00, max|V|=1.3668e+00
t=0.4720, max|U|=1.2474e+00, max|V|=1.3673e+00
t=0.4730, max|U|=1.2479e+00, max|V|=1.3677e+00
t=0.4740, max|U|=1.2483e+00, max|V|=1.3681e+00
t=0.4750, max|U|=1.2488e+00, max|V|=1.3685e+00
t=0.4760, max|U|=1.2492e+00, max|V|=1.3689e+00
t=0.4770, max|U|=1.2497e+00, max|V|=1.3692e+00
t=0.4780, max|U|=1.2501e+00, max|V|=1.3696e+00
t=0.4790, max|U|=1.2505e+00, max|V|=1.3698e+00
t=0.4800, max|U|=1.2508e+00, max|V|=1.3701e+00
t=0.4810, max|U|=1.2512e+00, max|V|=1.3703e+00
t=0.4820, max|U|=1.2515e+00, max|V|=1.3706e+00
t=0.4830, max|U|=1.2518e+00, max|V|=1.3707e+00
t=0.4840, max|U|=1.2521e+00, max|V|=1.3709e+00
t=0.4850, max|U|=1.2524e+00, max|V|=1.3710e+00
t=0.4860, max|U|=1.2527e+00, max|V|=1.3712e+00
t=0.4870, max|U|=1.2529e+00, max|V|=1.3713e+00
t=0.4880, max|U|=1.2532e+00, max|V|=1.3713e+00
t=0.4890, max|U|=1.2534e+00, max|V|=1.3714e+00
t=0.4900, max|U|=1.2536e+00, max|V|=1.3714e+00
t=0.4910, max|U|=1.2538e+00, max|V|=1.3714e+00
t=0.4920, max|U|=1.2540e+00, max|V|=1.3714e+00
t=0.4930, max|U|=1.2542e+00, max|V|=1.3714e+00
t=0.4940, max|U|=1.2543e+00, max|V|=1.3713e+00
t=0.4950, max|U|=1.2544e+00, max|V|=1.3712e+00
t=0.4960, max|U|=1.2546e+00, max|V|=1.3712e+00
t=0.4970, max|U|=1.2547e+00, max|V|=1.3710e+00
t=0.4980, max|U|=1.2548e+00, max|V|=1.3709e+00
t=0.4990, max|U|=1.2549e+00, max|V|=1.3708e+00
t=0.5000, max|U|=1.2549e+00, max|V|=1.3706e+00
t=0.5010, max|U|=1.2550e+00, max|V|=1.3704e+00
t=0.5020, max|U|=1.2550e+00, max|V|=1.3702e+00
t=0.5030, max|U|=1.2551e+00, max|V|=1.3700e+00
t=0.5040, max|U|=1.2551e+00, max|V|=1.3698e+00
t=0.5050, max|U|=1.2551e+00, max|V|=1.3696e+00
t=0.5060, max|U|=1.2551e+00, max|V|=1.3693e+00
t=0.5070, max|U|=1.2551e+00, max|V|=1.3691e+00
t=0.5080, max|U|=1.2550e+00, max|V|=1.3688e+00
t=0.5090, max|U|=1.2550e+00, max|V|=1.3685e+00
t=0.5100, max|U|=1.2549e+00, max|V|=1.3682e+00
t=0.5110, max|U|=1.2549e+00, max|V|=1.3679e+00
t=0.5120, max|U|=1.2548e+00, max|V|=1.3676e+00
t=0.5130, max|U|=1.2547e+00, max|V|=1.3672e+00
t=0.5140, max|U|=1.2546e+00, max|V|=1.3669e+00
t=0.5150, max|U|=1.2545e+00, max|V|=1.3665e+00
t=0.5160, max|U|=1.2544e+00, max|V|=1.3662e+00
t=0.5170, max|U|=1.2543e+00, max|V|=1.3658e+00
t=0.5180, max|U|=1.2542e+00, max|V|=1.3654e+00
t=0.5190, max|U|=1.2540e+00, max|V|=1.3650e+00
t=0.5200, max|U|=1.2539e+00, max|V|=1.3646e+00
t=0.5210, max|U|=1.2537e+00, max|V|=1.3642e+00
t=0.5220, max|U|=1.2535e+00, max|V|=1.3638e+00
t=0.5230, max|U|=1.2533e+00, max|V|=1.3634e+00
t=0.5240, max|U|=1.2531e+00, max|V|=1.3630e+00
t=0.5250, max|U|=1.2529e+00, max|V|=1.3625e+00
t=0.5260, max|U|=1.2527e+00, max|V|=1.3621e+00
t=0.5270, max|U|=1.2525e+00, max|V|=1.3616e+00
t=0.5280, max|U|=1.2523e+00, max|V|=1.3612e+00
t=0.5290, max|U|=1.2520e+00, max|V|=1.3607e+00
t=0.5300, max|U|=1.2518e+00, max|V|=1.3603e+00
t=0.5310, max|U|=1.2515e+00, max|V|=1.3598e+00
t=0.5320, max|U|=1.2513e+00, max|V|=1.3593e+00
t=0.5330, max|U|=1.2510e+00, max|V|=1.3589e+00
t=0.5340, max|U|=1.2507e+00, max|V|=1.3584e+00
t=0.5350, max|U|=1.2504e+00, max|V|=1.3579e+00
t=0.5360, max|U|=1.2501e+00, max|V|=1.3574e+00
t=0.5370, max|U|=1.2498e+00, max|V|=1.3570e+00
t=0.5380, max|U|=1.2495e+00, max|V|=1.3565e+00
t=0.5390, max|U|=1.2492e+00, max|V|=1.3560e+00
t=0.5400, max|U|=1.2489e+00, max|V|=1.3555e+00
t=0.5410, max|U|=1.2485e+00, max|V|=1.3550e+00
t=0.5420, max|U|=1.2482e+00, max|V|=1.3545e+00
t=0.5430, max|U|=1.2478e+00, max|V|=1.3540e+00
t=0.5440, max|U|=1.2475e+00, max|V|=1.3535e+00
t=0.5450, max|U|=1.2471e+00, max|V|=1.3530e+00
t=0.5460, max|U|=1.2468e+00, max|V|=1.3525e+00
t=0.5470, max|U|=1.2464e+00, max|V|=1.3520e+00
t=0.5480, max|U|=1.2460e+00, max|V|=1.3515e+00
t=0.5490, max|U|=1.2456e+00, max|V|=1.3510e+00
t=0.5500, max|U|=1.2452e+00, max|V|=1.3505e+00
t=0.5510, max|U|=1.2448e+00, max|V|=1.3500e+00
t=0.5520, max|U|=1.2444e+00, max|V|=1.3495e+00
t=0.5530, max|U|=1.2440e+00, max|V|=1.3490e+00
t=0.5540, max|U|=1.2435e+00, max|V|=1.3485e+00
t=0.5550, max|U|=1.2431e+00, max|V|=1.3481e+00
t=0.5560, max|U|=1.2427e+00, max|V|=1.3476e+00
t=0.5570, max|U|=1.2422e+00, max|V|=1.3471e+00
t=0.5580, max|U|=1.2418e+00, max|V|=1.3466e+00
t=0.5590, max|U|=1.2413e+00, max|V|=1.3461e+00
t=0.5600, max|U|=1.2409e+00, max|V|=1.3456e+00
t=0.5610, max|U|=1.2404e+00, max|V|=1.3451e+00
t=0.5620, max|U|=1.2399e+00, max|V|=1.3446e+00
t=0.5630, max|U|=1.2395e+00, max|V|=1.3441e+00
t=0.5640, max|U|=1.2390e+00, max|V|=1.3436e+00
t=0.5650, max|U|=1.2385e+00, max|V|=1.3431e+00
t=0.5660, max|U|=1.2380e+00, max|V|=1.3426e+00
t=0.5670, max|U|=1.2375e+00, max|V|=1.3422e+00
t=0.5680, max|U|=1.2370e+00, max|V|=1.3417e+00
t=0.5690, max|U|=1.2365e+00, max|V|=1.3412e+00
t=0.5700, max|U|=1.2360e+00, max|V|=1.3407e+00
t=0.5710, max|U|=1.2354e+00, max|V|=1.3402e+00
t=0.5720, max|U|=1.2349e+00, max|V|=1.3398e+00
t=0.5730, max|U|=1.2344e+00, max|V|=1.3393e+00
t=0.5740, max|U|=1.2338e+00, max|V|=1.3388e+00
t=0.5750, max|U|=1.2333e+00, max|V|=1.3383e+00
t=0.5760, max|U|=1.2327e+00, max|V|=1.3379e+00
t=0.5770, max|U|=1.2322e+00, max|V|=1.3374e+00
t=0.5780, max|U|=1.2316e+00, max|V|=1.3369e+00
t=0.5790, max|U|=1.2311e+00, max|V|=1.3364e+00
t=0.5800, max|U|=1.2305e+00, max|V|=1.3360e+00
t=0.5810, max|U|=1.2299e+00, max|V|=1.3355e+00
t=0.5820, max|U|=1.2294e+00, max|V|=1.3350e+00
t=0.5830, max|U|=1.2288e+00, max|V|=1.3346e+00
t=0.5840, max|U|=1.2282e+00, max|V|=1.3341e+00
t=0.5850, max|U|=1.2276e+00, max|V|=1.3336e+00
t=0.5860, max|U|=1.2270e+00, max|V|=1.3332e+00
t=0.5870, max|U|=1.2264e+00, max|V|=1.3327e+00
t=0.5880, max|U|=1.2258e+00, max|V|=1.3322e+00
t=0.5890, max|U|=1.2252e+00, max|V|=1.3318e+00
t=0.5900, max|U|=1.2246e+00, max|V|=1.3313e+00
t=0.5910, max|U|=1.2240e+00, max|V|=1.3309e+00
t=0.5920, max|U|=1.2234e+00, max|V|=1.3304e+00
t=0.5930, max|U|=1.2228e+00, max|V|=1.3299e+00
t=0.5940, max|U|=1.2222e+00, max|V|=1.3295e+00
t=0.5950, max|U|=1.2215e+00, max|V|=1.3290e+00
t=0.5960, max|U|=1.2209e+00, max|V|=1.3286e+00
t=0.5970, max|U|=1.2203e+00, max|V|=1.3281e+00
t=0.5980, max|U|=1.2196e+00, max|V|=1.3276e+00
t=0.5990, max|U|=1.2190e+00, max|V|=1.3272e+00
t=0.6000, max|U|=1.2183e+00, max|V|=1.3267e+00
t=0.6010, max|U|=1.2177e+00, max|V|=1.3263e+00
t=0.6020, max|U|=1.2170e+00, max|V|=1.3258e+00
t=0.6030, max|U|=1.2164e+00, max|V|=1.3253e+00
t=0.6040, max|U|=1.2157e+00, max|V|=1.3249e+00
t=0.6050, max|U|=1.2151e+00, max|V|=1.3244e+00
t=0.6060, max|U|=1.2144e+00, max|V|=1.3240e+00
t=0.6070, max|U|=1.2137e+00, max|V|=1.3235e+00
t=0.6080, max|U|=1.2130e+00, max|V|=1.3230e+00
t=0.6090, max|U|=1.2124e+00, max|V|=1.3226e+00
t=0.6100, max|U|=1.2117e+00, max|V|=1.3221e+00
t=0.6110, max|U|=1.2110e+00, max|V|=1.3217e+00
t=0.6120, max|U|=1.2103e+00, max|V|=1.3212e+00
t=0.6130, max|U|=1.2096e+00, max|V|=1.3207e+00
t=0.6140, max|U|=1.2090e+00, max|V|=1.3203e+00
t=0.6150, max|U|=1.2083e+00, max|V|=1.3198e+00
t=0.6160, max|U|=1.2076e+00, max|V|=1.3193e+00
t=0.6170, max|U|=1.2069e+00, max|V|=1.3189e+00
t=0.6180, max|U|=1.2062e+00, max|V|=1.3184e+00
t=0.6190, max|U|=1.2055e+00, max|V|=1.3179e+00
t=0.6200, max|U|=1.2048e+00, max|V|=1.3175e+00
t=0.6210, max|U|=1.2041e+00, max|V|=1.3170e+00
t=0.6220, max|U|=1.2033e+00, max|V|=1.3165e+00
t=0.6230, max|U|=1.2026e+00, max|V|=1.3160e+00
t=0.6240, max|U|=1.2019e+00, max|V|=1.3156e+00
t=0.6250, max|U|=1.2012e+00, max|V|=1.3151e+00
t=0.6260, max|U|=1.2005e+00, max|V|=1.3146e+00
t=0.6270, max|U|=1.1998e+00, max|V|=1.3141e+00
t=0.6280, max|U|=1.1990e+00, max|V|=1.3136e+00
t=0.6290, max|U|=1.1983e+00, max|V|=1.3131e+00
t=0.6300, max|U|=1.1976e+00, max|V|=1.3127e+00
t=0.6310, max|U|=1.1969e+00, max|V|=1.3122e+00
t=0.6320, max|U|=1.1961e+00, max|V|=1.3117e+00
t=0.6330, max|U|=1.1954e+00, max|V|=1.3112e+00
t=0.6340, max|U|=1.1947e+00, max|V|=1.3107e+00
t=0.6350, max|U|=1.1939e+00, max|V|=1.3102e+00
t=0.6360, max|U|=1.1932e+00, max|V|=1.3097e+00
t=0.6370, max|U|=1.1924e+00, max|V|=1.3092e+00
t=0.6380, max|U|=1.1917e+00, max|V|=1.3087e+00
t=0.6390, max|U|=1.1910e+00, max|V|=1.3082e+00
t=0.6400, max|U|=1.1902e+00, max|V|=1.3077e+00
t=0.6410, max|U|=1.1895e+00, max|V|=1.3072e+00
t=0.6420, max|U|=1.1887e+00, max|V|=1.3067e+00
t=0.6430, max|U|=1.1880e+00, max|V|=1.3062e+00
t=0.6440, max|U|=1.1872e+00, max|V|=1.3057e+00
t=0.6450, max|U|=1.1865e+00, max|V|=1.3052e+00
t=0.6460, max|U|=1.1857e+00, max|V|=1.3047e+00
t=0.6470, max|U|=1.1849e+00, max|V|=1.3041e+00
t=0.6480, max|U|=1.1842e+00, max|V|=1.3036e+00
t=0.6490, max|U|=1.1834e+00, max|V|=1.3031e+00
t=0.6500, max|U|=1.1827e+00, max|V|=1.3026e+00
t=0.6510, max|U|=1.1819e+00, max|V|=1.3021e+00
t=0.6520, max|U|=1.1811e+00, max|V|=1.3015e+00
t=0.6530, max|U|=1.1804e+00, max|V|=1.3010e+00
t=0.6540, max|U|=1.1796e+00, max|V|=1.3005e+00
t=0.6550, max|U|=1.1788e+00, max|V|=1.2999e+00
t=0.6560, max|U|=1.1781e+00, max|V|=1.2994e+00
t=0.6570, max|U|=1.1773e+00, max|V|=1.2989e+00
t=0.6580, max|U|=1.1765e+00, max|V|=1.2983e+00
t=0.6590, max|U|=1.1758e+00, max|V|=1.2978e+00
t=0.6600, max|U|=1.1750e+00, max|V|=1.2973e+00
t=0.6610, max|U|=1.1742e+00, max|V|=1.2967e+00
t=0.6620, max|U|=1.1734e+00, max|V|=1.2962e+00
t=0.6630, max|U|=1.1727e+00, max|V|=1.2956e+00
t=0.6640, max|U|=1.1719e+00, max|V|=1.2951e+00
t=0.6650, max|U|=1.1711e+00, max|V|=1.2945e+00
t=0.6660, max|U|=1.1703e+00, max|V|=1.2940e+00
t=0.6670, max|U|=1.1695e+00, max|V|=1.2934e+00
t=0.6680, max|U|=1.1688e+00, max|V|=1.2928e+00
t=0.6690, max|U|=1.1680e+00, max|V|=1.2923e+00
t=0.6700, max|U|=1.1672e+00, max|V|=1.2917e+00
t=0.6710, max|U|=1.1664e+00, max|V|=1.2911e+00
t=0.6720, max|U|=1.1656e+00, max|V|=1.2906e+00
t=0.6730, max|U|=1.1649e+00, max|V|=1.2900e+00
t=0.6740, max|U|=1.1641e+00, max|V|=1.2894e+00
t=0.6750, max|U|=1.1633e+00, max|V|=1.2889e+00
t=0.6760, max|U|=1.1625e+00, max|V|=1.2883e+00
t=0.6770, max|U|=1.1617e+00, max|V|=1.2877e+00
t=0.6780, max|U|=1.1609e+00, max|V|=1.2871e+00
t=0.6790, max|U|=1.1601e+00, max|V|=1.2865e+00
t=0.6800, max|U|=1.1594e+00, max|V|=1.2860e+00
t=0.6810, max|U|=1.1586e+00, max|V|=1.2854e+00
t=0.6820, max|U|=1.1578e+00, max|V|=1.2848e+00
t=0.6830, max|U|=1.1570e+00, max|V|=1.2842e+00
t=0.6840, max|U|=1.1562e+00, max|V|=1.2836e+00
t=0.6850, max|U|=1.1554e+00, max|V|=1.2830e+00
t=0.6860, max|U|=1.1546e+00, max|V|=1.2824e+00
t=0.6870, max|U|=1.1538e+00, max|V|=1.2818e+00
t=0.6880, max|U|=1.1530e+00, max|V|=1.2812e+00
t=0.6890, max|U|=1.1522e+00, max|V|=1.2806e+00
t=0.6900, max|U|=1.1515e+00, max|V|=1.2800e+00
t=0.6910, max|U|=1.1507e+00, max|V|=1.2794e+00
t=0.6920, max|U|=1.1499e+00, max|V|=1.2788e+00
t=0.6930, max|U|=1.1491e+00, max|V|=1.2782e+00
t=0.6940, max|U|=1.1483e+00, max|V|=1.2776e+00
t=0.6950, max|U|=1.1475e+00, max|V|=1.2769e+00
t=0.6960, max|U|=1.1467e+00, max|V|=1.2763e+00
t=0.6970, max|U|=1.1459e+00, max|V|=1.2757e+00
t=0.6980, max|U|=1.1451e+00, max|V|=1.2751e+00
t=0.6990, max|U|=1.1443e+00, max|V|=1.2745e+00
t=0.7000, max|U|=1.1435e+00, max|V|=1.2739e+00
t=0.7010, max|U|=1.1427e+00, max|V|=1.2732e+00
t=0.7020, max|U|=1.1419e+00, max|V|=1.2726e+00
t=0.7030, max|U|=1.1411e+00, max|V|=1.2720e+00
t=0.7040, max|U|=1.1404e+00, max|V|=1.2713e+00
t=0.7050, max|U|=1.1396e+00, max|V|=1.2707e+00
t=0.7060, max|U|=1.1388e+00, max|V|=1.2701e+00
t=0.7070, max|U|=1.1380e+00, max|V|=1.2694e+00
t=0.7080, max|U|=1.1372e+00, max|V|=1.2688e+00
t=0.7090, max|U|=1.1364e+00, max|V|=1.2682e+00
t=0.7100, max|U|=1.1356e+00, max|V|=1.2675e+00
t=0.7110, max|U|=1.1348e+00, max|V|=1.2669e+00
t=0.7120, max|U|=1.1340e+00, max|V|=1.2662e+00
t=0.7130, max|U|=1.1332e+00, max|V|=1.2656e+00
t=0.7140, max|U|=1.1324e+00, max|V|=1.2649e+00
t=0.7150, max|U|=1.1316e+00, max|V|=1.2643e+00
t=0.7160, max|U|=1.1308e+00, max|V|=1.2636e+00
t=0.7170, max|U|=1.1300e+00, max|V|=1.2630e+00
t=0.7180, max|U|=1.1292e+00, max|V|=1.2623e+00
t=0.7190, max|U|=1.1285e+00, max|V|=1.2617e+00
t=0.7200, max|U|=1.1277e+00, max|V|=1.2610e+00
t=0.7210, max|U|=1.1269e+00, max|V|=1.2604e+00
t=0.7220, max|U|=1.1261e+00, max|V|=1.2597e+00
t=0.7230, max|U|=1.1253e+00, max|V|=1.2590e+00
t=0.7240, max|U|=1.1245e+00, max|V|=1.2584e+00
t=0.7250, max|U|=1.1237e+00, max|V|=1.2577e+00
t=0.7260, max|U|=1.1229e+00, max|V|=1.2570e+00
t=0.7270, max|U|=1.1221e+00, max|V|=1.2564e+00
t=0.7280, max|U|=1.1213e+00, max|V|=1.2557e+00
t=0.7290, max|U|=1.1205e+00, max|V|=1.2550e+00
t=0.7300, max|U|=1.1198e+00, max|V|=1.2543e+00
t=0.7310, max|U|=1.1190e+00, max|V|=1.2537e+00
t=0.7320, max|U|=1.1182e+00, max|V|=1.2530e+00
t=0.7330, max|U|=1.1174e+00, max|V|=1.2523e+00
t=0.7340, max|U|=1.1166e+00, max|V|=1.2516e+00
t=0.7350, max|U|=1.1158e+00, max|V|=1.2510e+00
t=0.7360, max|U|=1.1150e+00, max|V|=1.2503e+00
t=0.7370, max|U|=1.1142e+00, max|V|=1.2496e+00
t=0.7380, max|U|=1.1135e+00, max|V|=1.2489e+00
t=0.7390, max|U|=1.1127e+00, max|V|=1.2482e+00
t=0.7400, max|U|=1.1119e+00, max|V|=1.2475e+00
t=0.7410, max|U|=1.1111e+00, max|V|=1.2469e+00
t=0.7420, max|U|=1.1103e+00, max|V|=1.2462e+00
t=0.7430, max|U|=1.1095e+00, max|V|=1.2455e+00
t=0.7440, max|U|=1.1087e+00, max|V|=1.2448e+00
t=0.7450, max|U|=1.1080e+00, max|V|=1.2441e+00
t=0.7460, max|U|=1.1072e+00, max|V|=1.2434e+00
t=0.7470, max|U|=1.1064e+00, max|V|=1.2427e+00
t=0.7480, max|U|=1.1056e+00, max|V|=1.2420e+00
t=0.7490, max|U|=1.1048e+00, max|V|=1.2413e+00
t=0.7500, max|U|=1.1041e+00, max|V|=1.2406e+00
t=0.7510, max|U|=1.1033e+00, max|V|=1.2399e+00
t=0.7520, max|U|=1.1025e+00, max|V|=1.2392e+00
t=0.7530, max|U|=1.1017e+00, max|V|=1.2385e+00
t=0.7540, max|U|=1.1009e+00, max|V|=1.2378e+00
t=0.7550, max|U|=1.1002e+00, max|V|=1.2371e+00
t=0.7560, max|U|=1.0994e+00, max|V|=1.2364e+00
t=0.7570, max|U|=1.0986e+00, max|V|=1.2357e+00
t=0.7580, max|U|=1.0978e+00, max|V|=1.2350e+00
t=0.7590, max|U|=1.0970e+00, max|V|=1.2343e+00
t=0.7600, max|U|=1.0963e+00, max|V|=1.2336e+00
t=0.7610, max|U|=1.0955e+00, max|V|=1.2329e+00
t=0.7620, max|U|=1.0947e+00, max|V|=1.2321e+00
t=0.7630, max|U|=1.0939e+00, max|V|=1.2314e+00
t=0.7640, max|U|=1.0932e+00, max|V|=1.2307e+00
t=0.7650, max|U|=1.0924e+00, max|V|=1.2300e+00
t=0.7660, max|U|=1.0916e+00, max|V|=1.2293e+00
t=0.7670, max|U|=1.0909e+00, max|V|=1.2286e+00
t=0.7680, max|U|=1.0901e+00, max|V|=1.2279e+00
t=0.7690, max|U|=1.0893e+00, max|V|=1.2271e+00
t=0.7700, max|U|=1.0885e+00, max|V|=1.2264e+00
t=0.7710, max|U|=1.0878e+00, max|V|=1.2257e+00
t=0.7720, max|U|=1.0870e+00, max|V|=1.2250e+00
t=0.7730, max|U|=1.0862e+00, max|V|=1.2243e+00
t=0.7740, max|U|=1.0855e+00, max|V|=1.2235e+00
t=0.7750, max|U|=1.0847e+00, max|V|=1.2228e+00
t=0.7760, max|U|=1.0839e+00, max|V|=1.2221e+00
t=0.7770, max|U|=1.0832e+00, max|V|=1.2214e+00
t=0.7780, max|U|=1.0824e+00, max|V|=1.2207e+00
t=0.7790, max|U|=1.0816e+00, max|V|=1.2199e+00
t=0.7800, max|U|=1.0809e+00, max|V|=1.2192e+00
t=0.7810, max|U|=1.0801e+00, max|V|=1.2185e+00
t=0.7820, max|U|=1.0793e+00, max|V|=1.2178e+00
t=0.7830, max|U|=1.0786e+00, max|V|=1.2170e+00
t=0.7840, max|U|=1.0778e+00, max|V|=1.2163e+00
t=0.7850, max|U|=1.0770e+00, max|V|=1.2156e+00
t=0.7860, max|U|=1.0763e+00, max|V|=1.2149e+00
t=0.7870, max|U|=1.0755e+00, max|V|=1.2141e+00
t=0.7880, max|U|=1.0748e+00, max|V|=1.2134e+00
t=0.7890, max|U|=1.0740e+00, max|V|=1.2127e+00
t=0.7900, max|U|=1.0732e+00, max|V|=1.2119e+00
t=0.7910, max|U|=1.0725e+00, max|V|=1.2112e+00
t=0.7920, max|U|=1.0717e+00, max|V|=1.2105e+00
t=0.7930, max|U|=1.0710e+00, max|V|=1.2097e+00
t=0.7940, max|U|=1.0702e+00, max|V|=1.2090e+00
t=0.7950, max|U|=1.0695e+00, max|V|=1.2083e+00
t=0.7960, max|U|=1.0687e+00, max|V|=1.2076e+00
t=0.7970, max|U|=1.0679e+00, max|V|=1.2068e+00
t=0.7980, max|U|=1.0672e+00, max|V|=1.2061e+00
t=0.7990, max|U|=1.0664e+00, max|V|=1.2054e+00
t=0.8000, max|U|=1.0657e+00, max|V|=1.2046e+00
t=0.8010, max|U|=1.0649e+00, max|V|=1.2039e+00
t=0.8020, max|U|=1.0642e+00, max|V|=1.2032e+00
t=0.8030, max|U|=1.0634e+00, max|V|=1.2024e+00
t=0.8040, max|U|=1.0627e+00, max|V|=1.2017e+00
t=0.8050, max|U|=1.0619e+00, max|V|=1.2010e+00
t=0.8060, max|U|=1.0612e+00, max|V|=1.2002e+00
t=0.8070, max|U|=1.0604e+00, max|V|=1.1995e+00
t=0.8080, max|U|=1.0597e+00, max|V|=1.1988e+00
t=0.8090, max|U|=1.0589e+00, max|V|=1.1980e+00
t=0.8100, max|U|=1.0582e+00, max|V|=1.1973e+00
t=0.8110, max|U|=1.0574e+00, max|V|=1.1965e+00
t=0.8120, max|U|=1.0567e+00, max|V|=1.1958e+00
t=0.8130, max|U|=1.0560e+00, max|V|=1.1951e+00
t=0.8140, max|U|=1.0552e+00, max|V|=1.1943e+00
t=0.8150, max|U|=1.0545e+00, max|V|=1.1936e+00
t=0.8160, max|U|=1.0537e+00, max|V|=1.1929e+00
t=0.8170, max|U|=1.0530e+00, max|V|=1.1921e+00
t=0.8180, max|U|=1.0522e+00, max|V|=1.1914e+00
t=0.8190, max|U|=1.0515e+00, max|V|=1.1907e+00
t=0.8200, max|U|=1.0508e+00, max|V|=1.1899e+00
t=0.8210, max|U|=1.0500e+00, max|V|=1.1892e+00
t=0.8220, max|U|=1.0493e+00, max|V|=1.1885e+00
t=0.8230, max|U|=1.0485e+00, max|V|=1.1877e+00
t=0.8240, max|U|=1.0478e+00, max|V|=1.1870e+00
t=0.8250, max|U|=1.0471e+00, max|V|=1.1862e+00
t=0.8260, max|U|=1.0463e+00, max|V|=1.1855e+00
t=0.8270, max|U|=1.0456e+00, max|V|=1.1848e+00
t=0.8280, max|U|=1.0448e+00, max|V|=1.1840e+00
t=0.8290, max|U|=1.0441e+00, max|V|=1.1833e+00
t=0.8300, max|U|=1.0434e+00, max|V|=1.1826e+00
t=0.8310, max|U|=1.0426e+00, max|V|=1.1818e+00
t=0.8320, max|U|=1.0419e+00, max|V|=1.1811e+00
t=0.8330, max|U|=1.0412e+00, max|V|=1.1804e+00
t=0.8340, max|U|=1.0404e+00, max|V|=1.1796e+00
t=0.8350, max|U|=1.0397e+00, max|V|=1.1789e+00
t=0.8360, max|U|=1.0390e+00, max|V|=1.1782e+00
t=0.8370, max|U|=1.0382e+00, max|V|=1.1774e+00
t=0.8380, max|U|=1.0375e+00, max|V|=1.1767e+00
t=0.8390, max|U|=1.0368e+00, max|V|=1.1759e+00
t=0.8400, max|U|=1.0361e+00, max|V|=1.1752e+00
t=0.8410, max|U|=1.0353e+00, max|V|=1.1745e+00
t=0.8420, max|U|=1.0346e+00, max|V|=1.1737e+00
t=0.8430, max|U|=1.0339e+00, max|V|=1.1730e+00
t=0.8440, max|U|=1.0331e+00, max|V|=1.1723e+00
t=0.8450, max|U|=1.0324e+00, max|V|=1.1715e+00
t=0.8460, max|U|=1.0317e+00, max|V|=1.1708e+00
t=0.8470, max|U|=1.0310e+00, max|V|=1.1701e+00
t=0.8480, max|U|=1.0302e+00, max|V|=1.1693e+00
t=0.8490, max|U|=1.0295e+00, max|V|=1.1686e+00
t=0.8500, max|U|=1.0288e+00, max|V|=1.1679e+00
t=0.8510, max|U|=1.0281e+00, max|V|=1.1671e+00
t=0.8520, max|U|=1.0274e+00, max|V|=1.1664e+00
t=0.8530, max|U|=1.0266e+00, max|V|=1.1657e+00
t=0.8540, max|U|=1.0259e+00, max|V|=1.1649e+00
t=0.8550, max|U|=1.0252e+00, max|V|=1.1642e+00
t=0.8560, max|U|=1.0245e+00, max|V|=1.1635e+00
t=0.8570, max|U|=1.0237e+00, max|V|=1.1627e+00
t=0.8580, max|U|=1.0230e+00, max|V|=1.1620e+00
t=0.8590, max|U|=1.0223e+00, max|V|=1.1613e+00
t=0.8600, max|U|=1.0216e+00, max|V|=1.1605e+00
t=0.8610, max|U|=1.0209e+00, max|V|=1.1598e+00
t=0.8620, max|U|=1.0202e+00, max|V|=1.1591e+00
t=0.8630, max|U|=1.0194e+00, max|V|=1.1583e+00
t=0.8640, max|U|=1.0187e+00, max|V|=1.1576e+00
t=0.8650, max|U|=1.0180e+00, max|V|=1.1569e+00
t=0.8660, max|U|=1.0173e+00, max|V|=1.1561e+00
t=0.8670, max|U|=1.0166e+00, max|V|=1.1554e+00
t=0.8680, max|U|=1.0159e+00, max|V|=1.1547e+00
t=0.8690, max|U|=1.0152e+00, max|V|=1.1539e+00
t=0.8700, max|U|=1.0145e+00, max|V|=1.1532e+00
t=0.8710, max|U|=1.0137e+00, max|V|=1.1525e+00
t=0.8720, max|U|=1.0130e+00, max|V|=1.1517e+00
t=0.8730, max|U|=1.0123e+00, max|V|=1.1510e+00
t=0.8740, max|U|=1.0116e+00, max|V|=1.1503e+00
t=0.8750, max|U|=1.0109e+00, max|V|=1.1496e+00
t=0.8760, max|U|=1.0102e+00, max|V|=1.1488e+00
t=0.8770, max|U|=1.0095e+00, max|V|=1.1481e+00
t=0.8780, max|U|=1.0088e+00, max|V|=1.1474e+00
t=0.8790, max|U|=1.0081e+00, max|V|=1.1466e+00
t=0.8800, max|U|=1.0074e+00, max|V|=1.1459e+00
t=0.8810, max|U|=1.0067e+00, max|V|=1.1452e+00
t=0.8820, max|U|=1.0060e+00, max|V|=1.1444e+00
t=0.8830, max|U|=1.0053e+00, max|V|=1.1437e+00
t=0.8840, max|U|=1.0046e+00, max|V|=1.1430e+00
t=0.8850, max|U|=1.0039e+00, max|V|=1.1422e+00
t=0.8860, max|U|=1.0032e+00, max|V|=1.1415e+00
t=0.8870, max|U|=1.0025e+00, max|V|=1.1408e+00
t=0.8880, max|U|=1.0018e+00, max|V|=1.1401e+00
t=0.8890, max|U|=1.0011e+00, max|V|=1.1393e+00
t=0.8900, max|U|=1.0004e+00, max|V|=1.1386e+00
t=0.8910, max|U|=9.9966e-01, max|V|=1.1379e+00
t=0.8920, max|U|=9.9896e-01, max|V|=1.1371e+00
t=0.8930, max|U|=9.9827e-01, max|V|=1.1364e+00
t=0.8940, max|U|=9.9757e-01, max|V|=1.1357e+00
t=0.8950, max|U|=9.9687e-01, max|V|=1.1349e+00
t=0.8960, max|U|=9.9618e-01, max|V|=1.1342e+00
t=0.8970, max|U|=9.9548e-01, max|V|=1.1335e+00
t=0.8980, max|U|=9.9479e-01, max|V|=1.1327e+00
t=0.8990, max|U|=9.9410e-01, max|V|=1.1320e+00
t=0.9000, max|U|=9.9340e-01, max|V|=1.1313e+00
t=0.9010, max|U|=9.9271e-01, max|V|=1.1306e+00
t=0.9020, max|U|=9.9202e-01, max|V|=1.1298e+00
t=0.9030, max|U|=9.9133e-01, max|V|=1.1291e+00
t=0.9040, max|U|=9.9064e-01, max|V|=1.1284e+00
t=0.9050, max|U|=9.8995e-01, max|V|=1.1276e+00
t=0.9060, max|U|=9.8926e-01, max|V|=1.1269e+00
t=0.9070, max|U|=9.8858e-01, max|V|=1.1262e+00
t=0.9080, max|U|=9.8789e-01, max|V|=1.1254e+00
t=0.9090, max|U|=9.8720e-01, max|V|=1.1247e+00
t=0.9100, max|U|=9.8652e-01, max|V|=1.1240e+00
t=0.9110, max|U|=9.8583e-01, max|V|=1.1232e+00
t=0.9120, max|U|=9.8515e-01, max|V|=1.1225e+00
t=0.9130, max|U|=9.8446e-01, max|V|=1.1218e+00
t=0.9140, max|U|=9.8378e-01, max|V|=1.1210e+00
t=0.9150, max|U|=9.8310e-01, max|V|=1.1203e+00
t=0.9160, max|U|=9.8242e-01, max|V|=1.1196e+00
t=0.9170, max|U|=9.8173e-01, max|V|=1.1189e+00
t=0.9180, max|U|=9.8105e-01, max|V|=1.1181e+00
t=0.9190, max|U|=9.8037e-01, max|V|=1.1174e+00
t=0.9200, max|U|=9.7969e-01, max|V|=1.1167e+00
t=0.9210, max|U|=9.7902e-01, max|V|=1.1159e+00
t=0.9220, max|U|=9.7834e-01, max|V|=1.1152e+00
t=0.9230, max|U|=9.7766e-01, max|V|=1.1145e+00
t=0.9240, max|U|=9.7699e-01, max|V|=1.1137e+00
t=0.9250, max|U|=9.7631e-01, max|V|=1.1130e+00
t=0.9260, max|U|=9.7563e-01, max|V|=1.1123e+00
t=0.9270, max|U|=9.7496e-01, max|V|=1.1115e+00
t=0.9280, max|U|=9.7429e-01, max|V|=1.1108e+00
t=0.9290, max|U|=9.7361e-01, max|V|=1.1101e+00
t=0.9300, max|U|=9.7294e-01, max|V|=1.1093e+00
t=0.9310, max|U|=9.7227e-01, max|V|=1.1086e+00
t=0.9320, max|U|=9.7160e-01, max|V|=1.1078e+00
t=0.9330, max|U|=9.7093e-01, max|V|=1.1071e+00
t=0.9340, max|U|=9.7026e-01, max|V|=1.1064e+00
t=0.9350, max|U|=9.6959e-01, max|V|=1.1056e+00
t=0.9360, max|U|=9.6892e-01, max|V|=1.1049e+00
t=0.9370, max|U|=9.6825e-01, max|V|=1.1042e+00
t=0.9380, max|U|=9.6759e-01, max|V|=1.1034e+00
t=0.9390, max|U|=9.6692e-01, max|V|=1.1027e+00
t=0.9400, max|U|=9.6626e-01, max|V|=1.1020e+00
t=0.9410, max|U|=9.6559e-01, max|V|=1.1012e+00
t=0.9420, max|U|=9.6493e-01, max|V|=1.1005e+00
t=0.9430, max|U|=9.6427e-01, max|V|=1.0997e+00
t=0.9440, max|U|=9.6360e-01, max|V|=1.0990e+00
t=0.9450, max|U|=9.6294e-01, max|V|=1.0983e+00
t=0.9460, max|U|=9.6228e-01, max|V|=1.0975e+00
t=0.9470, max|U|=9.6162e-01, max|V|=1.0968e+00
t=0.9480, max|U|=9.6096e-01, max|V|=1.0960e+00
t=0.9490, max|U|=9.6030e-01, max|V|=1.0953e+00
t=0.9500, max|U|=9.5964e-01, max|V|=1.0946e+00
t=0.9510, max|U|=9.5899e-01, max|V|=1.0938e+00
t=0.9520, max|U|=9.5833e-01, max|V|=1.0931e+00
t=0.9530, max|U|=9.5767e-01, max|V|=1.0923e+00
t=0.9540, max|U|=9.5702e-01, max|V|=1.0916e+00
t=0.9550, max|U|=9.5636e-01, max|V|=1.0909e+00
t=0.9560, max|U|=9.5571e-01, max|V|=1.0901e+00
t=0.9570, max|U|=9.5506e-01, max|V|=1.0894e+00
t=0.9580, max|U|=9.5440e-01, max|V|=1.0886e+00
t=0.9590, max|U|=9.5375e-01, max|V|=1.0879e+00
t=0.9600, max|U|=9.5310e-01, max|V|=1.0871e+00
t=0.9610, max|U|=9.5245e-01, max|V|=1.0864e+00
t=0.9620, max|U|=9.5180e-01, max|V|=1.0857e+00
t=0.9630, max|U|=9.5115e-01, max|V|=1.0849e+00
t=0.9640, max|U|=9.5050e-01, max|V|=1.0842e+00
t=0.9650, max|U|=9.4986e-01, max|V|=1.0834e+00
t=0.9660, max|U|=9.4921e-01, max|V|=1.0827e+00
t=0.9670, max|U|=9.4856e-01, max|V|=1.0819e+00
t=0.9680, max|U|=9.4792e-01, max|V|=1.0812e+00
t=0.9690, max|U|=9.4727e-01, max|V|=1.0804e+00
t=0.9700, max|U|=9.4663e-01, max|V|=1.0797e+00
t=0.9710, max|U|=9.4599e-01, max|V|=1.0789e+00
t=0.9720, max|U|=9.4534e-01, max|V|=1.0782e+00
t=0.9730, max|U|=9.4470e-01, max|V|=1.0775e+00
t=0.9740, max|U|=9.4406e-01, max|V|=1.0767e+00
t=0.9750, max|U|=9.4342e-01, max|V|=1.0760e+00
t=0.9760, max|U|=9.4278e-01, max|V|=1.0752e+00
t=0.9770, max|U|=9.4214e-01, max|V|=1.0745e+00
t=0.9780, max|U|=9.4151e-01, max|V|=1.0737e+00
t=0.9790, max|U|=9.4087e-01, max|V|=1.0730e+00
t=0.9800, max|U|=9.4023e-01, max|V|=1.0722e+00
t=0.9810, max|U|=9.3960e-01, max|V|=1.0715e+00
t=0.9820, max|U|=9.3896e-01, max|V|=1.0707e+00
t=0.9830, max|U|=9.3833e-01, max|V|=1.0700e+00
t=0.9840, max|U|=9.3769e-01, max|V|=1.0692e+00
t=0.9850, max|U|=9.3706e-01, max|V|=1.0685e+00
t=0.9860, max|U|=9.3643e-01, max|V|=1.0677e+00
t=0.9870, max|U|=9.3579e-01, max|V|=1.0669e+00
t=0.9880, max|U|=9.3516e-01, max|V|=1.0662e+00
t=0.9890, max|U|=9.3453e-01, max|V|=1.0654e+00
t=0.9900, max|U|=9.3390e-01, max|V|=1.0647e+00
t=0.9910, max|U|=9.3328e-01, max|V|=1.0639e+00
t=0.9920, max|U|=9.3265e-01, max|V|=1.0632e+00
t=0.9930, max|U|=9.3202e-01, max|V|=1.0624e+00
t=0.9940, max|U|=9.3139e-01, max|V|=1.0617e+00
t=0.9950, max|U|=9.3077e-01, max|V|=1.0609e+00
t=0.9960, max|U|=9.3014e-01, max|V|=1.0602e+00
t=0.9970, max|U|=9.2952e-01, max|V|=1.0594e+00
t=0.9980, max|U|=9.2889e-01, max|V|=1.0586e+00
t=0.9990, max|U|=9.2827e-01, max|V|=1.0579e+00
t=1.0000, max|U|=9.2765e-01, max|V|=1.0571e+00
Total simulation time: 1003.96 seconds
Point (0.25, 0.25): U=0.3020, analytical_U=0.2973
Point (0.5, 0.25): U=0.5811, analytical_U=0.5774
Point (0.75, 0.25): U=0.5612, analytical_U=0.2973
Point (0.25, 0.5): U=0.2700, analytical_U=0.2738
Point (0.5, 0.5): U=-0.0970, analytical_U=0.0000
Point (0.75, 0.5): U=-0.2703, analytical_U=-0.2738
Point (0.25, 0.75): U=0.1336, analytical_U=-0.2973
Point (0.5, 0.75): U=-0.5764, analytical_U=-0.5774
Point (0.75, 0.75): U=-0.2988, analytical_U=-0.2973
Root Mean Square Error compared to literature solution: 1.7151e-01
Point (0.25, 0.25): U=0.1935, analytical_U=0.1885
Point (0.5, 0.25): U=0.3812, analytical_U=0.3749
Point (0.75, 0.25): U=0.3799, analytical_U=0.1885
Point (0.25, 0.5): U=0.1857, analytical_U=0.1856
Point (0.5, 0.5): U=0.0122, analytical_U=0.0000
Point (0.75, 0.5): U=-0.1858, analytical_U=-0.1856
Point (0.25, 0.75): U=0.1248, analytical_U=-0.1885
Point (0.5, 0.75): U=-0.3779, analytical_U=-0.3749
Point (0.75, 0.75): U=-0.1916, analytical_U=-0.1885
Root Mean Square Error compared to literature solution: 1.2249e-01
