h = 5.23e-02
D = 3.65e-05
CFL(t=0) = 1.91e-02
t=0.0010, max|U|=9.9934e-01, max|V|=9.9960e-01
t=0.0020, max|U|=9.9900e-01, max|V|=9.9938e-01
t=0.0030, max|U|=9.9865e-01, max|V|=9.9915e-01
t=0.0040, max|U|=9.9828e-01, max|V|=9.9891e-01
t=0.0050, max|U|=9.9791e-01, max|V|=9.9867e-01
t=0.0060, max|U|=9.9753e-01, max|V|=9.9842e-01
t=0.0070, max|U|=9.9714e-01, max|V|=9.9816e-01
t=0.0080, max|U|=9.9674e-01, max|V|=9.9789e-01
t=0.0090, max|U|=9.9633e-01, max|V|=9.9762e-01
t=0.0100, max|U|=9.9592e-01, max|V|=9.9734e-01
t=0.0110, max|U|=9.9549e-01, max|V|=9.9705e-01
t=0.0120, max|U|=9.9506e-01, max|V|=9.9675e-01
t=0.0130, max|U|=9.9462e-01, max|V|=9.9644e-01
t=0.0140, max|U|=9.9436e-01, max|V|=9.9613e-01
t=0.0150, max|U|=9.9433e-01, max|V|=9.9581e-01
t=0.0160, max|U|=9.9429e-01, max|V|=9.9548e-01
t=0.0170, max|U|=9.9423e-01, max|V|=9.9514e-01
t=0.0180, max|U|=9.9417e-01, max|V|=9.9480e-01
t=0.0190, max|U|=9.9409e-01, max|V|=9.9445e-01
t=0.0200, max|U|=9.9401e-01, max|V|=9.9409e-01
t=0.0210, max|U|=9.9391e-01, max|V|=9.9372e-01
t=0.0220, max|U|=9.9381e-01, max|V|=9.9334e-01
t=0.0230, max|U|=9.9369e-01, max|V|=9.9296e-01
t=0.0240, max|U|=9.9356e-01, max|V|=9.9257e-01
t=0.0250, max|U|=9.9343e-01, max|V|=9.9218e-01
t=0.0260, max|U|=9.9328e-01, max|V|=9.9177e-01
t=0.0270, max|U|=9.9312e-01, max|V|=9.9136e-01
t=0.0280, max|U|=9.9296e-01, max|V|=9.9094e-01
t=0.0290, max|U|=9.9278e-01, max|V|=9.9051e-01
t=0.0300, max|U|=9.9260e-01, max|V|=9.9041e-01
t=0.0310, max|U|=9.9240e-01, max|V|=9.9042e-01
t=0.0320, max|U|=9.9220e-01, max|V|=9.9041e-01
t=0.0330, max|U|=9.9198e-01, max|V|=9.9040e-01
t=0.0340, max|U|=9.9176e-01, max|V|=9.9038e-01
t=0.0350, max|U|=9.9153e-01, max|V|=9.9034e-01
t=0.0360, max|U|=9.9129e-01, max|V|=9.9030e-01
t=0.0370, max|U|=9.9104e-01, max|V|=9.9025e-01
t=0.0380, max|U|=9.9078e-01, max|V|=9.9019e-01
t=0.0390, max|U|=9.9052e-01, max|V|=9.9012e-01
t=0.0400, max|U|=9.9024e-01, max|V|=9.9004e-01
t=0.0410, max|U|=9.8996e-01, max|V|=9.8995e-01
t=0.0420, max|U|=9.8973e-01, max|V|=9.8985e-01
t=0.0430, max|U|=9.8953e-01, max|V|=9.8975e-01
t=0.0440, max|U|=9.8932e-01, max|V|=9.8963e-01
t=0.0450, max|U|=9.8910e-01, max|V|=9.8951e-01
t=0.0460, max|U|=9.8888e-01, max|V|=9.8937e-01
t=0.0470, max|U|=9.8864e-01, max|V|=9.8923e-01
t=0.0480, max|U|=9.8840e-01, max|V|=9.8908e-01
t=0.0490, max|U|=9.8815e-01, max|V|=9.8892e-01
t=0.0500, max|U|=9.8790e-01, max|V|=9.8875e-01
t=0.0510, max|U|=9.8763e-01, max|V|=9.8858e-01
t=0.0520, max|U|=9.8736e-01, max|V|=9.8839e-01
t=0.0530, max|U|=9.8708e-01, max|V|=9.8820e-01
t=0.0540, max|U|=9.8679e-01, max|V|=9.8800e-01
t=0.0550, max|U|=9.8649e-01, max|V|=9.8779e-01
t=0.0560, max|U|=9.8619e-01, max|V|=9.8757e-01
t=0.0570, max|U|=9.8587e-01, max|V|=9.8734e-01
t=0.0580, max|U|=9.8556e-01, max|V|=9.8711e-01
t=0.0590, max|U|=9.8523e-01, max|V|=9.8687e-01
t=0.0600, max|U|=9.8490e-01, max|V|=9.8662e-01
t=0.0610, max|U|=9.8455e-01, max|V|=9.8636e-01
t=0.0620, max|U|=9.8421e-01, max|V|=9.8610e-01
t=0.0630, max|U|=9.8385e-01, max|V|=9.8583e-01
t=0.0640, max|U|=9.8349e-01, max|V|=9.8555e-01
t=0.0650, max|U|=9.8312e-01, max|V|=9.8526e-01
t=0.0660, max|U|=9.8274e-01, max|V|=9.8496e-01
t=0.0670, max|U|=9.8236e-01, max|V|=9.8466e-01
t=0.0680, max|U|=9.8197e-01, max|V|=9.8435e-01
t=0.0690, max|U|=9.8157e-01, max|V|=9.8404e-01
t=0.0700, max|U|=9.8117e-01, max|V|=9.8371e-01
t=0.0710, max|U|=9.8076e-01, max|V|=9.8338e-01
t=0.0720, max|U|=9.8054e-01, max|V|=9.8304e-01
t=0.0730, max|U|=9.8050e-01, max|V|=9.8270e-01
t=0.0740, max|U|=9.8045e-01, max|V|=9.8235e-01
t=0.0750, max|U|=9.8039e-01, max|V|=9.8199e-01
t=0.0760, max|U|=9.8033e-01, max|V|=9.8162e-01
t=0.0770, max|U|=9.8025e-01, max|V|=9.8125e-01
t=0.0780, max|U|=9.8017e-01, max|V|=9.8087e-01
t=0.0790, max|U|=9.8008e-01, max|V|=9.8049e-01
t=0.0800, max|U|=9.7998e-01, max|V|=9.8010e-01
t=0.0810, max|U|=9.7987e-01, max|V|=9.7970e-01
t=0.0820, max|U|=9.7975e-01, max|V|=9.7929e-01
t=0.0830, max|U|=9.7963e-01, max|V|=9.7888e-01
t=0.0840, max|U|=9.7950e-01, max|V|=9.7847e-01
t=0.0850, max|U|=9.7936e-01, max|V|=9.7808e-01
t=0.0860, max|U|=9.7921e-01, max|V|=9.7807e-01
t=0.0870, max|U|=9.7906e-01, max|V|=9.7805e-01
t=0.0880, max|U|=9.7890e-01, max|V|=9.7802e-01
t=0.0890, max|U|=9.7873e-01, max|V|=9.7798e-01
t=0.0900, max|U|=9.7855e-01, max|V|=9.7793e-01
t=0.0910, max|U|=9.7836e-01, max|V|=9.7788e-01
t=0.0920, max|U|=9.7817e-01, max|V|=9.7782e-01
t=0.0930, max|U|=9.7802e-01, max|V|=9.7775e-01
t=0.0940, max|U|=9.7788e-01, max|V|=9.7767e-01
t=0.0950, max|U|=9.7773e-01, max|V|=9.7759e-01
t=0.0960, max|U|=9.7757e-01, max|V|=9.7749e-01
t=0.0970, max|U|=9.7741e-01, max|V|=9.7739e-01
t=0.0980, max|U|=9.7724e-01, max|V|=9.7729e-01
t=0.0990, max|U|=9.7706e-01, max|V|=9.7717e-01
t=0.1000, max|U|=9.7688e-01, max|V|=9.7705e-01
t=0.1010, max|U|=9.7668e-01, max|V|=9.7692e-01
t=0.1020, max|U|=9.7648e-01, max|V|=9.7678e-01
t=0.1030, max|U|=9.7628e-01, max|V|=9.7664e-01
t=0.1040, max|U|=9.7606e-01, max|V|=9.7648e-01
t=0.1050, max|U|=9.7584e-01, max|V|=9.7632e-01
t=0.1060, max|U|=9.7562e-01, max|V|=9.7616e-01
t=0.1070, max|U|=9.7538e-01, max|V|=9.7599e-01
t=0.1080, max|U|=9.7514e-01, max|V|=9.7581e-01
t=0.1090, max|U|=9.7489e-01, max|V|=9.7562e-01
t=0.1100, max|U|=9.7464e-01, max|V|=9.7542e-01
t=0.1110, max|U|=9.7438e-01, max|V|=9.7522e-01
t=0.1120, max|U|=9.7411e-01, max|V|=9.7502e-01
t=0.1130, max|U|=9.7384e-01, max|V|=9.7480e-01
t=0.1140, max|U|=9.7356e-01, max|V|=9.7458e-01
t=0.1150, max|U|=9.7327e-01, max|V|=9.7435e-01
t=0.1160, max|U|=9.7298e-01, max|V|=9.7412e-01
t=0.1170, max|U|=9.7268e-01, max|V|=9.7388e-01
t=0.1180, max|U|=9.7237e-01, max|V|=9.7363e-01
t=0.1190, max|U|=9.7206e-01, max|V|=9.7338e-01
t=0.1200, max|U|=9.7175e-01, max|V|=9.7312e-01
t=0.1210, max|U|=9.7142e-01, max|V|=9.7285e-01
t=0.1220, max|U|=9.7109e-01, max|V|=9.7258e-01
t=0.1230, max|U|=9.7076e-01, max|V|=9.7230e-01
t=0.1240, max|U|=9.7042e-01, max|V|=9.7201e-01
t=0.1250, max|U|=9.7007e-01, max|V|=9.7172e-01
t=0.1260, max|U|=9.6985e-01, max|V|=9.7142e-01
t=0.1270, max|U|=9.6979e-01, max|V|=9.7112e-01
t=0.1280, max|U|=9.6974e-01, max|V|=9.7081e-01
t=0.1290, max|U|=9.6967e-01, max|V|=9.7050e-01
t=0.1300, max|U|=9.6960e-01, max|V|=9.7018e-01
t=0.1310, max|U|=9.6952e-01, max|V|=9.6985e-01
t=0.1320, max|U|=9.6943e-01, max|V|=9.6952e-01
t=0.1330, max|U|=9.6934e-01, max|V|=9.6918e-01
t=0.1340, max|U|=9.6924e-01, max|V|=9.6884e-01
t=0.1350, max|U|=9.6913e-01, max|V|=9.6849e-01
t=0.1360, max|U|=9.6902e-01, max|V|=9.6813e-01
t=0.1370, max|U|=9.6890e-01, max|V|=9.6777e-01
t=0.1380, max|U|=9.6877e-01, max|V|=9.6742e-01
t=0.1390, max|U|=9.6863e-01, max|V|=9.6741e-01
t=0.1400, max|U|=9.6849e-01, max|V|=9.6739e-01
t=0.1410, max|U|=9.6834e-01, max|V|=9.6736e-01
t=0.1420, max|U|=9.6819e-01, max|V|=9.6733e-01
t=0.1430, max|U|=9.6803e-01, max|V|=9.6728e-01
t=0.1440, max|U|=9.6786e-01, max|V|=9.6723e-01
t=0.1450, max|U|=9.6768e-01, max|V|=9.6718e-01
t=0.1460, max|U|=9.6750e-01, max|V|=9.6711e-01
t=0.1470, max|U|=9.6731e-01, max|V|=9.6704e-01
t=0.1480, max|U|=9.6712e-01, max|V|=9.6697e-01
t=0.1490, max|U|=9.6692e-01, max|V|=9.6688e-01
t=0.1500, max|U|=9.6671e-01, max|V|=9.6679e-01
t=0.1510, max|U|=9.6650e-01, max|V|=9.6669e-01
t=0.1520, max|U|=9.6628e-01, max|V|=9.6659e-01
t=0.1530, max|U|=9.6606e-01, max|V|=9.6648e-01
t=0.1540, max|U|=9.6583e-01, max|V|=9.6636e-01
t=0.1550, max|U|=9.6561e-01, max|V|=9.6624e-01
t=0.1560, max|U|=9.6546e-01, max|V|=9.6611e-01
t=0.1570, max|U|=9.6530e-01, max|V|=9.6597e-01
t=0.1580, max|U|=9.6513e-01, max|V|=9.6583e-01
t=0.1590, max|U|=9.6496e-01, max|V|=9.6568e-01
t=0.1600, max|U|=9.6479e-01, max|V|=9.6552e-01
t=0.1610, max|U|=9.6460e-01, max|V|=9.6536e-01
t=0.1620, max|U|=9.6441e-01, max|V|=9.6519e-01
t=0.1630, max|U|=9.6422e-01, max|V|=9.6502e-01
t=0.1640, max|U|=9.6401e-01, max|V|=9.6483e-01
t=0.1650, max|U|=9.6381e-01, max|V|=9.6465e-01
t=0.1660, max|U|=9.6359e-01, max|V|=9.6446e-01
t=0.1670, max|U|=9.6337e-01, max|V|=9.6426e-01
t=0.1680, max|U|=9.6315e-01, max|V|=9.6405e-01
t=0.1690, max|U|=9.6292e-01, max|V|=9.6384e-01
t=0.1700, max|U|=9.6268e-01, max|V|=9.6362e-01
t=0.1710, max|U|=9.6244e-01, max|V|=9.6340e-01
t=0.1720, max|U|=9.6219e-01, max|V|=9.6317e-01
t=0.1730, max|U|=9.6194e-01, max|V|=9.6294e-01
t=0.1740, max|U|=9.6168e-01, max|V|=9.6270e-01
t=0.1750, max|U|=9.6141e-01, max|V|=9.6246e-01
t=0.1760, max|U|=9.6114e-01, max|V|=9.6221e-01
t=0.1770, max|U|=9.6087e-01, max|V|=9.6195e-01
t=0.1780, max|U|=9.6059e-01, max|V|=9.6169e-01
t=0.1790, max|U|=9.6030e-01, max|V|=9.6142e-01
t=0.1800, max|U|=9.6001e-01, max|V|=9.6115e-01
t=0.1810, max|U|=9.5971e-01, max|V|=9.6087e-01
t=0.1820, max|U|=9.5941e-01, max|V|=9.6059e-01
t=0.1830, max|U|=9.5910e-01, max|V|=9.6030e-01
t=0.1840, max|U|=9.5879e-01, max|V|=9.6001e-01
t=0.1850, max|U|=9.5848e-01, max|V|=9.5971e-01
t=0.1860, max|U|=9.5815e-01, max|V|=9.5941e-01
t=0.1870, max|U|=9.5783e-01, max|V|=9.5910e-01
t=0.1880, max|U|=9.5772e-01, max|V|=9.5879e-01
t=0.1890, max|U|=9.5767e-01, max|V|=9.5847e-01
t=0.1900, max|U|=9.5762e-01, max|V|=9.5815e-01
t=0.1910, max|U|=9.5757e-01, max|V|=9.5782e-01
t=0.1920, max|U|=9.5750e-01, max|V|=9.5748e-01
t=0.1930, max|U|=9.5744e-01, max|V|=9.5715e-01
t=0.1940, max|U|=9.5736e-01, max|V|=9.5680e-01
t=0.1950, max|U|=9.5728e-01, max|V|=9.5667e-01
t=0.1960, max|U|=9.5719e-01, max|V|=9.5667e-01
t=0.1970, max|U|=9.5709e-01, max|V|=9.5666e-01
t=0.1980, max|U|=9.5699e-01, max|V|=9.5665e-01
t=0.1990, max|U|=9.5689e-01, max|V|=9.5663e-01
t=0.2000, max|U|=9.5677e-01, max|V|=9.5660e-01
t=0.2010, max|U|=9.5665e-01, max|V|=9.5657e-01
t=0.2020, max|U|=9.5653e-01, max|V|=9.5652e-01
t=0.2030, max|U|=9.5640e-01, max|V|=9.5648e-01
t=0.2040, max|U|=9.5626e-01, max|V|=9.5642e-01
t=0.2050, max|U|=9.5612e-01, max|V|=9.5637e-01
t=0.2060, max|U|=9.5597e-01, max|V|=9.5630e-01
t=0.2070, max|U|=9.5581e-01, max|V|=9.5623e-01
t=0.2080, max|U|=9.5565e-01, max|V|=9.5615e-01
t=0.2090, max|U|=9.5549e-01, max|V|=9.5606e-01
t=0.2100, max|U|=9.5532e-01, max|V|=9.5597e-01
t=0.2110, max|U|=9.5514e-01, max|V|=9.5588e-01
t=0.2120, max|U|=9.5496e-01, max|V|=9.5578e-01
t=0.2130, max|U|=9.5477e-01, max|V|=9.5567e-01
t=0.2140, max|U|=9.5458e-01, max|V|=9.5555e-01
t=0.2150, max|U|=9.5438e-01, max|V|=9.5543e-01
t=0.2160, max|U|=9.5418e-01, max|V|=9.5531e-01
t=0.2170, max|U|=9.5404e-01, max|V|=9.5517e-01
t=0.2180, max|U|=9.5389e-01, max|V|=9.5504e-01
t=0.2190, max|U|=9.5374e-01, max|V|=9.5489e-01
t=0.2200, max|U|=9.5358e-01, max|V|=9.5474e-01
t=0.2210, max|U|=9.5341e-01, max|V|=9.5459e-01
t=0.2220, max|U|=9.5324e-01, max|V|=9.5443e-01
t=0.2230, max|U|=9.5307e-01, max|V|=9.5426e-01
t=0.2240, max|U|=9.5288e-01, max|V|=9.5409e-01
t=0.2250, max|U|=9.5270e-01, max|V|=9.5392e-01
t=0.2260, max|U|=9.5251e-01, max|V|=9.5374e-01
t=0.2270, max|U|=9.5231e-01, max|V|=9.5355e-01
t=0.2280, max|U|=9.5211e-01, max|V|=9.5336e-01
t=0.2290, max|U|=9.5190e-01, max|V|=9.5316e-01
t=0.2300, max|U|=9.5169e-01, max|V|=9.5296e-01
t=0.2310, max|U|=9.5147e-01, max|V|=9.5275e-01
t=0.2320, max|U|=9.5125e-01, max|V|=9.5253e-01
t=0.2330, max|U|=9.5102e-01, max|V|=9.5232e-01
t=0.2340, max|U|=9.5079e-01, max|V|=9.5209e-01
t=0.2350, max|U|=9.5055e-01, max|V|=9.5186e-01
t=0.2360, max|U|=9.5031e-01, max|V|=9.5163e-01
t=0.2370, max|U|=9.5007e-01, max|V|=9.5139e-01
t=0.2380, max|U|=9.4982e-01, max|V|=9.5115e-01
t=0.2390, max|U|=9.4956e-01, max|V|=9.5090e-01
t=0.2400, max|U|=9.4930e-01, max|V|=9.5065e-01
t=0.2410, max|U|=9.4904e-01, max|V|=9.5039e-01
t=0.2420, max|U|=9.4877e-01, max|V|=9.5013e-01
t=0.2430, max|U|=9.4849e-01, max|V|=9.4987e-01
t=0.2440, max|U|=9.4821e-01, max|V|=9.4959e-01
t=0.2450, max|U|=9.4793e-01, max|V|=9.4932e-01
t=0.2460, max|U|=9.4765e-01, max|V|=9.4904e-01
t=0.2470, max|U|=9.4735e-01, max|V|=9.4875e-01
t=0.2480, max|U|=9.4706e-01, max|V|=9.4847e-01
t=0.2490, max|U|=9.4689e-01, max|V|=9.4817e-01
t=0.2500, max|U|=9.4694e-01, max|V|=9.4787e-01
t=0.2510, max|U|=9.4699e-01, max|V|=9.4757e-01
t=0.2520, max|U|=9.4703e-01, max|V|=9.4733e-01
t=0.2530, max|U|=9.4706e-01, max|V|=9.4737e-01
t=0.2540, max|U|=9.4709e-01, max|V|=9.4739e-01
t=0.2550, max|U|=9.4711e-01, max|V|=9.4741e-01
t=0.2560, max|U|=9.4713e-01, max|V|=9.4742e-01
t=0.2570, max|U|=9.4714e-01, max|V|=9.4743e-01
t=0.2580, max|U|=9.4714e-01, max|V|=9.4743e-01
t=0.2590, max|U|=9.4714e-01, max|V|=9.4743e-01
t=0.2600, max|U|=9.4713e-01, max|V|=9.4742e-01
t=0.2610, max|U|=9.4712e-01, max|V|=9.4740e-01
t=0.2620, max|U|=9.4710e-01, max|V|=9.4737e-01
t=0.2630, max|U|=9.4707e-01, max|V|=9.4735e-01
t=0.2640, max|U|=9.4704e-01, max|V|=9.4731e-01
t=0.2650, max|U|=9.4701e-01, max|V|=9.4727e-01
t=0.2660, max|U|=9.4696e-01, max|V|=9.4722e-01
t=0.2670, max|U|=9.4692e-01, max|V|=9.4717e-01
t=0.2680, max|U|=9.4686e-01, max|V|=9.4711e-01
t=0.2690, max|U|=9.4680e-01, max|V|=9.4705e-01
t=0.2700, max|U|=9.4674e-01, max|V|=9.4698e-01
t=0.2710, max|U|=9.4667e-01, max|V|=9.4690e-01
t=0.2720, max|U|=9.4659e-01, max|V|=9.4682e-01
t=0.2730, max|U|=9.4651e-01, max|V|=9.4674e-01
t=0.2740, max|U|=9.4643e-01, max|V|=9.4664e-01
t=0.2750, max|U|=9.4633e-01, max|V|=9.4655e-01
t=0.2760, max|U|=9.4624e-01, max|V|=9.4644e-01
t=0.2770, max|U|=9.4614e-01, max|V|=9.4634e-01
t=0.2780, max|U|=9.4603e-01, max|V|=9.4732e-01
t=0.2790, max|U|=9.4592e-01, max|V|=9.5023e-01
t=0.2800, max|U|=9.4580e-01, max|V|=9.5313e-01
t=0.2810, max|U|=9.4568e-01, max|V|=9.5600e-01
t=0.2820, max|U|=9.4555e-01, max|V|=9.5886e-01
t=0.2830, max|U|=9.4542e-01, max|V|=9.6170e-01
t=0.2840, max|U|=9.4528e-01, max|V|=9.6452e-01
t=0.2850, max|U|=9.4514e-01, max|V|=9.6732e-01
t=0.2860, max|U|=9.4499e-01, max|V|=9.7010e-01
t=0.2870, max|U|=9.4484e-01, max|V|=9.7286e-01
t=0.2880, max|U|=9.4468e-01, max|V|=9.7561e-01
t=0.2890, max|U|=9.4452e-01, max|V|=9.7833e-01
t=0.2900, max|U|=9.4500e-01, max|V|=9.8104e-01
t=0.2910, max|U|=9.4775e-01, max|V|=9.8373e-01
t=0.2920, max|U|=9.5048e-01, max|V|=9.8640e-01
t=0.2930, max|U|=9.5319e-01, max|V|=9.8905e-01
t=0.2940, max|U|=9.5588e-01, max|V|=9.9168e-01
t=0.2950, max|U|=9.5856e-01, max|V|=9.9429e-01
t=0.2960, max|U|=9.6122e-01, max|V|=9.9688e-01
t=0.2970, max|U|=9.6386e-01, max|V|=9.9945e-01
t=0.2980, max|U|=9.6648e-01, max|V|=1.0020e+00
t=0.2990, max|U|=9.6908e-01, max|V|=1.0045e+00
t=0.3000, max|U|=9.7166e-01, max|V|=1.0071e+00
t=0.3010, max|U|=9.7423e-01, max|V|=1.0095e+00
t=0.3020, max|U|=9.7677e-01, max|V|=1.0120e+00
t=0.3030, max|U|=9.7930e-01, max|V|=1.0145e+00
t=0.3040, max|U|=9.8181e-01, max|V|=1.0169e+00
t=0.3050, max|U|=9.8430e-01, max|V|=1.0193e+00
t=0.3060, max|U|=9.8678e-01, max|V|=1.0217e+00
t=0.3070, max|U|=9.8923e-01, max|V|=1.0241e+00
t=0.3080, max|U|=9.9166e-01, max|V|=1.0265e+00
t=0.3090, max|U|=9.9408e-01, max|V|=1.0288e+00
t=0.3100, max|U|=9.9648e-01, max|V|=1.0311e+00
t=0.3110, max|U|=9.9886e-01, max|V|=1.0334e+00
t=0.3120, max|U|=1.0012e+00, max|V|=1.0357e+00
t=0.3130, max|U|=1.0036e+00, max|V|=1.0379e+00
t=0.3140, max|U|=1.0059e+00, max|V|=1.0402e+00
t=0.3150, max|U|=1.0082e+00, max|V|=1.0424e+00
t=0.3160, max|U|=1.0105e+00, max|V|=1.0446e+00
t=0.3170, max|U|=1.0127e+00, max|V|=1.0468e+00
t=0.3180, max|U|=1.0150e+00, max|V|=1.0489e+00
t=0.3190, max|U|=1.0172e+00, max|V|=1.0511e+00
t=0.3200, max|U|=1.0194e+00, max|V|=1.0532e+00
t=0.3210, max|U|=1.0216e+00, max|V|=1.0553e+00
t=0.3220, max|U|=1.0238e+00, max|V|=1.0574e+00
t=0.3230, max|U|=1.0260e+00, max|V|=1.0594e+00
t=0.3240, max|U|=1.0281e+00, max|V|=1.0615e+00
t=0.3250, max|U|=1.0302e+00, max|V|=1.0635e+00
t=0.3260, max|U|=1.0323e+00, max|V|=1.0655e+00
t=0.3270, max|U|=1.0344e+00, max|V|=1.0675e+00
t=0.3280, max|U|=1.0365e+00, max|V|=1.0695e+00
t=0.3290, max|U|=1.0385e+00, max|V|=1.0714e+00
t=0.3300, max|U|=1.0405e+00, max|V|=1.0733e+00
t=0.3310, max|U|=1.0426e+00, max|V|=1.0752e+00
t=0.3320, max|U|=1.0445e+00, max|V|=1.0771e+00
t=0.3330, max|U|=1.0465e+00, max|V|=1.0790e+00
t=0.3340, max|U|=1.0485e+00, max|V|=1.0808e+00
t=0.3350, max|U|=1.0504e+00, max|V|=1.0827e+00
t=0.3360, max|U|=1.0523e+00, max|V|=1.0845e+00
t=0.3370, max|U|=1.0542e+00, max|V|=1.0863e+00
t=0.3380, max|U|=1.0561e+00, max|V|=1.0880e+00
t=0.3390, max|U|=1.0580e+00, max|V|=1.0898e+00
t=0.3400, max|U|=1.0598e+00, max|V|=1.0915e+00
t=0.3410, max|U|=1.0617e+00, max|V|=1.0932e+00
t=0.3420, max|U|=1.0635e+00, max|V|=1.0949e+00
t=0.3430, max|U|=1.0653e+00, max|V|=1.0966e+00
t=0.3440, max|U|=1.0671e+00, max|V|=1.0983e+00
t=0.3450, max|U|=1.0688e+00, max|V|=1.0999e+00
t=0.3460, max|U|=1.0706e+00, max|V|=1.1015e+00
t=0.3470, max|U|=1.0723e+00, max|V|=1.1031e+00
t=0.3480, max|U|=1.0740e+00, max|V|=1.1047e+00
t=0.3490, max|U|=1.0757e+00, max|V|=1.1063e+00
t=0.3500, max|U|=1.0774e+00, max|V|=1.1078e+00
t=0.3510, max|U|=1.0790e+00, max|V|=1.1093e+00
t=0.3520, max|U|=1.0807e+00, max|V|=1.1108e+00
t=0.3530, max|U|=1.0823e+00, max|V|=1.1123e+00
t=0.3540, max|U|=1.0839e+00, max|V|=1.1138e+00
t=0.3550, max|U|=1.0855e+00, max|V|=1.1153e+00
t=0.3560, max|U|=1.0870e+00, max|V|=1.1167e+00
t=0.3570, max|U|=1.0886e+00, max|V|=1.1181e+00
t=0.3580, max|U|=1.0901e+00, max|V|=1.1195e+00
t=0.3590, max|U|=1.0917e+00, max|V|=1.1209e+00
t=0.3600, max|U|=1.0932e+00, max|V|=1.1223e+00
t=0.3610, max|U|=1.0947e+00, max|V|=1.1236e+00
t=0.3620, max|U|=1.0961e+00, max|V|=1.1250e+00
t=0.3630, max|U|=1.0976e+00, max|V|=1.1263e+00
t=0.3640, max|U|=1.0990e+00, max|V|=1.1276e+00
t=0.3650, max|U|=1.1004e+00, max|V|=1.1288e+00
t=0.3660, max|U|=1.1019e+00, max|V|=1.1301e+00
t=0.3670, max|U|=1.1032e+00, max|V|=1.1314e+00
t=0.3680, max|U|=1.1046e+00, max|V|=1.1326e+00
t=0.3690, max|U|=1.1060e+00, max|V|=1.1338e+00
t=0.3700, max|U|=1.1073e+00, max|V|=1.1350e+00
t=0.3710, max|U|=1.1087e+00, max|V|=1.1362e+00
t=0.3720, max|U|=1.1100e+00, max|V|=1.1373e+00
t=0.3730, max|U|=1.1113e+00, max|V|=1.1385e+00
t=0.3740, max|U|=1.1126e+00, max|V|=1.1396e+00
t=0.3750, max|U|=1.1138e+00, max|V|=1.1407e+00
t=0.3760, max|U|=1.1151e+00, max|V|=1.1418e+00
t=0.3770, max|U|=1.1163e+00, max|V|=1.1429e+00
t=0.3780, max|U|=1.1175e+00, max|V|=1.1440e+00
t=0.3790, max|U|=1.1187e+00, max|V|=1.1450e+00
t=0.3800, max|U|=1.1199e+00, max|V|=1.1460e+00
t=0.3810, max|U|=1.1211e+00, max|V|=1.1471e+00
t=0.3820, max|U|=1.1223e+00, max|V|=1.1481e+00
t=0.3830, max|U|=1.1234e+00, max|V|=1.1491e+00
t=0.3840, max|U|=1.1245e+00, max|V|=1.1500e+00
t=0.3850, max|U|=1.1257e+00, max|V|=1.1510e+00
t=0.3860, max|U|=1.1268e+00, max|V|=1.1519e+00
t=0.3870, max|U|=1.1279e+00, max|V|=1.1528e+00
t=0.3880, max|U|=1.1289e+00, max|V|=1.1538e+00
t=0.3890, max|U|=1.1300e+00, max|V|=1.1547e+00
t=0.3900, max|U|=1.1310e+00, max|V|=1.1555e+00
t=0.3910, max|U|=1.1321e+00, max|V|=1.1564e+00
t=0.3920, max|U|=1.1331e+00, max|V|=1.1573e+00
t=0.3930, max|U|=1.1341e+00, max|V|=1.1581e+00
t=0.3940, max|U|=1.1351e+00, max|V|=1.1589e+00
t=0.3950, max|U|=1.1361e+00, max|V|=1.1597e+00
t=0.3960, max|U|=1.1370e+00, max|V|=1.1605e+00
t=0.3970, max|U|=1.1380e+00, max|V|=1.1613e+00
t=0.3980, max|U|=1.1389e+00, max|V|=1.1621e+00
t=0.3990, max|U|=1.1398e+00, max|V|=1.1628e+00
t=0.4000, max|U|=1.1407e+00, max|V|=1.1636e+00
t=0.4010, max|U|=1.1416e+00, max|V|=1.1643e+00
t=0.4020, max|U|=1.1425e+00, max|V|=1.1650e+00
t=0.4030, max|U|=1.1434e+00, max|V|=1.1657e+00
t=0.4040, max|U|=1.1442e+00, max|V|=1.1664e+00
t=0.4050, max|U|=1.1451e+00, max|V|=1.1670e+00
t=0.4060, max|U|=1.1459e+00, max|V|=1.1677e+00
t=0.4070, max|U|=1.1467e+00, max|V|=1.1683e+00
t=0.4080, max|U|=1.1475e+00, max|V|=1.1690e+00
t=0.4090, max|U|=1.1483e+00, max|V|=1.1696e+00
t=0.4100, max|U|=1.1491e+00, max|V|=1.1702e+00
t=0.4110, max|U|=1.1499e+00, max|V|=1.1708e+00
t=0.4120, max|U|=1.1506e+00, max|V|=1.1714e+00
t=0.4130, max|U|=1.1514e+00, max|V|=1.1719e+00
t=0.4140, max|U|=1.1521e+00, max|V|=1.1725e+00
t=0.4150, max|U|=1.1528e+00, max|V|=1.1730e+00
t=0.4160, max|U|=1.1535e+00, max|V|=1.1736e+00
t=0.4170, max|U|=1.1542e+00, max|V|=1.1741e+00
t=0.4180, max|U|=1.1549e+00, max|V|=1.1746e+00
t=0.4190, max|U|=1.1556e+00, max|V|=1.1751e+00
t=0.4200, max|U|=1.1562e+00, max|V|=1.1756e+00
t=0.4210, max|U|=1.1569e+00, max|V|=1.1761e+00
t=0.4220, max|U|=1.1575e+00, max|V|=1.1765e+00
t=0.4230, max|U|=1.1581e+00, max|V|=1.1770e+00
t=0.4240, max|U|=1.1587e+00, max|V|=1.1774e+00
t=0.4250, max|U|=1.1593e+00, max|V|=1.1778e+00
t=0.4260, max|U|=1.1599e+00, max|V|=1.1782e+00
t=0.4270, max|U|=1.1605e+00, max|V|=1.1786e+00
t=0.4280, max|U|=1.1611e+00, max|V|=1.1790e+00
t=0.4290, max|U|=1.1616e+00, max|V|=1.1794e+00
t=0.4300, max|U|=1.1622e+00, max|V|=1.1798e+00
t=0.4310, max|U|=1.1627e+00, max|V|=1.1801e+00
t=0.4320, max|U|=1.1632e+00, max|V|=1.1805e+00
t=0.4330, max|U|=1.1637e+00, max|V|=1.1808e+00
t=0.4340, max|U|=1.1642e+00, max|V|=1.1812e+00
t=0.4350, max|U|=1.1647e+00, max|V|=1.1815e+00
t=0.4360, max|U|=1.1652e+00, max|V|=1.1818e+00
t=0.4370, max|U|=1.1657e+00, max|V|=1.1821e+00
t=0.4380, max|U|=1.1661e+00, max|V|=1.1824e+00
t=0.4390, max|U|=1.1666e+00, max|V|=1.1827e+00
t=0.4400, max|U|=1.1670e+00, max|V|=1.1829e+00
t=0.4410, max|U|=1.1675e+00, max|V|=1.1832e+00
t=0.4420, max|U|=1.1679e+00, max|V|=1.1834e+00
t=0.4430, max|U|=1.1683e+00, max|V|=1.1837e+00
t=0.4440, max|U|=1.1687e+00, max|V|=1.1839e+00
t=0.4450, max|U|=1.1691e+00, max|V|=1.1841e+00
t=0.4460, max|U|=1.1695e+00, max|V|=1.1843e+00
t=0.4470, max|U|=1.1698e+00, max|V|=1.1845e+00
t=0.4480, max|U|=1.1702e+00, max|V|=1.1847e+00
t=0.4490, max|U|=1.1705e+00, max|V|=1.1849e+00
t=0.4500, max|U|=1.1709e+00, max|V|=1.1851e+00
t=0.4510, max|U|=1.1712e+00, max|V|=1.1852e+00
t=0.4520, max|U|=1.1715e+00, max|V|=1.1854e+00
t=0.4530, max|U|=1.1718e+00, max|V|=1.1855e+00
t=0.4540, max|U|=1.1722e+00, max|V|=1.1857e+00
t=0.4550, max|U|=1.1724e+00, max|V|=1.1858e+00
t=0.4560, max|U|=1.1727e+00, max|V|=1.1859e+00
t=0.4570, max|U|=1.1730e+00, max|V|=1.1860e+00
t=0.4580, max|U|=1.1733e+00, max|V|=1.1861e+00
t=0.4590, max|U|=1.1735e+00, max|V|=1.1862e+00
t=0.4600, max|U|=1.1738e+00, max|V|=1.1863e+00
t=0.4610, max|U|=1.1740e+00, max|V|=1.1864e+00
t=0.4620, max|U|=1.1743e+00, max|V|=1.1865e+00
t=0.4630, max|U|=1.1745e+00, max|V|=1.1865e+00
t=0.4640, max|U|=1.1747e+00, max|V|=1.1866e+00
t=0.4650, max|U|=1.1749e+00, max|V|=1.1867e+00
t=0.4660, max|U|=1.1751e+00, max|V|=1.1867e+00
t=0.4670, max|U|=1.1753e+00, max|V|=1.1867e+00
t=0.4680, max|U|=1.1755e+00, max|V|=1.1868e+00
t=0.4690, max|U|=1.1756e+00, max|V|=1.1868e+00
t=0.4700, max|U|=1.1758e+00, max|V|=1.1868e+00
t=0.4710, max|U|=1.1760e+00, max|V|=1.1868e+00
t=0.4720, max|U|=1.1761e+00, max|V|=1.1868e+00
t=0.4730, max|U|=1.1763e+00, max|V|=1.1868e+00
t=0.4740, max|U|=1.1764e+00, max|V|=1.1867e+00
t=0.4750, max|U|=1.1765e+00, max|V|=1.1867e+00
t=0.4760, max|U|=1.1766e+00, max|V|=1.1867e+00
t=0.4770, max|U|=1.1768e+00, max|V|=1.1866e+00
t=0.4780, max|U|=1.1769e+00, max|V|=1.1866e+00
t=0.4790, max|U|=1.1769e+00, max|V|=1.1865e+00
t=0.4800, max|U|=1.1770e+00, max|V|=1.1865e+00
t=0.4810, max|U|=1.1771e+00, max|V|=1.1864e+00
t=0.4820, max|U|=1.1772e+00, max|V|=1.1863e+00
t=0.4830, max|U|=1.1773e+00, max|V|=1.1863e+00
t=0.4840, max|U|=1.1773e+00, max|V|=1.1862e+00
t=0.4850, max|U|=1.1774e+00, max|V|=1.1861e+00
t=0.4860, max|U|=1.1774e+00, max|V|=1.1860e+00
t=0.4870, max|U|=1.1774e+00, max|V|=1.1859e+00
t=0.4880, max|U|=1.1775e+00, max|V|=1.1858e+00
t=0.4890, max|U|=1.1775e+00, max|V|=1.1857e+00
t=0.4900, max|U|=1.1775e+00, max|V|=1.1855e+00
t=0.4910, max|U|=1.1775e+00, max|V|=1.1854e+00
t=0.4920, max|U|=1.1775e+00, max|V|=1.1853e+00
t=0.4930, max|U|=1.1775e+00, max|V|=1.1851e+00
t=0.4940, max|U|=1.1775e+00, max|V|=1.1850e+00
t=0.4950, max|U|=1.1775e+00, max|V|=1.1848e+00
t=0.4960, max|U|=1.1775e+00, max|V|=1.1847e+00
t=0.4970, max|U|=1.1774e+00, max|V|=1.1845e+00
t=0.4980, max|U|=1.1774e+00, max|V|=1.1843e+00
t=0.4990, max|U|=1.1773e+00, max|V|=1.1842e+00
t=0.5000, max|U|=1.1773e+00, max|V|=1.1840e+00
t=0.5010, max|U|=1.1772e+00, max|V|=1.1838e+00
t=0.5020, max|U|=1.1772e+00, max|V|=1.1836e+00
t=0.5030, max|U|=1.1771e+00, max|V|=1.1834e+00
t=0.5040, max|U|=1.1770e+00, max|V|=1.1832e+00
t=0.5050, max|U|=1.1769e+00, max|V|=1.1830e+00
t=0.5060, max|U|=1.1769e+00, max|V|=1.1828e+00
t=0.5070, max|U|=1.1768e+00, max|V|=1.1826e+00
t=0.5080, max|U|=1.1767e+00, max|V|=1.1823e+00
t=0.5090, max|U|=1.1766e+00, max|V|=1.1821e+00
t=0.5100, max|U|=1.1765e+00, max|V|=1.1819e+00
t=0.5110, max|U|=1.1763e+00, max|V|=1.1817e+00
t=0.5120, max|U|=1.1762e+00, max|V|=1.1814e+00
t=0.5130, max|U|=1.1761e+00, max|V|=1.1812e+00
t=0.5140, max|U|=1.1759e+00, max|V|=1.1810e+00
t=0.5150, max|U|=1.1758e+00, max|V|=1.1809e+00
t=0.5160, max|U|=1.1757e+00, max|V|=1.1808e+00
t=0.5170, max|U|=1.1755e+00, max|V|=1.1808e+00
t=0.5180, max|U|=1.1754e+00, max|V|=1.1807e+00
t=0.5190, max|U|=1.1752e+00, max|V|=1.1806e+00
t=0.5200, max|U|=1.1750e+00, max|V|=1.1805e+00
t=0.5210, max|U|=1.1749e+00, max|V|=1.1804e+00
t=0.5220, max|U|=1.1747e+00, max|V|=1.1803e+00
t=0.5230, max|U|=1.1745e+00, max|V|=1.1802e+00
t=0.5240, max|U|=1.1743e+00, max|V|=1.1801e+00
t=0.5250, max|U|=1.1741e+00, max|V|=1.1799e+00
t=0.5260, max|U|=1.1739e+00, max|V|=1.1798e+00
t=0.5270, max|U|=1.1737e+00, max|V|=1.1797e+00
t=0.5280, max|U|=1.1735e+00, max|V|=1.1795e+00
t=0.5290, max|U|=1.1733e+00, max|V|=1.1794e+00
t=0.5300, max|U|=1.1731e+00, max|V|=1.1793e+00
t=0.5310, max|U|=1.1728e+00, max|V|=1.1791e+00
t=0.5320, max|U|=1.1726e+00, max|V|=1.1790e+00
t=0.5330, max|U|=1.1724e+00, max|V|=1.1788e+00
t=0.5340, max|U|=1.1721e+00, max|V|=1.1786e+00
t=0.5350, max|U|=1.1719e+00, max|V|=1.1785e+00
t=0.5360, max|U|=1.1717e+00, max|V|=1.1783e+00
t=0.5370, max|U|=1.1714e+00, max|V|=1.1781e+00
t=0.5380, max|U|=1.1712e+00, max|V|=1.1779e+00
t=0.5390, max|U|=1.1709e+00, max|V|=1.1778e+00
t=0.5400, max|U|=1.1706e+00, max|V|=1.1776e+00
t=0.5410, max|U|=1.1704e+00, max|V|=1.1774e+00
t=0.5420, max|U|=1.1701e+00, max|V|=1.1772e+00
t=0.5430, max|U|=1.1698e+00, max|V|=1.1770e+00
t=0.5440, max|U|=1.1695e+00, max|V|=1.1768e+00
t=0.5450, max|U|=1.1692e+00, max|V|=1.1765e+00
t=0.5460, max|U|=1.1690e+00, max|V|=1.1763e+00
t=0.5470, max|U|=1.1687e+00, max|V|=1.1761e+00
t=0.5480, max|U|=1.1684e+00, max|V|=1.1759e+00
t=0.5490, max|U|=1.1681e+00, max|V|=1.1757e+00
t=0.5500, max|U|=1.1677e+00, max|V|=1.1754e+00
t=0.5510, max|U|=1.1674e+00, max|V|=1.1752e+00
t=0.5520, max|U|=1.1671e+00, max|V|=1.1750e+00
t=0.5530, max|U|=1.1668e+00, max|V|=1.1747e+00
t=0.5540, max|U|=1.1665e+00, max|V|=1.1745e+00
t=0.5550, max|U|=1.1662e+00, max|V|=1.1742e+00
t=0.5560, max|U|=1.1658e+00, max|V|=1.1740e+00
t=0.5570, max|U|=1.1655e+00, max|V|=1.1737e+00
t=0.5580, max|U|=1.1652e+00, max|V|=1.1734e+00
t=0.5590, max|U|=1.1648e+00, max|V|=1.1732e+00
t=0.5600, max|U|=1.1645e+00, max|V|=1.1729e+00
t=0.5610, max|U|=1.1641e+00, max|V|=1.1726e+00
t=0.5620, max|U|=1.1638e+00, max|V|=1.1723e+00
t=0.5630, max|U|=1.1634e+00, max|V|=1.1721e+00
t=0.5640, max|U|=1.1631e+00, max|V|=1.1718e+00
t=0.5650, max|U|=1.1627e+00, max|V|=1.1715e+00
t=0.5660, max|U|=1.1623e+00, max|V|=1.1712e+00
t=0.5670, max|U|=1.1620e+00, max|V|=1.1709e+00
t=0.5680, max|U|=1.1616e+00, max|V|=1.1706e+00
t=0.5690, max|U|=1.1612e+00, max|V|=1.1703e+00
t=0.5700, max|U|=1.1608e+00, max|V|=1.1700e+00
t=0.5710, max|U|=1.1604e+00, max|V|=1.1697e+00
t=0.5720, max|U|=1.1601e+00, max|V|=1.1694e+00
t=0.5730, max|U|=1.1597e+00, max|V|=1.1691e+00
t=0.5740, max|U|=1.1593e+00, max|V|=1.1688e+00
t=0.5750, max|U|=1.1589e+00, max|V|=1.1684e+00
t=0.5760, max|U|=1.1585e+00, max|V|=1.1681e+00
t=0.5770, max|U|=1.1581e+00, max|V|=1.1678e+00
t=0.5780, max|U|=1.1577e+00, max|V|=1.1675e+00
t=0.5790, max|U|=1.1573e+00, max|V|=1.1671e+00
t=0.5800, max|U|=1.1569e+00, max|V|=1.1668e+00
t=0.5810, max|U|=1.1564e+00, max|V|=1.1664e+00
t=0.5820, max|U|=1.1560e+00, max|V|=1.1661e+00
t=0.5830, max|U|=1.1556e+00, max|V|=1.1658e+00
t=0.5840, max|U|=1.1552e+00, max|V|=1.1654e+00
t=0.5850, max|U|=1.1548e+00, max|V|=1.1651e+00
t=0.5860, max|U|=1.1543e+00, max|V|=1.1647e+00
t=0.5870, max|U|=1.1539e+00, max|V|=1.1643e+00
t=0.5880, max|U|=1.1535e+00, max|V|=1.1640e+00
t=0.5890, max|U|=1.1530e+00, max|V|=1.1636e+00
t=0.5900, max|U|=1.1526e+00, max|V|=1.1633e+00
t=0.5910, max|U|=1.1522e+00, max|V|=1.1629e+00
t=0.5920, max|U|=1.1517e+00, max|V|=1.1625e+00
t=0.5930, max|U|=1.1513e+00, max|V|=1.1621e+00
t=0.5940, max|U|=1.1508e+00, max|V|=1.1618e+00
t=0.5950, max|U|=1.1504e+00, max|V|=1.1614e+00
t=0.5960, max|U|=1.1499e+00, max|V|=1.1610e+00
t=0.5970, max|U|=1.1495e+00, max|V|=1.1606e+00
t=0.5980, max|U|=1.1490e+00, max|V|=1.1602e+00
t=0.5990, max|U|=1.1485e+00, max|V|=1.1598e+00
t=0.6000, max|U|=1.1481e+00, max|V|=1.1594e+00
t=0.6010, max|U|=1.1476e+00, max|V|=1.1590e+00
t=0.6020, max|U|=1.1471e+00, max|V|=1.1587e+00
t=0.6030, max|U|=1.1467e+00, max|V|=1.1583e+00
t=0.6040, max|U|=1.1462e+00, max|V|=1.1578e+00
t=0.6050, max|U|=1.1457e+00, max|V|=1.1574e+00
t=0.6060, max|U|=1.1453e+00, max|V|=1.1570e+00
t=0.6070, max|U|=1.1448e+00, max|V|=1.1566e+00
t=0.6080, max|U|=1.1443e+00, max|V|=1.1562e+00
t=0.6090, max|U|=1.1438e+00, max|V|=1.1558e+00
t=0.6100, max|U|=1.1433e+00, max|V|=1.1554e+00
t=0.6110, max|U|=1.1428e+00, max|V|=1.1550e+00
t=0.6120, max|U|=1.1424e+00, max|V|=1.1545e+00
t=0.6130, max|U|=1.1419e+00, max|V|=1.1541e+00
t=0.6140, max|U|=1.1414e+00, max|V|=1.1537e+00
t=0.6150, max|U|=1.1409e+00, max|V|=1.1533e+00
t=0.6160, max|U|=1.1404e+00, max|V|=1.1528e+00
t=0.6170, max|U|=1.1399e+00, max|V|=1.1524e+00
t=0.6180, max|U|=1.1394e+00, max|V|=1.1520e+00
t=0.6190, max|U|=1.1389e+00, max|V|=1.1515e+00
t=0.6200, max|U|=1.1384e+00, max|V|=1.1511e+00
t=0.6210, max|U|=1.1379e+00, max|V|=1.1506e+00
t=0.6220, max|U|=1.1374e+00, max|V|=1.1502e+00
t=0.6230, max|U|=1.1368e+00, max|V|=1.1497e+00
t=0.6240, max|U|=1.1363e+00, max|V|=1.1493e+00
t=0.6250, max|U|=1.1358e+00, max|V|=1.1488e+00
t=0.6260, max|U|=1.1353e+00, max|V|=1.1484e+00
t=0.6270, max|U|=1.1348e+00, max|V|=1.1479e+00
t=0.6280, max|U|=1.1343e+00, max|V|=1.1475e+00
t=0.6290, max|U|=1.1337e+00, max|V|=1.1470e+00
t=0.6300, max|U|=1.1332e+00, max|V|=1.1466e+00
t=0.6310, max|U|=1.1327e+00, max|V|=1.1461e+00
t=0.6320, max|U|=1.1322e+00, max|V|=1.1456e+00
t=0.6330, max|U|=1.1317e+00, max|V|=1.1452e+00
t=0.6340, max|U|=1.1311e+00, max|V|=1.1447e+00
t=0.6350, max|U|=1.1306e+00, max|V|=1.1442e+00
t=0.6360, max|U|=1.1301e+00, max|V|=1.1438e+00
t=0.6370, max|U|=1.1295e+00, max|V|=1.1433e+00
t=0.6380, max|U|=1.1290e+00, max|V|=1.1428e+00
t=0.6390, max|U|=1.1285e+00, max|V|=1.1423e+00
t=0.6400, max|U|=1.1279e+00, max|V|=1.1419e+00
t=0.6410, max|U|=1.1274e+00, max|V|=1.1414e+00
t=0.6420, max|U|=1.1268e+00, max|V|=1.1409e+00
t=0.6430, max|U|=1.1263e+00, max|V|=1.1404e+00
t=0.6440, max|U|=1.1258e+00, max|V|=1.1399e+00
t=0.6450, max|U|=1.1252e+00, max|V|=1.1394e+00
t=0.6460, max|U|=1.1247e+00, max|V|=1.1389e+00
t=0.6470, max|U|=1.1241e+00, max|V|=1.1384e+00
t=0.6480, max|U|=1.1236e+00, max|V|=1.1380e+00
t=0.6490, max|U|=1.1230e+00, max|V|=1.1375e+00
t=0.6500, max|U|=1.1225e+00, max|V|=1.1370e+00
t=0.6510, max|U|=1.1219e+00, max|V|=1.1365e+00
t=0.6520, max|U|=1.1214e+00, max|V|=1.1360e+00
t=0.6530, max|U|=1.1208e+00, max|V|=1.1355e+00
t=0.6540, max|U|=1.1203e+00, max|V|=1.1350e+00
t=0.6550, max|U|=1.1197e+00, max|V|=1.1345e+00
t=0.6560, max|U|=1.1192e+00, max|V|=1.1339e+00
t=0.6570, max|U|=1.1186e+00, max|V|=1.1334e+00
t=0.6580, max|U|=1.1181e+00, max|V|=1.1329e+00
t=0.6590, max|U|=1.1175e+00, max|V|=1.1324e+00
t=0.6600, max|U|=1.1169e+00, max|V|=1.1319e+00
t=0.6610, max|U|=1.1164e+00, max|V|=1.1314e+00
t=0.6620, max|U|=1.1158e+00, max|V|=1.1309e+00
t=0.6630, max|U|=1.1152e+00, max|V|=1.1304e+00
t=0.6640, max|U|=1.1147e+00, max|V|=1.1298e+00
t=0.6650, max|U|=1.1141e+00, max|V|=1.1293e+00
t=0.6660, max|U|=1.1135e+00, max|V|=1.1288e+00
t=0.6670, max|U|=1.1130e+00, max|V|=1.1283e+00
t=0.6680, max|U|=1.1124e+00, max|V|=1.1278e+00
t=0.6690, max|U|=1.1118e+00, max|V|=1.1272e+00
t=0.6700, max|U|=1.1113e+00, max|V|=1.1267e+00
t=0.6710, max|U|=1.1107e+00, max|V|=1.1262e+00
t=0.6720, max|U|=1.1101e+00, max|V|=1.1256e+00
t=0.6730, max|U|=1.1096e+00, max|V|=1.1251e+00
t=0.6740, max|U|=1.1090e+00, max|V|=1.1246e+00
t=0.6750, max|U|=1.1084e+00, max|V|=1.1240e+00
t=0.6760, max|U|=1.1078e+00, max|V|=1.1235e+00
t=0.6770, max|U|=1.1073e+00, max|V|=1.1230e+00
t=0.6780, max|U|=1.1067e+00, max|V|=1.1224e+00
t=0.6790, max|U|=1.1061e+00, max|V|=1.1219e+00
t=0.6800, max|U|=1.1055e+00, max|V|=1.1214e+00
t=0.6810, max|U|=1.1050e+00, max|V|=1.1208e+00
t=0.6820, max|U|=1.1044e+00, max|V|=1.1203e+00
t=0.6830, max|U|=1.1038e+00, max|V|=1.1197e+00
t=0.6840, max|U|=1.1032e+00, max|V|=1.1192e+00
t=0.6850, max|U|=1.1026e+00, max|V|=1.1186e+00
t=0.6860, max|U|=1.1021e+00, max|V|=1.1181e+00
t=0.6870, max|U|=1.1015e+00, max|V|=1.1175e+00
t=0.6880, max|U|=1.1009e+00, max|V|=1.1170e+00
t=0.6890, max|U|=1.1003e+00, max|V|=1.1164e+00
t=0.6900, max|U|=1.0997e+00, max|V|=1.1159e+00
t=0.6910, max|U|=1.0991e+00, max|V|=1.1153e+00
t=0.6920, max|U|=1.0985e+00, max|V|=1.1148e+00
t=0.6930, max|U|=1.0980e+00, max|V|=1.1142e+00
t=0.6940, max|U|=1.0974e+00, max|V|=1.1137e+00
t=0.6950, max|U|=1.0968e+00, max|V|=1.1131e+00
t=0.6960, max|U|=1.0962e+00, max|V|=1.1126e+00
t=0.6970, max|U|=1.0956e+00, max|V|=1.1120e+00
t=0.6980, max|U|=1.0950e+00, max|V|=1.1114e+00
t=0.6990, max|U|=1.0944e+00, max|V|=1.1109e+00
t=0.7000, max|U|=1.0939e+00, max|V|=1.1103e+00
t=0.7010, max|U|=1.0933e+00, max|V|=1.1098e+00
t=0.7020, max|U|=1.0927e+00, max|V|=1.1092e+00
t=0.7030, max|U|=1.0921e+00, max|V|=1.1086e+00
t=0.7040, max|U|=1.0915e+00, max|V|=1.1081e+00
t=0.7050, max|U|=1.0909e+00, max|V|=1.1075e+00
t=0.7060, max|U|=1.0903e+00, max|V|=1.1069e+00
t=0.7070, max|U|=1.0897e+00, max|V|=1.1064e+00
t=0.7080, max|U|=1.0891e+00, max|V|=1.1058e+00
t=0.7090, max|U|=1.0885e+00, max|V|=1.1052e+00
t=0.7100, max|U|=1.0879e+00, max|V|=1.1046e+00
t=0.7110, max|U|=1.0873e+00, max|V|=1.1041e+00
t=0.7120, max|U|=1.0868e+00, max|V|=1.1035e+00
t=0.7130, max|U|=1.0862e+00, max|V|=1.1029e+00
t=0.7140, max|U|=1.0856e+00, max|V|=1.1023e+00
t=0.7150, max|U|=1.0850e+00, max|V|=1.1018e+00
t=0.7160, max|U|=1.0844e+00, max|V|=1.1012e+00
t=0.7170, max|U|=1.0838e+00, max|V|=1.1006e+00
t=0.7180, max|U|=1.0832e+00, max|V|=1.1000e+00
t=0.7190, max|U|=1.0826e+00, max|V|=1.0994e+00
t=0.7200, max|U|=1.0820e+00, max|V|=1.0989e+00
t=0.7210, max|U|=1.0814e+00, max|V|=1.0983e+00
t=0.7220, max|U|=1.0808e+00, max|V|=1.0977e+00
t=0.7230, max|U|=1.0802e+00, max|V|=1.0971e+00
t=0.7240, max|U|=1.0796e+00, max|V|=1.0965e+00
t=0.7250, max|U|=1.0790e+00, max|V|=1.0959e+00
t=0.7260, max|U|=1.0784e+00, max|V|=1.0954e+00
t=0.7270, max|U|=1.0778e+00, max|V|=1.0948e+00
t=0.7280, max|U|=1.0772e+00, max|V|=1.0942e+00
t=0.7290, max|U|=1.0766e+00, max|V|=1.0936e+00
t=0.7300, max|U|=1.0760e+00, max|V|=1.0930e+00
t=0.7310, max|U|=1.0754e+00, max|V|=1.0924e+00
t=0.7320, max|U|=1.0748e+00, max|V|=1.0918e+00
t=0.7330, max|U|=1.0742e+00, max|V|=1.0912e+00
t=0.7340, max|U|=1.0736e+00, max|V|=1.0906e+00
t=0.7350, max|U|=1.0730e+00, max|V|=1.0901e+00
t=0.7360, max|U|=1.0724e+00, max|V|=1.0895e+00
t=0.7370, max|U|=1.0718e+00, max|V|=1.0889e+00
t=0.7380, max|U|=1.0712e+00, max|V|=1.0883e+00
t=0.7390, max|U|=1.0706e+00, max|V|=1.0877e+00
t=0.7400, max|U|=1.0700e+00, max|V|=1.0871e+00
t=0.7410, max|U|=1.0694e+00, max|V|=1.0865e+00
t=0.7420, max|U|=1.0688e+00, max|V|=1.0859e+00
t=0.7430, max|U|=1.0682e+00, max|V|=1.0853e+00
t=0.7440, max|U|=1.0676e+00, max|V|=1.0847e+00
t=0.7450, max|U|=1.0670e+00, max|V|=1.0841e+00
t=0.7460, max|U|=1.0664e+00, max|V|=1.0835e+00
t=0.7470, max|U|=1.0658e+00, max|V|=1.0829e+00
t=0.7480, max|U|=1.0652e+00, max|V|=1.0823e+00
t=0.7490, max|U|=1.0646e+00, max|V|=1.0817e+00
t=0.7500, max|U|=1.0640e+00, max|V|=1.0811e+00
t=0.7510, max|U|=1.0635e+00, max|V|=1.0805e+00
t=0.7520, max|U|=1.0629e+00, max|V|=1.0799e+00
t=0.7530, max|U|=1.0623e+00, max|V|=1.0793e+00
t=0.7540, max|U|=1.0617e+00, max|V|=1.0787e+00
t=0.7550, max|U|=1.0611e+00, max|V|=1.0781e+00
t=0.7560, max|U|=1.0605e+00, max|V|=1.0775e+00
t=0.7570, max|U|=1.0599e+00, max|V|=1.0769e+00
t=0.7580, max|U|=1.0593e+00, max|V|=1.0763e+00
t=0.7590, max|U|=1.0587e+00, max|V|=1.0756e+00
t=0.7600, max|U|=1.0581e+00, max|V|=1.0750e+00
t=0.7610, max|U|=1.0575e+00, max|V|=1.0744e+00
t=0.7620, max|U|=1.0569e+00, max|V|=1.0738e+00
t=0.7630, max|U|=1.0563e+00, max|V|=1.0732e+00
t=0.7640, max|U|=1.0557e+00, max|V|=1.0726e+00
t=0.7650, max|U|=1.0551e+00, max|V|=1.0720e+00
t=0.7660, max|U|=1.0545e+00, max|V|=1.0714e+00
t=0.7670, max|U|=1.0539e+00, max|V|=1.0708e+00
t=0.7680, max|U|=1.0533e+00, max|V|=1.0702e+00
t=0.7690, max|U|=1.0527e+00, max|V|=1.0696e+00
t=0.7700, max|U|=1.0521e+00, max|V|=1.0689e+00
t=0.7710, max|U|=1.0515e+00, max|V|=1.0683e+00
t=0.7720, max|U|=1.0509e+00, max|V|=1.0677e+00
t=0.7730, max|U|=1.0503e+00, max|V|=1.0671e+00
t=0.7740, max|U|=1.0497e+00, max|V|=1.0665e+00
t=0.7750, max|U|=1.0491e+00, max|V|=1.0659e+00
t=0.7760, max|U|=1.0485e+00, max|V|=1.0653e+00
t=0.7770, max|U|=1.0479e+00, max|V|=1.0646e+00
t=0.7780, max|U|=1.0473e+00, max|V|=1.0640e+00
t=0.7790, max|U|=1.0467e+00, max|V|=1.0634e+00
t=0.7800, max|U|=1.0461e+00, max|V|=1.0628e+00
t=0.7810, max|U|=1.0455e+00, max|V|=1.0622e+00
t=0.7820, max|U|=1.0449e+00, max|V|=1.0616e+00
t=0.7830, max|U|=1.0443e+00, max|V|=1.0610e+00
t=0.7840, max|U|=1.0437e+00, max|V|=1.0603e+00
t=0.7850, max|U|=1.0431e+00, max|V|=1.0597e+00
t=0.7860, max|U|=1.0425e+00, max|V|=1.0591e+00
t=0.7870, max|U|=1.0419e+00, max|V|=1.0585e+00
t=0.7880, max|U|=1.0414e+00, max|V|=1.0579e+00
t=0.7890, max|U|=1.0408e+00, max|V|=1.0572e+00
t=0.7900, max|U|=1.0402e+00, max|V|=1.0566e+00
t=0.7910, max|U|=1.0396e+00, max|V|=1.0560e+00
t=0.7920, max|U|=1.0390e+00, max|V|=1.0554e+00
t=0.7930, max|U|=1.0384e+00, max|V|=1.0548e+00
t=0.7940, max|U|=1.0378e+00, max|V|=1.0541e+00
t=0.7950, max|U|=1.0372e+00, max|V|=1.0535e+00
t=0.7960, max|U|=1.0366e+00, max|V|=1.0529e+00
t=0.7970, max|U|=1.0360e+00, max|V|=1.0523e+00
t=0.7980, max|U|=1.0354e+00, max|V|=1.0517e+00
t=0.7990, max|U|=1.0348e+00, max|V|=1.0510e+00
t=0.8000, max|U|=1.0342e+00, max|V|=1.0504e+00
t=0.8010, max|U|=1.0336e+00, max|V|=1.0498e+00
t=0.8020, max|U|=1.0331e+00, max|V|=1.0492e+00
t=0.8030, max|U|=1.0325e+00, max|V|=1.0486e+00
t=0.8040, max|U|=1.0319e+00, max|V|=1.0479e+00
t=0.8050, max|U|=1.0313e+00, max|V|=1.0473e+00
t=0.8060, max|U|=1.0307e+00, max|V|=1.0467e+00
t=0.8070, max|U|=1.0301e+00, max|V|=1.0461e+00
t=0.8080, max|U|=1.0295e+00, max|V|=1.0454e+00
t=0.8090, max|U|=1.0289e+00, max|V|=1.0448e+00
t=0.8100, max|U|=1.0283e+00, max|V|=1.0442e+00
t=0.8110, max|U|=1.0277e+00, max|V|=1.0436e+00
t=0.8120, max|U|=1.0272e+00, max|V|=1.0429e+00
t=0.8130, max|U|=1.0266e+00, max|V|=1.0423e+00
t=0.8140, max|U|=1.0260e+00, max|V|=1.0417e+00
t=0.8150, max|U|=1.0254e+00, max|V|=1.0411e+00
t=0.8160, max|U|=1.0248e+00, max|V|=1.0404e+00
t=0.8170, max|U|=1.0242e+00, max|V|=1.0398e+00
t=0.8180, max|U|=1.0236e+00, max|V|=1.0392e+00
t=0.8190, max|U|=1.0231e+00, max|V|=1.0386e+00
t=0.8200, max|U|=1.0225e+00, max|V|=1.0379e+00
t=0.8210, max|U|=1.0219e+00, max|V|=1.0373e+00
t=0.8220, max|U|=1.0213e+00, max|V|=1.0367e+00
t=0.8230, max|U|=1.0207e+00, max|V|=1.0361e+00
t=0.8240, max|U|=1.0201e+00, max|V|=1.0354e+00
t=0.8250, max|U|=1.0195e+00, max|V|=1.0348e+00
t=0.8260, max|U|=1.0190e+00, max|V|=1.0342e+00
t=0.8270, max|U|=1.0184e+00, max|V|=1.0336e+00
t=0.8280, max|U|=1.0178e+00, max|V|=1.0329e+00
t=0.8290, max|U|=1.0172e+00, max|V|=1.0323e+00
t=0.8300, max|U|=1.0166e+00, max|V|=1.0317e+00
t=0.8310, max|U|=1.0160e+00, max|V|=1.0311e+00
t=0.8320, max|U|=1.0155e+00, max|V|=1.0304e+00
t=0.8330, max|U|=1.0149e+00, max|V|=1.0298e+00
t=0.8340, max|U|=1.0143e+00, max|V|=1.0292e+00
t=0.8350, max|U|=1.0137e+00, max|V|=1.0286e+00
t=0.8360, max|U|=1.0131e+00, max|V|=1.0279e+00
t=0.8370, max|U|=1.0126e+00, max|V|=1.0273e+00
t=0.8380, max|U|=1.0120e+00, max|V|=1.0267e+00
t=0.8390, max|U|=1.0114e+00, max|V|=1.0260e+00
t=0.8400, max|U|=1.0108e+00, max|V|=1.0254e+00
t=0.8410, max|U|=1.0102e+00, max|V|=1.0248e+00
t=0.8420, max|U|=1.0097e+00, max|V|=1.0242e+00
t=0.8430, max|U|=1.0091e+00, max|V|=1.0235e+00
t=0.8440, max|U|=1.0085e+00, max|V|=1.0229e+00
t=0.8450, max|U|=1.0079e+00, max|V|=1.0223e+00
t=0.8460, max|U|=1.0074e+00, max|V|=1.0217e+00
t=0.8470, max|U|=1.0068e+00, max|V|=1.0210e+00
t=0.8480, max|U|=1.0062e+00, max|V|=1.0204e+00
t=0.8490, max|U|=1.0056e+00, max|V|=1.0198e+00
t=0.8500, max|U|=1.0051e+00, max|V|=1.0192e+00
t=0.8510, max|U|=1.0045e+00, max|V|=1.0185e+00
t=0.8520, max|U|=1.0039e+00, max|V|=1.0179e+00
t=0.8530, max|U|=1.0033e+00, max|V|=1.0173e+00
t=0.8540, max|U|=1.0028e+00, max|V|=1.0166e+00
t=0.8550, max|U|=1.0022e+00, max|V|=1.0160e+00
t=0.8560, max|U|=1.0016e+00, max|V|=1.0154e+00
t=0.8570, max|U|=1.0010e+00, max|V|=1.0148e+00
t=0.8580, max|U|=1.0005e+00, max|V|=1.0141e+00
t=0.8590, max|U|=9.9990e-01, max|V|=1.0135e+00
t=0.8600, max|U|=9.9933e-01, max|V|=1.0129e+00
t=0.8610, max|U|=9.9876e-01, max|V|=1.0123e+00
t=0.8620, max|U|=9.9819e-01, max|V|=1.0116e+00
t=0.8630, max|U|=9.9762e-01, max|V|=1.0110e+00
t=0.8640, max|U|=9.9705e-01, max|V|=1.0104e+00
t=0.8650, max|U|=9.9648e-01, max|V|=1.0098e+00
t=0.8660, max|U|=9.9591e-01, max|V|=1.0091e+00
t=0.8670, max|U|=9.9534e-01, max|V|=1.0085e+00
t=0.8680, max|U|=9.9478e-01, max|V|=1.0079e+00
t=0.8690, max|U|=9.9421e-01, max|V|=1.0073e+00
t=0.8700, max|U|=9.9364e-01, max|V|=1.0066e+00
t=0.8710, max|U|=9.9307e-01, max|V|=1.0060e+00
t=0.8720, max|U|=9.9251e-01, max|V|=1.0054e+00
t=0.8730, max|U|=9.9194e-01, max|V|=1.0048e+00
t=0.8740, max|U|=9.9138e-01, max|V|=1.0041e+00
t=0.8750, max|U|=9.9081e-01, max|V|=1.0035e+00
t=0.8760, max|U|=9.9025e-01, max|V|=1.0029e+00
t=0.8770, max|U|=9.8968e-01, max|V|=1.0023e+00
t=0.8780, max|U|=9.8912e-01, max|V|=1.0016e+00
t=0.8790, max|U|=9.8856e-01, max|V|=1.0010e+00
t=0.8800, max|U|=9.8800e-01, max|V|=1.0004e+00
t=0.8810, max|U|=9.8743e-01, max|V|=9.9976e-01
t=0.8820, max|U|=9.8687e-01, max|V|=9.9913e-01
t=0.8830, max|U|=9.8631e-01, max|V|=9.9851e-01
t=0.8840, max|U|=9.8575e-01, max|V|=9.9789e-01
t=0.8850, max|U|=9.8519e-01, max|V|=9.9726e-01
t=0.8860, max|U|=9.8463e-01, max|V|=9.9664e-01
t=0.8870, max|U|=9.8407e-01, max|V|=9.9602e-01
t=0.8880, max|U|=9.8351e-01, max|V|=9.9539e-01
t=0.8890, max|U|=9.8295e-01, max|V|=9.9477e-01
t=0.8900, max|U|=9.8239e-01, max|V|=9.9415e-01
t=0.8910, max|U|=9.8183e-01, max|V|=9.9353e-01
t=0.8920, max|U|=9.8128e-01, max|V|=9.9290e-01
t=0.8930, max|U|=9.8072e-01, max|V|=9.9228e-01
t=0.8940, max|U|=9.8016e-01, max|V|=9.9166e-01
t=0.8950, max|U|=9.7960e-01, max|V|=9.9104e-01
t=0.8960, max|U|=9.7905e-01, max|V|=9.9042e-01
t=0.8970, max|U|=9.7849e-01, max|V|=9.8980e-01
t=0.8980, max|U|=9.7794e-01, max|V|=9.8917e-01
t=0.8990, max|U|=9.7738e-01, max|V|=9.8855e-01
t=0.9000, max|U|=9.7683e-01, max|V|=9.8793e-01
t=0.9010, max|U|=9.7628e-01, max|V|=9.8731e-01
t=0.9020, max|U|=9.7572e-01, max|V|=9.8669e-01
t=0.9030, max|U|=9.7517e-01, max|V|=9.8607e-01
t=0.9040, max|U|=9.7462e-01, max|V|=9.8545e-01
t=0.9050, max|U|=9.7406e-01, max|V|=9.8483e-01
t=0.9060, max|U|=9.7351e-01, max|V|=9.8421e-01
t=0.9070, max|U|=9.7296e-01, max|V|=9.8360e-01
t=0.9080, max|U|=9.7241e-01, max|V|=9.8298e-01
t=0.9090, max|U|=9.7186e-01, max|V|=9.8236e-01
t=0.9100, max|U|=9.7131e-01, max|V|=9.8174e-01
t=0.9110, max|U|=9.7076e-01, max|V|=9.8112e-01
t=0.9120, max|U|=9.7021e-01, max|V|=9.8050e-01
t=0.9130, max|U|=9.6966e-01, max|V|=9.7989e-01
t=0.9140, max|U|=9.6912e-01, max|V|=9.7927e-01
t=0.9150, max|U|=9.6857e-01, max|V|=9.7865e-01
t=0.9160, max|U|=9.6802e-01, max|V|=9.7804e-01
t=0.9170, max|U|=9.6747e-01, max|V|=9.7742e-01
t=0.9180, max|U|=9.6693e-01, max|V|=9.7680e-01
t=0.9190, max|U|=9.6638e-01, max|V|=9.7619e-01
t=0.9200, max|U|=9.6584e-01, max|V|=9.7557e-01
t=0.9210, max|U|=9.6529e-01, max|V|=9.7496e-01
t=0.9220, max|U|=9.6475e-01, max|V|=9.7434e-01
t=0.9230, max|U|=9.6420e-01, max|V|=9.7373e-01
t=0.9240, max|U|=9.6366e-01, max|V|=9.7311e-01
t=0.9250, max|U|=9.6312e-01, max|V|=9.7250e-01
t=0.9260, max|U|=9.6257e-01, max|V|=9.7188e-01
t=0.9270, max|U|=9.6203e-01, max|V|=9.7127e-01
t=0.9280, max|U|=9.6149e-01, max|V|=9.7066e-01
t=0.9290, max|U|=9.6095e-01, max|V|=9.7004e-01
t=0.9300, max|U|=9.6041e-01, max|V|=9.6943e-01
t=0.9310, max|U|=9.5986e-01, max|V|=9.6882e-01
t=0.9320, max|U|=9.5932e-01, max|V|=9.6821e-01
t=0.9330, max|U|=9.5878e-01, max|V|=9.6760e-01
t=0.9340, max|U|=9.5824e-01, max|V|=9.6698e-01
t=0.9350, max|U|=9.5771e-01, max|V|=9.6637e-01
t=0.9360, max|U|=9.5717e-01, max|V|=9.6576e-01
t=0.9370, max|U|=9.5663e-01, max|V|=9.6515e-01
t=0.9380, max|U|=9.5609e-01, max|V|=9.6454e-01
t=0.9390, max|U|=9.5555e-01, max|V|=9.6393e-01
t=0.9400, max|U|=9.5502e-01, max|V|=9.6332e-01
t=0.9410, max|U|=9.5448e-01, max|V|=9.6271e-01
t=0.9420, max|U|=9.5395e-01, max|V|=9.6210e-01
t=0.9430, max|U|=9.5341e-01, max|V|=9.6150e-01
t=0.9440, max|U|=9.5288e-01, max|V|=9.6089e-01
t=0.9450, max|U|=9.5234e-01, max|V|=9.6028e-01
t=0.9460, max|U|=9.5181e-01, max|V|=9.5967e-01
t=0.9470, max|U|=9.5127e-01, max|V|=9.5906e-01
t=0.9480, max|U|=9.5074e-01, max|V|=9.5846e-01
t=0.9490, max|U|=9.5021e-01, max|V|=9.5785e-01
t=0.9500, max|U|=9.4967e-01, max|V|=9.5725e-01
t=0.9510, max|U|=9.4914e-01, max|V|=9.5664e-01
t=0.9520, max|U|=9.4861e-01, max|V|=9.5603e-01
t=0.9530, max|U|=9.4808e-01, max|V|=9.5543e-01
t=0.9540, max|U|=9.4755e-01, max|V|=9.5482e-01
t=0.9550, max|U|=9.4702e-01, max|V|=9.5422e-01
t=0.9560, max|U|=9.4649e-01, max|V|=9.5362e-01
t=0.9570, max|U|=9.4596e-01, max|V|=9.5301e-01
t=0.9580, max|U|=9.4543e-01, max|V|=9.5241e-01
t=0.9590, max|U|=9.4490e-01, max|V|=9.5181e-01
t=0.9600, max|U|=9.4437e-01, max|V|=9.5121e-01
t=0.9610, max|U|=9.4385e-01, max|V|=9.5060e-01
t=0.9620, max|U|=9.4332e-01, max|V|=9.5000e-01
t=0.9630, max|U|=9.4279e-01, max|V|=9.4940e-01
t=0.9640, max|U|=9.4227e-01, max|V|=9.4880e-01
t=0.9650, max|U|=9.4174e-01, max|V|=9.4820e-01
t=0.9660, max|U|=9.4121e-01, max|V|=9.4760e-01
t=0.9670, max|U|=9.4069e-01, max|V|=9.4700e-01
t=0.9680, max|U|=9.4016e-01, max|V|=9.4640e-01
t=0.9690, max|U|=9.3964e-01, max|V|=9.4580e-01
t=0.9700, max|U|=9.3912e-01, max|V|=9.4520e-01
t=0.9710, max|U|=9.3859e-01, max|V|=9.4461e-01
t=0.9720, max|U|=9.3807e-01, max|V|=9.4401e-01
t=0.9730, max|U|=9.3755e-01, max|V|=9.4341e-01
t=0.9740, max|U|=9.3703e-01, max|V|=9.4281e-01
t=0.9750, max|U|=9.3650e-01, max|V|=9.4222e-01
t=0.9760, max|U|=9.3598e-01, max|V|=9.4162e-01
t=0.9770, max|U|=9.3546e-01, max|V|=9.4103e-01
t=0.9780, max|U|=9.3494e-01, max|V|=9.4043e-01
t=0.9790, max|U|=9.3442e-01, max|V|=9.3984e-01
t=0.9800, max|U|=9.3390e-01, max|V|=9.3924e-01
t=0.9810, max|U|=9.3338e-01, max|V|=9.3865e-01
t=0.9820, max|U|=9.3287e-01, max|V|=9.3805e-01
t=0.9830, max|U|=9.3235e-01, max|V|=9.3746e-01
t=0.9840, max|U|=9.3183e-01, max|V|=9.3687e-01
t=0.9850, max|U|=9.3131e-01, max|V|=9.3628e-01
t=0.9860, max|U|=9.3080e-01, max|V|=9.3569e-01
t=0.9870, max|U|=9.3028e-01, max|V|=9.3509e-01
t=0.9880, max|U|=9.2976e-01, max|V|=9.3450e-01
t=0.9890, max|U|=9.2925e-01, max|V|=9.3391e-01
t=0.9900, max|U|=9.2873e-01, max|V|=9.3332e-01
t=0.9910, max|U|=9.2822e-01, max|V|=9.3273e-01
t=0.9920, max|U|=9.2770e-01, max|V|=9.3214e-01
t=0.9930, max|U|=9.2719e-01, max|V|=9.3156e-01
t=0.9940, max|U|=9.2668e-01, max|V|=9.3097e-01
t=0.9950, max|U|=9.2616e-01, max|V|=9.3038e-01
t=0.9960, max|U|=9.2565e-01, max|V|=9.2979e-01
t=0.9970, max|U|=9.2514e-01, max|V|=9.2921e-01
t=0.9980, max|U|=9.2463e-01, max|V|=9.2862e-01
t=0.9990, max|U|=9.2411e-01, max|V|=9.2803e-01
t=1.0000, max|U|=9.2360e-01, max|V|=9.2745e-01
Total simulation time: 6.92 seconds
Point (0.25, 0.25): U=0.3234, analytical_U=0.2973
Point (0.5, 0.25): U=0.5803, analytical_U=0.5774
Point (0.75, 0.25): U=-0.0677, analytical_U=0.2973
Point (0.25, 0.5): U=0.2729, analytical_U=0.2738
Point (0.5, 0.5): U=0.2270, analytical_U=0.0000
Point (0.75, 0.5): U=-0.2569, analytical_U=-0.2738
Point (0.25, 0.75): U=0.3197, analytical_U=-0.2973
Point (0.5, 0.75): U=-0.6017, analytical_U=-0.5774
Point (0.75, 0.75): U=-0.3382, analytical_U=-0.2973
Root Mean Square Error compared to literature solution: 2.5134e-01
Point (0.25, 0.25): U=0.2240, analytical_U=0.1885
Point (0.5, 0.25): U=0.4069, analytical_U=0.3749
Point (0.75, 0.25): U=-0.1444, analytical_U=0.1885
Point (0.25, 0.5): U=0.2057, analytical_U=0.1856
Point (0.5, 0.5): U=0.1930, analytical_U=0.0000
Point (0.75, 0.5): U=-0.1939, analytical_U=-0.1856
Point (0.25, 0.75): U=0.2977, analytical_U=-0.1885
Point (0.5, 0.75): U=-0.4203, analytical_U=-0.3749
Point (0.75, 0.75): U=-0.2341, analytical_U=-0.1885
Root Mean Square Error compared to literature solution: 2.0853e-01
