h = 6.39e-03
D = 2.45e-02
CFL(t=0) = 1.57e-01
t=0.0010, max|U|=9.9994e-01, max|V|=9.9993e-01
t=0.0020, max|U|=9.9989e-01, max|V|=9.9989e-01
t=0.0030, max|U|=9.9983e-01, max|V|=9.9984e-01
t=0.0040, max|U|=9.9978e-01, max|V|=9.9978e-01
t=0.0050, max|U|=9.9973e-01, max|V|=9.9974e-01
t=0.0060, max|U|=9.9967e-01, max|V|=9.9968e-01
t=0.0070, max|U|=9.9962e-01, max|V|=9.9961e-01
t=0.0080, max|U|=9.9958e-01, max|V|=9.9957e-01
t=0.0090, max|U|=9.9953e-01, max|V|=9.9953e-01
t=0.0100, max|U|=9.9947e-01, max|V|=9.9947e-01
t=0.0110, max|U|=9.9941e-01, max|V|=9.9941e-01
t=0.0120, max|U|=9.9935e-01, max|V|=9.9936e-01
t=0.0130, max|U|=9.9928e-01, max|V|=9.9931e-01
t=0.0140, max|U|=9.9925e-01, max|V|=9.9924e-01
t=0.0150, max|U|=9.9921e-01, max|V|=9.9920e-01
t=0.0160, max|U|=9.9916e-01, max|V|=9.9916e-01
t=0.0170, max|U|=9.9910e-01, max|V|=9.9910e-01
t=0.0180, max|U|=9.9904e-01, max|V|=9.9905e-01
t=0.0190, max|U|=9.9897e-01, max|V|=9.9900e-01
t=0.0200, max|U|=9.9892e-01, max|V|=9.9893e-01
t=0.0210, max|U|=9.9888e-01, max|V|=9.9888e-01
t=0.0220, max|U|=9.9884e-01, max|V|=9.9884e-01
t=0.0230, max|U|=9.9879e-01, max|V|=9.9879e-01
t=0.0240, max|U|=9.9873e-01, max|V|=9.9873e-01
t=0.0250, max|U|=9.9866e-01, max|V|=9.9868e-01
t=0.0260, max|U|=9.9859e-01, max|V|=9.9863e-01
t=0.0270, max|U|=9.9856e-01, max|V|=9.9857e-01
t=0.0280, max|U|=9.9852e-01, max|V|=9.9851e-01
t=0.0290, max|U|=9.9848e-01, max|V|=9.9847e-01
t=0.0300, max|U|=9.9842e-01, max|V|=9.9842e-01
t=0.0310, max|U|=9.9836e-01, max|V|=9.9837e-01
t=0.0320, max|U|=9.9829e-01, max|V|=9.9831e-01
t=0.0330, max|U|=9.9823e-01, max|V|=9.9826e-01
t=0.0340, max|U|=9.9820e-01, max|V|=9.9820e-01
t=0.0350, max|U|=9.9816e-01, max|V|=9.9815e-01
t=0.0360, max|U|=9.9811e-01, max|V|=9.9811e-01
t=0.0370, max|U|=9.9805e-01, max|V|=9.9806e-01
t=0.0380, max|U|=9.9798e-01, max|V|=9.9800e-01
t=0.0390, max|U|=9.9791e-01, max|V|=9.9795e-01
t=0.0400, max|U|=9.9787e-01, max|V|=9.9790e-01
t=0.0410, max|U|=9.9784e-01, max|V|=9.9784e-01
t=0.0420, max|U|=9.9780e-01, max|V|=9.9778e-01
t=0.0430, max|U|=9.9775e-01, max|V|=9.9774e-01
t=0.0440, max|U|=9.9769e-01, max|V|=9.9769e-01
t=0.0450, max|U|=9.9762e-01, max|V|=9.9763e-01
t=0.0460, max|U|=9.9754e-01, max|V|=9.9758e-01
t=0.0470, max|U|=9.9752e-01, max|V|=9.9753e-01
t=0.0480, max|U|=9.9748e-01, max|V|=9.9747e-01
t=0.0490, max|U|=9.9743e-01, max|V|=9.9742e-01
t=0.0500, max|U|=9.9738e-01, max|V|=9.9738e-01
t=0.0510, max|U|=9.9731e-01, max|V|=9.9732e-01
t=0.0520, max|U|=9.9724e-01, max|V|=9.9726e-01
t=0.0530, max|U|=9.9719e-01, max|V|=9.9722e-01
t=0.0540, max|U|=9.9716e-01, max|V|=9.9717e-01
t=0.0550, max|U|=9.9712e-01, max|V|=9.9711e-01
t=0.0560, max|U|=9.9707e-01, max|V|=9.9707e-01
t=0.0570, max|U|=9.9702e-01, max|V|=9.9702e-01
t=0.0580, max|U|=9.9695e-01, max|V|=9.9696e-01
t=0.0590, max|U|=9.9688e-01, max|V|=9.9689e-01
t=0.0600, max|U|=9.9683e-01, max|V|=9.9685e-01
t=0.0610, max|U|=9.9680e-01, max|V|=9.9680e-01
t=0.0620, max|U|=9.9676e-01, max|V|=9.9674e-01
t=0.0630, max|U|=9.9671e-01, max|V|=9.9670e-01
t=0.0640, max|U|=9.9665e-01, max|V|=9.9665e-01
t=0.0650, max|U|=9.9659e-01, max|V|=9.9660e-01
t=0.0660, max|U|=9.9652e-01, max|V|=9.9653e-01
t=0.0670, max|U|=9.9648e-01, max|V|=9.9648e-01
t=0.0680, max|U|=9.9644e-01, max|V|=9.9643e-01
t=0.0690, max|U|=9.9640e-01, max|V|=9.9638e-01
t=0.0700, max|U|=9.9634e-01, max|V|=9.9634e-01
t=0.0710, max|U|=9.9629e-01, max|V|=9.9629e-01
t=0.0720, max|U|=9.9623e-01, max|V|=9.9623e-01
t=0.0730, max|U|=9.9616e-01, max|V|=9.9616e-01
t=0.0740, max|U|=9.9613e-01, max|V|=9.9612e-01
t=0.0750, max|U|=9.9609e-01, max|V|=9.9607e-01
t=0.0760, max|U|=9.9604e-01, max|V|=9.9602e-01
t=0.0770, max|U|=9.9598e-01, max|V|=9.9598e-01
t=0.0780, max|U|=9.9592e-01, max|V|=9.9593e-01
t=0.0790, max|U|=9.9586e-01, max|V|=9.9587e-01
t=0.0800, max|U|=9.9581e-01, max|V|=9.9580e-01
t=0.0810, max|U|=9.9576e-01, max|V|=9.9576e-01
t=0.0820, max|U|=9.9573e-01, max|V|=9.9571e-01
t=0.0830, max|U|=9.9568e-01, max|V|=9.9566e-01
t=0.0840, max|U|=9.9563e-01, max|V|=9.9562e-01
t=0.0850, max|U|=9.9557e-01, max|V|=9.9556e-01
t=0.0860, max|U|=9.9550e-01, max|V|=9.9550e-01
t=0.0870, max|U|=9.9544e-01, max|V|=9.9543e-01
t=0.0880, max|U|=9.9542e-01, max|V|=9.9539e-01
t=0.0890, max|U|=9.9538e-01, max|V|=9.9534e-01
t=0.0900, max|U|=9.9533e-01, max|V|=9.9530e-01
t=0.0910, max|U|=9.9527e-01, max|V|=9.9526e-01
t=0.0920, max|U|=9.9520e-01, max|V|=9.9520e-01
t=0.0930, max|U|=9.9513e-01, max|V|=9.9513e-01
t=0.0940, max|U|=9.9508e-01, max|V|=9.9507e-01
t=0.0950, max|U|=9.9506e-01, max|V|=9.9503e-01
t=0.0960, max|U|=9.9502e-01, max|V|=9.9499e-01
t=0.0970, max|U|=9.9497e-01, max|V|=9.9495e-01
t=0.0980, max|U|=9.9492e-01, max|V|=9.9489e-01
t=0.0990, max|U|=9.9485e-01, max|V|=9.9483e-01
t=0.1000, max|U|=9.9478e-01, max|V|=9.9476e-01
t=0.1010, max|U|=9.9472e-01, max|V|=9.9471e-01
t=0.1020, max|U|=9.9469e-01, max|V|=9.9467e-01
t=0.1030, max|U|=9.9465e-01, max|V|=9.9463e-01
t=0.1040, max|U|=9.9461e-01, max|V|=9.9459e-01
t=0.1050, max|U|=9.9455e-01, max|V|=9.9453e-01
t=0.1060, max|U|=9.9448e-01, max|V|=9.9446e-01
t=0.1070, max|U|=9.9441e-01, max|V|=9.9439e-01
t=0.1080, max|U|=9.9437e-01, max|V|=9.9435e-01
t=0.1090, max|U|=9.9434e-01, max|V|=9.9432e-01
t=0.1100, max|U|=9.9430e-01, max|V|=9.9427e-01
t=0.1110, max|U|=9.9424e-01, max|V|=9.9422e-01
t=0.1120, max|U|=9.9418e-01, max|V|=9.9416e-01
t=0.1130, max|U|=9.9411e-01, max|V|=9.9409e-01
t=0.1140, max|U|=9.9405e-01, max|V|=9.9404e-01
t=0.1150, max|U|=9.9402e-01, max|V|=9.9401e-01
t=0.1160, max|U|=9.9398e-01, max|V|=9.9397e-01
t=0.1170, max|U|=9.9394e-01, max|V|=9.9392e-01
t=0.1180, max|U|=9.9388e-01, max|V|=9.9386e-01
t=0.1190, max|U|=9.9382e-01, max|V|=9.9379e-01
t=0.1200, max|U|=9.9375e-01, max|V|=9.9372e-01
t=0.1210, max|U|=9.9370e-01, max|V|=9.9369e-01
t=0.1220, max|U|=9.9367e-01, max|V|=9.9366e-01
t=0.1230, max|U|=9.9363e-01, max|V|=9.9361e-01
t=0.1240, max|U|=9.9358e-01, max|V|=9.9356e-01
t=0.1250, max|U|=9.9353e-01, max|V|=9.9350e-01
t=0.1260, max|U|=9.9346e-01, max|V|=9.9343e-01
t=0.1270, max|U|=9.9339e-01, max|V|=9.9337e-01
t=0.1280, max|U|=9.9334e-01, max|V|=9.9334e-01
t=0.1290, max|U|=9.9331e-01, max|V|=9.9330e-01
t=0.1300, max|U|=9.9327e-01, max|V|=9.9326e-01
t=0.1310, max|U|=9.9323e-01, max|V|=9.9320e-01
t=0.1320, max|U|=9.9317e-01, max|V|=9.9314e-01
t=0.1330, max|U|=9.9311e-01, max|V|=9.9308e-01
t=0.1340, max|U|=9.9303e-01, max|V|=9.9302e-01
t=0.1350, max|U|=9.9300e-01, max|V|=9.9299e-01
t=0.1360, max|U|=9.9297e-01, max|V|=9.9295e-01
t=0.1370, max|U|=9.9293e-01, max|V|=9.9290e-01
t=0.1380, max|U|=9.9288e-01, max|V|=9.9284e-01
t=0.1390, max|U|=9.9282e-01, max|V|=9.9280e-01
t=0.1400, max|U|=9.9275e-01, max|V|=9.9274e-01
t=0.1410, max|U|=9.9267e-01, max|V|=9.9268e-01
t=0.1420, max|U|=9.9264e-01, max|V|=9.9264e-01
t=0.1430, max|U|=9.9261e-01, max|V|=9.9260e-01
t=0.1440, max|U|=9.9257e-01, max|V|=9.9254e-01
t=0.1450, max|U|=9.9252e-01, max|V|=9.9248e-01
t=0.1460, max|U|=9.9246e-01, max|V|=9.9244e-01
t=0.1470, max|U|=9.9239e-01, max|V|=9.9239e-01
t=0.1480, max|U|=9.9232e-01, max|V|=9.9233e-01
t=0.1490, max|U|=9.9229e-01, max|V|=9.9229e-01
t=0.1500, max|U|=9.9226e-01, max|V|=9.9224e-01
t=0.1510, max|U|=9.9221e-01, max|V|=9.9218e-01
t=0.1520, max|U|=9.9216e-01, max|V|=9.9211e-01
t=0.1530, max|U|=9.9210e-01, max|V|=9.9207e-01
t=0.1540, max|U|=9.9203e-01, max|V|=9.9203e-01
t=0.1550, max|U|=9.9197e-01, max|V|=9.9199e-01
t=0.1560, max|U|=9.9194e-01, max|V|=9.9194e-01
t=0.1570, max|U|=9.9190e-01, max|V|=9.9189e-01
t=0.1580, max|U|=9.9186e-01, max|V|=9.9182e-01
t=0.1590, max|U|=9.9180e-01, max|V|=9.9175e-01
t=0.1600, max|U|=9.9174e-01, max|V|=9.9171e-01
t=0.1610, max|U|=9.9167e-01, max|V|=9.9168e-01
t=0.1620, max|U|=9.9162e-01, max|V|=9.9164e-01
t=0.1630, max|U|=9.9159e-01, max|V|=9.9159e-01
t=0.1640, max|U|=9.9155e-01, max|V|=9.9154e-01
t=0.1650, max|U|=9.9150e-01, max|V|=9.9147e-01
t=0.1660, max|U|=9.9145e-01, max|V|=9.9140e-01
t=0.1670, max|U|=9.9138e-01, max|V|=9.9135e-01
t=0.1680, max|U|=9.9131e-01, max|V|=9.9132e-01
t=0.1690, max|U|=9.9128e-01, max|V|=9.9128e-01
t=0.1700, max|U|=9.9124e-01, max|V|=9.9124e-01
t=0.1710, max|U|=9.9120e-01, max|V|=9.9118e-01
t=0.1720, max|U|=9.9115e-01, max|V|=9.9111e-01
t=0.1730, max|U|=9.9108e-01, max|V|=9.9104e-01
t=0.1740, max|U|=9.9101e-01, max|V|=9.9101e-01
t=0.1750, max|U|=9.9096e-01, max|V|=9.9097e-01
t=0.1760, max|U|=9.9093e-01, max|V|=9.9093e-01
t=0.1770, max|U|=9.9089e-01, max|V|=9.9087e-01
t=0.1780, max|U|=9.9085e-01, max|V|=9.9081e-01
t=0.1790, max|U|=9.9080e-01, max|V|=9.9074e-01
t=0.1800, max|U|=9.9073e-01, max|V|=9.9071e-01
t=0.1810, max|U|=9.9066e-01, max|V|=9.9067e-01
t=0.1820, max|U|=9.9061e-01, max|V|=9.9063e-01
t=0.1830, max|U|=9.9058e-01, max|V|=9.9057e-01
t=0.1840, max|U|=9.9054e-01, max|V|=9.9051e-01
t=0.1850, max|U|=9.9050e-01, max|V|=9.9044e-01
t=0.1860, max|U|=9.9045e-01, max|V|=9.9040e-01
t=0.1870, max|U|=9.9038e-01, max|V|=9.9037e-01
t=0.1880, max|U|=9.9031e-01, max|V|=9.9033e-01
t=0.1890, max|U|=9.9028e-01, max|V|=9.9028e-01
t=0.1900, max|U|=9.9024e-01, max|V|=9.9022e-01
t=0.1910, max|U|=9.9020e-01, max|V|=9.9016e-01
t=0.1920, max|U|=9.9014e-01, max|V|=9.9008e-01
t=0.1930, max|U|=9.9008e-01, max|V|=9.9005e-01
t=0.1940, max|U|=9.9001e-01, max|V|=9.9002e-01
t=0.1950, max|U|=9.8994e-01, max|V|=9.8998e-01
t=0.1960, max|U|=9.8992e-01, max|V|=9.8993e-01
t=0.1970, max|U|=9.8988e-01, max|V|=9.8987e-01
t=0.1980, max|U|=9.8984e-01, max|V|=9.8981e-01
t=0.1990, max|U|=9.8978e-01, max|V|=9.8974e-01
t=0.2000, max|U|=9.8972e-01, max|V|=9.8969e-01
t=0.2010, max|U|=9.8965e-01, max|V|=9.8966e-01
t=0.2020, max|U|=9.8960e-01, max|V|=9.8962e-01
t=0.2030, max|U|=9.8957e-01, max|V|=9.8957e-01
t=0.2040, max|U|=9.8953e-01, max|V|=9.8952e-01
t=0.2050, max|U|=9.8948e-01, max|V|=9.8945e-01
t=0.2060, max|U|=9.8943e-01, max|V|=9.8938e-01
t=0.2070, max|U|=9.8937e-01, max|V|=9.8934e-01
t=0.2080, max|U|=9.8930e-01, max|V|=9.8931e-01
t=0.2090, max|U|=9.8927e-01, max|V|=9.8927e-01
t=0.2100, max|U|=9.8924e-01, max|V|=9.8922e-01
t=0.2110, max|U|=9.8919e-01, max|V|=9.8916e-01
t=0.2120, max|U|=9.8914e-01, max|V|=9.8909e-01
t=0.2130, max|U|=9.8908e-01, max|V|=9.8902e-01
t=0.2140, max|U|=9.8901e-01, max|V|=9.8899e-01
t=0.2150, max|U|=9.8894e-01, max|V|=9.8896e-01
t=0.2160, max|U|=9.8892e-01, max|V|=9.8891e-01
t=0.2170, max|U|=9.8888e-01, max|V|=9.8886e-01
t=0.2180, max|U|=9.8884e-01, max|V|=9.8881e-01
t=0.2190, max|U|=9.8879e-01, max|V|=9.8874e-01
t=0.2200, max|U|=9.8873e-01, max|V|=9.8867e-01
t=0.2210, max|U|=9.8866e-01, max|V|=9.8864e-01
t=0.2220, max|U|=9.8860e-01, max|V|=9.8861e-01
t=0.2230, max|U|=9.8857e-01, max|V|=9.8856e-01
t=0.2240, max|U|=9.8853e-01, max|V|=9.8850e-01
t=0.2250, max|U|=9.8849e-01, max|V|=9.8844e-01
t=0.2260, max|U|=9.8843e-01, max|V|=9.8838e-01
t=0.2270, max|U|=9.8837e-01, max|V|=9.8833e-01
t=0.2280, max|U|=9.8830e-01, max|V|=9.8830e-01
t=0.2290, max|U|=9.8825e-01, max|V|=9.8826e-01
t=0.2300, max|U|=9.8822e-01, max|V|=9.8821e-01
t=0.2310, max|U|=9.8818e-01, max|V|=9.8815e-01
t=0.2320, max|U|=9.8814e-01, max|V|=9.8809e-01
t=0.2330, max|U|=9.8808e-01, max|V|=9.8803e-01
t=0.2340, max|U|=9.8802e-01, max|V|=9.8798e-01
t=0.2350, max|U|=9.8795e-01, max|V|=9.8794e-01
t=0.2360, max|U|=9.8788e-01, max|V|=9.8790e-01
t=0.2370, max|U|=9.8786e-01, max|V|=9.8785e-01
t=0.2380, max|U|=9.8782e-01, max|V|=9.8780e-01
t=0.2390, max|U|=9.8778e-01, max|V|=9.8773e-01
t=0.2400, max|U|=9.8773e-01, max|V|=9.8768e-01
t=0.2410, max|U|=9.8767e-01, max|V|=9.8763e-01
t=0.2420, max|U|=9.8760e-01, max|V|=9.8760e-01
t=0.2430, max|U|=9.8752e-01, max|V|=9.8756e-01
t=0.2440, max|U|=9.8750e-01, max|V|=9.8751e-01
t=0.2450, max|U|=9.8747e-01, max|V|=9.8745e-01
t=0.2460, max|U|=9.8742e-01, max|V|=9.8739e-01
t=0.2470, max|U|=9.8737e-01, max|V|=9.8733e-01
t=0.2480, max|U|=9.8731e-01, max|V|=9.8728e-01
t=0.2490, max|U|=9.8725e-01, max|V|=9.8725e-01
t=0.2500, max|U|=9.8719e-01, max|V|=9.8722e-01
t=0.2510, max|U|=9.8717e-01, max|V|=9.8717e-01
t=0.2520, max|U|=9.8713e-01, max|V|=9.8711e-01
t=0.2530, max|U|=9.8708e-01, max|V|=9.8705e-01
t=0.2540, max|U|=9.8703e-01, max|V|=9.8698e-01
t=0.2550, max|U|=9.8697e-01, max|V|=9.8692e-01
t=0.2560, max|U|=9.8690e-01, max|V|=9.8689e-01
t=0.2570, max|U|=9.8682e-01, max|V|=9.8686e-01
t=0.2580, max|U|=9.8680e-01, max|V|=9.8682e-01
t=0.2590, max|U|=9.8677e-01, max|V|=9.8676e-01
t=0.2600, max|U|=9.8673e-01, max|V|=9.8670e-01
t=0.2610, max|U|=9.8668e-01, max|V|=9.8664e-01
t=0.2620, max|U|=9.8663e-01, max|V|=9.8657e-01
t=0.2630, max|U|=9.8656e-01, max|V|=9.8653e-01
t=0.2640, max|U|=9.8649e-01, max|V|=9.8650e-01
t=0.2650, max|U|=9.8644e-01, max|V|=9.8646e-01
t=0.2660, max|U|=9.8641e-01, max|V|=9.8641e-01
t=0.2670, max|U|=9.8637e-01, max|V|=9.8636e-01
t=0.2680, max|U|=9.8633e-01, max|V|=9.8629e-01
t=0.2690, max|U|=9.8627e-01, max|V|=9.8622e-01
t=0.2700, max|U|=9.8621e-01, max|V|=9.8618e-01
t=0.2710, max|U|=9.8614e-01, max|V|=9.8615e-01
t=0.2720, max|U|=9.8608e-01, max|V|=9.8611e-01
t=0.2730, max|U|=9.8605e-01, max|V|=9.8606e-01
t=0.2740, max|U|=9.8602e-01, max|V|=9.8601e-01
t=0.2750, max|U|=9.8597e-01, max|V|=9.8595e-01
t=0.2760, max|U|=9.8592e-01, max|V|=9.8587e-01
t=0.2770, max|U|=9.8586e-01, max|V|=9.8582e-01
t=0.2780, max|U|=9.8579e-01, max|V|=9.8579e-01
t=0.2790, max|U|=9.8573e-01, max|V|=9.8575e-01
t=0.2800, max|U|=9.8570e-01, max|V|=9.8571e-01
t=0.2810, max|U|=9.8567e-01, max|V|=9.8566e-01
t=0.2820, max|U|=9.8563e-01, max|V|=9.8560e-01
t=0.2830, max|U|=9.8558e-01, max|V|=9.8554e-01
t=0.2840, max|U|=9.8552e-01, max|V|=9.8547e-01
t=0.2850, max|U|=9.8545e-01, max|V|=9.8542e-01
t=0.2860, max|U|=9.8537e-01, max|V|=9.8539e-01
t=0.2870, max|U|=9.8535e-01, max|V|=9.8535e-01
t=0.2880, max|U|=9.8531e-01, max|V|=9.8531e-01
t=0.2890, max|U|=9.8528e-01, max|V|=9.8526e-01
t=0.2900, max|U|=9.8523e-01, max|V|=9.8520e-01
t=0.2910, max|U|=9.8517e-01, max|V|=9.8513e-01
t=0.2920, max|U|=9.8511e-01, max|V|=9.8506e-01
t=0.2930, max|U|=9.8504e-01, max|V|=9.8502e-01
t=0.2940, max|U|=9.8499e-01, max|V|=9.8499e-01
t=0.2950, max|U|=9.8496e-01, max|V|=9.8496e-01
t=0.2960, max|U|=9.8492e-01, max|V|=9.8491e-01
t=0.2970, max|U|=9.8488e-01, max|V|=9.8485e-01
t=0.2980, max|U|=9.8482e-01, max|V|=9.8479e-01
t=0.2990, max|U|=9.8476e-01, max|V|=9.8472e-01
t=0.3000, max|U|=9.8469e-01, max|V|=9.8469e-01
t=0.3010, max|U|=9.8463e-01, max|V|=9.8467e-01
t=0.3020, max|U|=9.8461e-01, max|V|=9.8464e-01
t=0.3030, max|U|=9.8457e-01, max|V|=9.8460e-01
t=0.3040, max|U|=9.8453e-01, max|V|=9.8455e-01
t=0.3050, max|U|=9.8448e-01, max|V|=9.8449e-01
t=0.3060, max|U|=9.8441e-01, max|V|=9.8442e-01
t=0.3070, max|U|=9.8435e-01, max|V|=9.8435e-01
t=0.3080, max|U|=9.8428e-01, max|V|=9.8427e-01
t=0.3090, max|U|=9.8425e-01, max|V|=9.8424e-01
t=0.3100, max|U|=9.8422e-01, max|V|=9.8421e-01
t=0.3110, max|U|=9.8418e-01, max|V|=9.8417e-01
t=0.3120, max|U|=9.8413e-01, max|V|=9.8412e-01
t=0.3130, max|U|=9.8407e-01, max|V|=9.8406e-01
t=0.3140, max|U|=9.8400e-01, max|V|=9.8399e-01
t=0.3150, max|U|=9.8393e-01, max|V|=9.8392e-01
t=0.3160, max|U|=9.8390e-01, max|V|=9.8387e-01
t=0.3170, max|U|=9.8387e-01, max|V|=9.8384e-01
t=0.3180, max|U|=9.8383e-01, max|V|=9.8381e-01
t=0.3190, max|U|=9.8378e-01, max|V|=9.8376e-01
t=0.3200, max|U|=9.8373e-01, max|V|=9.8371e-01
t=0.3210, max|U|=9.8366e-01, max|V|=9.8365e-01
t=0.3220, max|U|=9.8359e-01, max|V|=9.8358e-01
t=0.3230, max|U|=9.8354e-01, max|V|=9.8350e-01
t=0.3240, max|U|=9.8351e-01, max|V|=9.8348e-01
t=0.3250, max|U|=9.8348e-01, max|V|=9.8345e-01
t=0.3260, max|U|=9.8343e-01, max|V|=9.8341e-01
t=0.3270, max|U|=9.8338e-01, max|V|=9.8336e-01
t=0.3280, max|U|=9.8332e-01, max|V|=9.8331e-01
t=0.3290, max|U|=9.8325e-01, max|V|=9.8324e-01
t=0.3300, max|U|=9.8319e-01, max|V|=9.8317e-01
t=0.3310, max|U|=9.8316e-01, max|V|=9.8311e-01
t=0.3320, max|U|=9.8312e-01, max|V|=9.8309e-01
t=0.3330, max|U|=9.8308e-01, max|V|=9.8305e-01
t=0.3340, max|U|=9.8303e-01, max|V|=9.8301e-01
t=0.3350, max|U|=9.8297e-01, max|V|=9.8296e-01
t=0.3360, max|U|=9.8290e-01, max|V|=9.8290e-01
t=0.3370, max|U|=9.8284e-01, max|V|=9.8283e-01
t=0.3380, max|U|=9.8281e-01, max|V|=9.8276e-01
t=0.3390, max|U|=9.8277e-01, max|V|=9.8273e-01
t=0.3400, max|U|=9.8273e-01, max|V|=9.8270e-01
t=0.3410, max|U|=9.8267e-01, max|V|=9.8266e-01
t=0.3420, max|U|=9.8261e-01, max|V|=9.8261e-01
t=0.3430, max|U|=9.8254e-01, max|V|=9.8255e-01
t=0.3440, max|U|=9.8249e-01, max|V|=9.8249e-01
t=0.3450, max|U|=9.8246e-01, max|V|=9.8242e-01
t=0.3460, max|U|=9.8243e-01, max|V|=9.8237e-01
t=0.3470, max|U|=9.8238e-01, max|V|=9.8234e-01
t=0.3480, max|U|=9.8233e-01, max|V|=9.8230e-01
t=0.3490, max|U|=9.8227e-01, max|V|=9.8226e-01
t=0.3500, max|U|=9.8220e-01, max|V|=9.8220e-01
t=0.3510, max|U|=9.8214e-01, max|V|=9.8214e-01
t=0.3520, max|U|=9.8211e-01, max|V|=9.8207e-01
t=0.3530, max|U|=9.8208e-01, max|V|=9.8200e-01
t=0.3540, max|U|=9.8203e-01, max|V|=9.8198e-01
t=0.3550, max|U|=9.8198e-01, max|V|=9.8194e-01
t=0.3560, max|U|=9.8192e-01, max|V|=9.8190e-01
t=0.3570, max|U|=9.8185e-01, max|V|=9.8185e-01
t=0.3580, max|U|=9.8178e-01, max|V|=9.8180e-01
t=0.3590, max|U|=9.8175e-01, max|V|=9.8173e-01
t=0.3600, max|U|=9.8172e-01, max|V|=9.8166e-01
t=0.3610, max|U|=9.8168e-01, max|V|=9.8161e-01
t=0.3620, max|U|=9.8163e-01, max|V|=9.8158e-01
t=0.3630, max|U|=9.8158e-01, max|V|=9.8155e-01
t=0.3640, max|U|=9.8151e-01, max|V|=9.8150e-01
t=0.3650, max|U|=9.8144e-01, max|V|=9.8145e-01
t=0.3660, max|U|=9.8139e-01, max|V|=9.8139e-01
t=0.3670, max|U|=9.8136e-01, max|V|=9.8132e-01
t=0.3680, max|U|=9.8132e-01, max|V|=9.8125e-01
t=0.3690, max|U|=9.8128e-01, max|V|=9.8122e-01
t=0.3700, max|U|=9.8123e-01, max|V|=9.8119e-01
t=0.3710, max|U|=9.8116e-01, max|V|=9.8115e-01
t=0.3720, max|U|=9.8109e-01, max|V|=9.8110e-01
t=0.3730, max|U|=9.8103e-01, max|V|=9.8104e-01
t=0.3740, max|U|=9.8101e-01, max|V|=9.8097e-01
t=0.3750, max|U|=9.8097e-01, max|V|=9.8090e-01
t=0.3760, max|U|=9.8093e-01, max|V|=9.8086e-01
t=0.3770, max|U|=9.8087e-01, max|V|=9.8083e-01
t=0.3780, max|U|=9.8081e-01, max|V|=9.8080e-01
t=0.3790, max|U|=9.8074e-01, max|V|=9.8075e-01
t=0.3800, max|U|=9.8068e-01, max|V|=9.8070e-01
t=0.3810, max|U|=9.8065e-01, max|V|=9.8063e-01
t=0.3820, max|U|=9.8062e-01, max|V|=9.8056e-01
t=0.3830, max|U|=9.8057e-01, max|V|=9.8049e-01
t=0.3840, max|U|=9.8052e-01, max|V|=9.8047e-01
t=0.3850, max|U|=9.8046e-01, max|V|=9.8043e-01
t=0.3860, max|U|=9.8039e-01, max|V|=9.8040e-01
t=0.3870, max|U|=9.8032e-01, max|V|=9.8035e-01
t=0.3880, max|U|=9.8029e-01, max|V|=9.8029e-01
t=0.3890, max|U|=9.8026e-01, max|V|=9.8023e-01
t=0.3900, max|U|=9.8022e-01, max|V|=9.8016e-01
t=0.3910, max|U|=9.8017e-01, max|V|=9.8008e-01
t=0.3920, max|U|=9.8011e-01, max|V|=9.8006e-01
t=0.3930, max|U|=9.8005e-01, max|V|=9.8003e-01
t=0.3940, max|U|=9.7997e-01, max|V|=9.7999e-01
t=0.3950, max|U|=9.7993e-01, max|V|=9.7995e-01
t=0.3960, max|U|=9.7990e-01, max|V|=9.7989e-01
t=0.3970, max|U|=9.7986e-01, max|V|=9.7983e-01
t=0.3980, max|U|=9.7982e-01, max|V|=9.7976e-01
t=0.3990, max|U|=9.7976e-01, max|V|=9.7971e-01
t=0.4000, max|U|=9.7970e-01, max|V|=9.7968e-01
t=0.4010, max|U|=9.7963e-01, max|V|=9.7965e-01
t=0.4020, max|U|=9.7957e-01, max|V|=9.7960e-01
t=0.4030, max|U|=9.7954e-01, max|V|=9.7955e-01
t=0.4040, max|U|=9.7951e-01, max|V|=9.7949e-01
t=0.4050, max|U|=9.7946e-01, max|V|=9.7942e-01
t=0.4060, max|U|=9.7941e-01, max|V|=9.7935e-01
t=0.4070, max|U|=9.7935e-01, max|V|=9.7930e-01
t=0.4080, max|U|=9.7928e-01, max|V|=9.7928e-01
t=0.4090, max|U|=9.7921e-01, max|V|=9.7924e-01
t=0.4100, max|U|=9.7919e-01, max|V|=9.7920e-01
t=0.4110, max|U|=9.7915e-01, max|V|=9.7915e-01
t=0.4120, max|U|=9.7911e-01, max|V|=9.7909e-01
t=0.4130, max|U|=9.7906e-01, max|V|=9.7902e-01
t=0.4140, max|U|=9.7900e-01, max|V|=9.7895e-01
t=0.4150, max|U|=9.7893e-01, max|V|=9.7891e-01
t=0.4160, max|U|=9.7885e-01, max|V|=9.7888e-01
t=0.4170, max|U|=9.7883e-01, max|V|=9.7884e-01
t=0.4180, max|U|=9.7879e-01, max|V|=9.7879e-01
t=0.4190, max|U|=9.7875e-01, max|V|=9.7874e-01
t=0.4200, max|U|=9.7870e-01, max|V|=9.7867e-01
t=0.4210, max|U|=9.7864e-01, max|V|=9.7860e-01
t=0.4220, max|U|=9.7857e-01, max|V|=9.7853e-01
t=0.4230, max|U|=9.7850e-01, max|V|=9.7851e-01
t=0.4240, max|U|=9.7847e-01, max|V|=9.7847e-01
t=0.4250, max|U|=9.7844e-01, max|V|=9.7843e-01
t=0.4260, max|U|=9.7839e-01, max|V|=9.7838e-01
t=0.4270, max|U|=9.7834e-01, max|V|=9.7832e-01
t=0.4280, max|U|=9.7828e-01, max|V|=9.7826e-01
t=0.4290, max|U|=9.7822e-01, max|V|=9.7818e-01
t=0.4300, max|U|=9.7814e-01, max|V|=9.7813e-01
t=0.4310, max|U|=9.7811e-01, max|V|=9.7810e-01
t=0.4320, max|U|=9.7808e-01, max|V|=9.7807e-01
t=0.4330, max|U|=9.7804e-01, max|V|=9.7802e-01
t=0.4340, max|U|=9.7799e-01, max|V|=9.7797e-01
t=0.4350, max|U|=9.7793e-01, max|V|=9.7791e-01
t=0.4360, max|U|=9.7787e-01, max|V|=9.7784e-01
t=0.4370, max|U|=9.7779e-01, max|V|=9.7777e-01
t=0.4380, max|U|=9.7775e-01, max|V|=9.7773e-01
t=0.4390, max|U|=9.7772e-01, max|V|=9.7770e-01
t=0.4400, max|U|=9.7768e-01, max|V|=9.7766e-01
t=0.4410, max|U|=9.7763e-01, max|V|=9.7761e-01
t=0.4420, max|U|=9.7758e-01, max|V|=9.7756e-01
t=0.4430, max|U|=9.7752e-01, max|V|=9.7749e-01
t=0.4440, max|U|=9.7744e-01, max|V|=9.7742e-01
t=0.4450, max|U|=9.7738e-01, max|V|=9.7736e-01
t=0.4460, max|U|=9.7736e-01, max|V|=9.7733e-01
t=0.4470, max|U|=9.7732e-01, max|V|=9.7730e-01
t=0.4480, max|U|=9.7728e-01, max|V|=9.7725e-01
t=0.4490, max|U|=9.7722e-01, max|V|=9.7720e-01
t=0.4500, max|U|=9.7716e-01, max|V|=9.7714e-01
t=0.4510, max|U|=9.7709e-01, max|V|=9.7707e-01
t=0.4520, max|U|=9.7702e-01, max|V|=9.7700e-01
t=0.4530, max|U|=9.7700e-01, max|V|=9.7696e-01
t=0.4540, max|U|=9.7696e-01, max|V|=9.7693e-01
t=0.4550, max|U|=9.7691e-01, max|V|=9.7689e-01
t=0.4560, max|U|=9.7686e-01, max|V|=9.7684e-01
t=0.4570, max|U|=9.7680e-01, max|V|=9.7679e-01
t=0.4580, max|U|=9.7673e-01, max|V|=9.7701e-01
t=0.4590, max|U|=9.7666e-01, max|V|=9.7770e-01
t=0.4600, max|U|=9.7664e-01, max|V|=9.7837e-01
t=0.4610, max|U|=9.7660e-01, max|V|=9.7902e-01
t=0.4620, max|U|=9.7655e-01, max|V|=9.7965e-01
t=0.4630, max|U|=9.7650e-01, max|V|=9.8026e-01
t=0.4640, max|U|=9.7644e-01, max|V|=9.8086e-01
t=0.4650, max|U|=9.7637e-01, max|V|=9.8144e-01
t=0.4660, max|U|=9.7630e-01, max|V|=9.8200e-01
t=0.4670, max|U|=9.7626e-01, max|V|=9.8254e-01
t=0.4680, max|U|=9.7623e-01, max|V|=9.8307e-01
t=0.4690, max|U|=9.7619e-01, max|V|=9.8358e-01
t=0.4700, max|U|=9.7614e-01, max|V|=9.8407e-01
t=0.4710, max|U|=9.7608e-01, max|V|=9.8454e-01
t=0.4720, max|U|=9.7602e-01, max|V|=9.8500e-01
t=0.4730, max|U|=9.7634e-01, max|V|=9.8545e-01
t=0.4740, max|U|=9.7677e-01, max|V|=9.8587e-01
t=0.4750, max|U|=9.7718e-01, max|V|=9.8629e-01
t=0.4760, max|U|=9.7758e-01, max|V|=9.8668e-01
t=0.4770, max|U|=9.7796e-01, max|V|=9.8706e-01
t=0.4780, max|U|=9.7832e-01, max|V|=9.8743e-01
t=0.4790, max|U|=9.7867e-01, max|V|=9.8778e-01
t=0.4800, max|U|=9.7901e-01, max|V|=9.8812e-01
t=0.4810, max|U|=9.7933e-01, max|V|=9.8844e-01
t=0.4820, max|U|=9.7964e-01, max|V|=9.8875e-01
t=0.4830, max|U|=9.7993e-01, max|V|=9.8904e-01
t=0.4840, max|U|=9.8021e-01, max|V|=9.8932e-01
t=0.4850, max|U|=9.8048e-01, max|V|=9.8959e-01
t=0.4860, max|U|=9.8073e-01, max|V|=9.8984e-01
t=0.4870, max|U|=9.8097e-01, max|V|=9.9008e-01
t=0.4880, max|U|=9.8120e-01, max|V|=9.9031e-01
t=0.4890, max|U|=9.8141e-01, max|V|=9.9052e-01
t=0.4900, max|U|=9.8162e-01, max|V|=9.9073e-01
t=0.4910, max|U|=9.8181e-01, max|V|=9.9092e-01
t=0.4920, max|U|=9.8198e-01, max|V|=9.9109e-01
t=0.4930, max|U|=9.8215e-01, max|V|=9.9126e-01
t=0.4940, max|U|=9.8230e-01, max|V|=9.9141e-01
t=0.4950, max|U|=9.8244e-01, max|V|=9.9155e-01
t=0.4960, max|U|=9.8257e-01, max|V|=9.9168e-01
t=0.4970, max|U|=9.8269e-01, max|V|=9.9180e-01
t=0.4980, max|U|=9.8280e-01, max|V|=9.9190e-01
t=0.4990, max|U|=9.8289e-01, max|V|=9.9200e-01
t=0.5000, max|U|=9.8298e-01, max|V|=9.9208e-01
t=0.5010, max|U|=9.8305e-01, max|V|=9.9215e-01
t=0.5020, max|U|=9.8311e-01, max|V|=9.9222e-01
t=0.5030, max|U|=9.8316e-01, max|V|=9.9227e-01
t=0.5040, max|U|=9.8321e-01, max|V|=9.9231e-01
t=0.5050, max|U|=9.8324e-01, max|V|=9.9234e-01
t=0.5060, max|U|=9.8326e-01, max|V|=9.9236e-01
t=0.5070, max|U|=9.8327e-01, max|V|=9.9237e-01
t=0.5080, max|U|=9.8327e-01, max|V|=9.9237e-01
t=0.5090, max|U|=9.8326e-01, max|V|=9.9236e-01
t=0.5100, max|U|=9.8325e-01, max|V|=9.9234e-01
t=0.5110, max|U|=9.8322e-01, max|V|=9.9231e-01
t=0.5120, max|U|=9.8318e-01, max|V|=9.9228e-01
t=0.5130, max|U|=9.8314e-01, max|V|=9.9223e-01
t=0.5140, max|U|=9.8308e-01, max|V|=9.9217e-01
t=0.5150, max|U|=9.8302e-01, max|V|=9.9211e-01
t=0.5160, max|U|=9.8294e-01, max|V|=9.9203e-01
t=0.5170, max|U|=9.8286e-01, max|V|=9.9195e-01
t=0.5180, max|U|=9.8277e-01, max|V|=9.9186e-01
t=0.5190, max|U|=9.8267e-01, max|V|=9.9176e-01
t=0.5200, max|U|=9.8257e-01, max|V|=9.9165e-01
t=0.5210, max|U|=9.8245e-01, max|V|=9.9153e-01
t=0.5220, max|U|=9.8233e-01, max|V|=9.9141e-01
t=0.5230, max|U|=9.8220e-01, max|V|=9.9128e-01
t=0.5240, max|U|=9.8206e-01, max|V|=9.9113e-01
t=0.5250, max|U|=9.8191e-01, max|V|=9.9099e-01
t=0.5260, max|U|=9.8175e-01, max|V|=9.9083e-01
t=0.5270, max|U|=9.8159e-01, max|V|=9.9066e-01
t=0.5280, max|U|=9.8142e-01, max|V|=9.9049e-01
t=0.5290, max|U|=9.8124e-01, max|V|=9.9031e-01
t=0.5300, max|U|=9.8106e-01, max|V|=9.9013e-01
t=0.5310, max|U|=9.8086e-01, max|V|=9.8993e-01
t=0.5320, max|U|=9.8066e-01, max|V|=9.8973e-01
t=0.5330, max|U|=9.8046e-01, max|V|=9.8952e-01
t=0.5340, max|U|=9.8024e-01, max|V|=9.8931e-01
t=0.5350, max|U|=9.8002e-01, max|V|=9.8909e-01
t=0.5360, max|U|=9.7980e-01, max|V|=9.8886e-01
t=0.5370, max|U|=9.7956e-01, max|V|=9.8862e-01
t=0.5380, max|U|=9.7932e-01, max|V|=9.8838e-01
t=0.5390, max|U|=9.7907e-01, max|V|=9.8813e-01
t=0.5400, max|U|=9.7882e-01, max|V|=9.8788e-01
t=0.5410, max|U|=9.7856e-01, max|V|=9.8762e-01
t=0.5420, max|U|=9.7829e-01, max|V|=9.8735e-01
t=0.5430, max|U|=9.7802e-01, max|V|=9.8708e-01
t=0.5440, max|U|=9.7774e-01, max|V|=9.8680e-01
t=0.5450, max|U|=9.7746e-01, max|V|=9.8651e-01
t=0.5460, max|U|=9.7717e-01, max|V|=9.8622e-01
t=0.5470, max|U|=9.7687e-01, max|V|=9.8592e-01
t=0.5480, max|U|=9.7657e-01, max|V|=9.8562e-01
t=0.5490, max|U|=9.7627e-01, max|V|=9.8531e-01
t=0.5500, max|U|=9.7595e-01, max|V|=9.8500e-01
t=0.5510, max|U|=9.7563e-01, max|V|=9.8468e-01
t=0.5520, max|U|=9.7531e-01, max|V|=9.8435e-01
t=0.5530, max|U|=9.7498e-01, max|V|=9.8402e-01
t=0.5540, max|U|=9.7465e-01, max|V|=9.8368e-01
t=0.5550, max|U|=9.7431e-01, max|V|=9.8334e-01
t=0.5560, max|U|=9.7396e-01, max|V|=9.8300e-01
t=0.5570, max|U|=9.7361e-01, max|V|=9.8264e-01
t=0.5580, max|U|=9.7326e-01, max|V|=9.8229e-01
t=0.5590, max|U|=9.7290e-01, max|V|=9.8193e-01
t=0.5600, max|U|=9.7253e-01, max|V|=9.8156e-01
t=0.5610, max|U|=9.7216e-01, max|V|=9.8119e-01
t=0.5620, max|U|=9.7179e-01, max|V|=9.8081e-01
t=0.5630, max|U|=9.7141e-01, max|V|=9.8043e-01
t=0.5640, max|U|=9.7103e-01, max|V|=9.8005e-01
t=0.5650, max|U|=9.7064e-01, max|V|=9.7966e-01
t=0.5660, max|U|=9.7024e-01, max|V|=9.7926e-01
t=0.5670, max|U|=9.6985e-01, max|V|=9.7886e-01
t=0.5680, max|U|=9.6945e-01, max|V|=9.7846e-01
t=0.5690, max|U|=9.6904e-01, max|V|=9.7805e-01
t=0.5700, max|U|=9.6863e-01, max|V|=9.7764e-01
t=0.5710, max|U|=9.6822e-01, max|V|=9.7723e-01
t=0.5720, max|U|=9.6780e-01, max|V|=9.7681e-01
t=0.5730, max|U|=9.6737e-01, max|V|=9.7638e-01
t=0.5740, max|U|=9.6695e-01, max|V|=9.7595e-01
t=0.5750, max|U|=9.6652e-01, max|V|=9.7552e-01
t=0.5760, max|U|=9.6608e-01, max|V|=9.7509e-01
t=0.5770, max|U|=9.6565e-01, max|V|=9.7465e-01
t=0.5780, max|U|=9.6520e-01, max|V|=9.7420e-01
t=0.5790, max|U|=9.6476e-01, max|V|=9.7375e-01
t=0.5800, max|U|=9.6431e-01, max|V|=9.7330e-01
t=0.5810, max|U|=9.6386e-01, max|V|=9.7285e-01
t=0.5820, max|U|=9.6340e-01, max|V|=9.7239e-01
t=0.5830, max|U|=9.6294e-01, max|V|=9.7193e-01
t=0.5840, max|U|=9.6247e-01, max|V|=9.7146e-01
t=0.5850, max|U|=9.6201e-01, max|V|=9.7099e-01
t=0.5860, max|U|=9.6154e-01, max|V|=9.7052e-01
t=0.5870, max|U|=9.6106e-01, max|V|=9.7004e-01
t=0.5880, max|U|=9.6059e-01, max|V|=9.6957e-01
t=0.5890, max|U|=9.6011e-01, max|V|=9.6908e-01
t=0.5900, max|U|=9.5962e-01, max|V|=9.6860e-01
t=0.5910, max|U|=9.5914e-01, max|V|=9.6811e-01
t=0.5920, max|U|=9.5865e-01, max|V|=9.6762e-01
t=0.5930, max|U|=9.5815e-01, max|V|=9.6712e-01
t=0.5940, max|U|=9.5766e-01, max|V|=9.6662e-01
t=0.5950, max|U|=9.5716e-01, max|V|=9.6612e-01
t=0.5960, max|U|=9.5666e-01, max|V|=9.6562e-01
t=0.5970, max|U|=9.5615e-01, max|V|=9.6511e-01
t=0.5980, max|U|=9.5564e-01, max|V|=9.6460e-01
t=0.5990, max|U|=9.5513e-01, max|V|=9.6409e-01
t=0.6000, max|U|=9.5462e-01, max|V|=9.6357e-01
t=0.6010, max|U|=9.5410e-01, max|V|=9.6306e-01
t=0.6020, max|U|=9.5358e-01, max|V|=9.6254e-01
t=0.6030, max|U|=9.5306e-01, max|V|=9.6201e-01
t=0.6040, max|U|=9.5254e-01, max|V|=9.6149e-01
t=0.6050, max|U|=9.5201e-01, max|V|=9.6096e-01
t=0.6060, max|U|=9.5148e-01, max|V|=9.6043e-01
t=0.6070, max|U|=9.5095e-01, max|V|=9.5989e-01
t=0.6080, max|U|=9.5042e-01, max|V|=9.5935e-01
t=0.6090, max|U|=9.4988e-01, max|V|=9.5882e-01
t=0.6100, max|U|=9.4934e-01, max|V|=9.5827e-01
t=0.6110, max|U|=9.4880e-01, max|V|=9.5773e-01
t=0.6120, max|U|=9.4826e-01, max|V|=9.5719e-01
t=0.6130, max|U|=9.4771e-01, max|V|=9.5664e-01
t=0.6140, max|U|=9.4716e-01, max|V|=9.5609e-01
t=0.6150, max|U|=9.4661e-01, max|V|=9.5553e-01
t=0.6160, max|U|=9.4606e-01, max|V|=9.5498e-01
t=0.6170, max|U|=9.4550e-01, max|V|=9.5442e-01
t=0.6180, max|U|=9.4495e-01, max|V|=9.5386e-01
t=0.6190, max|U|=9.4439e-01, max|V|=9.5330e-01
t=0.6200, max|U|=9.4383e-01, max|V|=9.5274e-01
t=0.6210, max|U|=9.4326e-01, max|V|=9.5217e-01
t=0.6220, max|U|=9.4270e-01, max|V|=9.5160e-01
t=0.6230, max|U|=9.4213e-01, max|V|=9.5103e-01
t=0.6240, max|U|=9.4156e-01, max|V|=9.5046e-01
t=0.6250, max|U|=9.4099e-01, max|V|=9.4989e-01
t=0.6260, max|U|=9.4042e-01, max|V|=9.4931e-01
t=0.6270, max|U|=9.3984e-01, max|V|=9.4873e-01
t=0.6280, max|U|=9.3927e-01, max|V|=9.4816e-01
t=0.6290, max|U|=9.3869e-01, max|V|=9.4757e-01
t=0.6300, max|U|=9.3811e-01, max|V|=9.4699e-01
t=0.6310, max|U|=9.3753e-01, max|V|=9.4641e-01
t=0.6320, max|U|=9.3694e-01, max|V|=9.4582e-01
t=0.6330, max|U|=9.3636e-01, max|V|=9.4523e-01
t=0.6340, max|U|=9.3577e-01, max|V|=9.4464e-01
t=0.6350, max|U|=9.3518e-01, max|V|=9.4405e-01
t=0.6360, max|U|=9.3459e-01, max|V|=9.4346e-01
t=0.6370, max|U|=9.3400e-01, max|V|=9.4286e-01
t=0.6380, max|U|=9.3341e-01, max|V|=9.4227e-01
t=0.6390, max|U|=9.3281e-01, max|V|=9.4167e-01
t=0.6400, max|U|=9.3221e-01, max|V|=9.4107e-01
t=0.6410, max|U|=9.3162e-01, max|V|=9.4047e-01
t=0.6420, max|U|=9.3102e-01, max|V|=9.3987e-01
t=0.6430, max|U|=9.3042e-01, max|V|=9.3927e-01
t=0.6440, max|U|=9.2981e-01, max|V|=9.3866e-01
t=0.6450, max|U|=9.2921e-01, max|V|=9.3805e-01
t=0.6460, max|U|=9.2861e-01, max|V|=9.3745e-01
t=0.6470, max|U|=9.2800e-01, max|V|=9.3684e-01
t=0.6480, max|U|=9.2739e-01, max|V|=9.3623e-01
t=0.6490, max|U|=9.2678e-01, max|V|=9.3561e-01
t=0.6500, max|U|=9.2617e-01, max|V|=9.3500e-01
t=0.6510, max|U|=9.2556e-01, max|V|=9.3439e-01
t=0.6520, max|U|=9.2495e-01, max|V|=9.3377e-01
t=0.6530, max|U|=9.2433e-01, max|V|=9.3315e-01
t=0.6540, max|U|=9.2372e-01, max|V|=9.3254e-01
t=0.6550, max|U|=9.2310e-01, max|V|=9.3192e-01
t=0.6560, max|U|=9.2249e-01, max|V|=9.3130e-01
t=0.6570, max|U|=9.2187e-01, max|V|=9.3068e-01
t=0.6580, max|U|=9.2125e-01, max|V|=9.3005e-01
t=0.6590, max|U|=9.2063e-01, max|V|=9.2943e-01
t=0.6600, max|U|=9.2001e-01, max|V|=9.2880e-01
t=0.6610, max|U|=9.1938e-01, max|V|=9.2818e-01
t=0.6620, max|U|=9.1876e-01, max|V|=9.2755e-01
t=0.6630, max|U|=9.1813e-01, max|V|=9.2692e-01
t=0.6640, max|U|=9.1751e-01, max|V|=9.2629e-01
t=0.6650, max|U|=9.1688e-01, max|V|=9.2566e-01
t=0.6660, max|U|=9.1625e-01, max|V|=9.2503e-01
t=0.6670, max|U|=9.1563e-01, max|V|=9.2440e-01
t=0.6680, max|U|=9.1500e-01, max|V|=9.2377e-01
t=0.6690, max|U|=9.1437e-01, max|V|=9.2314e-01
t=0.6700, max|U|=9.1373e-01, max|V|=9.2250e-01
t=0.6710, max|U|=9.1310e-01, max|V|=9.2187e-01
t=0.6720, max|U|=9.1247e-01, max|V|=9.2123e-01
t=0.6730, max|U|=9.1184e-01, max|V|=9.2059e-01
t=0.6740, max|U|=9.1120e-01, max|V|=9.1995e-01
t=0.6750, max|U|=9.1057e-01, max|V|=9.1932e-01
t=0.6760, max|U|=9.0993e-01, max|V|=9.1868e-01
t=0.6770, max|U|=9.0929e-01, max|V|=9.1804e-01
t=0.6780, max|U|=9.0865e-01, max|V|=9.1740e-01
t=0.6790, max|U|=9.0802e-01, max|V|=9.1675e-01
t=0.6800, max|U|=9.0738e-01, max|V|=9.1611e-01
t=0.6810, max|U|=9.0674e-01, max|V|=9.1547e-01
t=0.6820, max|U|=9.0610e-01, max|V|=9.1482e-01
t=0.6830, max|U|=9.0546e-01, max|V|=9.1418e-01
t=0.6840, max|U|=9.0481e-01, max|V|=9.1353e-01
t=0.6850, max|U|=9.0417e-01, max|V|=9.1289e-01
t=0.6860, max|U|=9.0353e-01, max|V|=9.1224e-01
t=0.6870, max|U|=9.0288e-01, max|V|=9.1160e-01
t=0.6880, max|U|=9.0224e-01, max|V|=9.1095e-01
t=0.6890, max|U|=9.0160e-01, max|V|=9.1030e-01
t=0.6900, max|U|=9.0095e-01, max|V|=9.0965e-01
t=0.6910, max|U|=9.0030e-01, max|V|=9.0900e-01
t=0.6920, max|U|=8.9966e-01, max|V|=9.0835e-01
t=0.6930, max|U|=8.9901e-01, max|V|=9.0770e-01
t=0.6940, max|U|=8.9836e-01, max|V|=9.0705e-01
t=0.6950, max|U|=8.9771e-01, max|V|=9.0640e-01
t=0.6960, max|U|=8.9707e-01, max|V|=9.0575e-01
t=0.6970, max|U|=8.9642e-01, max|V|=9.0509e-01
t=0.6980, max|U|=8.9577e-01, max|V|=9.0444e-01
t=0.6990, max|U|=8.9512e-01, max|V|=9.0379e-01
t=0.7000, max|U|=8.9447e-01, max|V|=9.0313e-01
t=0.7010, max|U|=8.9382e-01, max|V|=9.0248e-01
t=0.7020, max|U|=8.9317e-01, max|V|=9.0182e-01
t=0.7030, max|U|=8.9251e-01, max|V|=9.0117e-01
t=0.7040, max|U|=8.9186e-01, max|V|=9.0051e-01
t=0.7050, max|U|=8.9121e-01, max|V|=8.9986e-01
t=0.7060, max|U|=8.9056e-01, max|V|=8.9920e-01
t=0.7070, max|U|=8.8991e-01, max|V|=8.9855e-01
t=0.7080, max|U|=8.8925e-01, max|V|=8.9789e-01
t=0.7090, max|U|=8.8860e-01, max|V|=8.9723e-01
t=0.7100, max|U|=8.8794e-01, max|V|=8.9657e-01
t=0.7110, max|U|=8.8729e-01, max|V|=8.9592e-01
t=0.7120, max|U|=8.8664e-01, max|V|=8.9526e-01
t=0.7130, max|U|=8.8598e-01, max|V|=8.9460e-01
t=0.7140, max|U|=8.8533e-01, max|V|=8.9394e-01
t=0.7150, max|U|=8.8467e-01, max|V|=8.9328e-01
t=0.7160, max|U|=8.8402e-01, max|V|=8.9262e-01
t=0.7170, max|U|=8.8336e-01, max|V|=8.9196e-01
t=0.7180, max|U|=8.8270e-01, max|V|=8.9130e-01
t=0.7190, max|U|=8.8205e-01, max|V|=8.9064e-01
t=0.7200, max|U|=8.8139e-01, max|V|=8.8998e-01
t=0.7210, max|U|=8.8073e-01, max|V|=8.8932e-01
t=0.7220, max|U|=8.8008e-01, max|V|=8.8866e-01
t=0.7230, max|U|=8.7942e-01, max|V|=8.8800e-01
t=0.7240, max|U|=8.7876e-01, max|V|=8.8734e-01
t=0.7250, max|U|=8.7811e-01, max|V|=8.8668e-01
t=0.7260, max|U|=8.7745e-01, max|V|=8.8602e-01
t=0.7270, max|U|=8.7679e-01, max|V|=8.8536e-01
t=0.7280, max|U|=8.7613e-01, max|V|=8.8470e-01
t=0.7290, max|U|=8.7548e-01, max|V|=8.8403e-01
t=0.7300, max|U|=8.7482e-01, max|V|=8.8337e-01
t=0.7310, max|U|=8.7416e-01, max|V|=8.8271e-01
t=0.7320, max|U|=8.7350e-01, max|V|=8.8205e-01
t=0.7330, max|U|=8.7284e-01, max|V|=8.8139e-01
t=0.7340, max|U|=8.7218e-01, max|V|=8.8072e-01
t=0.7350, max|U|=8.7153e-01, max|V|=8.8006e-01
t=0.7360, max|U|=8.7087e-01, max|V|=8.7940e-01
t=0.7370, max|U|=8.7021e-01, max|V|=8.7874e-01
t=0.7380, max|U|=8.6957e-01, max|V|=8.7808e-01
t=0.7390, max|U|=8.6896e-01, max|V|=8.7741e-01
t=0.7400, max|U|=8.6836e-01, max|V|=8.7675e-01
t=0.7410, max|U|=8.6775e-01, max|V|=8.7609e-01
t=0.7420, max|U|=8.6715e-01, max|V|=8.7543e-01
t=0.7430, max|U|=8.6654e-01, max|V|=8.7476e-01
t=0.7440, max|U|=8.6594e-01, max|V|=8.7410e-01
t=0.7450, max|U|=8.6533e-01, max|V|=8.7344e-01
t=0.7460, max|U|=8.6473e-01, max|V|=8.7278e-01
t=0.7470, max|U|=8.6412e-01, max|V|=8.7211e-01
t=0.7480, max|U|=8.6352e-01, max|V|=8.7145e-01
t=0.7490, max|U|=8.6291e-01, max|V|=8.7079e-01
t=0.7500, max|U|=8.6231e-01, max|V|=8.7013e-01
t=0.7510, max|U|=8.6170e-01, max|V|=8.6946e-01
t=0.7520, max|U|=8.6110e-01, max|V|=8.6880e-01
t=0.7530, max|U|=8.6049e-01, max|V|=8.6814e-01
t=0.7540, max|U|=8.5989e-01, max|V|=8.6748e-01
t=0.7550, max|U|=8.5928e-01, max|V|=8.6681e-01
t=0.7560, max|U|=8.5868e-01, max|V|=8.6615e-01
t=0.7570, max|U|=8.5807e-01, max|V|=8.6549e-01
t=0.7580, max|U|=8.5747e-01, max|V|=8.6483e-01
t=0.7590, max|U|=8.5687e-01, max|V|=8.6417e-01
t=0.7600, max|U|=8.5626e-01, max|V|=8.6351e-01
t=0.7610, max|U|=8.5566e-01, max|V|=8.6284e-01
t=0.7620, max|U|=8.5505e-01, max|V|=8.6218e-01
t=0.7630, max|U|=8.5445e-01, max|V|=8.6152e-01
t=0.7640, max|U|=8.5385e-01, max|V|=8.6086e-01
t=0.7650, max|U|=8.5324e-01, max|V|=8.6020e-01
t=0.7660, max|U|=8.5264e-01, max|V|=8.5954e-01
t=0.7670, max|U|=8.5204e-01, max|V|=8.5888e-01
t=0.7680, max|U|=8.5144e-01, max|V|=8.5822e-01
t=0.7690, max|U|=8.5083e-01, max|V|=8.5756e-01
t=0.7700, max|U|=8.5023e-01, max|V|=8.5690e-01
t=0.7710, max|U|=8.4963e-01, max|V|=8.5624e-01
t=0.7720, max|U|=8.4903e-01, max|V|=8.5558e-01
t=0.7730, max|U|=8.4843e-01, max|V|=8.5492e-01
t=0.7740, max|U|=8.4782e-01, max|V|=8.5426e-01
t=0.7750, max|U|=8.4722e-01, max|V|=8.5360e-01
t=0.7760, max|U|=8.4662e-01, max|V|=8.5294e-01
t=0.7770, max|U|=8.4602e-01, max|V|=8.5228e-01
t=0.7780, max|U|=8.4542e-01, max|V|=8.5162e-01
t=0.7790, max|U|=8.4482e-01, max|V|=8.5096e-01
t=0.7800, max|U|=8.4422e-01, max|V|=8.5031e-01
t=0.7810, max|U|=8.4362e-01, max|V|=8.4965e-01
t=0.7820, max|U|=8.4302e-01, max|V|=8.4899e-01
t=0.7830, max|U|=8.4242e-01, max|V|=8.4833e-01
t=0.7840, max|U|=8.4182e-01, max|V|=8.4768e-01
t=0.7850, max|U|=8.4122e-01, max|V|=8.4702e-01
t=0.7860, max|U|=8.4062e-01, max|V|=8.4636e-01
t=0.7870, max|U|=8.4002e-01, max|V|=8.4571e-01
t=0.7880, max|U|=8.3943e-01, max|V|=8.4505e-01
t=0.7890, max|U|=8.3883e-01, max|V|=8.4439e-01
t=0.7900, max|U|=8.3823e-01, max|V|=8.4374e-01
t=0.7910, max|U|=8.3763e-01, max|V|=8.4308e-01
t=0.7920, max|U|=8.3703e-01, max|V|=8.4243e-01
t=0.7930, max|U|=8.3644e-01, max|V|=8.4177e-01
t=0.7940, max|U|=8.3584e-01, max|V|=8.4112e-01
t=0.7950, max|U|=8.3524e-01, max|V|=8.4046e-01
t=0.7960, max|U|=8.3465e-01, max|V|=8.3981e-01
t=0.7970, max|U|=8.3405e-01, max|V|=8.3916e-01
t=0.7980, max|U|=8.3346e-01, max|V|=8.3850e-01
t=0.7990, max|U|=8.3286e-01, max|V|=8.3785e-01
t=0.8000, max|U|=8.3227e-01, max|V|=8.3720e-01
t=0.8010, max|U|=8.3167e-01, max|V|=8.3654e-01
t=0.8020, max|U|=8.3108e-01, max|V|=8.3589e-01
t=0.8030, max|U|=8.3048e-01, max|V|=8.3524e-01
t=0.8040, max|U|=8.2989e-01, max|V|=8.3459e-01
t=0.8050, max|U|=8.2930e-01, max|V|=8.3394e-01
t=0.8060, max|U|=8.2870e-01, max|V|=8.3329e-01
t=0.8070, max|U|=8.2811e-01, max|V|=8.3264e-01
t=0.8080, max|U|=8.2752e-01, max|V|=8.3198e-01
t=0.8090, max|U|=8.2693e-01, max|V|=8.3134e-01
t=0.8100, max|U|=8.2633e-01, max|V|=8.3069e-01
t=0.8110, max|U|=8.2574e-01, max|V|=8.3004e-01
t=0.8120, max|U|=8.2515e-01, max|V|=8.2939e-01
t=0.8130, max|U|=8.2456e-01, max|V|=8.2874e-01
t=0.8140, max|U|=8.2397e-01, max|V|=8.2809e-01
t=0.8150, max|U|=8.2338e-01, max|V|=8.2744e-01
t=0.8160, max|U|=8.2279e-01, max|V|=8.2680e-01
t=0.8170, max|U|=8.2220e-01, max|V|=8.2615e-01
t=0.8180, max|U|=8.2161e-01, max|V|=8.2550e-01
t=0.8190, max|U|=8.2102e-01, max|V|=8.2486e-01
t=0.8200, max|U|=8.2044e-01, max|V|=8.2421e-01
t=0.8210, max|U|=8.1985e-01, max|V|=8.2357e-01
t=0.8220, max|U|=8.1926e-01, max|V|=8.2292e-01
t=0.8230, max|U|=8.1867e-01, max|V|=8.2228e-01
t=0.8240, max|U|=8.1809e-01, max|V|=8.2163e-01
t=0.8250, max|U|=8.1750e-01, max|V|=8.2099e-01
t=0.8260, max|U|=8.1691e-01, max|V|=8.2034e-01
t=0.8270, max|U|=8.1633e-01, max|V|=8.1970e-01
t=0.8280, max|U|=8.1574e-01, max|V|=8.1906e-01
t=0.8290, max|U|=8.1516e-01, max|V|=8.1842e-01
t=0.8300, max|U|=8.1457e-01, max|V|=8.1777e-01
t=0.8310, max|U|=8.1399e-01, max|V|=8.1713e-01
t=0.8320, max|U|=8.1341e-01, max|V|=8.1649e-01
t=0.8330, max|U|=8.1282e-01, max|V|=8.1585e-01
t=0.8340, max|U|=8.1224e-01, max|V|=8.1521e-01
t=0.8350, max|U|=8.1166e-01, max|V|=8.1457e-01
t=0.8360, max|U|=8.1107e-01, max|V|=8.1393e-01
t=0.8370, max|U|=8.1049e-01, max|V|=8.1329e-01
t=0.8380, max|U|=8.0991e-01, max|V|=8.1265e-01
t=0.8390, max|U|=8.0933e-01, max|V|=8.1202e-01
t=0.8400, max|U|=8.0875e-01, max|V|=8.1138e-01
t=0.8410, max|U|=8.0817e-01, max|V|=8.1074e-01
t=0.8420, max|U|=8.0759e-01, max|V|=8.1010e-01
t=0.8430, max|U|=8.0701e-01, max|V|=8.0947e-01
t=0.8440, max|U|=8.0643e-01, max|V|=8.0883e-01
t=0.8450, max|U|=8.0585e-01, max|V|=8.0820e-01
t=0.8460, max|U|=8.0528e-01, max|V|=8.0756e-01
t=0.8470, max|U|=8.0470e-01, max|V|=8.0693e-01
t=0.8480, max|U|=8.0412e-01, max|V|=8.0629e-01
t=0.8490, max|U|=8.0354e-01, max|V|=8.0566e-01
t=0.8500, max|U|=8.0297e-01, max|V|=8.0503e-01
t=0.8510, max|U|=8.0239e-01, max|V|=8.0439e-01
t=0.8520, max|U|=8.0182e-01, max|V|=8.0376e-01
t=0.8530, max|U|=8.0124e-01, max|V|=8.0313e-01
t=0.8540, max|U|=8.0067e-01, max|V|=8.0250e-01
t=0.8550, max|U|=8.0009e-01, max|V|=8.0187e-01
t=0.8560, max|U|=7.9952e-01, max|V|=8.0124e-01
t=0.8570, max|U|=7.9894e-01, max|V|=8.0061e-01
t=0.8580, max|U|=7.9837e-01, max|V|=7.9998e-01
t=0.8590, max|U|=7.9780e-01, max|V|=7.9935e-01
t=0.8600, max|U|=7.9723e-01, max|V|=7.9876e-01
t=0.8610, max|U|=7.9666e-01, max|V|=7.9819e-01
t=0.8620, max|U|=7.9608e-01, max|V|=7.9762e-01
t=0.8630, max|U|=7.9551e-01, max|V|=7.9705e-01
t=0.8640, max|U|=7.9494e-01, max|V|=7.9648e-01
t=0.8650, max|U|=7.9437e-01, max|V|=7.9591e-01
t=0.8660, max|U|=7.9380e-01, max|V|=7.9534e-01
t=0.8670, max|U|=7.9323e-01, max|V|=7.9477e-01
t=0.8680, max|U|=7.9267e-01, max|V|=7.9421e-01
t=0.8690, max|U|=7.9210e-01, max|V|=7.9364e-01
t=0.8700, max|U|=7.9153e-01, max|V|=7.9307e-01
t=0.8710, max|U|=7.9096e-01, max|V|=7.9251e-01
t=0.8720, max|U|=7.9040e-01, max|V|=7.9194e-01
t=0.8730, max|U|=7.8983e-01, max|V|=7.9138e-01
t=0.8740, max|U|=7.8926e-01, max|V|=7.9081e-01
t=0.8750, max|U|=7.8870e-01, max|V|=7.9025e-01
t=0.8760, max|U|=7.8813e-01, max|V|=7.8968e-01
t=0.8770, max|U|=7.8757e-01, max|V|=7.8912e-01
t=0.8780, max|U|=7.8701e-01, max|V|=7.8856e-01
t=0.8790, max|U|=7.8644e-01, max|V|=7.8799e-01
t=0.8800, max|U|=7.8588e-01, max|V|=7.8743e-01
t=0.8810, max|U|=7.8532e-01, max|V|=7.8687e-01
t=0.8820, max|U|=7.8476e-01, max|V|=7.8631e-01
t=0.8830, max|U|=7.8419e-01, max|V|=7.8575e-01
t=0.8840, max|U|=7.8363e-01, max|V|=7.8519e-01
t=0.8850, max|U|=7.8307e-01, max|V|=7.8463e-01
t=0.8860, max|U|=7.8251e-01, max|V|=7.8407e-01
t=0.8870, max|U|=7.8195e-01, max|V|=7.8351e-01
t=0.8880, max|U|=7.8139e-01, max|V|=7.8295e-01
t=0.8890, max|U|=7.8083e-01, max|V|=7.8240e-01
t=0.8900, max|U|=7.8028e-01, max|V|=7.8184e-01
t=0.8910, max|U|=7.7972e-01, max|V|=7.8128e-01
t=0.8920, max|U|=7.7916e-01, max|V|=7.8073e-01
t=0.8930, max|U|=7.7860e-01, max|V|=7.8017e-01
t=0.8940, max|U|=7.7805e-01, max|V|=7.7961e-01
t=0.8950, max|U|=7.7749e-01, max|V|=7.7906e-01
t=0.8960, max|U|=7.7694e-01, max|V|=7.7850e-01
t=0.8970, max|U|=7.7638e-01, max|V|=7.7795e-01
t=0.8980, max|U|=7.7583e-01, max|V|=7.7740e-01
t=0.8990, max|U|=7.7527e-01, max|V|=7.7684e-01
t=0.9000, max|U|=7.7472e-01, max|V|=7.7629e-01
t=0.9010, max|U|=7.7417e-01, max|V|=7.7574e-01
t=0.9020, max|U|=7.7361e-01, max|V|=7.7519e-01
t=0.9030, max|U|=7.7306e-01, max|V|=7.7464e-01
t=0.9040, max|U|=7.7251e-01, max|V|=7.7409e-01
t=0.9050, max|U|=7.7196e-01, max|V|=7.7354e-01
t=0.9060, max|U|=7.7141e-01, max|V|=7.7299e-01
t=0.9070, max|U|=7.7086e-01, max|V|=7.7244e-01
t=0.9080, max|U|=7.7031e-01, max|V|=7.7189e-01
t=0.9090, max|U|=7.6976e-01, max|V|=7.7134e-01
t=0.9100, max|U|=7.6921e-01, max|V|=7.7079e-01
t=0.9110, max|U|=7.6866e-01, max|V|=7.7024e-01
t=0.9120, max|U|=7.6812e-01, max|V|=7.6970e-01
t=0.9130, max|U|=7.6757e-01, max|V|=7.6915e-01
t=0.9140, max|U|=7.6702e-01, max|V|=7.6861e-01
t=0.9150, max|U|=7.6648e-01, max|V|=7.6806e-01
t=0.9160, max|U|=7.6593e-01, max|V|=7.6752e-01
t=0.9170, max|U|=7.6538e-01, max|V|=7.6697e-01
t=0.9180, max|U|=7.6484e-01, max|V|=7.6643e-01
t=0.9190, max|U|=7.6430e-01, max|V|=7.6588e-01
t=0.9200, max|U|=7.6375e-01, max|V|=7.6534e-01
t=0.9210, max|U|=7.6321e-01, max|V|=7.6480e-01
t=0.9220, max|U|=7.6267e-01, max|V|=7.6426e-01
t=0.9230, max|U|=7.6212e-01, max|V|=7.6372e-01
t=0.9240, max|U|=7.6158e-01, max|V|=7.6317e-01
t=0.9250, max|U|=7.6104e-01, max|V|=7.6263e-01
t=0.9260, max|U|=7.6050e-01, max|V|=7.6209e-01
t=0.9270, max|U|=7.5996e-01, max|V|=7.6155e-01
t=0.9280, max|U|=7.5942e-01, max|V|=7.6102e-01
t=0.9290, max|U|=7.5888e-01, max|V|=7.6048e-01
t=0.9300, max|U|=7.5834e-01, max|V|=7.5994e-01
t=0.9310, max|U|=7.5781e-01, max|V|=7.5940e-01
t=0.9320, max|U|=7.5727e-01, max|V|=7.5886e-01
t=0.9330, max|U|=7.5673e-01, max|V|=7.5833e-01
t=0.9340, max|U|=7.5619e-01, max|V|=7.5779e-01
t=0.9350, max|U|=7.5566e-01, max|V|=7.5726e-01
t=0.9360, max|U|=7.5512e-01, max|V|=7.5672e-01
t=0.9370, max|U|=7.5459e-01, max|V|=7.5619e-01
t=0.9380, max|U|=7.5405e-01, max|V|=7.5565e-01
t=0.9390, max|U|=7.5352e-01, max|V|=7.5512e-01
t=0.9400, max|U|=7.5298e-01, max|V|=7.5459e-01
t=0.9410, max|U|=7.5245e-01, max|V|=7.5405e-01
t=0.9420, max|U|=7.5192e-01, max|V|=7.5352e-01
t=0.9430, max|U|=7.5139e-01, max|V|=7.5299e-01
t=0.9440, max|U|=7.5085e-01, max|V|=7.5246e-01
t=0.9450, max|U|=7.5032e-01, max|V|=7.5193e-01
t=0.9460, max|U|=7.4979e-01, max|V|=7.5140e-01
t=0.9470, max|U|=7.4926e-01, max|V|=7.5087e-01
t=0.9480, max|U|=7.4873e-01, max|V|=7.5034e-01
t=0.9490, max|U|=7.4820e-01, max|V|=7.4981e-01
t=0.9500, max|U|=7.4768e-01, max|V|=7.4928e-01
t=0.9510, max|U|=7.4715e-01, max|V|=7.4876e-01
t=0.9520, max|U|=7.4662e-01, max|V|=7.4823e-01
t=0.9530, max|U|=7.4609e-01, max|V|=7.4770e-01
t=0.9540, max|U|=7.4557e-01, max|V|=7.4718e-01
t=0.9550, max|U|=7.4504e-01, max|V|=7.4665e-01
t=0.9560, max|U|=7.4452e-01, max|V|=7.4613e-01
t=0.9570, max|U|=7.4399e-01, max|V|=7.4560e-01
t=0.9580, max|U|=7.4347e-01, max|V|=7.4508e-01
t=0.9590, max|U|=7.4294e-01, max|V|=7.4456e-01
t=0.9600, max|U|=7.4242e-01, max|V|=7.4403e-01
t=0.9610, max|U|=7.4190e-01, max|V|=7.4351e-01
t=0.9620, max|U|=7.4137e-01, max|V|=7.4299e-01
t=0.9630, max|U|=7.4085e-01, max|V|=7.4247e-01
t=0.9640, max|U|=7.4033e-01, max|V|=7.4195e-01
t=0.9650, max|U|=7.3981e-01, max|V|=7.4143e-01
t=0.9660, max|U|=7.3929e-01, max|V|=7.4091e-01
t=0.9670, max|U|=7.3877e-01, max|V|=7.4039e-01
t=0.9680, max|U|=7.3825e-01, max|V|=7.3987e-01
t=0.9690, max|U|=7.3773e-01, max|V|=7.3935e-01
t=0.9700, max|U|=7.3721e-01, max|V|=7.3883e-01
t=0.9710, max|U|=7.3669e-01, max|V|=7.3831e-01
t=0.9720, max|U|=7.3618e-01, max|V|=7.3780e-01
t=0.9730, max|U|=7.3566e-01, max|V|=7.3728e-01
t=0.9740, max|U|=7.3514e-01, max|V|=7.3676e-01
t=0.9750, max|U|=7.3463e-01, max|V|=7.3625e-01
t=0.9760, max|U|=7.3411e-01, max|V|=7.3573e-01
t=0.9770, max|U|=7.3360e-01, max|V|=7.3522e-01
t=0.9780, max|U|=7.3308e-01, max|V|=7.3471e-01
t=0.9790, max|U|=7.3257e-01, max|V|=7.3419e-01
t=0.9800, max|U|=7.3206e-01, max|V|=7.3368e-01
t=0.9810, max|U|=7.3154e-01, max|V|=7.3317e-01
t=0.9820, max|U|=7.3103e-01, max|V|=7.3266e-01
t=0.9830, max|U|=7.3052e-01, max|V|=7.3214e-01
t=0.9840, max|U|=7.3001e-01, max|V|=7.3163e-01
t=0.9850, max|U|=7.2950e-01, max|V|=7.3112e-01
t=0.9860, max|U|=7.2899e-01, max|V|=7.3061e-01
t=0.9870, max|U|=7.2848e-01, max|V|=7.3010e-01
t=0.9880, max|U|=7.2797e-01, max|V|=7.2960e-01
t=0.9890, max|U|=7.2746e-01, max|V|=7.2909e-01
t=0.9900, max|U|=7.2695e-01, max|V|=7.2858e-01
t=0.9910, max|U|=7.2644e-01, max|V|=7.2807e-01
t=0.9920, max|U|=7.2594e-01, max|V|=7.2757e-01
t=0.9930, max|U|=7.2543e-01, max|V|=7.2706e-01
t=0.9940, max|U|=7.2492e-01, max|V|=7.2655e-01
t=0.9950, max|U|=7.2442e-01, max|V|=7.2605e-01
t=0.9960, max|U|=7.2391e-01, max|V|=7.2554e-01
t=0.9970, max|U|=7.2341e-01, max|V|=7.2504e-01
t=0.9980, max|U|=7.2290e-01, max|V|=7.2454e-01
t=0.9990, max|U|=7.2240e-01, max|V|=7.2403e-01
t=1.0000, max|U|=7.2190e-01, max|V|=7.2353e-01
Total simulation time: 1017.53 seconds
Point (0.25, 0.25): U=0.3012, analytical_U=0.2967
Point (0.5, 0.25): U=0.5797, analytical_U=0.5760
Point (0.75, 0.25): U=0.4536, analytical_U=0.2967
Point (0.25, 0.5): U=0.2693, analytical_U=0.2729
Point (0.5, 0.5): U=-0.0695, analytical_U=0.0000
Point (0.75, 0.5): U=-0.2696, analytical_U=-0.2729
Point (0.25, 0.75): U=-0.0871, analytical_U=-0.2967
Point (0.5, 0.75): U=-0.5751, analytical_U=-0.5760
Point (0.75, 0.75): U=-0.2981, analytical_U=-0.2967
Root Mean Square Error compared to literature solution: 9.0341e-02
Point (0.25, 0.25): U=0.1925, analytical_U=0.1882
Point (0.5, 0.25): U=0.3803, analytical_U=0.3744
Point (0.75, 0.25): U=0.2914, analytical_U=0.1882
Point (0.25, 0.5): U=0.1853, analytical_U=0.1853
Point (0.5, 0.5): U=-0.0440, analytical_U=0.0000
Point (0.75, 0.5): U=-0.1854, analytical_U=-0.1853
Point (0.25, 0.75): U=-0.0569, analytical_U=-0.1882
Point (0.5, 0.75): U=-0.3770, analytical_U=-0.3744
Point (0.75, 0.75): U=-0.1905, analytical_U=-0.1882
Root Mean Square Error compared to literature solution: 5.7627e-02
